Filters: [preset] ~[long]
Randomness seeded to: 3195784938

~~~~~~~~~~~~~~~~~~~~~~~~~~~~~~~~~~~~~~~~~~~~~~~~~~~~~~~~~~~~~~~~~~~~~~~~~~~~~~~
vorago_tests.exe is a Catch2 v3.4.0 host application.
Run with -? for options

-------------------------------------------------------------------------------
Vorago_FactoryPresets_TreeMatchesGenerator
-------------------------------------------------------------------------------
F:\projects\iterum\plugins\vorago\tests\unit\preset\factory_preset_test.cpp(1807)
...............................................................................

F:\projects\iterum\plugins\vorago\tests\unit\preset\factory_preset_test.cpp(1845): warning:
  tree vs generator over 42 preset(s); per float field worst |c - r| / max(|c|,
  1e-30) (tolerance 1.19e-07):
    86 float field(s) bit-identical on every preset
    overall worst 0

-------------------------------------------------------------------------------
Vorago_PresetMatrix_ParameterSpaceDistinct
-------------------------------------------------------------------------------
F:\projects\iterum\plugins\vorago\tests\unit\preset\factory_preset_test.cpp(1856)
...............................................................................

F:\projects\iterum\plugins\vorago\tests\unit\preset\factory_preset_test.cpp(1917): warning:
  parameter-space minimum: 9 differing IDs (Drones/Slow Bloom vs default
  surface); floor 8

===============================================================================
All tests passed (18093 assertions in 41 test cases)

