START 2026-10-06 08:52:12 Choir of Absence VORAGO_PILOT_OVERRIDE=0=0.5,1400=0.6 VORAGO_PILOT_TAKES=4 exe=2026-10-06 08:29:31
Filters: "Vorago_PresetPilot_PrimaryProbe"
Randomness seeded to: 1526303288
[probe] override 0 = 0.500000 (replaced)
[probe] override 1400 = 0.600000 (replaced)
[probe] lever: none
[probe] Choir of Absence - primary S9 ghost / atmosphere (stored seed 10, 1 twin render(s))
  take: peak 0.9661  arm1 hi -7.41 dB [yes]  arm2 lo -14.04 dB [yes]  arm3 late-sus -1.53 dB [yes]  arm4 tail -158.39 dB [yes]
  arm1@44.1k: finite y peak 0.9661 hi -7.12 dB [PASS]
  primary d 3.2135  bar 4.0000  attribBase -1.0000  state ok  -> FAIL  lever: none
  levels: arms [y y y y] arm1@44.1k [y]
  take j=0 seed 10: peak 0.9661  arm1 hi -7.41 dB [yes]  arm2 lo -14.04 dB [yes]  arm3 late-sus -1.53 dB [yes]  arm4 tail -158.39 dB [yes]
  take j=1 seed 11: peak 0.9661  arm1 hi -7.91 dB [yes]  arm2 lo -15.91 dB [yes]  arm3 late-sus +2.71 dB [yes]  arm4 tail -149.12 dB [yes]
  take j=2 seed 12: peak 0.9661  arm1 hi -6.94 dB [yes]  arm2 lo -14.77 dB [yes]  arm3 late-sus -2.09 dB [yes]  arm4 tail -159.10 dB [yes]
  take j=3 seed 13: peak 0.9661  arm1 hi -6.19 dB [yes]  arm2 lo -10.35 dB [yes]  arm3 late-sus -0.30 dB [yes]  arm4 tail -161.15 dB [yes]
  take j=0 d 3.2135
  take j=1 d 3.4740
  take j=2 d 3.8377
  take j=3 d 3.4530
===============================================================================
All tests passed (21 assertions in 1 test case)

exit=0 END 2026-10-06 08:55:42
