START 2026-10-01 09:06:42 base_sweepaxes tree=ae149a1c (production tree = 64f57e1a) binary=dsp_systems_tests.exe built 2026-09-30 18:05:56
Filters: "VoragoMacro_SweepAxes"
Randomness seeded to: 4196936700

~~~~~~~~~~~~~~~~~~~~~~~~~~~~~~~~~~~~~~~~~~~~~~~~~~~~~~~~~~~~~~~~~~~~~~~~~~~~~~~
dsp_systems_tests.exe is a Catch2 v3.4.0 host application.
Run with -? for options

-------------------------------------------------------------------------------
VoragoMacro_SweepAxes
-------------------------------------------------------------------------------
F:\projects\iterum\dsp\tests\unit\systems\vorago_macro_test.cpp(1211)
...............................................................................

F:\projects\iterum\dsp\tests\unit\systems\vorago_macro_test.cpp(1289): 
warning:
  SC-008 macro sweeps (3 seeds x 5 points x 60 s; window [10 s, 60 s] = samples
  [480000, 2880000); C1 unless the row says @C3 / @C4; Life renders 210.0000 s
  and counts edges over [90.0000 s, 210.0000 s])
    Darkness  energy >4f0 rel. <4f0 (dB)  rho=-1.0000  endpoint=6.7003  [-53.
  1323, -55.3766, -57.3211, -58.8020, -59.8326]
    Age       HF energy > 4 kHz (dB) @C4  rho=-1.0000  endpoint=1.1371  [-108.
  3853, -109.0123, -109.3208, -109.4599, -109.5225]
    Density   partials + awake sources  rho=1.0000  endpoint=2.1578  [19.9507,
  26.9507, 37.0000, 48.0000, 63.0000]
    Movement  per-band total variation  rho=0.8333  endpoint=0.2964  [1.4983,
  1.6678, 1.7103, 1.8306, 1.9424]
    Gravity   mean |log2(ratio) - int|  rho=-0.9000  endpoint=0.7511  [0.2641,
  0.2707, 0.2436, 0.1858, 0.0657]
    Entropy   spectral flatness [f0, 20 f0]  rho=0.9667  endpoint=22.3566  [0.
  0000, 0.0000, 0.0000, 0.0000, 0.0000]
    Pressure  crest factor (dB)  rho=-1.0000  endpoint=4.2597  [9.8287, 9.3219,
  8.3455, 7.0374, 5.5690]
    Weight    energy < 80 Hz (dB) @C3  rho=1.0000  endpoint=7.8137  [-20.8799,
  -18.8099, -16.8442, -14.9374, -13.0662]
    Fog       spectral flatness [f0, 20 f0]  rho=1.0000  endpoint=0.6193  [0.
  0000, 0.0000, 0.0000, 0.0000, 0.0000]
    Life      wake/sleep edges per min [90 s, 210 s]  rho=1.0000  endpoint=14.
  6667  [1.5000, 6.8333, 12.6667, 16.8333, 22.0000]
    Mass      energy < 80 Hz (dB) @C3  rho=0.9000  endpoint=1.1318  [-20.8799,
  -20.4328, -20.0777, -19.7852, -19.7481]
    all-macros-at-zero broadband RMS = -14.9613 dBFS

F:\projects\iterum\dsp\tests\unit\systems\vorago_macro_test.cpp(1318): PASSED:
  CHECK( (result.rho * expectedRhoSign(row.kind)) >= 0.9 )
with expansion:
  1.0 >= 0.9
with message:
  Darkness  energy >4f0 rel. <4f0 (dB)  rho=-1  endpoint=6.7003  threshold=6

F:\projects\iterum\dsp\tests\unit\systems\vorago_macro_test.cpp(1319): PASSED:
  CHECK( result.endpoint >= row.threshold )
with expansion:
  6.7003014453 >= 6.0
with message:
  Darkness  energy >4f0 rel. <4f0 (dB)  rho=-1  endpoint=6.7003  threshold=6

F:\projects\iterum\dsp\tests\unit\systems\vorago_macro_test.cpp(1318): PASSED:
  CHECK( (result.rho * expectedRhoSign(row.kind)) >= 0.9 )
with expansion:
  1.0 >= 0.9
with message:
  Age       HF energy > 4 kHz (dB) @C4  rho=-1  endpoint=1.13713  threshold=3

F:\projects\iterum\dsp\tests\unit\systems\vorago_macro_test.cpp(1319): FAILED:
  CHECK( result.endpoint >= row.threshold )
with expansion:
  1.1371336057 >= 3.0
with message:
  Age       HF energy > 4 kHz (dB) @C4  rho=-1  endpoint=1.13713  threshold=3

F:\projects\iterum\dsp\tests\unit\systems\vorago_macro_test.cpp(1318): PASSED:
  CHECK( (result.rho * expectedRhoSign(row.kind)) >= 0.9 )
with expansion:
  1.0 >= 0.9
with message:
  Density   partials + awake sources  rho=1  endpoint=2.15778  threshold=0.5

F:\projects\iterum\dsp\tests\unit\systems\vorago_macro_test.cpp(1319): PASSED:
  CHECK( result.endpoint >= row.threshold )
with expansion:
  2.1577799399 >= 0.5
with message:
  Density   partials + awake sources  rho=1  endpoint=2.15778  threshold=0.5

F:\projects\iterum\dsp\tests\unit\systems\vorago_macro_test.cpp(1318): FAILED:
  CHECK( (result.rho * expectedRhoSign(row.kind)) >= 0.9 )
with expansion:
  0.8333333333 >= 0.9
with message:
  Movement  per-band total variation  rho=0.833333  endpoint=0.296371
  threshold=0.2

F:\projects\iterum\dsp\tests\unit\systems\vorago_macro_test.cpp(1319): PASSED:
  CHECK( result.endpoint >= row.threshold )
with expansion:
  0.2963705414 >= 0.2
with message:
  Movement  per-band total variation  rho=0.833333  endpoint=0.296371
  threshold=0.2

F:\projects\iterum\dsp\tests\unit\systems\vorago_macro_test.cpp(1318): PASSED:
  CHECK( (result.rho * expectedRhoSign(row.kind)) >= 0.9 )
with expansion:
  0.9 >= 0.9
with message:
  Gravity   mean |log2(ratio) - int|  rho=-0.9  endpoint=0.751147  threshold=0.
  3

F:\projects\iterum\dsp\tests\unit\systems\vorago_macro_test.cpp(1319): PASSED:
  CHECK( result.endpoint >= row.threshold )
with expansion:
  0.751147185 >= 0.3
with message:
  Gravity   mean |log2(ratio) - int|  rho=-0.9  endpoint=0.751147  threshold=0.
  3

F:\projects\iterum\dsp\tests\unit\systems\vorago_macro_test.cpp(1318): PASSED:
  CHECK( (result.rho * expectedRhoSign(row.kind)) >= 0.9 )
with expansion:
  0.9666666667 >= 0.9
with message:
  Entropy   spectral flatness [f0, 20 f0]  rho=0.966667  endpoint=22.3566
  threshold=0.25

F:\projects\iterum\dsp\tests\unit\systems\vorago_macro_test.cpp(1319): PASSED:
  CHECK( result.endpoint >= row.threshold )
with expansion:
  22.3565737013 >= 0.25
with message:
  Entropy   spectral flatness [f0, 20 f0]  rho=0.966667  endpoint=22.3566
  threshold=0.25

F:\projects\iterum\dsp\tests\unit\systems\vorago_macro_test.cpp(1318): PASSED:
  CHECK( (result.rho * expectedRhoSign(row.kind)) >= 0.9 )
with expansion:
  1.0 >= 0.9
with message:
  Pressure  crest factor (dB)  rho=-1  endpoint=4.25973  threshold=3

F:\projects\iterum\dsp\tests\unit\systems\vorago_macro_test.cpp(1319): PASSED:
  CHECK( result.endpoint >= row.threshold )
with expansion:
  4.2597285838 >= 3.0
with message:
  Pressure  crest factor (dB)  rho=-1  endpoint=4.25973  threshold=3

F:\projects\iterum\dsp\tests\unit\systems\vorago_macro_test.cpp(1318): PASSED:
  CHECK( (result.rho * expectedRhoSign(row.kind)) >= 0.9 )
with expansion:
  1.0 >= 0.9
with message:
  Weight    energy < 80 Hz (dB) @C3  rho=1  endpoint=7.81366  threshold=6

F:\projects\iterum\dsp\tests\unit\systems\vorago_macro_test.cpp(1319): PASSED:
  CHECK( result.endpoint >= row.threshold )
with expansion:
  7.81366437 >= 6.0
with message:
  Weight    energy < 80 Hz (dB) @C3  rho=1  endpoint=7.81366  threshold=6

F:\projects\iterum\dsp\tests\unit\systems\vorago_macro_test.cpp(1318): PASSED:
  CHECK( (result.rho * expectedRhoSign(row.kind)) >= 0.9 )
with expansion:
  1.0 >= 0.9
with message:
  Fog       spectral flatness [f0, 20 f0]  rho=1  endpoint=0.619262  threshold=
  0.1

F:\projects\iterum\dsp\tests\unit\systems\vorago_macro_test.cpp(1319): PASSED:
  CHECK( result.endpoint >= row.threshold )
with expansion:
  0.6192622108 >= 0.1
with message:
  Fog       spectral flatness [f0, 20 f0]  rho=1  endpoint=0.619262  threshold=
  0.1

F:\projects\iterum\dsp\tests\unit\systems\vorago_macro_test.cpp(1318): PASSED:
  CHECK( (result.rho * expectedRhoSign(row.kind)) >= 0.9 )
with expansion:
  1.0 >= 0.9
with message:
  Life      wake/sleep edges per min [90 s, 210 s]  rho=1  endpoint=14.6667
  threshold=2

F:\projects\iterum\dsp\tests\unit\systems\vorago_macro_test.cpp(1319): PASSED:
  CHECK( result.endpoint >= row.threshold )
with expansion:
  14.6666666667 >= 2.0
with message:
  Life      wake/sleep edges per min [90 s, 210 s]  rho=1  endpoint=14.6667
  threshold=2

F:\projects\iterum\dsp\tests\unit\systems\vorago_macro_test.cpp(1318): PASSED:
  CHECK( (result.rho * expectedRhoSign(row.kind)) >= 0.9 )
with expansion:
  0.9 >= 0.9
with message:
  Mass      energy < 80 Hz (dB) @C3  rho=0.9  endpoint=1.13177  threshold=0.25

F:\projects\iterum\dsp\tests\unit\systems\vorago_macro_test.cpp(1319): PASSED:
  CHECK( result.endpoint >= row.threshold )
with expansion:
  1.131765913 >= 0.25
with message:
  Mass      energy < 80 Hz (dB) @C3  rho=0.9  endpoint=1.13177  threshold=0.25

F:\projects\iterum\dsp\tests\unit\systems\vorago_macro_test.cpp(1330): PASSED:
  CHECK( age.firstSeedAtOne.cavernDecaySeconds < age.firstSeedAtZero.cavernDecaySeconds )
with expansion:
  6.0f < 20.0f
with message:
  Age decaySeconds 20 -> 6, damping 0.25 -> 0.8

F:\projects\iterum\dsp\tests\unit\systems\vorago_macro_test.cpp(1331): PASSED:
  CHECK( age.firstSeedAtOne.bodyDamping > age.firstSeedAtZero.bodyDamping )
with expansion:
  0.8f > 0.25f
with message:
  Age decaySeconds 20 -> 6, damping 0.25 -> 0.8

F:\projects\iterum\dsp\tests\unit\systems\vorago_macro_test.cpp(1343): PASSED:
  CHECK( entropy.firstSeedAtOne.cloudMutation > entropy.firstSeedAtZero.cloudMutation )
with expansion:
  1.0f > 0.92413f
with message:
  Entropy mutation 0.924125 -> 1, irregularity 0.3 -> 0.9, drift 8 -> 20

F:\projects\iterum\dsp\tests\unit\systems\vorago_macro_test.cpp(1345): PASSED:
  CHECK( entropy.firstSeedAtOne.breathingIrregularity > entropy.firstSeedAtZero.breathingIrregularity )
with expansion:
  0.9f > 0.3f
with message:
  Entropy mutation 0.924125 -> 1, irregularity 0.3 -> 0.9, drift 8 -> 20

F:\projects\iterum\dsp\tests\unit\systems\vorago_macro_test.cpp(1346): PASSED:
  CHECK( entropy.firstSeedAtOne.driftDepthCents > entropy.firstSeedAtZero.driftDepthCents )
with expansion:
  20.0f > 8.0f
with message:
  Entropy mutation 0.924125 -> 1, irregularity 0.3 -> 0.9, drift 8 -> 20

F:\projects\iterum\dsp\tests\unit\systems\vorago_macro_test.cpp(1354): PASSED:
  CHECK( fog.firstSeedAtOne.cavernFog > fog.firstSeedAtZero.cavernFog )
with expansion:
  0.85f > 0.3f
with message:
  Fog cavern fog 0.3 -> 0.85

F:\projects\iterum\dsp\tests\unit\systems\vorago_macro_test.cpp(1367): PASSED:
  CHECK( depthHigh.decaySeconds > depthLow.decaySeconds )
with expansion:
  45.0f > 20.0f
with message:
  Depth decaySeconds 20 -> 45, size 0.5 -> 0.95

F:\projects\iterum\dsp\tests\unit\systems\vorago_macro_test.cpp(1368): PASSED:
  CHECK( depthHigh.size > depthLow.size )
with expansion:
  0.95f > 0.5f
with message:
  Depth decaySeconds 20 -> 45, size 0.5 -> 0.95

F:\projects\iterum\dsp\tests\unit\systems\vorago_macro_test.cpp(1380): PASSED:
  CHECK( dark.firstSeedAtOne.cloudTiltDb < dark.firstSeedAtZero.cloudTiltDb )
with expansion:
  -10.0f < -4.0f
with message:
  Darkness tilt -4 -> -10 dB/oct, cavern darkness 0.8 -> 1

F:\projects\iterum\dsp\tests\unit\systems\vorago_macro_test.cpp(1381): PASSED:
  CHECK( dark.firstSeedAtOne.cavernDarkness > dark.firstSeedAtZero.cavernDarkness )
with expansion:
  1.0f > 0.8f
with message:
  Darkness tilt -4 -> -10 dB/oct, cavern darkness 0.8 -> 1

F:\projects\iterum\dsp\tests\unit\systems\vorago_macro_test.cpp(1394): PASSED:
  CHECK( mass.firstSeedAtOne.bodyResonance > mass.firstSeedAtZero.bodyResonance )
with expansion:
  0.98f > 0.7f
with message:
  Mass body resonance 0.7 -> 0.98, sub tracking 1 -> 1

F:\projects\iterum\dsp\tests\unit\systems\vorago_macro_test.cpp(1395): PASSED:
  CHECK( mass.firstSeedAtOne.subTracking == mass.firstSeedAtZero.subTracking )
with expansion:
  1.0f == 1.0f
with message:
  Mass body resonance 0.7 -> 0.98, sub tracking 1 -> 1

F:\projects\iterum\dsp\tests\unit\systems\vorago_macro_test.cpp(1396): PASSED:
  CHECK( mass.firstSeedAtOne.subTracking == 1.0f )
with expansion:
  1.0f == 1.0f
with message:
  Mass body resonance 0.7 -> 0.98, sub tracking 1 -> 1

F:\projects\iterum\dsp\tests\unit\systems\vorago_macro_test.cpp(1404): PASSED:
  CHECK( fog.firstSeedAtOne.ghostPeak > fog.firstSeedAtZero.ghostPeak )
with expansion:
  1.0f > 0.6f
with message:
  Fog ghost 0.6 -> 1, smear 0.2 -> 0.9

F:\projects\iterum\dsp\tests\unit\systems\vorago_macro_test.cpp(1405): PASSED:
  CHECK( fog.firstSeedAtOne.smearAmount > fog.firstSeedAtZero.smearAmount )
with expansion:
  0.9f > 0.2f
with message:
  Fog ghost 0.6 -> 1, smear 0.2 -> 0.9

F:\projects\iterum\dsp\tests\unit\systems\vorago_macro_test.cpp(1411): PASSED:
  CHECK( zeros.rmsDb > -60.0 )
with expansion:
  -14.9612767337 > -60.0
with message:
  broadband RMS over [10 s, 60 s] = -14.9613 dBFS

===============================================================================
test cases:  1 |  0 passed | 1 failed
assertions: 38 | 36 passed | 2 failed

END 2026-10-01 09:37:30 exit=2 wall=1848s
