START 2026-10-05 13:27:01 Vorago_ProcessorCpu alone pinned after idle exe=2026-10-05 07:40:29
pin-perf-cores: performance-core mask 0xFFFF
Filters: "Vorago_ProcessorCpu"
Randomness seeded to: 415871573

~~~~~~~~~~~~~~~~~~~~~~~~~~~~~~~~~~~~~~~~~~~~~~~~~~~~~~~~~~~~~~~~~~~~~~~~~~~~~~~
vorago_tests.exe is a Catch2 v3.4.0 host application.
Run with -? for options

-------------------------------------------------------------------------------
Vorago_ProcessorCpu
-------------------------------------------------------------------------------
F:\projects\iterum\plugins\vorago\tests\integration\processor_cpu_test.cpp(188)
...............................................................................

F:\projects\iterum\plugins\vorago\tests\integration\processor_cpu_test.cpp(284): warning:
  SC-014 arm P best ns/block (512 @ 48 kHz, poly 4): 2.81648e+06

F:\projects\iterum\plugins\vorago\tests\integration\processor_cpu_test.cpp(285): warning:
  SC-014 arm D best ns/block (512 @ 48 kHz, poly 4): 2.64717e+06

F:\projects\iterum\plugins\vorago\tests\integration\processor_cpu_test.cpp(286): warning:
  SC-014 P/D ratio (gate <= 1.05): 1.06396

F:\projects\iterum\plugins\vorago\tests\integration\processor_cpu_test.cpp(288): warning:
  SC-014 P / kReferenceNs (3.2e+06 ns, recorded only, FR-067): 0.880151

F:\projects\iterum\plugins\vorago\tests\integration\processor_cpu_test.cpp(295): FAILED:
  REQUIRE( pBestNs <= kWrapperOverheadCeiling * dBestNs )
with expansion:
  2816482.0 <= 2779525.3500000001

===============================================================================
test cases:  1 |  0 passed | 1 failed
assertions: 15 | 14 passed | 1 failed

exit=1 END 2026-10-05 13:27:17
