START 2026-10-05 13:49:15 base Vorago_ProcessorCpu alone pinned exe=/f/tmp/p13b_ab/build/windows-x64-release/bin/Release/vorago_tests.exe (2026-09-29 08:15:24)
pin-perf-cores: performance-core mask 0xFFFF
Filters: "Vorago_ProcessorCpu"
Randomness seeded to: 2225595930

~~~~~~~~~~~~~~~~~~~~~~~~~~~~~~~~~~~~~~~~~~~~~~~~~~~~~~~~~~~~~~~~~~~~~~~~~~~~~~~
vorago_tests.exe is a Catch2 v3.4.0 host application.
Run with -? for options

-------------------------------------------------------------------------------
Vorago_ProcessorCpu
-------------------------------------------------------------------------------
F:\tmp\p13b_ab\plugins\vorago\tests\integration\processor_cpu_test.cpp(188)
...............................................................................

F:\tmp\p13b_ab\plugins\vorago\tests\integration\processor_cpu_test.cpp(284): warning:
  SC-014 arm P best ns/block (512 @ 48 kHz, poly 4): 3.1768e+06

F:\tmp\p13b_ab\plugins\vorago\tests\integration\processor_cpu_test.cpp(285): warning:
  SC-014 arm D best ns/block (512 @ 48 kHz, poly 4): 3.0025e+06

F:\tmp\p13b_ab\plugins\vorago\tests\integration\processor_cpu_test.cpp(286): warning:
  SC-014 P/D ratio (gate <= 1.05): 1.05805

F:\tmp\p13b_ab\plugins\vorago\tests\integration\processor_cpu_test.cpp(288): warning:
  SC-014 P / kReferenceNs (3.2e+06 ns, recorded only, FR-067): 0.992748

F:\tmp\p13b_ab\plugins\vorago\tests\integration\processor_cpu_test.cpp(295): FAILED:
  REQUIRE( pBestNs <= kWrapperOverheadCeiling * dBestNs )
with expansion:
  3176795.0 <= 3152630.25

===============================================================================
test cases:  1 |  0 passed | 1 failed
assertions: 15 | 14 passed | 1 failed

exit=1 END 2026-10-05 13:49:36
