START 2026-10-01 22:22:13 T025 L1 tree (T023 floor; binary from the 1.00 sentinel rung - child gain is not on this probe's path, bloom depth 0), pinned, alone load-before=5.1 exe=2026-10-01 21:49:15
pin-perf-cores: performance-core mask 0xFFFF
Filters: "VoragoVoice_CloudFloorCpuProbe"
Randomness seeded to: 2970025246

~~~~~~~~~~~~~~~~~~~~~~~~~~~~~~~~~~~~~~~~~~~~~~~~~~~~~~~~~~~~~~~~~~~~~~~~~~~~~~~
dsp_systems_tests.exe is a Catch2 v3.4.0 host application.
Run with -? for options

-------------------------------------------------------------------------------
VoragoVoice_CloudFloorCpuProbe
-------------------------------------------------------------------------------
F:\projects\iterum\dsp\tests\unit\systems\vorago_perf_test.cpp(1794)
...............................................................................

F:\projects\iterum\dsp\tests\unit\systems\vorago_perf_test.cpp(1833): 
warning:
  VoragoVoice_CloudFloorCpuProbe r 0.4 bloomDepth 0 richnessRead 0.4
  activePartials 14 : 59511.4 ns/block (64-sample blocks, 22500 timed after 750
  warm-up; 4.46335 % of one block's audio time; output finite y)

F:\projects\iterum\dsp\tests\unit\systems\vorago_perf_test.cpp(1833): 
warning:
  VoragoVoice_CloudFloorCpuProbe r 0.7 bloomDepth 0 richnessRead 0.7
  activePartials 18 : 76788.1 ns/block (64-sample blocks, 22500 timed after 750
  warm-up; 5.75911 % of one block's audio time; output finite y)

===============================================================================
test cases: 1 | 1 passed
assertions: - none -

exit=0 END 2026-10-01 22:22:20
