START 2026-10-01 18:11:32 arm=05d04f66 run=2 load-before=11.8
pin-perf-cores: performance-core mask 0xFFFF
Filters: "VoragoEngine_CpuBudget"
Randomness seeded to: 3789860692

~~~~~~~~~~~~~~~~~~~~~~~~~~~~~~~~~~~~~~~~~~~~~~~~~~~~~~~~~~~~~~~~~~~~~~~~~~~~~~~
dsp_systems_tests.exe is a Catch2 v3.4.0 host application.
Run with -? for options

-------------------------------------------------------------------------------
VoragoEngine_CpuBudget
-------------------------------------------------------------------------------
F:\tmp\p13b_ab\dsp\tests\unit\systems\vorago_perf_test.cpp(971)
...............................................................................

F:\tmp\p13b_ab\dsp\tests\unit\systems\vorago_perf_test.cpp(1006): 
warning:
  SC-001b - VoragoEngine CPU gate, ns per 512-sample block @ 48 kHz
    configuration        : polyphony 4 of kMaxVoices 6, FR-090 defaults, macros
  neutral, no voicing levers (Q-H)
    engine measured      : 3.36264e+06 ns/block  (31.5247 % of one core)
    + Cavern (arithmetic): 3.48713e+06 ns/block  (32.6919 % of one core)
    clause (i)  ceiling  : 3.48713e+06 <= 3.2e+06  (108.973 % of the reference)
    clause (ii) baseline : 3.36264e+06 <= 4.04172e+06  (baseline 2.69448e+06 x
  1.5; 124.797 % of the baseline)
    headroom available   : 1.14141x of the baseline before clause (i) trips
  (the ceiling binds first; kMaxAdmissibleNs 2.13333e+06 is not met by ruling)

F:\tmp\p13b_ab\dsp\tests\unit\systems\vorago_perf_test.cpp(1011): FAILED:
  REQUIRE( withCavern <= kReferenceNs )
with expansion:
  3487133.0 <= 3199999.9999999995

===============================================================================
test cases: 1 | 1 failed
assertions: 3 | 2 passed | 1 failed

exit=1 END 2026-10-01 18:12:24
