START 2026-10-05 13:44:53 base FeedbackEcology_CpuBudget alone pinned exe=/f/tmp/p13b_ab/build/windows-x64-release/bin/Release/dsp_systems_tests.exe (2026-10-01 21:29:20)
pin-perf-cores: performance-core mask 0xFFFF
Filters: "FeedbackEcology_CpuBudget"
Randomness seeded to: 3312927795

~~~~~~~~~~~~~~~~~~~~~~~~~~~~~~~~~~~~~~~~~~~~~~~~~~~~~~~~~~~~~~~~~~~~~~~~~~~~~~~
dsp_systems_tests.exe is a Catch2 v3.4.0 host application.
Run with -? for options

-------------------------------------------------------------------------------
FeedbackEcology_CpuBudget
-------------------------------------------------------------------------------
F:\tmp\p13b_ab\dsp\tests\unit\systems\feedback_ecology_perf_test.cpp(1818)
...............................................................................

F:\tmp\p13b_ab\dsp\tests\unit\systems\feedback_ecology_perf_test.cpp(2050): warning:
  
============================================================================
  =====
    FeedbackEcology SC-004 CPU BUDGET   (48 kHz, 512-sample blocks)
    specs/vorago-phase5-feedback-ecology, SC-004 / FR-080, tasks.md T020
    best-of-25 x 500 blocks after 400 warm-up, 200 settle blocks before each
    reference patch: 6 loops, default tables, wander on, mix 1, wetGain 0 dB,
    drive white noise at -12.0 dBFS RMS on both channels, seed 0x5EED
  =============================================================================
  ====
  (a) reference: 6 loops awake, wander on, mix 1              119395.6 ns/block
  1.1193 % of one core
          baseline    94106.4   gate (x1.5)   141159.6   within baseline
  (b) wander off: (a) + setWanderEnabled(false)                98034.6 ns/block
  0.9191 % of one core
          baseline    77370.6   gate (x1.5)   116055.9   within baseline
  (c) all dormant: (a) + every loop dormant                    10838.8 ns/block
  0.1016 % of one core
          baseline     9873.0   gate (x1.5)    14809.5   within baseline
  (d) numLoops = 1: the per-loop marginal cost                 23900.0 ns/block
  0.2241 % of one core
          reported only - SC-004 (d) sets the per-loop marginal cost
  -----------------------------------------------------------------------------
  ----
    SC-004 GATED LINE (160 000 / 1.5)                         106666.7 ns/block
  1.0000 % of one core
    SC-004 ABSOLUTE CEILING (1.5 %/voice)                     160000.0 ns/block
  1.5000 % of one core
    (b) wander-off delta,       (b) - (a)         -21361.0 ns/block   -17.89 %
  of (a)   [SC-004 (b) band: <= +2.00 %]
    (c) dormancy saving,        (a) - (c)         108556.8 ns/block   90.92 %
  of (a)   [SC-004 (c) needs >= 40.00 %]
    (d) marginal cost per loop, ((a)-(d))/5        19099.1 ns/block
  [reported]
  -----------------------------------------------------------------------------
  ----
    audio preconditions, measured over 40 fully-scanned blocks per arm (both
  channels):
        (a) engine-active loops 6 / 6   RMS -56.06 dBFS   finite yes   clamps 0
  non-finite resets 0
        (b) engine-active loops 6 / 6   RMS -55.96 dBFS   finite yes
        (c) engine-active loops 0 / 6   exactly 0.0f on both channels
  throughout: yes
        (d) engine-active loops 1 / 6   RMS -56.09 dBFS   finite yes
        the measured reference level is expected near -56.7 dBFS: this patch is
        quiet BY DESIGN (six Q ~ 100 resonators, 3.3-18.8 Hz of noise bandwidth
        out of 24 kHz), so the precondition below is an ANTI-SILENCE floor at -
  80.0 dBFS,
        not a level assertion.
  =============================================================================
  ====
    SC-004 (f) - THE TRANSITION BLOCKS, gated at each rate against (1) the
  steady
    block in the same state x 1.1 (the O(buffer) detector) and (2) the same
  ABSOLUTE
    per-block ceiling as 48 kHz (NOT against kBaseline). Best of 25 trials,
    each re-established from 2.0 s of settled render. This is FR-019's O(1)
  detector.
  =============================================================================
  ====
    48 kHz  (f1) simultaneous 5-loop sleep edge, setNumLoops(6->1)
        transition block                                       89200.0 ns/block
  0.8363 % of one core   within ceiling
        steady block, same rate and state                     110800.0 ns/block
  1.0388 % of one core
        transition OVERHEAD (transition - steady)       -21600.0 ns
        ceiling 160000.0 ns   trials found 25 / 25   edge at block +4   active
  6 -> 1   non-finite resets in the block [0, 0]   finite yes
    48 kHz  (f2) rung-5 trap fire, FR-048 probe on loop 2
        transition block                                      108700.0 ns/block
  1.0191 % of one core   within ceiling
        steady block, same rate and state                     111900.0 ns/block
  1.0491 % of one core
        transition OVERHEAD (transition - steady)        -3200.0 ns
        ceiling 160000.0 ns   trials found 25 / 25   edge at block +0   active
  6 -> 6   non-finite resets in the block [1, 1]   finite yes
    192 kHz  (f1) simultaneous 5-loop sleep edge, setNumLoops(6->1)
        transition block                                       64000.0 ns/block
  2.4000 % of one core   within ceiling
        steady block, same rate and state                      82100.0 ns/block
  3.0788 % of one core
        transition OVERHEAD (transition - steady)       -18100.0 ns
        ceiling 160000.0 ns   trials found 25 / 25   edge at block +18   active
  6 -> 1   non-finite resets in the block [0, 0]   finite yes
    192 kHz  (f2) rung-5 trap fire, FR-048 probe on loop 2
        transition block                                       84500.0 ns/block
  3.1688 % of one core   within ceiling
        steady block, same rate and state                      89000.0 ns/block
  3.3375 % of one core
        transition OVERHEAD (transition - steady)        -4500.0 ns
        ceiling 160000.0 ns   trials found 25 / 25   edge at block +0   active
  6 -> 6   non-finite resets in the block [1, 1]   finite yes
  =============================================================================
  ====
    copy-pasteable baselines, MEASURED on this machine and this build:
        constexpr double kBaselineReferenceNs     =   119395.6;
        constexpr double kBaselineWanderOffNs     =    98034.6;
        constexpr double kBaselineAllDormantNs    =    10838.8;
    Transcribing a measured figure OVER a projection is always correct; take it
    from the LOWEST of several isolated runs, never from one sample. RAISING
  one
    so a REQUIRE passes is forbidden. A transcribed baseline must still satisfy
    BOTH compile-time clauses (x1.5 <= 160000.0 and >= 3200.0); one that
    cannot is the stop-and-surface case, not a licence to weaken a clause.
  =============================================================================
  ====
    *** SC-004 (a) IS OVER THE GATED LINE BY 12728.9 ns (1.12x). NO ADMISSIBLE
  BASELINE CAN BE
    *** TRANSCRIBED FROM THIS RUN: 119395.6 x 1.5 = 179093.4 exceeds the
  160000.0 ns ceiling.
    *** TAKE THE PRE-AUTHORISED LADDER IN ORDER (plan S14.3, tasks.md T020):
    ***   1. OQ-2 LEVER 1 - std::tanh -> FastMath::fastTanh (core/fast_math.h:
  65)
    ***      at feedback_ecology.h:1995, WITH its own error-bound test added to
    ***      this TU: |fastTanh(x) - std::tanh(x)| < 5e-4 over x in [-6, 6] on
  a
    ***      10 001-point grid, and |fastTanh(x)| <= 1 everywhere. FR-042's
    ***      bound is preserved EXACTLY, so rung 2 is unchanged.
    ***   2. Stepped resonator retunes - ALREADY the default (FR-076), banked.
    ***   3. The settled-coupling-smoother carve-out - already in
    ***      updateControl(). Compare the stage table above to see whether the
    ***      remaining cost is the tanh term, the delay term or the ramp bank.
    *** THEN STOP AND SURFACE. Levers 4 (resonator -> a second SVF in Bandpass,
    *** losing the RT60 surface, kMaxResonatorQ = 100 and SC-023 entirely) and
  5
    *** (default numLoops 6 -> 5) are USER DECISIONS taken from this table.
    *** NO AGENT MAY lower kMaxLoops, raise a budget, relax a threshold, or
  shrink
    *** a workload to make this fit. Reduce cost, never move the line
    *** (resonance_drift_network_perf_test.cpp:59-65, inherited verbatim).
    RUN IT ALONE: node tools/run-cpu-tests.js dsp_systems_tests. A verdict that
    flips between runs is measuring the machine, not the code.
    RECORD the whole table in the build transcript and in plan S14.2.
  =============================================================================
  ====

F:\tmp\p13b_ab\dsp\tests\unit\systems\feedback_ecology_perf_test.cpp(2102): FAILED:
  REQUIRE( nsRef * kRegressionFactor <= kAbsoluteCeilingNs )
with expansion:
  179093.4 <= 160000.0
with messages:
  refCheck.activeLoops := 6
  refRmsDb := -56.0592250099
  refCheck.allFinite := true
  refCheck.nonFiniteResets := 0
  wanderCheck.activeLoops := 6
  wanderRmsDb := -55.9593831414
  wanderCheck.allFinite := true
  dormantCheck.activeLoops := 0
  dormantCheck.allExactZero := true
  dormantCheck.allFinite := true
  oneLoopCheck.activeLoops := 1
  oneLoopRmsDb := -56.0924164641
  oneLoopCheck.allFinite := true
  nsRef := 119395.6
  cpu::kBaselineReferenceNs := 94106.4
  kGatedBaselineNs := 106666.6666666667
  kAbsoluteCeilingNs := 160000.0

===============================================================================
test cases:  1 |  0 passed | 1 failed
assertions: 26 | 25 passed | 1 failed

exit=1 END 2026-10-05 13:45:04
