START 2026-10-01 11:37:05 calibrate-p0 tree=ae149a1c as-compiled env: (none)
Filters: "Vorago_PresetPilot_Calibrate"
Randomness seeded to: 2939289045

=== Vorago_PresetPilot_Calibrate (FR-017a, plan 6.16 steps 2-5, G2) ===
P0 default surface + P1..P4 (T037, G2 set), 16 seed indices each, 48 kHz, block 512, pool width 4
timeline cross-check: makeTimeline(default) A = 155.000  M1 = [160.000, 220.000]  M2 = [220.000, 280.000]  M3 = [280.000, 340.000]  H = 340.000  (E0: 155 / 340)
[pilot] P0 <default surface>: stored seed 0, A = 155.0 s, H = 340.0 s, total = 420.0 s, rendering 16 takes...
[pilot] P1 Tectonic Floor: stored seed 1, A = 155.0 s, H = 340.0 s, total = 412.0 s, rendering 16 takes...
[pilot] P2 Cathedral Void: stored seed 5, A = 155.0 s, H = 340.0 s, total = 440.0 s, rendering 16 takes...
[pilot] P3 Growth Ring: stored seed 9, A = 60.0 s, H = 245.0 s, total = 325.0 s, rendering 16 takes...
[pilot] P4 Glass Well: stored seed 12, A = 155.0 s, H = 340.0 s, total = 408.0 s, rendering 16 takes...

t_K curve (2*t_K <= 4.0 ?)         K=1             K=2             K=4             K=8            
P0 <default surface>               5.9161   no     2.7422   no     0.6132   yes    0.8084   yes   
P1 Tectonic Floor                  0.4912   yes    1.4430   yes    0.4379   yes    0.6468   yes   
P2 Cathedral Void                  2.0056   no     0.8158   yes    0.5096   yes    0.4236   yes   
P3 Growth Ring                     3.8724   no     0.8224   yes    1.5325   yes    0.2260   yes   
P4 Glass Well                      1.9786   yes    2.7190   no     1.4267   yes    1.0502   yes   

ruled K = 4
[pilot] P3' (600 +0.042, 700 +0.02 normalized): stored seed 1, rendering 4 takes...

d(P3, P3') over A_4 = 1.5957 -> ok
[pilot] rendering 5 primary twin(s)...

preset                             s(P)    
P0 <default surface>               1.4183   (no primary)
P1 Tectonic Floor - primary S5 subharmonic
  s(P) 5.2863  primary d 5.0718  bar 4.0000  state ok  -> PASS
P2 Cathedral Void - primary S8 cavern space
  s(P) 1.6131  primary d 10.5659  bar 4.0000  state ok  -> PASS
P3 Growth Ring - primary D8.2 envelope Growth
  attack window (W_end 65.0 s): d_att 8.1714, d_Sus 2.4636 (attributable iff d_att >= 3.9636)
    P: first reaches RMS(Sus) - 6 dB at 30 s
    P_rev: first reaches RMS(Sus) - 6 dB at 4 s
  s(P) 2.5434  primary d 8.1714  bar 4.0000  state ok  -> PASS
P4 Glass Well - primary D1.1 material Glass
  conjunct S10 acoustic body: d 12.9333, bar max(1.5, 4.9373) -> ok
  s(P) 2.4687  primary d 4.5711  bar 4.0000  state ok  -> PASS

wall clock: 1648.9 s (27.5 min)
G2: PROCEED with K = 4
===============================================================================
All tests passed (188 assertions in 1 test case)

END 2026-10-01 12:04:34 exit=0 wall=1649s
