START 2026-10-04 12:06:25 Fogbound tree=ae149a1c+working-copy as-compiled (no override) env: VORAGO_PILOT_TAKES=4 VORAGO_PILOT_MASTER_TRIM=-6 | final tree: attack n 4; child gain 1.5; ghost 21 dB / span 1.2 / default peak 0; ecology 30 (ceiling 36); breath 3.0; tide 0.8; M9 rung 2; M12 rung 1; Feedback Mire breathing 0; six presets pin ghost 0.60 | exe=2026-10-04 09:54:11
Filters: "Vorago_PresetPilot_PrimaryProbe"
Randomness seeded to: 2886965859
[probe] master trim -6 dB: kMasterGainId norm 0.5000 -> 0.2506
[probe] lever: none
[probe] Fogbound - primary M9 Fog (stored seed 9, 1 twin render(s))
  take: peak 0.1336  arm1 hi -30.67 dB [yes]  arm2 lo -36.48 dB [yes]  arm3 late-sus -0.68 dB [yes]  arm4 tail -163.57 dB [yes]
  arm1@44.1k: finite y peak 0.1333 hi -28.93 dB [PASS]
  primary d 4.4112  bar 4.0000  attribBase -1.0000  state ok  -> PASS  lever: none
  levels: arms [y y y y] arm1@44.1k [y]
  take j=0 seed 9: peak 0.1336  arm1 hi -30.67 dB [yes]  arm2 lo -36.48 dB [yes]  arm3 late-sus -0.68 dB [yes]  arm4 tail -163.57 dB [yes]
  take j=1 seed 10: peak 0.1627  arm1 hi -29.03 dB [yes]  arm2 lo -34.65 dB [yes]  arm3 late-sus -0.33 dB [yes]  arm4 tail -159.33 dB [yes]
  take j=2 seed 11: peak 0.1396  arm1 hi -30.37 dB [yes]  arm2 lo -38.23 dB [yes]  arm3 late-sus +3.61 dB [yes]  arm4 tail -147.68 dB [yes]
  take j=3 seed 12: peak 0.1697  arm1 hi -27.98 dB [yes]  arm2 lo -37.32 dB [yes]  arm3 late-sus -1.06 dB [yes]  arm4 tail -159.10 dB [yes]
  take j=0 d 4.4112
  take j=1 d 3.4311
  take j=2 d 6.3690
  take j=3 d 2.8223
===============================================================================
All tests passed (19 assertions in 1 test case)

exit=0 END 2026-10-04 12:10:30
