START 2026-10-04 12:14:39 Monolith tree=ae149a1c+working-copy as-compiled (no override) env: VORAGO_PILOT_TAKES=4 VORAGO_PILOT_MASTER_TRIM=-6 | final tree: attack n 4; child gain 1.5; ghost 21 dB / span 1.2 / default peak 0; ecology 30 (ceiling 36); breath 3.0; tide 0.8; M9 rung 2; M12 rung 1; Feedback Mire breathing 0; six presets pin ghost 0.60 | exe=2026-10-04 09:54:11
Filters: "Vorago_PresetPilot_PrimaryProbe"
Randomness seeded to: 2258802391
[probe] master trim -6 dB: kMasterGainId norm 0.5000 -> 0.2506
[probe] lever: none
[probe] Monolith - primary M12 Mass (stored seed 4, 1 twin render(s))
  take: peak 0.5830  arm1 hi -13.31 dB [yes]  arm2 lo -18.31 dB [yes]  arm3 late-sus +1.86 dB [yes]  arm4 tail -216.55 dB [yes]
  arm1@44.1k: finite y peak 0.5958 hi -13.52 dB [PASS]
  primary d 6.1659  bar 4.0000  attribBase -1.0000  state ok  -> PASS  lever: none
  levels: arms [y y y y] arm1@44.1k [y]
  take j=0 seed 4: peak 0.5830  arm1 hi -13.31 dB [yes]  arm2 lo -18.31 dB [yes]  arm3 late-sus +1.86 dB [yes]  arm4 tail -216.55 dB [yes]
  take j=1 seed 5: peak 0.5958  arm1 hi -13.22 dB [yes]  arm2 lo -14.97 dB [yes]  arm3 late-sus -0.08 dB [yes]  arm4 tail -215.87 dB [yes]
  take j=2 seed 6: peak 0.5979  arm1 hi -13.42 dB [yes]  arm2 lo -20.10 dB [yes]  arm3 late-sus -0.40 dB [yes]  arm4 tail -187.82 dB [yes]
  take j=3 seed 7: peak 0.6413  arm1 hi -13.37 dB [yes]  arm2 lo -16.12 dB [yes]  arm3 late-sus -0.51 dB [yes]  arm4 tail -201.40 dB [yes]
  take j=0 d 6.1659
  take j=1 d 4.2759
  take j=2 d 5.3053
  take j=3 d 4.7364
===============================================================================
All tests passed (19 assertions in 1 test case)

exit=0 END 2026-10-04 12:18:42
