START 2026-10-04 10:50:22 Drifting Strata tree=ae149a1c+working-copy as-compiled (no override) env: VORAGO_PILOT_TAKES=4 | final tree: attack n 4; child gain 1.5; ghost 21 dB / span 1.2 / default peak 0; ecology 30 (ceiling 36); breath 3.0; tide 0.8; M9 rung 2; M12 rung 1; Feedback Mire breathing 0; six presets pin ghost 0.60 | exe=2026-10-04 09:54:11
Filters: "Vorago_PresetPilot_PrimaryProbe"
Randomness seeded to: 2571800409
[probe] lever: none
[probe] Drifting Strata - primary M4 Movement (stored seed 3, 1 twin render(s))
  take: peak 0.9661  arm1 hi -14.29 dB [yes]  arm2 lo -21.93 dB [yes]  arm3 late-sus -1.70 dB [yes]  arm4 tail -162.31 dB [yes]
  arm1@44.1k: finite y peak 0.9164 hi -14.16 dB [PASS]
  primary d 0.8745  bar 4.0000  attribBase -1.0000  state ok  -> FAIL  lever: none
  levels: arms [y y y y] arm1@44.1k [y]
  take j=0 seed 3: peak 0.9661  arm1 hi -14.29 dB [yes]  arm2 lo -21.93 dB [yes]  arm3 late-sus -1.70 dB [yes]  arm4 tail -162.31 dB [yes]
  take j=1 seed 4: peak 0.9661  arm1 hi -15.01 dB [yes]  arm2 lo -21.92 dB [yes]  arm3 late-sus +2.08 dB [yes]  arm4 tail -185.35 dB [yes]
  take j=2 seed 5: peak 0.9661  arm1 hi -14.32 dB [yes]  arm2 lo -21.61 dB [yes]  arm3 late-sus +0.61 dB [yes]  arm4 tail -187.02 dB [yes]
  take j=3 seed 6: peak 0.9661  arm1 hi -13.71 dB [yes]  arm2 lo -21.22 dB [yes]  arm3 late-sus +0.98 dB [yes]  arm4 tail -181.59 dB [yes]
  take j=0 d 0.8745
  take j=1 d 7.5134
  take j=2 d 1.1654
  take j=3 d 2.1137
===============================================================================
All tests passed (19 assertions in 1 test case)

exit=0 END 2026-10-04 10:54:44
