START 2026-10-04 18:03:35 gate1m-default tree=ae149a1c+working-copy as-compiled env: VORAGO_PROBE_SEEDS=6 VORAGO_PROBE_KNOBS=- | final tree: attack n 4; child gain 1.5; ghost 21 dB / span 1.2 / default peak 0; ecology 30 (ceiling 36); breath 3.0; tide 0.8; M9 rung 2; M12 rung 1 | exe=2026-10-04 09:54:11
Filters: "Vorago_EcosystemRuleProbe"
Randomness seeded to: 1766812432
[probe] surface overrides: none; knob filter: -; reference: none; wake bases: shipped (vorago_voice.h kPeakWakeBase / kLoopWakeBase)
[probe] multi-seed gate: 6 seeds x (on + true-off) on surface default
seed   d(on,off)  on M1 RMS    off M1 RMS  
[probe] seed 0: rendering on (340 s)...
[probe] seed 0: rendering true-off (340 s)...
0      2.9072     -26.97       -26.32      
[probe] seed 1: rendering on (340 s)...
[probe] seed 1: rendering true-off (340 s)...
1      1.9711     -27.63       -26.13      
[probe] seed 2: rendering on (340 s)...
[probe] seed 2: rendering true-off (340 s)...
2      2.5378     -26.92       -25.44      
[probe] seed 3: rendering on (340 s)...
[probe] seed 3: rendering true-off (340 s)...
3      1.4480     -26.35       -25.61      
[probe] seed 4: rendering on (340 s)...
[probe] seed 4: rendering true-off (340 s)...
4      2.4402     -29.68       -26.93      
[probe] seed 5: rendering on (340 s)...
[probe] seed 5: rendering true-off (340 s)...
5      1.8198     -27.24       -26.18      
off-reseed pairs (consecutive seeds): 2.0376 1.0795 4.2178 5.9901 2.2107
GATE1M surface=default seeds=6 median_d(on,off)=2.2057 min_d(on,off)=1.4480 median_t0off=2.2107 ratio=0.998 verdict=PASS (threshold 0.50, ruling 2026-09-28; the threshold is ruled on this data)
===============================================================================
All tests passed (382640 assertions in 1 test case)

exit=0 END 2026-10-04 18:18:48
