START 2026-10-04 17:16:10 final_default_state tree=ae149a1c+working-copy as-compiled env: VORAGO_SWEEP_SHARD=42/43 Vorago_PresetSweep_AblationVerifiesClaims | final tree: attack n 4; child gain 1.5; ghost 21 dB / span 1.2 / default peak 0; ecology 30 (ceiling 36); breath 3.0; tide 0.8; M9 rung 2; M12 rung 1 | exe=2026-10-04 09:54:11
Filters: "Vorago_PresetSweep_AblationVerifiesClaims"
Randomness seeded to: 3363192104
shard 42/43: 1 of 43 indices (N = 42, index N = default surface)

=== Vorago_PresetSweep_AblationVerifiesClaims (FR-012, FR-037, SC-011) ===
[sweep] index 42: computing / loading record...

<default surface> (index 42): primary <none>, 0 secondaries, s(P) 1.7952
  cell                         claim state conj rend           d      2s(P)     attrib  sec pri  skip
  S1 noise organism                  yes   yes  yes       1.0545     3.5905    -1.0000  NO  NO   
  S2 resonance drift                 yes   yes  yes       3.3511     3.5905    -1.0000  yes NO   
  S3 spectral smear                  yes   yes  yes       1.3968     3.5905    -1.0000  NO  NO   
  S4 feedback ecology                yes   yes  yes       0.0216     3.5905    -1.0000  NO  NO   
  S5 subharmonic                     yes   yes  yes       0.5571     3.5905    -1.0000  NO  NO   
  S6 harmonic bloom                  yes   yes  yes       1.1943     3.5905    -1.0000  NO  NO   
  S7 ecosystem                       yes   yes  yes       2.9069     3.5905    -1.0000  yes NO   
  S8 cavern space                    yes   yes  yes       9.0530     3.5905    -1.0000  yes yes  
  S9 ghost / atmosphere              yes   yes  NO        0.0000     3.5905    -1.0000  NO  NO   override equals stored
  S10 acoustic body                  yes   yes  yes      11.3127     3.5905    -1.0000  yes yes  
  M1 Darkness                        NO    yes  NO        0.0000     3.5905    -1.0000  NO  NO   M displacement
  M2 Age                             NO    yes  NO        0.0000     3.5905    -1.0000  NO  NO   M displacement
  M3 Density                         NO    yes  NO        0.0000     3.5905    -1.0000  NO  NO   M displacement
  M4 Movement                        NO    yes  NO        0.0000     3.5905    -1.0000  NO  NO   M displacement
  M5 Gravity                         NO    yes  NO        0.0000     3.5905    -1.0000  NO  NO   M displacement
  M6 Entropy                         NO    yes  NO        0.0000     3.5905    -1.0000  NO  NO   M displacement
  M7 Pressure                        NO    yes  NO        0.0000     3.5905    -1.0000  NO  NO   M displacement
  M8 Weight                          NO    yes  NO        0.0000     3.5905    -1.0000  NO  NO   M displacement
  M9 Fog                             NO    yes  NO        0.0000     3.5905    -1.0000  NO  NO   M displacement
  M10 Life                           NO    yes  NO        0.0000     3.5905    -1.0000  NO  NO   M displacement
  M11 Depth                          NO    yes  NO        0.0000     3.5905    -1.0000  NO  NO   M displacement
  M12 Mass                           NO    yes  NO        0.0000     3.5905    -1.0000  NO  NO   M displacement
  E1 partial -> bloom                yes   yes  yes       1.2698     7.0629     0.2869  NO  NO   
  E2 resonator -> resonance peaks       yes   yes  yes       1.9479     5.7973     0.2869  yes NO   
  E3 noise -> noise wake             yes   yes  yes       0.4121     6.9632     0.2869  NO  NO   
  E4 feedback -> loop wake           yes   yes  yes       0.2830     5.9952     0.2869  NO  NO   
  E5 ghost -> ghost bursts           yes   yes  yes       0.2869     6.0971     0.2869  NO  NO   
  E6.hi ecosystem sync rate high       NO    yes  NO        0.0000     3.5905    -1.0000  NO  NO   side predicate
  E7.hi ecosystem self-affinity high       NO    yes  NO        0.0000     3.5905    -1.0000  NO  NO   side predicate
  D1.1 material Glass                NO    yes  NO        0.0000     0.0000    -1.0000  NO  NO   state-only kind
  D1.2 material Strings              NO    yes  NO        0.0000     0.0000    -1.0000  NO  NO   state-only kind
  D1.3 material MetalPlate           NO    yes  NO        0.0000     0.0000    -1.0000  NO  NO   state-only kind
  D1.4 material Chamber              NO    yes  NO        0.0000     0.0000    -1.0000  NO  NO   state-only kind
  D1.5 material Ice                  NO    yes  NO        0.0000     0.0000    -1.0000  NO  NO   state-only kind
  D1.6 material StoneChamber         yes   yes  NO        0.0000     0.0000    -1.0000  yes NO   state-only kind
  D1.7 material SteelTank            yes   yes  NO        0.0000     0.0000    -1.0000  yes NO   state-only kind
  D1.8 material WoodenHull           NO    yes  NO        0.0000     0.0000    -1.0000  NO  NO   state-only kind
  D1.9 material CathedralColumn       NO    yes  NO        0.0000     0.0000    -1.0000  NO  NO   state-only kind
  D1.10 material CavernWall          NO    yes  NO        0.0000     0.0000    -1.0000  NO  NO   state-only kind
  D1.11 material GlassSphere         NO    yes  NO        0.0000     0.0000    -1.0000  NO  NO   state-only kind
  D2 body blend both heard           yes   yes  NO        0.0000     0.0000    -1.0000  yes NO   state-only kind
  D3.1 noise model Direct            yes   NO   yes       1.0545     0.0000    -1.0000  NO  NO   
  D3.2 noise model FilteredWind       yes   NO   yes       1.0545     0.0000    -1.0000  NO  NO   
  D3.3 noise model GranularDust       yes   NO   yes       1.0545     0.0000    -1.0000  NO  NO   
  D3.4 noise model MetallicHiss       yes   NO   yes       1.0545     0.0000    -1.0000  NO  NO   
  D4.1 noise type White              NO    NO   NO        0.0000     0.0000    -1.0000  NO  NO   state-only kind
  D4.2 noise type Pink               NO    NO   NO        0.0000     0.0000    -1.0000  NO  NO   state-only kind
  D4.3 noise type TapeHiss           NO    NO   NO        0.0000     0.0000    -1.0000  NO  NO   state-only kind
  D4.4 noise type VinylCrackle       NO    NO   NO        0.0000     0.0000    -1.0000  NO  NO   state-only kind
  D4.5 noise type Asperity           NO    NO   NO        0.0000     0.0000    -1.0000  NO  NO   state-only kind
  D4.6 noise type Brown              yes   NO   NO        0.0000     0.0000    -1.0000  NO  NO   state-only kind
  D4.7 noise type Blue               NO    NO   NO        0.0000     0.0000    -1.0000  NO  NO   state-only kind
  D4.8 noise type Violet             NO    NO   NO        0.0000     0.0000    -1.0000  NO  NO   state-only kind
  D4.9 noise type Grey               NO    NO   NO        0.0000     0.0000    -1.0000  NO  NO   state-only kind
  D4.10 noise type Velvet            NO    NO   NO        0.0000     0.0000    -1.0000  NO  NO   state-only kind
  D4.11 noise type VinylRumble       NO    NO   NO        0.0000     0.0000    -1.0000  NO  NO   state-only kind
  D4.12 noise type RadioStatic       NO    NO   NO        0.0000     0.0000    -1.0000  NO  NO   state-only kind
  D5.1 anchor Free                   NO    yes  NO        0.0000     0.0000    -1.0000  NO  NO   state-only kind
  D5.2 anchor Keyed                  NO    yes  NO        0.0000     0.0000    -1.0000  NO  NO   state-only kind
  D5.3 anchor Hybrid                 yes   yes  NO        0.0000     0.0000    -1.0000  yes NO   state-only kind
  D6.1 loop filter Lowpass           yes   NO   NO        0.0000     0.0000    -1.0000  NO  NO   state-only kind
  D6.2 loop filter Bandpass          NO    NO   NO        0.0000     0.0000    -1.0000  NO  NO   state-only kind
  D6.3 loop filter Highpass          NO    NO   NO        0.0000     0.0000    -1.0000  NO  NO   state-only kind
  D7.1 loudest sub f/2               yes   NO   NO        0.0000     0.0000    -1.0000  NO  NO   state-only kind
  D7.2 loudest sub f/4               NO    NO   NO        0.0000     0.0000    -1.0000  NO  NO   state-only kind
  D7.3 loudest sub fifth below       NO    NO   NO        0.0000     0.0000    -1.0000  NO  NO   state-only kind
  D8.1 envelope Standard             yes   yes  NO        0.0000     0.0000    -1.0000  yes NO   state-only kind
  D8.2 envelope Growth               NO    yes  NO        0.0000     0.0000    -1.0000  NO  NO   state-only kind
  D9.1 attack span <= 10 s           NO    yes  NO        0.0000     0.0000    -1.0000  NO  NO   state-only kind
  D9.2 attack span >= 90 s           yes   yes  NO        0.0000     0.0000    -1.0000  yes NO   state-only kind
  D10.1 freeze holds a field         NO    NO   NO        0.0000     0.0000    -1.0000  NO  NO   state-only kind
  D10.2 freeze off                   yes   yes  NO        0.0000     0.0000    -1.0000  yes NO   state-only kind
  D11 ghost reverse >= 0.5           NO    NO   NO        0.0000     0.0000    -1.0000  NO  NO   state-only kind
  D12.1 ghost event triggers on       NO    NO   NO        0.0000     0.0000    -1.0000  NO  NO   state-only kind
  D12.2 ghost event triggers off       yes   yes  NO        0.0000     0.0000    -1.0000  yes NO   state-only kind
  D13.1 event rate scale <= 0.3       NO    yes  NO        0.0000     3.5905    -1.0000  NO  NO   state false
  D13.2 event rate scale >= 3.0       NO    yes  NO        0.0000     3.5905    -1.0000  NO  NO   state false
  D14.1 breathing depth >= 0.7       NO    yes  NO        0.0000     3.5905    -1.0000  NO  NO   state false
  D14.2 tidal depth >= 0.7           NO    yes  NO        0.0000     3.5905    -1.0000  NO  NO   state false
  (default surface: vector recorded, no claims)
===============================================================================
All tests passed (2 assertions in 1 test case)

exit=0 END 2026-10-04 17:25:24
