START 2026-10-04 13:30:33 final_verified27 tree=ae149a1c+working-copy as-compiled env: VORAGO_PILOT_ITERATE=verified27 (no override) | final tree: attack n 4; child gain 1.5; ghost 21 dB / span 1.2 / default peak 0; ecology 30 (ceiling 36); breath 3.0; tide 0.8; M9 rung 2; M12 rung 1 | exe=2026-10-04 09:54:11
Filters: "Vorago_PresetPilot_PrimaryProbe"
Randomness seeded to: 498753456
[probe] lever: none
[probe] Wind Through Basalt - primary S1 noise organism (stored seed 2, 1 twin render(s))
  take: peak 0.3327  arm1 hi -21.96 dB [yes]  arm2 lo -25.92 dB [yes]  arm3 late-sus +0.87 dB [yes]  arm4 tail -130.30 dB [yes]
  arm1@44.1k: finite y peak 0.3669 hi -21.41 dB [PASS]
  primary d 3.0600  bar 4.0000  attribBase -1.0000  state ok  -> FAIL  lever: none
  levels: arms [y y y y] arm1@44.1k [y]
verified27 S1 noise organism Wind Through Basalt d 3.0600 bar 4.0000 arms [y y y y] -> FAIL
[probe] lever: none
[probe] Resonant Shaft - primary S2 resonance drift (stored seed 3, 1 twin render(s))
  take: peak 0.9661  arm1 hi -8.86 dB [yes]  arm2 lo -25.13 dB [yes]  arm3 late-sus +7.44 dB [yes]  arm4 tail -216.96 dB [yes]
  arm1@44.1k: finite y peak 0.4965 hi -16.20 dB [PASS]
  primary d 2.6851  bar 4.0000  attribBase -1.0000  state ok  -> FAIL  lever: none
  levels: arms [y y y y] arm1@44.1k [y]
verified27 S2 resonance drift Resonant Shaft d 2.6851 bar 4.0000 arms [y y y y] -> FAIL
[probe] lever: none
[probe] Smeared Horizon - primary S3 spectral smear (stored seed 4, 1 twin render(s))
  take: peak 0.9661  arm1 hi -10.66 dB [yes]  arm2 lo -17.48 dB [yes]  arm3 late-sus +0.50 dB [yes]  arm4 tail -145.64 dB [yes]
  arm1@44.1k: finite y peak 0.9661 hi -10.74 dB [PASS]
  primary d 3.2882  bar 4.0000  attribBase -1.0000  state ok  -> FAIL  lever: none
  levels: arms [y y y y] arm1@44.1k [y]
verified27 S3 spectral smear Smeared Horizon d 3.2882 bar 4.0000 arms [y y y y] -> FAIL
[probe] lever: none
[probe] Tectonic Floor - primary S5 subharmonic (stored seed 1, 1 twin render(s))
  take: peak 0.5048  arm1 hi -16.47 dB [yes]  arm2 lo -20.25 dB [yes]  arm3 late-sus +0.89 dB [yes]  arm4 tail -192.95 dB [yes]
  arm1@44.1k: finite y peak 0.5583 hi -16.70 dB [PASS]
  primary d 4.8116  bar 4.0000  attribBase -1.0000  state ok  -> PASS  lever: none
  levels: arms [y y y y] arm1@44.1k [y]
verified27 S5 subharmonic Tectonic Floor d 4.8116 bar 4.0000 arms [y y y y] -> PASS
[probe] lever: none
[probe] Colony Pulse - primary S7 ecosystem (stored seed 8, 1 twin render(s))
  take: peak 0.9661  arm1 hi -14.69 dB [yes]  arm2 lo -26.56 dB [yes]  arm3 late-sus -1.43 dB [yes]  arm4 tail -151.31 dB [yes]
  arm1@44.1k: finite y peak 0.9661 hi -16.56 dB [PASS]
  primary d 13.9144  bar 4.0000  attribBase -1.0000  state ok  -> PASS  lever: none
  levels: arms [y y y y] arm1@44.1k [y]
verified27 S7 ecosystem Colony Pulse d 13.9144 bar 4.0000 arms [y y y y] -> PASS
[probe] lever: none
[probe] Cathedral Void - primary S8 cavern space (stored seed 5, 1 twin render(s))
  take: peak 0.1192  arm1 hi -32.42 dB [yes]  arm2 lo -34.85 dB [yes]  arm3 late-sus -0.18 dB [yes]  arm4 tail -205.06 dB [yes]
  arm1@44.1k: finite y peak 0.1122 hi -31.81 dB [PASS]
  primary d 10.4684  bar 4.0000  attribBase -1.0000  state ok  -> PASS  lever: none
  levels: arms [y y y y] arm1@44.1k [y]
verified27 S8 cavern space Cathedral Void d 10.4684 bar 4.0000 arms [y y y y] -> PASS
[probe] lever: none
[probe] Hull Resonance - primary S10 acoustic body (stored seed 11, 1 twin render(s))
  take: peak 0.3727  arm1 hi -20.99 dB [yes]  arm2 lo -27.16 dB [yes]  arm3 late-sus -0.34 dB [yes]  arm4 tail -151.30 dB [yes]
  arm1@44.1k: finite y peak 0.3204 hi -23.97 dB [PASS]
  primary d 10.6763  bar 4.0000  attribBase -1.0000  state ok  -> PASS  lever: none
  levels: arms [y y y y] arm1@44.1k [y]
verified27 S10 acoustic body Hull Resonance d 10.6763 bar 4.0000 arms [y y y y] -> PASS
[probe] lever: none
[probe] Lightless - primary M1 Darkness (stored seed 13, 1 twin render(s))
  take: peak 0.1918  arm1 hi -25.13 dB [yes]  arm2 lo -30.72 dB [yes]  arm3 late-sus -1.76 dB [yes]  arm4 tail -154.47 dB [yes]
  arm1@44.1k: finite y peak 0.2128 hi -24.88 dB [PASS]
  primary d 1.7830  bar 4.0000  attribBase -1.0000  state ok  -> FAIL  lever: none
  levels: arms [y y y y] arm1@44.1k [y]
verified27 M1 Darkness Lightless d 1.7830 bar 4.0000 arms [y y y y] -> FAIL
[probe] lever: none
[probe] Entropic Hum - primary M6 Entropy (stored seed 5, 1 twin render(s))
  take: peak 0.4507  arm1 hi -20.06 dB [yes]  arm2 lo -26.02 dB [yes]  arm3 late-sus -0.22 dB [yes]  arm4 tail -118.77 dB [yes]
  arm1@44.1k: finite y peak 0.3848 hi -22.23 dB [PASS]
  primary d 6.0769  bar 4.0000  attribBase -1.0000  state ok  -> PASS  lever: none
  levels: arms [y y y y] arm1@44.1k [y]
verified27 M6 Entropy Entropic Hum d 6.0769 bar 4.0000 arms [y y y y] -> PASS
[probe] lever: none
[probe] Pressure Front - primary M7 Pressure (stored seed 6, 1 twin render(s))
  take: peak 0.1628  arm1 hi -22.86 dB [yes]  arm2 lo -28.79 dB [yes]  arm3 late-sus +0.27 dB [yes]  arm4 tail -182.38 dB [yes]
  arm1@44.1k: finite y peak 0.1634 hi -22.93 dB [PASS]
  primary d 5.9213  bar 4.0000  attribBase -1.0000  state ok  -> PASS  lever: none
  levels: arms [y y y y] arm1@44.1k [y]
verified27 M7 Pressure Pressure Front d 5.9213 bar 4.0000 arms [y y y y] -> PASS
[probe] lever: none
[probe] Weighted Deep - primary M8 Weight (stored seed 7, 1 twin render(s))
  take: peak 0.8485  arm1 hi -11.41 dB [yes]  arm2 lo -14.34 dB [yes]  arm3 late-sus -0.05 dB [yes]  arm4 tail -193.51 dB [yes]
  arm1@44.1k: finite y peak 0.8592 hi -11.06 dB [PASS]
  primary d 4.6677  bar 4.0000  attribBase -1.0000  state ok  -> PASS  lever: none
  levels: arms [y y y y] arm1@44.1k [y]
verified27 M8 Weight Weighted Deep d 4.6677 bar 4.0000 arms [y y y y] -> PASS
[probe] lever: none
[probe] Endless Descent - primary M11 Depth (stored seed 12, 1 twin render(s))
  take: peak 0.1198  arm1 hi -31.50 dB [yes]  arm2 lo -36.54 dB [yes]  arm3 late-sus +0.23 dB [yes]  arm4 tail -215.18 dB [yes]
  arm1@44.1k: finite y peak 0.1330 hi -30.64 dB [PASS]
  primary d 8.9963  bar 4.0000  attribBase -1.0000  state ok  -> PASS  lever: none
  levels: arms [y y y y] arm1@44.1k [y]
verified27 M11 Depth Endless Descent d 8.9963 bar 4.0000 arms [y y y y] -> PASS
[probe] lever: none
[probe] Singing Colony - primary E2 resonator -> resonance peaks (stored seed 2, 4 twin render(s))
  take: peak 0.9661  arm1 hi -8.35 dB [yes]  arm2 lo -22.90 dB [yes]  arm3 late-sus +2.44 dB [yes]  arm4 tail -240.00 dB [yes]
  arm1@44.1k: finite y peak 0.9661 hi -8.05 dB [PASS]
  route arms: d(R_k, R_k0) 3.7914, attribBase d(R_0, R_00) 1.6201 (attributable iff d >= 3.1201)
  primary d 3.7914  bar 4.0000  attribBase 1.6201  state ok  -> FAIL  lever: none
  levels: arms [y y y y] arm1@44.1k [y]
verified27 E2 resonator -> resonance peaks Singing Colony d 3.7914 bar 4.0000 arms [y y y y] -> FAIL
[probe] lever: none
[probe] Glass Well - primary D1.1 material Glass (stored seed 12, 2 twin render(s))
  take: peak 0.4032  arm1 hi -21.16 dB [yes]  arm2 lo -27.93 dB [yes]  arm3 late-sus -0.70 dB [yes]  arm4 tail -173.62 dB [yes]
  arm1@44.1k: finite y peak 0.3059 hi -21.96 dB [PASS]
  conjunct S10 acoustic body: d 12.7939, bar 1.5 -> ok
  primary d 6.2513  bar 4.0000  attribBase -1.0000  state ok  -> PASS  lever: none
  levels: arms [y y y y] arm1@44.1k [y]
verified27 D1.1 material Glass Glass Well d 6.2513 bar 4.0000 arms [y y y y] -> PASS
[probe] lever: none
[probe] Strung Abyss - primary D1.2 material Strings (stored seed 3, 2 twin render(s))
  take: peak 0.5556  arm1 hi -16.71 dB [yes]  arm2 lo -24.11 dB [yes]  arm3 late-sus -2.45 dB [yes]  arm4 tail -221.71 dB [yes]
  arm1@44.1k: finite y peak 0.3763 hi -18.70 dB [PASS]
  conjunct S10 acoustic body: d 7.0927, bar 1.5 -> ok
  primary d 15.9762  bar 4.0000  attribBase -1.0000  state ok  -> PASS  lever: none
  levels: arms [y y y y] arm1@44.1k [y]
verified27 D1.2 material Strings Strung Abyss d 15.9762 bar 4.0000 arms [y y y y] -> PASS
[probe] lever: none
[probe] Iron Plate - primary D1.3 material MetalPlate (stored seed 10, 2 twin render(s))
  take: peak 0.1357  arm1 hi -26.73 dB [yes]  arm2 lo -27.99 dB [yes]  arm3 late-sus +0.17 dB [yes]  arm4 tail -196.55 dB [yes]
  arm1@44.1k: finite y peak 0.1288 hi -26.49 dB [PASS]
  conjunct S10 acoustic body: d 10.5227, bar 1.5 -> ok
  primary d 6.2633  bar 4.0000  attribBase -1.0000  state ok  -> PASS  lever: none
  levels: arms [y y y y] arm1@44.1k [y]
verified27 D1.3 material MetalPlate Iron Plate d 6.2633 bar 4.0000 arms [y y y y] -> PASS
[probe] lever: none
[probe] Chamber Drone - primary D1.4 material Chamber (stored seed 13, 2 twin render(s))
  take: peak 0.3683  arm1 hi -18.78 dB [yes]  arm2 lo -25.94 dB [yes]  arm3 late-sus -1.75 dB [yes]  arm4 tail -208.29 dB [yes]
  arm1@44.1k: finite y peak 0.3658 hi -18.98 dB [PASS]
  conjunct S10 acoustic body: d 3.0801, bar 1.5 -> ok
  primary d 12.1913  bar 4.0000  attribBase -1.0000  state ok  -> PASS  lever: none
  levels: arms [y y y y] arm1@44.1k [y]
verified27 D1.4 material Chamber Chamber Drone d 12.1913 bar 4.0000 arms [y y y y] -> PASS
[probe] lever: none
[probe] Ice Shelf - primary D1.5 material Ice (stored seed 6, 2 twin render(s))
  take: peak 0.1358  arm1 hi -32.02 dB [yes]  arm2 lo -39.90 dB [yes]  arm3 late-sus -0.11 dB [yes]  arm4 tail -189.97 dB [yes]
  arm1@44.1k: finite y peak 0.1376 hi -30.68 dB [PASS]
  conjunct S10 acoustic body: d 12.6371, bar 1.5 -> ok
  primary d 4.3598  bar 4.0000  attribBase -1.0000  state ok  -> PASS  lever: none
  levels: arms [y y y y] arm1@44.1k [y]
verified27 D1.5 material Ice Ice Shelf d 4.3598 bar 4.0000 arms [y y y y] -> PASS
[probe] lever: none
[probe] Hull Ark - primary D1.8 material WoodenHull (stored seed 14, 2 twin render(s))
  take: peak 0.4611  arm1 hi -18.18 dB [yes]  arm2 lo -20.29 dB [yes]  arm3 late-sus -0.02 dB [yes]  arm4 tail -189.20 dB [yes]
  arm1@44.1k: finite y peak 0.4816 hi -17.76 dB [PASS]
  conjunct S10 acoustic body: d 11.0353, bar 1.5 -> ok
  primary d 6.5711  bar 4.0000  attribBase -1.0000  state ok  -> PASS  lever: none
  levels: arms [y y y y] arm1@44.1k [y]
verified27 D1.8 material WoodenHull Hull Ark d 6.5711 bar 4.0000 arms [y y y y] -> PASS
[probe] lever: none
[probe] Column Hymn - primary D1.9 material CathedralColumn (stored seed 0, 2 twin render(s))
  take: peak 0.4241  arm1 hi -17.12 dB [yes]  arm2 lo -19.51 dB [yes]  arm3 late-sus +0.20 dB [yes]  arm4 tail -240.00 dB [yes]
  arm1@44.1k: finite y peak 0.4164 hi -16.66 dB [PASS]
  conjunct S10 acoustic body: d 26.4155, bar 1.5 -> ok
  primary d 8.9375  bar 4.0000  attribBase -1.0000  state ok  -> PASS  lever: none
  levels: arms [y y y y] arm1@44.1k [y]
verified27 D1.9 material CathedralColumn Column Hymn d 8.9375 bar 4.0000 arms [y y y y] -> PASS
[probe] lever: none
[probe] Cavern Wall - primary D1.10 material CavernWall (stored seed 7, 2 twin render(s))
  take: peak 0.5870  arm1 hi -13.40 dB [yes]  arm2 lo -15.05 dB [yes]  arm3 late-sus +0.20 dB [yes]  arm4 tail -223.38 dB [yes]
  arm1@44.1k: finite y peak 0.5985 hi -13.22 dB [PASS]
  conjunct S10 acoustic body: d 14.0929, bar 1.5 -> ok
  primary d 9.8524  bar 4.0000  attribBase -1.0000  state ok  -> PASS  lever: none
  levels: arms [y y y y] arm1@44.1k [y]
verified27 D1.10 material CavernWall Cavern Wall d 9.8524 bar 4.0000 arms [y y y y] -> PASS
[probe] lever: none
[probe] Glass Sphere - primary D1.11 material GlassSphere (stored seed 2, 2 twin render(s))
  take: peak 0.3558  arm1 hi -19.60 dB [yes]  arm2 lo -21.09 dB [yes]  arm3 late-sus +0.16 dB [yes]  arm4 tail -240.00 dB [yes]
  arm1@44.1k: finite y peak 0.3435 hi -19.44 dB [PASS]
  conjunct S10 acoustic body: d 15.0774, bar 1.5 -> ok
  primary d 4.0815  bar 4.0000  attribBase -1.0000  state ok  -> PASS  lever: none
  levels: arms [y y y y] arm1@44.1k [y]
verified27 D1.11 material GlassSphere Glass Sphere d 4.0815 bar 4.0000 arms [y y y y] -> PASS
[probe] lever: none
[probe] Dead Air - primary D3.1 noise model Direct (stored seed 4, 2 twin render(s))
  take: peak 0.9661  arm1 hi -11.85 dB [yes]  arm2 lo -14.34 dB [yes]  arm3 late-sus +0.19 dB [yes]  arm4 tail -206.09 dB [yes]
  arm1@44.1k: finite y peak 0.9661 hi -12.15 dB [PASS]
  conjunct S1 noise organism: d 5.0994, bar 1.5 -> ok
  primary d 5.0994  bar 4.0000  attribBase -1.0000  state ok  -> PASS  lever: none
  levels: arms [y y y y] arm1@44.1k [y]
verified27 D3.1 noise model Direct Dead Air d 5.0994 bar 4.0000 arms [y y y y] -> PASS
[probe] lever: none
[probe] Abyssal Wind - primary D3.2 noise model FilteredWind (stored seed 15, 2 twin render(s))
  take: peak 0.2040  arm1 hi -26.26 dB [yes]  arm2 lo -29.98 dB [yes]  arm3 late-sus +0.87 dB [yes]  arm4 tail -233.28 dB [yes]
  arm1@44.1k: finite y peak 0.2054 hi -24.91 dB [PASS]
  conjunct S1 noise organism: d 4.6841, bar 1.5 -> ok
  primary d 4.6841  bar 4.0000  attribBase -1.0000  state ok  -> PASS  lever: none
  levels: arms [y y y y] arm1@44.1k [y]
verified27 D3.2 noise model FilteredWind Abyssal Wind d 4.6841 bar 4.0000 arms [y y y y] -> PASS
[probe] lever: none
[probe] Spore Drift - primary D3.3 noise model GranularDust (stored seed 9, 2 twin render(s))
  take: peak 0.2053  arm1 hi -26.69 dB [yes]  arm2 lo -31.01 dB [yes]  arm3 late-sus -0.32 dB [yes]  arm4 tail -157.20 dB [yes]
  arm1@44.1k: finite y peak 0.1650 hi -26.95 dB [PASS]
  conjunct S1 noise organism: d 1.8135, bar 1.5 -> ok
  primary d 1.8135  bar 4.0000  attribBase -1.0000  state ok  -> FAIL  lever: none
  levels: arms [y y y y] arm1@44.1k [y]
verified27 D3.3 noise model GranularDust Spore Drift d 1.8135 bar 4.0000 arms [y y y y] -> FAIL
[probe] lever: none
[probe] Steam Vent - primary D3.4 noise model MetallicHiss (stored seed 11, 2 twin render(s))
  take: peak 0.5891  arm1 hi -18.10 dB [yes]  arm2 lo -23.14 dB [yes]  arm3 late-sus +1.45 dB [yes]  arm4 tail -193.99 dB [yes]
  arm1@44.1k: finite y peak 0.7226 hi -16.77 dB [PASS]
  conjunct S1 noise organism: d 5.8003, bar 1.5 -> ok
  primary d 5.8003  bar 4.0000  attribBase -1.0000  state ok  -> PASS  lever: none
  levels: arms [y y y y] arm1@44.1k [y]
verified27 D3.4 noise model MetallicHiss Steam Vent d 5.8003 bar 4.0000 arms [y y y y] -> PASS
[probe] lever: none
[probe] Growth Ring - primary D8.2 envelope Growth (stored seed 9, 1 twin render(s))
  take: peak 0.1670  arm1 hi -25.17 dB [yes]  arm2 lo -26.85 dB [yes]  arm3 late-sus -0.53 dB [yes]  arm4 tail -240.00 dB [yes]
  arm1@44.1k: finite y peak 0.1762 hi -24.88 dB [PASS]
  attack window (W_end registered 65.0 s, measured 27.0 s): d_att 8.8756, d_Sus 2.8034 (attributable iff d_att >= 4.3034)
    P: first reaches RMS(Sus) - 6 dB at 22 s
    P_rev: first reaches RMS(Sus) - 6 dB at 6 s
  primary d 8.8756  bar 4.0000  attribBase 2.8034  state ok  -> PASS  lever: none
  levels: arms [y y y y] arm1@44.1k [y]
verified27 D8.2 envelope Growth Growth Ring d 8.8756 bar 4.0000 arms [y y y y] -> PASS
===============================================================================
All tests passed (254 assertions in 1 test case)

exit=0 END 2026-10-04 14:55:10
