START 2026-10-04 12:02:22 Stone Gravity tree=ae149a1c+working-copy as-compiled (no override) env: VORAGO_PILOT_TAKES=4 VORAGO_PILOT_MASTER_TRIM=-6 | final tree: attack n 4; child gain 1.5; ghost 21 dB / span 1.2 / default peak 0; ecology 30 (ceiling 36); breath 3.0; tide 0.8; M9 rung 2; M12 rung 1; Feedback Mire breathing 0; six presets pin ghost 0.60 | exe=2026-10-04 09:54:11
Filters: "Vorago_PresetPilot_PrimaryProbe"
Randomness seeded to: 1125664822
[probe] master trim -6 dB: kMasterGainId norm 0.5000 -> 0.2506
[probe] lever: none
[probe] Stone Gravity - primary M5 Gravity (stored seed 1, 1 twin render(s))
  take: peak 0.9596  arm1 hi -12.92 dB [yes]  arm2 lo -28.87 dB [yes]  arm3 late-sus +1.14 dB [yes]  arm4 tail -225.91 dB [yes]
  arm1@44.1k: finite y peak 0.9491 hi -12.56 dB [PASS]
  primary d 3.1954  bar 4.0000  attribBase -1.0000  state ok  -> FAIL  lever: none
  levels: arms [y y y y] arm1@44.1k [y]
  take j=0 seed 1: peak 0.9596  arm1 hi -12.92 dB [yes]  arm2 lo -28.87 dB [yes]  arm3 late-sus +1.14 dB [yes]  arm4 tail -225.91 dB [yes]
  take j=1 seed 2: peak 0.7024  arm1 hi -11.62 dB [yes]  arm2 lo -32.67 dB [yes]  arm3 late-sus +2.23 dB [yes]  arm4 tail -232.43 dB [yes]
  take j=2 seed 3: peak 0.7075  arm1 hi -16.37 dB [yes]  arm2 lo -31.15 dB [yes]  arm3 late-sus +3.98 dB [yes]  arm4 tail -228.18 dB [yes]
  take j=3 seed 4: peak 0.7829  arm1 hi -12.51 dB [yes]  arm2 lo -22.88 dB [yes]  arm3 late-sus +2.28 dB [yes]  arm4 tail -229.98 dB [yes]
  take j=0 d 3.1954
  take j=1 d 1.7936
  take j=2 d 2.6137
  take j=3 d 1.2487
===============================================================================
All tests passed (19 assertions in 1 test case)

exit=0 END 2026-10-04 12:06:25
