START 2026-10-05 21:41:36 shard 4/8 [vorago-sweep]~[vorago-aggregate] VORAGO_SWEEP_THREADS=1 exe=2026-10-05 07:40:29
Filters: [vorago-sweep] ~[vorago-aggregate]
Randomness seeded to: 1147878247
shard 4/8: 5 of 42 indices (N = 42)

=== Vorago_PresetSweep_LongRender (FR-033, SC-012; K = 4) ===
[sweep] index 4: computing / loading record...

Tectonic Floor (index 4): A 155.00 s  Rel 45.00 s  RT60 12.00 s  H 340.00 s  Tail [402.00, 412.00]  Total 412.00 s  freeze tail Off
  take 0 seed  1: finite yes  peak 0.5048  arm1 hi -16.47 dB [yes]  arm2 lo -20.25 dB [yes]  arm3 late-sus +0.89 dB [yes]  arm4 tail -192.95 dB [yes]
  take 1 seed  2: finite yes  peak 0.5801  arm1 hi -15.81 dB [yes]  arm2 lo -18.29 dB [yes]  arm3 late-sus +0.19 dB [yes]  arm4 tail -240.00 dB [yes]
  take 2 seed  3: finite yes  peak 0.5130  arm1 hi -16.06 dB [yes]  arm2 lo -19.66 dB [yes]  arm3 late-sus -0.40 dB [yes]  arm4 tail -225.72 dB [yes]
  take 3 seed  4: finite yes  peak 0.5695  arm1 hi -16.44 dB [yes]  arm2 lo -20.83 dB [yes]  arm3 late-sus +1.53 dB [yes]  arm4 tail -240.00 dB [yes]
[sweep] index 12: computing / loading record...

Crowded Dark (index 12): A 155.00 s  Rel 45.00 s  RT60 20.00 s  H 340.00 s  Tail [410.00, 420.00]  Total 420.00 s  freeze tail Off
  take 0 seed 15: finite yes  peak 0.8784  arm1 hi -15.31 dB [yes]  arm2 lo -29.12 dB [yes]  arm3 late-sus +1.31 dB [yes]  arm4 tail -179.19 dB [yes]
  take 1 seed  0: finite yes  peak 0.7324  arm1 hi -15.59 dB [yes]  arm2 lo -23.44 dB [yes]  arm3 late-sus -0.68 dB [yes]  arm4 tail -180.21 dB [yes]
  take 2 seed  1: finite yes  peak 0.6884  arm1 hi -17.05 dB [yes]  arm2 lo -23.17 dB [yes]  arm3 late-sus -0.66 dB [yes]  arm4 tail -161.93 dB [yes]
  take 3 seed  2: finite yes  peak 0.7929  arm1 hi -15.56 dB [yes]  arm2 lo -24.17 dB [yes]  arm3 late-sus -0.64 dB [yes]  arm4 tail -186.68 dB [yes]
[sweep] index 20: computing / loading record...

Endless Descent (index 20): A 155.00 s  Rel 40.00 s  RT60 27.00 s  H 340.00 s  Tail [412.00, 422.00]  Total 422.00 s  freeze tail Off
  take 0 seed 12: finite yes  peak 0.1198  arm1 hi -31.50 dB [yes]  arm2 lo -36.54 dB [yes]  arm3 late-sus +0.23 dB [yes]  arm4 tail -215.18 dB [yes]
  take 1 seed 13: finite yes  peak 0.1662  arm1 hi -30.79 dB [yes]  arm2 lo -37.72 dB [yes]  arm3 late-sus -0.29 dB [yes]  arm4 tail -212.97 dB [yes]
  take 2 seed 14: finite yes  peak 0.1253  arm1 hi -30.94 dB [yes]  arm2 lo -35.50 dB [yes]  arm3 late-sus +1.18 dB [yes]  arm4 tail -225.67 dB [yes]
  take 3 seed 15: finite yes  peak 0.1200  arm1 hi -32.66 dB [yes]  arm2 lo -41.24 dB [yes]  arm3 late-sus +0.94 dB [yes]  arm4 tail -222.63 dB [yes]
[sweep] index 28: computing / loading record...

Glass Well (index 28): A 155.00 s  Rel 45.00 s  RT60 7.99 s  H 340.00 s  Tail [397.99, 407.99]  Total 407.99 s  freeze tail Off
  take 0 seed 12: finite yes  peak 0.4032  arm1 hi -21.16 dB [yes]  arm2 lo -27.93 dB [yes]  arm3 late-sus -0.70 dB [yes]  arm4 tail -173.62 dB [yes]
  take 1 seed 13: finite yes  peak 0.3957  arm1 hi -21.04 dB [yes]  arm2 lo -29.55 dB [yes]  arm3 late-sus +2.57 dB [yes]  arm4 tail -166.15 dB [yes]
  take 2 seed 14: finite yes  peak 0.3186  arm1 hi -22.31 dB [yes]  arm2 lo -28.55 dB [yes]  arm3 late-sus -0.40 dB [yes]  arm4 tail -186.26 dB [yes]
  take 3 seed 15: finite yes  peak 0.3310  arm1 hi -21.75 dB [yes]  arm2 lo -31.55 dB [yes]  arm3 late-sus +0.27 dB [yes]  arm4 tail -177.90 dB [yes]
[sweep] index 36: computing / loading record...

Glass Sphere (index 36): A 155.00 s  Rel 45.00 s  RT60 15.00 s  H 340.00 s  Tail [405.00, 415.00]  Total 415.00 s  freeze tail Off
  take 0 seed  2: finite yes  peak 0.3558  arm1 hi -19.60 dB [yes]  arm2 lo -21.09 dB [yes]  arm3 late-sus +0.16 dB [yes]  arm4 tail -240.00 dB [yes]
  take 1 seed  3: finite yes  peak 0.4012  arm1 hi -18.73 dB [yes]  arm2 lo -21.26 dB [yes]  arm3 late-sus -0.08 dB [yes]  arm4 tail -232.03 dB [yes]
  take 2 seed  4: finite yes  peak 0.3537  arm1 hi -19.69 dB [yes]  arm2 lo -21.35 dB [yes]  arm3 late-sus +0.19 dB [yes]  arm4 tail -233.43 dB [yes]
  take 3 seed  5: finite yes  peak 0.4558  arm1 hi -18.72 dB [yes]  arm2 lo -21.29 dB [yes]  arm3 late-sus -0.37 dB [yes]  arm4 tail -239.61 dB [yes]
9217.189 s: Vorago_PresetSweep_LongRender
shard 4/8: 5 of 42 indices (N = 42)

=== Vorago_PresetSweep_FreezeGesture (FR-033, SC-024) ===
Cathedral Void (index 7): not in this shard, skipped
0.000 s: Vorago_PresetSweep_FreezeGesture
shard 4/8: 5 of 42 indices (N = 42)

=== Vorago_PresetSweep_SustainAtAllRates (FR-033a, SC-022) ===
[sweep] index 4: computing / loading record...
Tectonic Floor (index 4): [0, 220.00 s]  44.1 kHz finite yes peak 0.5583 hi -16.70 dB  |  96 kHz finite yes peak 0.5292 hi -16.20 dB
[sweep] index 12: computing / loading record...
Crowded Dark (index 12): [0, 220.00 s]  44.1 kHz finite yes peak 0.8081 hi -16.27 dB  |  96 kHz finite yes peak 0.5905 hi -17.87 dB
[sweep] index 20: computing / loading record...
Endless Descent (index 20): [0, 220.00 s]  44.1 kHz finite yes peak 0.1330 hi -30.64 dB  |  96 kHz finite yes peak 0.1493 hi -30.61 dB
[sweep] index 28: computing / loading record...
Glass Well (index 28): [0, 220.00 s]  44.1 kHz finite yes peak 0.3059 hi -21.96 dB  |  96 kHz finite yes peak 0.2748 hi -23.00 dB
[sweep] index 36: computing / loading record...
Glass Sphere (index 36): [0, 220.00 s]  44.1 kHz finite yes peak 0.3435 hi -19.44 dB  |  96 kHz finite yes peak 0.3054 hi -20.60 dB
0.000 s: Vorago_PresetSweep_SustainAtAllRates
shard 4/8: 5 of 43 indices (N = 42, index N = default surface)

=== Vorago_PresetSweep_AblationVerifiesClaims (FR-012, FR-037, SC-011) ===
[sweep] index 4: computing / loading record...

Tectonic Floor (index 4): primary S5 subharmonic, 1 secondaries, s(P) 4.3961
  cell                         claim state conj rend           d      2s(P)     attrib  sec pri  skip
  S1 noise organism                  yes   yes  yes       0.0685     8.7922    -1.0000  NO  NO   
  S2 resonance drift                 yes   yes  yes       0.4075     8.7922    -1.0000  NO  NO   
  S3 spectral smear                  yes   yes  yes       0.1927     8.7922    -1.0000  NO  NO   
  S4 feedback ecology                yes   yes  yes       0.0036     8.7922    -1.0000  NO  NO   
  S5 subharmonic               PRI   yes   yes  yes       4.8116     8.7922    -1.0000  yes yes  
  S6 harmonic bloom                  yes   yes  yes       0.1391     8.7922    -1.0000  NO  NO   
  S7 ecosystem                       yes   yes  yes       0.9262     8.7922    -1.0000  NO  NO   
  S8 cavern space                    yes   yes  yes       3.9661     8.7922    -1.0000  yes NO   
  S9 ghost / atmosphere              yes   yes  yes       2.0794     8.7922    -1.0000  yes NO   
  S10 acoustic body                  yes   yes  yes       7.8924     8.7922    -1.0000  yes yes  
  M1 Darkness                        yes   yes  yes       0.1960     8.7922    -1.0000  NO  NO   
  M2 Age                             NO    yes  NO        0.0000     8.7922    -1.0000  NO  NO   M displacement
  M3 Density                         NO    yes  NO        0.0000     8.7922    -1.0000  NO  NO   M displacement
  M4 Movement                        NO    yes  NO        0.0000     8.7922    -1.0000  NO  NO   M displacement
  M5 Gravity                         NO    yes  NO        0.0000     8.7922    -1.0000  NO  NO   M displacement
  M6 Entropy                         NO    yes  NO        0.0000     8.7922    -1.0000  NO  NO   M displacement
  M7 Pressure                        NO    yes  NO        0.0000     8.7922    -1.0000  NO  NO   M displacement
  M8 Weight                          NO    yes  NO        0.0000     8.7922    -1.0000  NO  NO   M displacement
  M9 Fog                             NO    yes  NO        0.0000     8.7922    -1.0000  NO  NO   M displacement
  M10 Life                           NO    yes  NO        0.0000     8.7922    -1.0000  NO  NO   M displacement
  M11 Depth                          NO    yes  NO        0.0000     8.7922    -1.0000  NO  NO   M displacement
  M12 Mass                           NO    yes  NO        0.0000     8.7922    -1.0000  NO  NO   M displacement
  E1 partial -> bloom                yes   yes  yes       0.4830     7.6369     0.3674  NO  NO   
  E2 resonator -> resonance peaks       yes   yes  yes       2.4580     2.1321     0.3674  yes NO   
  E3 noise -> noise wake             yes   yes  yes       0.4130     8.2072     0.3674  NO  NO   
  E4 feedback -> loop wake           yes   yes  yes       0.3635     8.0839     0.3674  NO  NO   
  E5 ghost -> ghost bursts           yes   yes  yes       0.5767     9.0390     0.3674  NO  NO   
  E6.hi ecosystem sync rate high       NO    yes  NO        0.0000     8.7922    -1.0000  NO  NO   side predicate
  E7.hi ecosystem self-affinity high       NO    yes  NO        0.0000     8.7922    -1.0000  NO  NO   side predicate
  D1.1 material Glass                NO    yes  NO        0.0000     0.0000    -1.0000  NO  NO   state-only kind
  D1.2 material Strings              NO    yes  NO        0.0000     0.0000    -1.0000  NO  NO   state-only kind
  D1.3 material MetalPlate           NO    yes  NO        0.0000     0.0000    -1.0000  NO  NO   state-only kind
  D1.4 material Chamber              NO    yes  NO        0.0000     0.0000    -1.0000  NO  NO   state-only kind
  D1.5 material Ice                  NO    yes  NO        0.0000     0.0000    -1.0000  NO  NO   state-only kind
  D1.6 material StoneChamber         yes   yes  NO        0.0000     0.0000    -1.0000  yes NO   state-only kind
  D1.7 material SteelTank            yes   yes  NO        0.0000     0.0000    -1.0000  yes NO   state-only kind
  D1.8 material WoodenHull           NO    yes  NO        0.0000     0.0000    -1.0000  NO  NO   state-only kind
  D1.9 material CathedralColumn       NO    yes  NO        0.0000     0.0000    -1.0000  NO  NO   state-only kind
  D1.10 material CavernWall          NO    yes  NO        0.0000     0.0000    -1.0000  NO  NO   state-only kind
  D1.11 material GlassSphere         NO    yes  NO        0.0000     0.0000    -1.0000  NO  NO   state-only kind
  D2 body blend both heard           yes   yes  NO        0.0000     0.0000    -1.0000  yes NO   state-only kind
  D3.1 noise model Direct            yes   NO   yes       0.0685     0.0000    -1.0000  NO  NO   
  D3.2 noise model FilteredWind       yes   NO   yes       0.0685     0.0000    -1.0000  NO  NO   
  D3.3 noise model GranularDust       yes   NO   yes       0.0685     0.0000    -1.0000  NO  NO   
  D3.4 noise model MetallicHiss       yes   NO   yes       0.0685     0.0000    -1.0000  NO  NO   
  D4.1 noise type White              NO    NO   NO        0.0000     0.0000    -1.0000  NO  NO   state-only kind
  D4.2 noise type Pink               NO    NO   NO        0.0000     0.0000    -1.0000  NO  NO   state-only kind
  D4.3 noise type TapeHiss           NO    NO   NO        0.0000     0.0000    -1.0000  NO  NO   state-only kind
  D4.4 noise type VinylCrackle       NO    NO   NO        0.0000     0.0000    -1.0000  NO  NO   state-only kind
  D4.5 noise type Asperity           NO    NO   NO        0.0000     0.0000    -1.0000  NO  NO   state-only kind
  D4.6 noise type Brown              NO    NO   NO        0.0000     0.0000    -1.0000  NO  NO   state-only kind
  D4.7 noise type Blue               NO    NO   NO        0.0000     0.0000    -1.0000  NO  NO   state-only kind
  D4.8 noise type Violet             NO    NO   NO        0.0000     0.0000    -1.0000  NO  NO   state-only kind
  D4.9 noise type Grey               NO    NO   NO        0.0000     0.0000    -1.0000  NO  NO   state-only kind
  D4.10 noise type Velvet            NO    NO   NO        0.0000     0.0000    -1.0000  NO  NO   state-only kind
  D4.11 noise type VinylRumble       yes   NO   NO        0.0000     0.0000    -1.0000  NO  NO   state-only kind
  D4.12 noise type RadioStatic       NO    NO   NO        0.0000     0.0000    -1.0000  NO  NO   state-only kind
  D5.1 anchor Free                   NO    NO   NO        0.0000     0.0000    -1.0000  NO  NO   state-only kind
  D5.2 anchor Keyed                  NO    NO   NO        0.0000     0.0000    -1.0000  NO  NO   state-only kind
  D5.3 anchor Hybrid                 yes   NO   NO        0.0000     0.0000    -1.0000  NO  NO   state-only kind
  D6.1 loop filter Lowpass           yes   NO   NO        0.0000     0.0000    -1.0000  NO  NO   state-only kind
  D6.2 loop filter Bandpass          NO    NO   NO        0.0000     0.0000    -1.0000  NO  NO   state-only kind
  D6.3 loop filter Highpass          NO    NO   NO        0.0000     0.0000    -1.0000  NO  NO   state-only kind
  D7.1 loudest sub f/2               NO    yes  NO        0.0000     0.0000    -1.0000  NO  NO   state-only kind
  D7.2 loudest sub f/4               NO    yes  NO        0.0000     0.0000    -1.0000  NO  NO   state-only kind
  D7.3 loudest sub fifth below sec   yes   yes  NO        0.0000     0.0000    -1.0000  yes NO   state-only kind
  D8.1 envelope Standard             yes   yes  NO        0.0000     0.0000    -1.0000  yes NO   state-only kind
  D8.2 envelope Growth               NO    yes  NO        0.0000     0.0000    -1.0000  NO  NO   state-only kind
  D9.1 attack span <= 10 s           NO    yes  NO        0.0000     0.0000    -1.0000  NO  NO   state-only kind
  D9.2 attack span >= 90 s           yes   yes  NO        0.0000     0.0000    -1.0000  yes NO   state-only kind
  D10.1 freeze holds a field         NO    NO   NO        0.0000     0.0000    -1.0000  NO  NO   state-only kind
  D10.2 freeze off                   yes   yes  NO        0.0000     0.0000    -1.0000  yes NO   state-only kind
  D11 ghost reverse >= 0.5           NO    yes  NO        0.0000     0.0000    -1.0000  NO  NO   state-only kind
  D12.1 ghost event triggers on       NO    yes  NO        0.0000     0.0000    -1.0000  NO  NO   state-only kind
  D12.2 ghost event triggers off       yes   yes  NO        0.0000     0.0000    -1.0000  yes NO   state-only kind
  D13.1 event rate scale <= 0.3       NO    NO   NO        0.0000     8.7922    -1.0000  NO  NO   state false
  D13.2 event rate scale >= 3.0       NO    NO   NO        0.0000     8.7922    -1.0000  NO  NO   state false
  D14.1 breathing depth >= 0.7       NO    yes  NO        0.0000     8.7922    -1.0000  NO  NO   state false
  D14.2 tidal depth >= 0.7           NO    yes  NO        0.0000     8.7922    -1.0000  NO  NO   state false
[sweep] index 12: computing / loading record...

Crowded Dark (index 12): primary M3 Density, 0 secondaries, s(P) 2.8337
  cell                         claim state conj rend           d      2s(P)     attrib  sec pri  skip
  S1 noise organism                  yes   yes  yes       6.6825     5.6674    -1.0000  yes yes  
  S2 resonance drift                 yes   yes  yes       3.9940     5.6674    -1.0000  yes NO   
  S3 spectral smear                  yes   yes  yes       0.4379     5.6674    -1.0000  NO  NO   
  S4 feedback ecology                yes   yes  yes       0.0227     5.6674    -1.0000  NO  NO   
  S5 subharmonic                     yes   yes  yes       1.3557     5.6674    -1.0000  NO  NO   
  S6 harmonic bloom                  yes   yes  yes       0.0000     5.6674    -1.0000  NO  NO   
  S7 ecosystem                       yes   yes  yes      10.3337     5.6674    -1.0000  yes yes  
  S8 cavern space                    yes   yes  yes       0.5314     5.6674    -1.0000  NO  NO   
  S9 ghost / atmosphere              yes   yes  yes       2.2459     5.6674    -1.0000  yes NO   
  S10 acoustic body                  yes   yes  yes      11.4953     5.6674    -1.0000  yes yes  
  M1 Darkness                        NO    yes  NO        0.0000     5.6674    -1.0000  NO  NO   M displacement
  M2 Age                             NO    yes  NO        0.0000     5.6674    -1.0000  NO  NO   M displacement
  M3 Density                   PRI   yes   yes  yes       4.1136     5.6674    -1.0000  yes yes  
  M4 Movement                        NO    yes  NO        0.0000     5.6674    -1.0000  NO  NO   M displacement
  M5 Gravity                         NO    yes  NO        0.0000     5.6674    -1.0000  NO  NO   M displacement
  M6 Entropy                         NO    yes  NO        0.0000     5.6674    -1.0000  NO  NO   M displacement
  M7 Pressure                        NO    yes  NO        0.0000     5.6674    -1.0000  NO  NO   M displacement
  M8 Weight                          NO    yes  NO        0.0000     5.6674    -1.0000  NO  NO   M displacement
  M9 Fog                             NO    yes  NO        0.0000     5.6674    -1.0000  NO  NO   M displacement
  M10 Life                           NO    yes  NO        0.0000     5.6674    -1.0000  NO  NO   M displacement
  M11 Depth                          NO    yes  NO        0.0000     5.6674    -1.0000  NO  NO   M displacement
  M12 Mass                           NO    yes  NO        0.0000     5.6674    -1.0000  NO  NO   M displacement
  E1 partial -> bloom                yes   yes  yes       0.9216     4.7122     1.0440  NO  NO   
  E2 resonator -> resonance peaks       yes   yes  yes       3.9094     6.3734     1.0440  yes NO   
  E3 noise -> noise wake             yes   yes  yes       3.2547     6.1196     1.0440  yes NO   
  E4 feedback -> loop wake           yes   yes  yes       1.0501     4.6964     1.0440  NO  NO   
  E5 ghost -> ghost bursts           yes   yes  yes       3.5059     4.5706     1.0440  yes NO   
  E6.hi ecosystem sync rate high       NO    yes  NO        0.0000     5.6674    -1.0000  NO  NO   side predicate
  E7.hi ecosystem self-affinity high       NO    yes  NO        0.0000     5.6674    -1.0000  NO  NO   side predicate
  D1.1 material Glass                NO    yes  NO        0.0000     0.0000    -1.0000  NO  NO   state-only kind
  D1.2 material Strings              NO    yes  NO        0.0000     0.0000    -1.0000  NO  NO   state-only kind
  D1.3 material MetalPlate           NO    yes  NO        0.0000     0.0000    -1.0000  NO  NO   state-only kind
  D1.4 material Chamber              NO    yes  NO        0.0000     0.0000    -1.0000  NO  NO   state-only kind
  D1.5 material Ice                  NO    yes  NO        0.0000     0.0000    -1.0000  NO  NO   state-only kind
  D1.6 material StoneChamber         yes   yes  NO        0.0000     0.0000    -1.0000  yes NO   state-only kind
  D1.7 material SteelTank            yes   yes  NO        0.0000     0.0000    -1.0000  yes NO   state-only kind
  D1.8 material WoodenHull           NO    yes  NO        0.0000     0.0000    -1.0000  NO  NO   state-only kind
  D1.9 material CathedralColumn       NO    yes  NO        0.0000     0.0000    -1.0000  NO  NO   state-only kind
  D1.10 material CavernWall          NO    yes  NO        0.0000     0.0000    -1.0000  NO  NO   state-only kind
  D1.11 material GlassSphere         NO    yes  NO        0.0000     0.0000    -1.0000  NO  NO   state-only kind
  D2 body blend both heard           yes   yes  NO        0.0000     0.0000    -1.0000  yes NO   state-only kind
  D3.1 noise model Direct            yes   yes  yes       6.6825     0.0000    -1.0000  yes yes  
  D3.2 noise model FilteredWind       yes   yes  yes       6.6825     0.0000    -1.0000  yes yes  
  D3.3 noise model GranularDust       yes   yes  yes       6.6825     0.0000    -1.0000  yes yes  
  D3.4 noise model MetallicHiss       yes   yes  yes       6.6825     0.0000    -1.0000  yes yes  
  D4.1 noise type White              NO    yes  NO        0.0000     0.0000    -1.0000  NO  NO   state-only kind
  D4.2 noise type Pink               NO    yes  NO        0.0000     0.0000    -1.0000  NO  NO   state-only kind
  D4.3 noise type TapeHiss           NO    yes  NO        0.0000     0.0000    -1.0000  NO  NO   state-only kind
  D4.4 noise type VinylCrackle       NO    yes  NO        0.0000     0.0000    -1.0000  NO  NO   state-only kind
  D4.5 noise type Asperity           NO    yes  NO        0.0000     0.0000    -1.0000  NO  NO   state-only kind
  D4.6 noise type Brown              yes   yes  NO        0.0000     0.0000    -1.0000  yes NO   state-only kind
  D4.7 noise type Blue               NO    yes  NO        0.0000     0.0000    -1.0000  NO  NO   state-only kind
  D4.8 noise type Violet             NO    yes  NO        0.0000     0.0000    -1.0000  NO  NO   state-only kind
  D4.9 noise type Grey               NO    yes  NO        0.0000     0.0000    -1.0000  NO  NO   state-only kind
  D4.10 noise type Velvet            NO    yes  NO        0.0000     0.0000    -1.0000  NO  NO   state-only kind
  D4.11 noise type VinylRumble       NO    yes  NO        0.0000     0.0000    -1.0000  NO  NO   state-only kind
  D4.12 noise type RadioStatic       NO    yes  NO        0.0000     0.0000    -1.0000  NO  NO   state-only kind
  D5.1 anchor Free                   NO    yes  NO        0.0000     0.0000    -1.0000  NO  NO   state-only kind
  D5.2 anchor Keyed                  NO    yes  NO        0.0000     0.0000    -1.0000  NO  NO   state-only kind
  D5.3 anchor Hybrid                 yes   yes  NO        0.0000     0.0000    -1.0000  yes NO   state-only kind
  D6.1 loop filter Lowpass           yes   NO   NO        0.0000     0.0000    -1.0000  NO  NO   state-only kind
  D6.2 loop filter Bandpass          NO    NO   NO        0.0000     0.0000    -1.0000  NO  NO   state-only kind
  D6.3 loop filter Highpass          NO    NO   NO        0.0000     0.0000    -1.0000  NO  NO   state-only kind
  D7.1 loudest sub f/2               yes   NO   NO        0.0000     0.0000    -1.0000  NO  NO   state-only kind
  D7.2 loudest sub f/4               NO    NO   NO        0.0000     0.0000    -1.0000  NO  NO   state-only kind
  D7.3 loudest sub fifth below       NO    NO   NO        0.0000     0.0000    -1.0000  NO  NO   state-only kind
  D8.1 envelope Standard             yes   yes  NO        0.0000     0.0000    -1.0000  yes NO   state-only kind
  D8.2 envelope Growth               NO    yes  NO        0.0000     0.0000    -1.0000  NO  NO   state-only kind
  D9.1 attack span <= 10 s           NO    yes  NO        0.0000     0.0000    -1.0000  NO  NO   state-only kind
  D9.2 attack span >= 90 s           yes   yes  NO        0.0000     0.0000    -1.0000  yes NO   state-only kind
  D10.1 freeze holds a field         NO    NO   NO        0.0000     0.0000    -1.0000  NO  NO   state-only kind
  D10.2 freeze off                   yes   yes  NO        0.0000     0.0000    -1.0000  yes NO   state-only kind
  D11 ghost reverse >= 0.5           NO    yes  NO        0.0000     0.0000    -1.0000  NO  NO   state-only kind
  D12.1 ghost event triggers on       NO    yes  NO        0.0000     0.0000    -1.0000  NO  NO   state-only kind
  D12.2 ghost event triggers off       yes   yes  NO        0.0000     0.0000    -1.0000  yes NO   state-only kind
  D13.1 event rate scale <= 0.3       NO    yes  NO        0.0000     5.6674    -1.0000  NO  NO   state false
  D13.2 event rate scale >= 3.0       NO    yes  NO        0.0000     5.6674    -1.0000  NO  NO   state false
  D14.1 breathing depth >= 0.7       NO    yes  NO        0.0000     5.6674    -1.0000  NO  NO   state false
  D14.2 tidal depth >= 0.7           NO    yes  NO        0.0000     5.6674    -1.0000  NO  NO   state false
[sweep] index 20: computing / loading record...

Endless Descent (index 20): primary M11 Depth, 0 secondaries, s(P) 1.1382
  cell                         claim state conj rend           d      2s(P)     attrib  sec pri  skip
  S1 noise organism                  yes   yes  yes       0.1497     2.2763    -1.0000  NO  NO   
  S2 resonance drift                 yes   yes  yes       1.2212     2.2763    -1.0000  NO  NO   
  S3 spectral smear                  yes   yes  yes       0.1502     2.2763    -1.0000  NO  NO   
  S4 feedback ecology                yes   yes  yes       0.0060     2.2763    -1.0000  NO  NO   
  S5 subharmonic                     yes   yes  yes       1.4672     2.2763    -1.0000  NO  NO   
  S6 harmonic bloom                  yes   yes  yes       0.1179     2.2763    -1.0000  NO  NO   
  S7 ecosystem                       yes   yes  yes       2.8787     2.2763    -1.0000  yes NO   
  S8 cavern space                    yes   yes  yes       9.7431     2.2763    -1.0000  yes yes  
  S9 ghost / atmosphere              yes   yes  yes       2.9963     2.2763    -1.0000  yes NO   
  S10 acoustic body                  yes   yes  yes       8.4663     2.2763    -1.0000  yes yes  
  M1 Darkness                        NO    yes  NO        0.0000     2.2763    -1.0000  NO  NO   M displacement
  M2 Age                             NO    yes  NO        0.0000     2.2763    -1.0000  NO  NO   M displacement
  M3 Density                         NO    yes  NO        0.0000     2.2763    -1.0000  NO  NO   M displacement
  M4 Movement                        NO    yes  NO        0.0000     2.2763    -1.0000  NO  NO   M displacement
  M5 Gravity                         NO    yes  NO        0.0000     2.2763    -1.0000  NO  NO   M displacement
  M6 Entropy                         NO    yes  NO        0.0000     2.2763    -1.0000  NO  NO   M displacement
  M7 Pressure                        NO    yes  NO        0.0000     2.2763    -1.0000  NO  NO   M displacement
  M8 Weight                          NO    yes  NO        0.0000     2.2763    -1.0000  NO  NO   M displacement
  M9 Fog                             NO    yes  NO        0.0000     2.2763    -1.0000  NO  NO   M displacement
  M10 Life                           NO    yes  NO        0.0000     2.2763    -1.0000  NO  NO   M displacement
  M11 Depth                    PRI   yes   yes  yes       8.9963     2.2763    -1.0000  yes yes  
  M12 Mass                           NO    yes  NO        0.0000     2.2763    -1.0000  NO  NO   M displacement
  E1 partial -> bloom                yes   yes  yes       0.6754     3.8883     0.5053  NO  NO   
  E2 resonator -> resonance peaks       yes   yes  yes       0.7385     4.7431     0.5053  NO  NO   
  E3 noise -> noise wake             yes   yes  yes       1.1430     3.5953     0.5053  NO  NO   
  E4 feedback -> loop wake           yes   yes  yes       0.5008     4.1401     0.5053  NO  NO   
  E5 ghost -> ghost bursts           yes   yes  yes       2.7232     3.6763     0.5053  yes NO   
  E6.hi ecosystem sync rate high       NO    yes  NO        0.0000     2.2763    -1.0000  NO  NO   side predicate
  E7.hi ecosystem self-affinity high       NO    yes  NO        0.0000     2.2763    -1.0000  NO  NO   side predicate
  D1.1 material Glass                NO    yes  NO        0.0000     0.0000    -1.0000  NO  NO   state-only kind
  D1.2 material Strings              NO    yes  NO        0.0000     0.0000    -1.0000  NO  NO   state-only kind
  D1.3 material MetalPlate           NO    yes  NO        0.0000     0.0000    -1.0000  NO  NO   state-only kind
  D1.4 material Chamber              NO    yes  NO        0.0000     0.0000    -1.0000  NO  NO   state-only kind
  D1.5 material Ice                  NO    yes  NO        0.0000     0.0000    -1.0000  NO  NO   state-only kind
  D1.6 material StoneChamber         yes   yes  NO        0.0000     0.0000    -1.0000  yes NO   state-only kind
  D1.7 material SteelTank            yes   yes  NO        0.0000     0.0000    -1.0000  yes NO   state-only kind
  D1.8 material WoodenHull           NO    yes  NO        0.0000     0.0000    -1.0000  NO  NO   state-only kind
  D1.9 material CathedralColumn       NO    yes  NO        0.0000     0.0000    -1.0000  NO  NO   state-only kind
  D1.10 material CavernWall          NO    yes  NO        0.0000     0.0000    -1.0000  NO  NO   state-only kind
  D1.11 material GlassSphere         NO    yes  NO        0.0000     0.0000    -1.0000  NO  NO   state-only kind
  D2 body blend both heard           yes   yes  NO        0.0000     0.0000    -1.0000  yes NO   state-only kind
  D3.1 noise model Direct            yes   NO   yes       0.1497     0.0000    -1.0000  NO  NO   
  D3.2 noise model FilteredWind       yes   NO   yes       0.1497     0.0000    -1.0000  NO  NO   
  D3.3 noise model GranularDust       yes   NO   yes       0.1497     0.0000    -1.0000  NO  NO   
  D3.4 noise model MetallicHiss       yes   NO   yes       0.1497     0.0000    -1.0000  NO  NO   
  D4.1 noise type White              NO    NO   NO        0.0000     0.0000    -1.0000  NO  NO   state-only kind
  D4.2 noise type Pink               NO    NO   NO        0.0000     0.0000    -1.0000  NO  NO   state-only kind
  D4.3 noise type TapeHiss           NO    NO   NO        0.0000     0.0000    -1.0000  NO  NO   state-only kind
  D4.4 noise type VinylCrackle       NO    NO   NO        0.0000     0.0000    -1.0000  NO  NO   state-only kind
  D4.5 noise type Asperity           NO    NO   NO        0.0000     0.0000    -1.0000  NO  NO   state-only kind
  D4.6 noise type Brown              yes   NO   NO        0.0000     0.0000    -1.0000  NO  NO   state-only kind
  D4.7 noise type Blue               NO    NO   NO        0.0000     0.0000    -1.0000  NO  NO   state-only kind
  D4.8 noise type Violet             NO    NO   NO        0.0000     0.0000    -1.0000  NO  NO   state-only kind
  D4.9 noise type Grey               NO    NO   NO        0.0000     0.0000    -1.0000  NO  NO   state-only kind
  D4.10 noise type Velvet            NO    NO   NO        0.0000     0.0000    -1.0000  NO  NO   state-only kind
  D4.11 noise type VinylRumble       NO    NO   NO        0.0000     0.0000    -1.0000  NO  NO   state-only kind
  D4.12 noise type RadioStatic       NO    NO   NO        0.0000     0.0000    -1.0000  NO  NO   state-only kind
  D5.1 anchor Free                   NO    NO   NO        0.0000     0.0000    -1.0000  NO  NO   state-only kind
  D5.2 anchor Keyed                  NO    NO   NO        0.0000     0.0000    -1.0000  NO  NO   state-only kind
  D5.3 anchor Hybrid                 yes   NO   NO        0.0000     0.0000    -1.0000  NO  NO   state-only kind
  D6.1 loop filter Lowpass           yes   NO   NO        0.0000     0.0000    -1.0000  NO  NO   state-only kind
  D6.2 loop filter Bandpass          NO    NO   NO        0.0000     0.0000    -1.0000  NO  NO   state-only kind
  D6.3 loop filter Highpass          NO    NO   NO        0.0000     0.0000    -1.0000  NO  NO   state-only kind
  D7.1 loudest sub f/2               yes   NO   NO        0.0000     0.0000    -1.0000  NO  NO   state-only kind
  D7.2 loudest sub f/4               NO    NO   NO        0.0000     0.0000    -1.0000  NO  NO   state-only kind
  D7.3 loudest sub fifth below       NO    NO   NO        0.0000     0.0000    -1.0000  NO  NO   state-only kind
  D8.1 envelope Standard             yes   yes  NO        0.0000     0.0000    -1.0000  yes NO   state-only kind
  D8.2 envelope Growth               NO    yes  NO        0.0000     0.0000    -1.0000  NO  NO   state-only kind
  D9.1 attack span <= 10 s           NO    yes  NO        0.0000     0.0000    -1.0000  NO  NO   state-only kind
  D9.2 attack span >= 90 s           yes   yes  NO        0.0000     0.0000    -1.0000  yes NO   state-only kind
  D10.1 freeze holds a field         NO    NO   NO        0.0000     0.0000    -1.0000  NO  NO   state-only kind
  D10.2 freeze off                   yes   yes  NO        0.0000     0.0000    -1.0000  yes NO   state-only kind
  D11 ghost reverse >= 0.5           NO    yes  NO        0.0000     0.0000    -1.0000  NO  NO   state-only kind
  D12.1 ghost event triggers on       NO    yes  NO        0.0000     0.0000    -1.0000  NO  NO   state-only kind
  D12.2 ghost event triggers off       yes   yes  NO        0.0000     0.0000    -1.0000  yes NO   state-only kind
  D13.1 event rate scale <= 0.3       NO    yes  NO        0.0000     2.2763    -1.0000  NO  NO   state false
  D13.2 event rate scale >= 3.0       NO    yes  NO        0.0000     2.2763    -1.0000  NO  NO   state false
  D14.1 breathing depth >= 0.7       NO    yes  NO        0.0000     2.2763    -1.0000  NO  NO   state false
  D14.2 tidal depth >= 0.7           NO    yes  NO        0.0000     2.2763    -1.0000  NO  NO   state false
[sweep] index 28: computing / loading record...

Glass Well (index 28): primary D1.1 material Glass, 0 secondaries, s(P) 3.9119
  cell                         claim state conj rend           d      2s(P)     attrib  sec pri  skip
  S1 noise organism                  yes   yes  yes       0.9239     7.8237    -1.0000  NO  NO   
  S2 resonance drift                 yes   yes  yes       3.3884     7.8237    -1.0000  yes NO   
  S3 spectral smear                  yes   yes  yes       7.4866     7.8237    -1.0000  yes yes  
  S4 feedback ecology                yes   yes  yes       0.0113     7.8237    -1.0000  NO  NO   
  S5 subharmonic                     yes   yes  yes       2.0960     7.8237    -1.0000  yes NO   
  S6 harmonic bloom                  yes   yes  yes       1.3945     7.8237    -1.0000  NO  NO   
  S7 ecosystem                       yes   yes  yes       2.2749     7.8237    -1.0000  yes NO   
  S8 cavern space                    yes   yes  yes       0.1619     7.8237    -1.0000  NO  NO   
  S9 ghost / atmosphere              yes   yes  NO        0.0000     7.8237    -1.0000  NO  NO   override equals stored
  S10 acoustic body                  yes   yes  yes      12.7939     7.8237    -1.0000  yes yes  
  M1 Darkness                        NO    yes  NO        0.0000     7.8237    -1.0000  NO  NO   M displacement
  M2 Age                             NO    yes  NO        0.0000     7.8237    -1.0000  NO  NO   M displacement
  M3 Density                         NO    yes  NO        0.0000     7.8237    -1.0000  NO  NO   M displacement
  M4 Movement                        NO    yes  NO        0.0000     7.8237    -1.0000  NO  NO   M displacement
  M5 Gravity                         NO    yes  NO        0.0000     7.8237    -1.0000  NO  NO   M displacement
  M6 Entropy                         NO    yes  NO        0.0000     7.8237    -1.0000  NO  NO   M displacement
  M7 Pressure                        NO    yes  NO        0.0000     7.8237    -1.0000  NO  NO   M displacement
  M8 Weight                          NO    yes  NO        0.0000     7.8237    -1.0000  NO  NO   M displacement
  M9 Fog                             NO    yes  NO        0.0000     7.8237    -1.0000  NO  NO   M displacement
  M10 Life                           NO    yes  NO        0.0000     7.8237    -1.0000  NO  NO   M displacement
  M11 Depth                          NO    yes  NO        0.0000     7.8237    -1.0000  NO  NO   M displacement
  M12 Mass                           NO    yes  NO        0.0000     7.8237    -1.0000  NO  NO   M displacement
  E1 partial -> bloom                yes   yes  yes       1.8710     5.7490     2.6076  NO  NO   
  E2 resonator -> resonance peaks       yes   yes  yes       1.9509     7.5886     2.6076  NO  NO   
  E3 noise -> noise wake             yes   yes  yes       2.6237     4.5151     2.6076  NO  NO   
  E4 feedback -> loop wake           yes   yes  yes       2.6115     4.4950     2.6076  NO  NO   
  E5 ghost -> ghost bursts           yes   yes  yes       2.6076     4.4811     2.6076  NO  NO   
  E6.hi ecosystem sync rate high       NO    yes  NO        0.0000     7.8237    -1.0000  NO  NO   side predicate
  E7.hi ecosystem self-affinity high       NO    yes  NO        0.0000     7.8237    -1.0000  NO  NO   side predicate
  D1.1 material Glass          PRI   yes   yes  yes       6.2513     7.8237    -1.0000  yes yes  
  D1.2 material Strings              NO    yes  NO        0.0000     0.0000    -1.0000  NO  NO   state-only kind
  D1.3 material MetalPlate           NO    yes  NO        0.0000     0.0000    -1.0000  NO  NO   state-only kind
  D1.4 material Chamber              NO    yes  NO        0.0000     0.0000    -1.0000  NO  NO   state-only kind
  D1.5 material Ice                  NO    yes  NO        0.0000     0.0000    -1.0000  NO  NO   state-only kind
  D1.6 material StoneChamber         NO    yes  NO        0.0000     0.0000    -1.0000  NO  NO   state-only kind
  D1.7 material SteelTank            NO    yes  NO        0.0000     0.0000    -1.0000  NO  NO   state-only kind
  D1.8 material WoodenHull           NO    yes  NO        0.0000     0.0000    -1.0000  NO  NO   state-only kind
  D1.9 material CathedralColumn       NO    yes  NO        0.0000     0.0000    -1.0000  NO  NO   state-only kind
  D1.10 material CavernWall          NO    yes  NO        0.0000     0.0000    -1.0000  NO  NO   state-only kind
  D1.11 material GlassSphere         NO    yes  NO        0.0000     0.0000    -1.0000  NO  NO   state-only kind
  D2 body blend both heard           NO    yes  NO        0.0000     0.0000    -1.0000  NO  NO   state-only kind
  D3.1 noise model Direct            yes   NO   yes       0.9239     0.0000    -1.0000  NO  NO   
  D3.2 noise model FilteredWind       yes   NO   yes       0.9239     0.0000    -1.0000  NO  NO   
  D3.3 noise model GranularDust       yes   NO   yes       0.9239     0.0000    -1.0000  NO  NO   
  D3.4 noise model MetallicHiss       yes   NO   yes       0.9239     0.0000    -1.0000  NO  NO   
  D4.1 noise type White              NO    NO   NO        0.0000     0.0000    -1.0000  NO  NO   state-only kind
  D4.2 noise type Pink               NO    NO   NO        0.0000     0.0000    -1.0000  NO  NO   state-only kind
  D4.3 noise type TapeHiss           NO    NO   NO        0.0000     0.0000    -1.0000  NO  NO   state-only kind
  D4.4 noise type VinylCrackle       NO    NO   NO        0.0000     0.0000    -1.0000  NO  NO   state-only kind
  D4.5 noise type Asperity           NO    NO   NO        0.0000     0.0000    -1.0000  NO  NO   state-only kind
  D4.6 noise type Brown              yes   NO   NO        0.0000     0.0000    -1.0000  NO  NO   state-only kind
  D4.7 noise type Blue               NO    NO   NO        0.0000     0.0000    -1.0000  NO  NO   state-only kind
  D4.8 noise type Violet             NO    NO   NO        0.0000     0.0000    -1.0000  NO  NO   state-only kind
  D4.9 noise type Grey               NO    NO   NO        0.0000     0.0000    -1.0000  NO  NO   state-only kind
  D4.10 noise type Velvet            NO    NO   NO        0.0000     0.0000    -1.0000  NO  NO   state-only kind
  D4.11 noise type VinylRumble       NO    NO   NO        0.0000     0.0000    -1.0000  NO  NO   state-only kind
  D4.12 noise type RadioStatic       NO    NO   NO        0.0000     0.0000    -1.0000  NO  NO   state-only kind
  D5.1 anchor Free                   NO    yes  NO        0.0000     0.0000    -1.0000  NO  NO   state-only kind
  D5.2 anchor Keyed                  NO    yes  NO        0.0000     0.0000    -1.0000  NO  NO   state-only kind
  D5.3 anchor Hybrid                 yes   yes  NO        0.0000     0.0000    -1.0000  yes NO   state-only kind
  D6.1 loop filter Lowpass           yes   NO   NO        0.0000     0.0000    -1.0000  NO  NO   state-only kind
  D6.2 loop filter Bandpass          NO    NO   NO        0.0000     0.0000    -1.0000  NO  NO   state-only kind
  D6.3 loop filter Highpass          NO    NO   NO        0.0000     0.0000    -1.0000  NO  NO   state-only kind
  D7.1 loudest sub f/2               yes   yes  NO        0.0000     0.0000    -1.0000  yes NO   state-only kind
  D7.2 loudest sub f/4               NO    yes  NO        0.0000     0.0000    -1.0000  NO  NO   state-only kind
  D7.3 loudest sub fifth below       NO    yes  NO        0.0000     0.0000    -1.0000  NO  NO   state-only kind
  D8.1 envelope Standard             yes   yes  NO        0.0000     0.0000    -1.0000  yes NO   state-only kind
  D8.2 envelope Growth               NO    yes  NO        0.0000     0.0000    -1.0000  NO  NO   state-only kind
  D9.1 attack span <= 10 s           NO    yes  NO        0.0000     0.0000    -1.0000  NO  NO   state-only kind
  D9.2 attack span >= 90 s           yes   yes  NO        0.0000     0.0000    -1.0000  yes NO   state-only kind
  D10.1 freeze holds a field         NO    NO   NO        0.0000     0.0000    -1.0000  NO  NO   state-only kind
  D10.2 freeze off                   yes   yes  NO        0.0000     0.0000    -1.0000  yes NO   state-only kind
  D11 ghost reverse >= 0.5           NO    NO   NO        0.0000     0.0000    -1.0000  NO  NO   state-only kind
  D12.1 ghost event triggers on       NO    NO   NO        0.0000     0.0000    -1.0000  NO  NO   state-only kind
  D12.2 ghost event triggers off       yes   yes  NO        0.0000     0.0000    -1.0000  yes NO   state-only kind
  D13.1 event rate scale <= 0.3       NO    yes  NO        0.0000     7.8237    -1.0000  NO  NO   state false
  D13.2 event rate scale >= 3.0       NO    yes  NO        0.0000     7.8237    -1.0000  NO  NO   state false
  D14.1 breathing depth >= 0.7       NO    yes  NO        0.0000     7.8237    -1.0000  NO  NO   state false
  D14.2 tidal depth >= 0.7           NO    yes  NO        0.0000     7.8237    -1.0000  NO  NO   state false
[sweep] index 36: computing / loading record...

Glass Sphere (index 36): primary D1.11 material GlassSphere, 0 secondaries, s(P) 3.2833
  cell                         claim state conj rend           d      2s(P)     attrib  sec pri  skip
  S1 noise organism                  yes   yes  yes       0.0170     6.5666    -1.0000  NO  NO   
  S2 resonance drift                 yes   yes  yes       0.8354     6.5666    -1.0000  NO  NO   
  S3 spectral smear                  yes   yes  yes      12.9091     6.5666    -1.0000  yes yes  
  S4 feedback ecology                yes   yes  yes       0.0126     6.5666    -1.0000  NO  NO   
  S5 subharmonic                     yes   yes  yes       1.3694     6.5666    -1.0000  NO  NO   
  S6 harmonic bloom                  yes   yes  yes       0.0839     6.5666    -1.0000  NO  NO   
  S7 ecosystem                       yes   yes  NO        0.0000     6.5666    -1.0000  NO  NO   override equals stored
  S8 cavern space                    yes   yes  NO        0.0000     6.5666    -1.0000  NO  NO   override equals stored
  S9 ghost / atmosphere              yes   yes  yes       0.0031     6.5666    -1.0000  NO  NO   
  S10 acoustic body                  yes   yes  yes      15.0774     6.5666    -1.0000  yes yes  
  M1 Darkness                        NO    yes  NO        0.0000     6.5666    -1.0000  NO  NO   M displacement
  M2 Age                             NO    yes  NO        0.0000     6.5666    -1.0000  NO  NO   M displacement
  M3 Density                         NO    yes  NO        0.0000     6.5666    -1.0000  NO  NO   M displacement
  M4 Movement                        NO    yes  NO        0.0000     6.5666    -1.0000  NO  NO   M displacement
  M5 Gravity                         NO    yes  NO        0.0000     6.5666    -1.0000  NO  NO   M displacement
  M6 Entropy                         NO    yes  NO        0.0000     6.5666    -1.0000  NO  NO   M displacement
  M7 Pressure                        NO    yes  NO        0.0000     6.5666    -1.0000  NO  NO   M displacement
  M8 Weight                          NO    yes  NO        0.0000     6.5666    -1.0000  NO  NO   M displacement
  M9 Fog                             NO    yes  NO        0.0000     6.5666    -1.0000  NO  NO   M displacement
  M10 Life                           NO    yes  NO        0.0000     6.5666    -1.0000  NO  NO   M displacement
  M11 Depth                          NO    yes  NO        0.0000     6.5666    -1.0000  NO  NO   M displacement
  M12 Mass                           NO    yes  NO        0.0000     6.5666    -1.0000  NO  NO   M displacement
  E1 partial -> bloom                yes   yes  NO        0.0000     6.5666    -1.0000  NO  NO   ecosystem depth 0
  E2 resonator -> resonance peaks       yes   yes  NO        0.0000     6.5666    -1.0000  NO  NO   ecosystem depth 0
  E3 noise -> noise wake             yes   yes  NO        0.0000     6.5666    -1.0000  NO  NO   ecosystem depth 0
  E4 feedback -> loop wake           yes   yes  NO        0.0000     6.5666    -1.0000  NO  NO   ecosystem depth 0
  E5 ghost -> ghost bursts           yes   yes  NO        0.0000     6.5666    -1.0000  NO  NO   ecosystem depth 0
  E6.hi ecosystem sync rate high       NO    yes  NO        0.0000     6.5666    -1.0000  NO  NO   side predicate
  E7.hi ecosystem self-affinity high       NO    yes  NO        0.0000     6.5666    -1.0000  NO  NO   side predicate
  D1.1 material Glass                NO    yes  NO        0.0000     0.0000    -1.0000  NO  NO   state-only kind
  D1.2 material Strings              NO    yes  NO        0.0000     0.0000    -1.0000  NO  NO   state-only kind
  D1.3 material MetalPlate           NO    yes  NO        0.0000     0.0000    -1.0000  NO  NO   state-only kind
  D1.4 material Chamber              NO    yes  NO        0.0000     0.0000    -1.0000  NO  NO   state-only kind
  D1.5 material Ice                  NO    yes  NO        0.0000     0.0000    -1.0000  NO  NO   state-only kind
  D1.6 material StoneChamber         NO    yes  NO        0.0000     0.0000    -1.0000  NO  NO   state-only kind
  D1.7 material SteelTank            NO    yes  NO        0.0000     0.0000    -1.0000  NO  NO   state-only kind
  D1.8 material WoodenHull           NO    yes  NO        0.0000     0.0000    -1.0000  NO  NO   state-only kind
  D1.9 material CathedralColumn       NO    yes  NO        0.0000     0.0000    -1.0000  NO  NO   state-only kind
  D1.10 material CavernWall          NO    yes  NO        0.0000     0.0000    -1.0000  NO  NO   state-only kind
  D1.11 material GlassSphere   PRI   yes   yes  yes       4.0815     6.5666    -1.0000  yes yes  
  D2 body blend both heard           NO    yes  NO        0.0000     0.0000    -1.0000  NO  NO   state-only kind
  D3.1 noise model Direct            yes   NO   yes       0.0170     0.0000    -1.0000  NO  NO   
  D3.2 noise model FilteredWind       yes   NO   yes       0.0170     0.0000    -1.0000  NO  NO   
  D3.3 noise model GranularDust       yes   NO   yes       0.0170     0.0000    -1.0000  NO  NO   
  D3.4 noise model MetallicHiss       yes   NO   yes       0.0170     0.0000    -1.0000  NO  NO   
  D4.1 noise type White              NO    NO   NO        0.0000     0.0000    -1.0000  NO  NO   state-only kind
  D4.2 noise type Pink               NO    NO   NO        0.0000     0.0000    -1.0000  NO  NO   state-only kind
  D4.3 noise type TapeHiss           NO    NO   NO        0.0000     0.0000    -1.0000  NO  NO   state-only kind
  D4.4 noise type VinylCrackle       NO    NO   NO        0.0000     0.0000    -1.0000  NO  NO   state-only kind
  D4.5 noise type Asperity           NO    NO   NO        0.0000     0.0000    -1.0000  NO  NO   state-only kind
  D4.6 noise type Brown              yes   NO   NO        0.0000     0.0000    -1.0000  NO  NO   state-only kind
  D4.7 noise type Blue               NO    NO   NO        0.0000     0.0000    -1.0000  NO  NO   state-only kind
  D4.8 noise type Violet             NO    NO   NO        0.0000     0.0000    -1.0000  NO  NO   state-only kind
  D4.9 noise type Grey               NO    NO   NO        0.0000     0.0000    -1.0000  NO  NO   state-only kind
  D4.10 noise type Velvet            NO    NO   NO        0.0000     0.0000    -1.0000  NO  NO   state-only kind
  D4.11 noise type VinylRumble       NO    NO   NO        0.0000     0.0000    -1.0000  NO  NO   state-only kind
  D4.12 noise type RadioStatic       NO    NO   NO        0.0000     0.0000    -1.0000  NO  NO   state-only kind
  D5.1 anchor Free                   NO    NO   NO        0.0000     0.0000    -1.0000  NO  NO   state-only kind
  D5.2 anchor Keyed                  NO    NO   NO        0.0000     0.0000    -1.0000  NO  NO   state-only kind
  D5.3 anchor Hybrid                 yes   NO   NO        0.0000     0.0000    -1.0000  NO  NO   state-only kind
  D6.1 loop filter Lowpass           yes   NO   NO        0.0000     0.0000    -1.0000  NO  NO   state-only kind
  D6.2 loop filter Bandpass          NO    NO   NO        0.0000     0.0000    -1.0000  NO  NO   state-only kind
  D6.3 loop filter Highpass          NO    NO   NO        0.0000     0.0000    -1.0000  NO  NO   state-only kind
  D7.1 loudest sub f/2               yes   NO   NO        0.0000     0.0000    -1.0000  NO  NO   state-only kind
  D7.2 loudest sub f/4               NO    NO   NO        0.0000     0.0000    -1.0000  NO  NO   state-only kind
  D7.3 loudest sub fifth below       NO    NO   NO        0.0000     0.0000    -1.0000  NO  NO   state-only kind
  D8.1 envelope Standard             yes   yes  NO        0.0000     0.0000    -1.0000  yes NO   state-only kind
  D8.2 envelope Growth               NO    yes  NO        0.0000     0.0000    -1.0000  NO  NO   state-only kind
  D9.1 attack span <= 10 s           NO    yes  NO        0.0000     0.0000    -1.0000  NO  NO   state-only kind
  D9.2 attack span >= 90 s           yes   yes  NO        0.0000     0.0000    -1.0000  yes NO   state-only kind
  D10.1 freeze holds a field         NO    NO   NO        0.0000     0.0000    -1.0000  NO  NO   state-only kind
  D10.2 freeze off                   yes   yes  NO        0.0000     0.0000    -1.0000  yes NO   state-only kind
  D11 ghost reverse >= 0.5           NO    NO   NO        0.0000     0.0000    -1.0000  NO  NO   state-only kind
  D12.1 ghost event triggers on       NO    NO   NO        0.0000     0.0000    -1.0000  NO  NO   state-only kind
  D12.2 ghost event triggers off       yes   yes  NO        0.0000     0.0000    -1.0000  yes NO   state-only kind
  D13.1 event rate scale <= 0.3       NO    NO   NO        0.0000     6.5666    -1.0000  NO  NO   state false
  D13.2 event rate scale >= 3.0       NO    NO   NO        0.0000     6.5666    -1.0000  NO  NO   state false
  D14.1 breathing depth >= 0.7       NO    yes  NO        0.0000     6.5666    -1.0000  NO  NO   state false
  D14.2 tidal depth >= 0.7           NO    yes  NO        0.0000     6.5666    -1.0000  NO  NO   state false
0.001 s: Vorago_PresetSweep_AblationVerifiesClaims
shard 4/8: 5 of 42 indices (N = 42)

=== Vorago_PresetSweep_RendersAreReproducible (FR-038, SC-015) ===
[sweep] index 4: computing / loading record...
Tectonic Floor (index 4): two fresh hosts over [0, 220.00 s], withinTolerance per channel: yes
[sweep] index 12: computing / loading record...
Crowded Dark (index 12): two fresh hosts over [0, 220.00 s], withinTolerance per channel: yes
[sweep] index 20: computing / loading record...
Endless Descent (index 20): two fresh hosts over [0, 220.00 s], withinTolerance per channel: yes
[sweep] index 28: computing / loading record...
Glass Well (index 28): two fresh hosts over [0, 220.00 s], withinTolerance per channel: yes
[sweep] index 36: computing / loading record...
Glass Sphere (index 36): two fresh hosts over [0, 220.00 s], withinTolerance per channel: yes
0.000 s: Vorago_PresetSweep_RendersAreReproducible
===============================================================================
All tests passed (173 assertions in 5 test cases)

exit=0 END 2026-10-06 00:15:13
