START 2026-10-04 12:38:29 Haunted Colony tree=ae149a1c+working-copy as-compiled (no override) env: VORAGO_PILOT_TAKES=4 VORAGO_PILOT_MASTER_TRIM=-6 | final tree: attack n 4; child gain 1.5; ghost 21 dB / span 1.2 / default peak 0; ecology 30 (ceiling 36); breath 3.0; tide 0.8; M9 rung 2; M12 rung 1; Feedback Mire breathing 0; six presets pin ghost 0.60 | exe=2026-10-04 09:54:11
Filters: "Vorago_PresetPilot_PrimaryProbe"
Randomness seeded to: 2425907671
[probe] master trim -6 dB: kMasterGainId norm 0.5000 -> 0.2506
[probe] lever: none
[probe] Haunted Colony - primary E5 ghost -> ghost bursts (stored seed 12, 4 twin render(s))
  take: peak 0.2163  arm1 hi -25.59 dB [yes]  arm2 lo -29.31 dB [yes]  arm3 late-sus -0.04 dB [yes]  arm4 tail -164.58 dB [yes]
  arm1@44.1k: finite y peak 0.2911 hi -23.26 dB [PASS]
  route arms: d(R_k, R_k0) 3.9128, attribBase d(R_0, R_00) 0.8875 (attributable iff d >= 2.3875)
  primary d 3.9128  bar 4.0000  attribBase 0.8875  state ok  -> FAIL  lever: none
  levels: arms [y y y y] arm1@44.1k [y]
  take j=0 seed 12: peak 0.2163  arm1 hi -25.59 dB [yes]  arm2 lo -29.31 dB [yes]  arm3 late-sus -0.04 dB [yes]  arm4 tail -164.58 dB [yes]
  take j=1 seed 13: peak 0.3593  arm1 hi -24.12 dB [yes]  arm2 lo -28.96 dB [yes]  arm3 late-sus -1.10 dB [yes]  arm4 tail -163.44 dB [yes]
  take j=2 seed 14: peak 0.2514  arm1 hi -24.33 dB [yes]  arm2 lo -28.89 dB [yes]  arm3 late-sus +2.26 dB [yes]  arm4 tail -175.16 dB [yes]
  take j=3 seed 15: peak 0.2107  arm1 hi -25.85 dB [yes]  arm2 lo -30.50 dB [yes]  arm3 late-sus +0.56 dB [yes]  arm4 tail -169.03 dB [yes]
  take j=0 d 3.9128
  take j=1 d 6.0030
  take j=2 d 2.9853
  take j=3 d 4.6134
===============================================================================
All tests passed (47 assertions in 1 test case)

exit=0 END 2026-10-04 12:45:10
