START 2026-10-04 12:25:18 Swarm Breath tree=ae149a1c+working-copy as-compiled (no override) env: VORAGO_PILOT_TAKES=4 VORAGO_PILOT_MASTER_TRIM=-6 | final tree: attack n 4; child gain 1.5; ghost 21 dB / span 1.2 / default peak 0; ecology 30 (ceiling 36); breath 3.0; tide 0.8; M9 rung 2; M12 rung 1; Feedback Mire breathing 0; six presets pin ghost 0.60 | exe=2026-10-04 09:54:11
Filters: "Vorago_PresetPilot_PrimaryProbe"
Randomness seeded to: 458468352
[probe] master trim -6 dB: kMasterGainId norm 0.5000 -> 0.2506
[probe] lever: none
[probe] Swarm Breath - primary E3 noise -> noise wake (stored seed 5, 4 twin render(s))
  take: peak 0.0883  arm1 hi -31.84 dB [yes]  arm2 lo -36.53 dB [yes]  arm3 late-sus +0.60 dB [yes]  arm4 tail -165.02 dB [yes]
  arm1@44.1k: finite y peak 0.0873 hi -31.35 dB [PASS]
  route arms: d(R_k, R_k0) 1.1648, attribBase d(R_0, R_00) 0.6418 (attributable iff d >= 2.1418)
  primary d 1.1648  bar 4.0000  attribBase 0.6418  state ok  -> FAIL  lever: none
  levels: arms [y y y y] arm1@44.1k [y]
  take j=0 seed 5: peak 0.0883  arm1 hi -31.84 dB [yes]  arm2 lo -36.53 dB [yes]  arm3 late-sus +0.60 dB [yes]  arm4 tail -165.02 dB [yes]
  take j=1 seed 6: peak 0.0902  arm1 hi -31.59 dB [yes]  arm2 lo -37.23 dB [yes]  arm3 late-sus -1.03 dB [yes]  arm4 tail -155.15 dB [yes]
  take j=2 seed 7: peak 0.0893  arm1 hi -31.21 dB [yes]  arm2 lo -34.16 dB [yes]  arm3 late-sus -0.70 dB [yes]  arm4 tail -193.99 dB [yes]
  take j=3 seed 8: peak 0.0947  arm1 hi -30.84 dB [yes]  arm2 lo -34.49 dB [yes]  arm3 late-sus -0.10 dB [yes]  arm4 tail -179.78 dB [yes]
  take j=0 d 1.1648
  take j=1 d 1.3335
  take j=2 d 0.7244
  take j=3 d 0.5809
===============================================================================
All tests passed (47 assertions in 1 test case)

exit=0 END 2026-10-04 12:31:54
