START 2026-10-04 12:46:48 final_secondaries tree=ae149a1c+working-copy as-compiled (no override) | final tree: attack n 4; child gain 1.5; ghost 21 dB / span 1.2 / default peak 0; ecology 30 (ceiling 36); breath 3.0; tide 0.8; M9 rung 2; M12 rung 1; Feedback Mire breathing 0; six presets pin ghost 0.60 | exe=2026-10-04 09:54:11
--- 2026-10-04 12:46:48 Colony Pulse VORAGO_PILOT_SECONDARY=1 
Filters: "Vorago_PresetPilot_PrimaryProbe"
Randomness seeded to: 2268170139
[probe] lever: none
[probe] Colony Pulse - primary S7 ecosystem (stored seed 8, 1 twin render(s))
  take: peak 0.9661  arm1 hi -14.69 dB [yes]  arm2 lo -26.56 dB [yes]  arm3 late-sus -1.43 dB [yes]  arm4 tail -151.31 dB [yes]
  arm1@44.1k: finite y peak 0.9661 hi -16.56 dB [PASS]
  primary d 13.9144  bar 4.0000  attribBase -1.0000  state ok  -> PASS  lever: none
  levels: arms [y y y y] arm1@44.1k [y]
  secondary D13.2 event rate scale >= 3.0: d 0.1942 bar 1.5 state ok conjunct ok attribBase -1.0000 skip "" -> no
  secondary E6.hi ecosystem sync rate high: d 1.3700 bar 1.5 state ok conjunct ok attribBase -1.0000 skip "" -> no
  secondary E7.hi ecosystem self-affinity high: d 1.3429 bar 1.5 state ok conjunct ok attribBase -1.0000 skip "" -> no
===============================================================================
All tests passed (9 assertions in 1 test case)

exit=0 2026-10-04 12:58:48
--- 2026-10-04 12:58:48 Teeming VORAGO_PILOT_SECONDARY=1 VORAGO_PILOT_CELLS=S7 ecosystem
Filters: "Vorago_PresetPilot_PrimaryProbe"
Randomness seeded to: 4082049010
[probe] lever: none
[probe] Teeming - primary M10 Life (stored seed 11, 1 twin render(s))
  take: peak 0.2801  arm1 hi -23.08 dB [yes]  arm2 lo -31.95 dB [yes]  arm3 late-sus +2.24 dB [yes]  arm4 tail -132.79 dB [yes]
  arm1@44.1k: finite y peak 0.3005 hi -23.42 dB [PASS]
  primary d 0.9943  bar 4.0000  attribBase -1.0000  state ok  -> FAIL  lever: none
  levels: arms [y y y y] arm1@44.1k [y]
  secondary D13.1 event rate scale <= 0.3: d 0.8560 bar 1.5 state ok conjunct ok attribBase -1.0000 skip "" -> no
  secondary S7 ecosystem: d 10.1021 bar 1.5 state ok conjunct ok attribBase -1.0000 skip "" -> VERIFIED
===============================================================================
All tests passed (9 assertions in 1 test case)

exit=0 2026-10-04 13:09:43
--- 2026-10-04 13:09:43 Slow Bloom VORAGO_PILOT_SECONDARY=1 
Filters: "Vorago_PresetPilot_PrimaryProbe"
Randomness seeded to: 4106379733
[probe] lever: none
[probe] Slow Bloom - primary S6 harmonic bloom (stored seed 7, 1 twin render(s))
  take: peak 0.3488  arm1 hi -20.52 dB [yes]  arm2 lo -27.43 dB [yes]  arm3 late-sus +0.36 dB [yes]  arm4 tail -185.54 dB [yes]
  arm1@44.1k: finite y peak 0.4332 hi -21.24 dB [PASS]
  primary d 4.3549  bar 4.0000  attribBase -1.0000  state ok  -> PASS  lever: none
  levels: arms [y y y y] arm1@44.1k [y]
  secondary D14.1 breathing depth >= 0.7: d 2.5610 bar 1.5 state ok conjunct ok attribBase -1.0000 skip "" -> VERIFIED
  secondary D9.2 attack span >= 90 s: d 0.0000 bar 1.5 state ok conjunct ok attribBase -1.0000 skip "state-only kind" -> VERIFIED
===============================================================================
All tests passed (9 assertions in 1 test case)

exit=0 2026-10-04 13:19:19
--- 2026-10-04 13:19:19 Drifting Strata VORAGO_PILOT_SECONDARY=1 
Filters: "Vorago_PresetPilot_PrimaryProbe"
Randomness seeded to: 1222311361
[probe] lever: none
[probe] Drifting Strata - primary M4 Movement (stored seed 3, 1 twin render(s))
  take: peak 0.9661  arm1 hi -14.29 dB [yes]  arm2 lo -21.93 dB [yes]  arm3 late-sus -1.70 dB [yes]  arm4 tail -162.31 dB [yes]
  arm1@44.1k: finite y peak 0.9164 hi -14.16 dB [PASS]
  primary d 0.8745  bar 4.0000  attribBase -1.0000  state ok  -> FAIL  lever: none
  levels: arms [y y y y] arm1@44.1k [y]
  secondary D14.2 tidal depth >= 0.7: d 0.3131 bar 1.5 state ok conjunct ok attribBase -1.0000 skip "" -> no
===============================================================================
All tests passed (9 assertions in 1 test case)

exit=0 2026-10-04 13:29:40
