START 2026-10-04 11:58:18 Drifting Strata tree=ae149a1c+working-copy as-compiled (no override) env: VORAGO_PILOT_TAKES=4 VORAGO_PILOT_MASTER_TRIM=-6 | final tree: attack n 4; child gain 1.5; ghost 21 dB / span 1.2 / default peak 0; ecology 30 (ceiling 36); breath 3.0; tide 0.8; M9 rung 2; M12 rung 1; Feedback Mire breathing 0; six presets pin ghost 0.60 | exe=2026-10-04 09:54:11
Filters: "Vorago_PresetPilot_PrimaryProbe"
Randomness seeded to: 1535255818
[probe] master trim -6 dB: kMasterGainId norm 0.5000 -> 0.2506
[probe] lever: none
[probe] Drifting Strata - primary M4 Movement (stored seed 3, 1 twin render(s))
  take: peak 0.5467  arm1 hi -20.20 dB [yes]  arm2 lo -27.92 dB [yes]  arm3 late-sus -1.69 dB [yes]  arm4 tail -168.31 dB [yes]
  arm1@44.1k: finite y peak 0.4699 hi -20.12 dB [PASS]
  primary d 0.8886  bar 4.0000  attribBase -1.0000  state ok  -> FAIL  lever: none
  levels: arms [y y y y] arm1@44.1k [y]
  take j=0 seed 3: peak 0.5467  arm1 hi -20.20 dB [yes]  arm2 lo -27.92 dB [yes]  arm3 late-sus -1.69 dB [yes]  arm4 tail -168.31 dB [yes]
  take j=1 seed 4: peak 0.4959  arm1 hi -20.97 dB [yes]  arm2 lo -27.92 dB [yes]  arm3 late-sus +2.08 dB [yes]  arm4 tail -191.35 dB [yes]
  take j=2 seed 5: peak 0.6587  arm1 hi -20.28 dB [yes]  arm2 lo -27.60 dB [yes]  arm3 late-sus +0.59 dB [yes]  arm4 tail -193.02 dB [yes]
  take j=3 seed 6: peak 0.7275  arm1 hi -19.55 dB [yes]  arm2 lo -27.21 dB [yes]  arm3 late-sus +0.99 dB [yes]  arm4 tail -187.59 dB [yes]
  take j=0 d 0.8886
  take j=1 d 7.5157
  take j=2 d 1.2030
  take j=3 d 2.1324
===============================================================================
All tests passed (19 assertions in 1 test case)

exit=0 END 2026-10-04 12:02:22
