START 2026-10-04 11:50:05 Erosion tree=ae149a1c+working-copy as-compiled (no override) env: VORAGO_PILOT_TAKES=4 VORAGO_PILOT_MASTER_TRIM=-6 | final tree: attack n 4; child gain 1.5; ghost 21 dB / span 1.2 / default peak 0; ecology 30 (ceiling 36); breath 3.0; tide 0.8; M9 rung 2; M12 rung 1; Feedback Mire breathing 0; six presets pin ghost 0.60 | exe=2026-10-04 09:54:11
Filters: "Vorago_PresetPilot_PrimaryProbe"
Randomness seeded to: 2909355985
[probe] master trim -6 dB: kMasterGainId norm 0.5000 -> 0.2506
[probe] lever: none
[probe] Erosion - primary M2 Age (stored seed 14, 1 twin render(s))
  take: peak 0.1052  arm1 hi -32.12 dB [yes]  arm2 lo -40.30 dB [yes]  arm3 late-sus +0.02 dB [yes]  arm4 tail -197.38 dB [yes]
  arm1@44.1k: finite y peak 0.1098 hi -31.61 dB [PASS]
  primary d 2.7946  bar 4.0000  attribBase -1.0000  state ok  -> FAIL  lever: none
  levels: arms [y y y y] arm1@44.1k [y]
  take j=0 seed 14: peak 0.1052  arm1 hi -32.12 dB [yes]  arm2 lo -40.30 dB [yes]  arm3 late-sus +0.02 dB [yes]  arm4 tail -197.38 dB [yes]
  take j=1 seed 15: peak 0.1128  arm1 hi -29.32 dB [yes]  arm2 lo -44.18 dB [yes]  arm3 late-sus +1.55 dB [yes]  arm4 tail -200.79 dB [yes]
  take j=2 seed 0: peak 0.1253  arm1 hi -30.25 dB [yes]  arm2 lo -38.96 dB [yes]  arm3 late-sus +0.63 dB [yes]  arm4 tail -185.62 dB [yes]
  take j=3 seed 1: peak 0.1249  arm1 hi -29.60 dB [yes]  arm2 lo -39.90 dB [yes]  arm3 late-sus -0.70 dB [yes]  arm4 tail -174.31 dB [yes]
  take j=0 d 2.7946
  take j=1 d 3.2602
  take j=2 d 3.6278
  take j=3 d 3.4326
===============================================================================
All tests passed (19 assertions in 1 test case)

exit=0 END 2026-10-04 11:54:13
