START 2026-10-04 14:55:10 final_secondaries_030b tree=ae149a1c+working-copy as-compiled env: VORAGO_PILOT_SECONDARY=1 per host (FR-030b set, T017 header) | final tree: attack n 4; child gain 1.5; ghost 21 dB / span 1.2 / default peak 0; ecology 30 (ceiling 36); breath 3.0; tide 0.8; M9 rung 2; M12 rung 1 | exe=2026-10-04 09:54:11
--- 2026-10-04 14:55:10 Colony Pulse VORAGO_PILOT_SECONDARY=1
Filters: "Vorago_PresetPilot_PrimaryProbe"
Randomness seeded to: 3134433760
[probe] lever: none
[probe] Colony Pulse - primary S7 ecosystem (stored seed 8, 1 twin render(s))
  take: peak 0.9661  arm1 hi -14.69 dB [yes]  arm2 lo -26.56 dB [yes]  arm3 late-sus -1.43 dB [yes]  arm4 tail -151.31 dB [yes]
  arm1@44.1k: finite y peak 0.9661 hi -16.56 dB [PASS]
  primary d 13.9144  bar 4.0000  attribBase -1.0000  state ok  -> PASS  lever: none
  levels: arms [y y y y] arm1@44.1k [y]
  secondary D13.2 event rate scale >= 3.0: d 0.1942 bar 1.5 state ok conjunct ok attribBase -1.0000 skip "" -> no
  secondary E6.hi ecosystem sync rate high: d 1.3700 bar 1.5 state ok conjunct ok attribBase -1.0000 skip "" -> no
  secondary E7.hi ecosystem self-affinity high: d 1.3429 bar 1.5 state ok conjunct ok attribBase -1.0000 skip "" -> no
===============================================================================
All tests passed (9 assertions in 1 test case)

exit=0 2026-10-04 15:06:55
--- 2026-10-04 15:06:55 Wind Through Basalt VORAGO_PILOT_SECONDARY=1
Filters: "Vorago_PresetPilot_PrimaryProbe"
Randomness seeded to: 334220850
[probe] lever: none
[probe] Wind Through Basalt - primary S1 noise organism (stored seed 2, 1 twin render(s))
  take: peak 0.3327  arm1 hi -21.96 dB [yes]  arm2 lo -25.92 dB [yes]  arm3 late-sus +0.87 dB [yes]  arm4 tail -130.30 dB [yes]
  arm1@44.1k: finite y peak 0.3669 hi -21.41 dB [PASS]
  primary d 3.0600  bar 4.0000  attribBase -1.0000  state ok  -> FAIL  lever: none
  levels: arms [y y y y] arm1@44.1k [y]
  secondary D3.1 noise model Direct: d 3.0600 bar 1.5 state ok conjunct ok attribBase -1.0000 skip "" -> VERIFIED
  secondary D4.1 noise type White: d 0.0000 bar 1.5 state ok conjunct ok attribBase -1.0000 skip "state-only kind" -> VERIFIED
  secondary D4.2 noise type Pink: d 0.0000 bar 1.5 state ok conjunct ok attribBase -1.0000 skip "state-only kind" -> VERIFIED
  secondary D4.3 noise type TapeHiss: d 0.0000 bar 1.5 state ok conjunct ok attribBase -1.0000 skip "state-only kind" -> VERIFIED
  secondary D4.7 noise type Blue: d 0.0000 bar 1.5 state ok conjunct ok attribBase -1.0000 skip "state-only kind" -> VERIFIED
===============================================================================
All tests passed (9 assertions in 1 test case)

exit=0 2026-10-04 15:17:28
--- 2026-10-04 15:17:28 Dead Air VORAGO_PILOT_SECONDARY=1
Filters: "Vorago_PresetPilot_PrimaryProbe"
Randomness seeded to: 351550085
[probe] lever: none
[probe] Dead Air - primary D3.1 noise model Direct (stored seed 4, 2 twin render(s))
  take: peak 0.9661  arm1 hi -11.85 dB [yes]  arm2 lo -14.34 dB [yes]  arm3 late-sus +0.19 dB [yes]  arm4 tail -206.09 dB [yes]
  arm1@44.1k: finite y peak 0.9661 hi -12.15 dB [PASS]
  conjunct S1 noise organism: d 5.0994, bar 1.5 -> ok
  primary d 5.0994  bar 4.0000  attribBase -1.0000  state ok  -> PASS  lever: none
  levels: arms [y y y y] arm1@44.1k [y]
  secondary D4.1 noise type White: d 0.0000 bar 1.5 state ok conjunct ok attribBase -1.0000 skip "state-only kind" -> VERIFIED
  secondary D4.2 noise type Pink: d 0.0000 bar 1.5 state ok conjunct ok attribBase -1.0000 skip "state-only kind" -> VERIFIED
  secondary D4.3 noise type TapeHiss: d 0.0000 bar 1.5 state ok conjunct ok attribBase -1.0000 skip "state-only kind" -> VERIFIED
  secondary D4.9 noise type Grey: d 0.0000 bar 1.5 state ok conjunct ok attribBase -1.0000 skip "state-only kind" -> VERIFIED
===============================================================================
All tests passed (11 assertions in 1 test case)

exit=0 2026-10-04 15:23:52
--- 2026-10-04 15:23:52 Erosion VORAGO_PILOT_SECONDARY=1
Filters: "Vorago_PresetPilot_PrimaryProbe"
Randomness seeded to: 4244190626
[probe] lever: none
[probe] Erosion - primary M2 Age (stored seed 14, 1 twin render(s))
  take: peak 0.2096  arm1 hi -26.12 dB [yes]  arm2 lo -34.30 dB [yes]  arm3 late-sus +0.02 dB [yes]  arm4 tail -191.38 dB [yes]
  arm1@44.1k: finite y peak 0.2188 hi -25.61 dB [PASS]
  primary d 2.7945  bar 4.0000  attribBase -1.0000  state ok  -> FAIL  lever: none
  levels: arms [y y y y] arm1@44.1k [y]
  secondary D3.3 noise model GranularDust: d 1.4396 bar 1.5 state ok conjunct FAIL attribBase -1.0000 skip "" -> no
  secondary D4.4 noise type VinylCrackle: d 0.0000 bar 1.5 state ok conjunct FAIL attribBase -1.0000 skip "state-only kind" -> no
  secondary D4.5 noise type Asperity: d 0.0000 bar 1.5 state ok conjunct FAIL attribBase -1.0000 skip "state-only kind" -> no
  secondary D4.6 noise type Brown: d 0.0000 bar 1.5 state ok conjunct FAIL attribBase -1.0000 skip "state-only kind" -> no
===============================================================================
All tests passed (9 assertions in 1 test case)

exit=0 2026-10-04 15:34:52
--- 2026-10-04 15:34:53 Fogbound VORAGO_PILOT_SECONDARY=1
Filters: "Vorago_PresetPilot_PrimaryProbe"
Randomness seeded to: 2188436714
[probe] lever: none
[probe] Fogbound - primary M9 Fog (stored seed 9, 1 twin render(s))
  take: peak 0.2660  arm1 hi -24.67 dB [yes]  arm2 lo -30.48 dB [yes]  arm3 late-sus -0.68 dB [yes]  arm4 tail -157.57 dB [yes]
  arm1@44.1k: finite y peak 0.2654 hi -22.94 dB [PASS]
  primary d 4.4115  bar 4.0000  attribBase -1.0000  state ok  -> PASS  lever: none
  levels: arms [y y y y] arm1@44.1k [y]
  secondary D4.10 noise type Velvet: d 0.0000 bar 1.5 state ok conjunct FAIL attribBase -1.0000 skip "state-only kind" -> no
  secondary D4.11 noise type VinylRumble: d 0.0000 bar 1.5 state ok conjunct FAIL attribBase -1.0000 skip "state-only kind" -> no
  secondary D4.12 noise type RadioStatic: d 0.0000 bar 1.5 state ok conjunct FAIL attribBase -1.0000 skip "state-only kind" -> no
  secondary D4.8 noise type Violet: d 0.0000 bar 1.5 state ok conjunct FAIL attribBase -1.0000 skip "state-only kind" -> no
  secondary S1 noise organism: d 1.4403 bar 1.5 state ok conjunct ok attribBase -1.0000 skip "" -> no
===============================================================================
All tests passed (9 assertions in 1 test case)

exit=0 2026-10-04 15:45:26
--- 2026-10-04 15:45:26 Singing Colony VORAGO_PILOT_SECONDARY=1
Filters: "Vorago_PresetPilot_PrimaryProbe"
Randomness seeded to: 3360012852
[probe] lever: none
[probe] Singing Colony - primary E2 resonator -> resonance peaks (stored seed 2, 4 twin render(s))
  take: peak 0.9661  arm1 hi -8.35 dB [yes]  arm2 lo -22.90 dB [yes]  arm3 late-sus +2.44 dB [yes]  arm4 tail -240.00 dB [yes]
  arm1@44.1k: finite y peak 0.9661 hi -8.05 dB [PASS]
  route arms: d(R_k, R_k0) 3.7914, attribBase d(R_0, R_00) 1.6201 (attributable iff d >= 3.1201)
  primary d 3.7914  bar 4.0000  attribBase 1.6201  state ok  -> FAIL  lever: none
  levels: arms [y y y y] arm1@44.1k [y]
  secondary D5.1 anchor Free: d 0.0000 bar 1.5 state ok conjunct ok attribBase -1.0000 skip "state-only kind" -> VERIFIED
===============================================================================
All tests passed (16 assertions in 1 test case)

exit=0 2026-10-04 15:55:41
--- 2026-10-04 15:55:41 Abyssal Wind VORAGO_PILOT_SECONDARY=1
Filters: "Vorago_PresetPilot_PrimaryProbe"
Randomness seeded to: 1459483145
[probe] lever: none
[probe] Abyssal Wind - primary D3.2 noise model FilteredWind (stored seed 15, 2 twin render(s))
  take: peak 0.2040  arm1 hi -26.26 dB [yes]  arm2 lo -29.98 dB [yes]  arm3 late-sus +0.87 dB [yes]  arm4 tail -233.28 dB [yes]
  arm1@44.1k: finite y peak 0.2054 hi -24.91 dB [PASS]
  conjunct S1 noise organism: d 4.6841, bar 1.5 -> ok
  primary d 4.6841  bar 4.0000  attribBase -1.0000  state ok  -> PASS  lever: none
  levels: arms [y y y y] arm1@44.1k [y]
  secondary D7.2 loudest sub f/4: d 0.0000 bar 1.5 state ok conjunct ok attribBase -1.0000 skip "state-only kind" -> VERIFIED
  secondary D5.1 anchor Free: d 0.0000 bar 1.5 state ok conjunct ok attribBase -1.0000 skip "state-only kind" -> VERIFIED
===============================================================================
All tests passed (11 assertions in 1 test case)

exit=0 2026-10-04 16:02:02
--- 2026-10-04 16:02:02 Resonant Shaft VORAGO_PILOT_SECONDARY=1
Filters: "Vorago_PresetPilot_PrimaryProbe"
Randomness seeded to: 3911077705
[probe] lever: none
[probe] Resonant Shaft - primary S2 resonance drift (stored seed 3, 1 twin render(s))
  take: peak 0.9661  arm1 hi -8.86 dB [yes]  arm2 lo -25.13 dB [yes]  arm3 late-sus +7.44 dB [yes]  arm4 tail -216.96 dB [yes]
  arm1@44.1k: finite y peak 0.4965 hi -16.20 dB [PASS]
  primary d 2.6851  bar 4.0000  attribBase -1.0000  state ok  -> FAIL  lever: none
  levels: arms [y y y y] arm1@44.1k [y]
  secondary D5.2 anchor Keyed: d 0.0000 bar 1.5 state ok conjunct ok attribBase -1.0000 skip "state-only kind" -> VERIFIED
===============================================================================
All tests passed (9 assertions in 1 test case)

exit=0 2026-10-04 16:12:28
--- 2026-10-04 16:12:28 Feedback Mire VORAGO_PILOT_SECONDARY=1
Filters: "Vorago_PresetPilot_PrimaryProbe"
Randomness seeded to: 2777283659
[probe] lever: none
[probe] Feedback Mire - primary S4 feedback ecology (stored seed 6, 1 twin render(s))
  take: peak 0.5543  arm1 hi -20.09 dB [yes]  arm2 lo -40.55 dB [yes]  arm3 late-sus +5.89 dB [yes]  arm4 tail -130.90 dB [yes]
  arm1@44.1k: finite y peak 0.5956 hi -20.30 dB [PASS]
  primary d 4.7751  bar 4.0000  attribBase -1.0000  state ok  -> PASS  lever: none
  levels: arms [y y y y] arm1@44.1k [y]
  secondary D6.1 loop filter Lowpass: d 0.0000 bar 1.5 state ok conjunct ok attribBase -1.0000 skip "state-only kind" -> VERIFIED
  secondary D6.2 loop filter Bandpass: d 0.0000 bar 1.5 state ok conjunct ok attribBase -1.0000 skip "state-only kind" -> VERIFIED
  secondary D6.3 loop filter Highpass: d 0.0000 bar 1.5 state ok conjunct ok attribBase -1.0000 skip "state-only kind" -> VERIFIED
===============================================================================
All tests passed (9 assertions in 1 test case)

exit=0 2026-10-04 16:22:49
--- 2026-10-04 16:22:49 Monolith VORAGO_PILOT_SECONDARY=1
Filters: "Vorago_PresetPilot_PrimaryProbe"
Randomness seeded to: 2276591645
[probe] lever: none
[probe] Monolith - primary M12 Mass (stored seed 4, 1 twin render(s))
  take: peak 0.9661  arm1 hi -7.44 dB [yes]  arm2 lo -12.35 dB [yes]  arm3 late-sus +1.80 dB [yes]  arm4 tail -210.55 dB [yes]
  arm1@44.1k: finite y peak 0.9661 hi -7.66 dB [PASS]
  primary d 5.7413  bar 4.0000  attribBase -1.0000  state ok  -> PASS  lever: none
  levels: arms [y y y y] arm1@44.1k [y]
  secondary D7.1 loudest sub f/2: d 0.0000 bar 1.5 state ok conjunct ok attribBase -1.0000 skip "state-only kind" -> VERIFIED
===============================================================================
All tests passed (9 assertions in 1 test case)

exit=0 2026-10-04 16:33:29
--- 2026-10-04 16:33:29 Weighted Deep VORAGO_PILOT_SECONDARY=1
Filters: "Vorago_PresetPilot_PrimaryProbe"
Randomness seeded to: 1509375519
[probe] lever: none
[probe] Weighted Deep - primary M8 Weight (stored seed 7, 1 twin render(s))
  take: peak 0.8485  arm1 hi -11.41 dB [yes]  arm2 lo -14.34 dB [yes]  arm3 late-sus -0.05 dB [yes]  arm4 tail -193.51 dB [yes]
  arm1@44.1k: finite y peak 0.8592 hi -11.06 dB [PASS]
  primary d 4.6677  bar 4.0000  attribBase -1.0000  state ok  -> PASS  lever: none
  levels: arms [y y y y] arm1@44.1k [y]
  secondary D7.2 loudest sub f/4: d 0.0000 bar 1.5 state ok conjunct ok attribBase -1.0000 skip "state-only kind" -> VERIFIED
===============================================================================
All tests passed (9 assertions in 1 test case)

exit=0 2026-10-04 16:44:18
--- 2026-10-04 16:44:18 Tectonic Floor VORAGO_PILOT_SECONDARY=1
Filters: "Vorago_PresetPilot_PrimaryProbe"
Randomness seeded to: 1383206181
[probe] lever: none
[probe] Tectonic Floor - primary S5 subharmonic (stored seed 1, 1 twin render(s))
  take: peak 0.5048  arm1 hi -16.47 dB [yes]  arm2 lo -20.25 dB [yes]  arm3 late-sus +0.89 dB [yes]  arm4 tail -192.95 dB [yes]
  arm1@44.1k: finite y peak 0.5583 hi -16.70 dB [PASS]
  primary d 4.8116  bar 4.0000  attribBase -1.0000  state ok  -> PASS  lever: none
  levels: arms [y y y y] arm1@44.1k [y]
  secondary D7.3 loudest sub fifth below: d 0.0000 bar 1.5 state ok conjunct ok attribBase -1.0000 skip "state-only kind" -> VERIFIED
===============================================================================
All tests passed (9 assertions in 1 test case)

exit=0 2026-10-04 16:54:56
--- 2026-10-04 16:54:56 Cathedral Void VORAGO_PILOT_SECONDARY=1
Filters: "Vorago_PresetPilot_PrimaryProbe"
Randomness seeded to: 1692078540
[probe] lever: none
[probe] Cathedral Void - primary S8 cavern space (stored seed 5, 1 twin render(s))
  take: peak 0.1192  arm1 hi -32.42 dB [yes]  arm2 lo -34.85 dB [yes]  arm3 late-sus -0.18 dB [yes]  arm4 tail -205.06 dB [yes]
  arm1@44.1k: finite y peak 0.1122 hi -31.81 dB [PASS]
  primary d 10.4684  bar 4.0000  attribBase -1.0000  state ok  -> PASS  lever: none
  levels: arms [y y y y] arm1@44.1k [y]
  secondary D10.1 freeze holds a field: d 0.0000 bar 1.5 state ok conjunct FAIL attribBase -1.0000 skip "state-only kind" -> no
===============================================================================
All tests passed (9 assertions in 1 test case)

exit=0 2026-10-04 17:05:21
--- 2026-10-04 17:05:21 Choir of Absence VORAGO_PILOT_SECONDARY=1
Filters: "Vorago_PresetPilot_PrimaryProbe"
Randomness seeded to: 252000833
[probe] lever: none
[probe] Choir of Absence - primary S9 ghost / atmosphere (stored seed 10, 1 twin render(s))
  take: peak 0.9661  arm1 hi -6.56 dB [yes]  arm2 lo -10.86 dB [yes]  arm3 late-sus -0.86 dB [yes]  arm4 tail -153.95 dB [yes]
  arm1@44.1k: finite y peak 0.9661 hi -6.40 dB [PASS]
  primary d 4.3383  bar 4.0000  attribBase -1.0000  state ok  -> PASS  lever: none
  levels: arms [y y y y] arm1@44.1k [y]
  secondary D11 ghost reverse >= 0.5: d 0.0000 bar 1.5 state ok conjunct ok attribBase -1.0000 skip "state-only kind" -> VERIFIED
  secondary D12.1 ghost event triggers on: d 0.0000 bar 1.5 state ok conjunct ok attribBase -1.0000 skip "state-only kind" -> VERIFIED
===============================================================================
All tests passed (9 assertions in 1 test case)

exit=0 2026-10-04 17:16:10
