START 2026-10-04 11:42:12 Slow Bloom tree=ae149a1c+working-copy as-compiled (no override) env: VORAGO_PILOT_TAKES=4 VORAGO_PILOT_MASTER_TRIM=-6 | final tree: attack n 4; child gain 1.5; ghost 21 dB / span 1.2 / default peak 0; ecology 30 (ceiling 36); breath 3.0; tide 0.8; M9 rung 2; M12 rung 1; Feedback Mire breathing 0; six presets pin ghost 0.60 | exe=2026-10-04 09:54:11
Filters: "Vorago_PresetPilot_PrimaryProbe"
Randomness seeded to: 2025494759
[probe] master trim -6 dB: kMasterGainId norm 0.5000 -> 0.2506
[probe] lever: none
[probe] Slow Bloom - primary S6 harmonic bloom (stored seed 7, 1 twin render(s))
  take: peak 0.1753  arm1 hi -26.51 dB [yes]  arm2 lo -33.42 dB [yes]  arm3 late-sus +0.36 dB [yes]  arm4 tail -191.54 dB [yes]
  arm1@44.1k: finite y peak 0.2182 hi -27.23 dB [PASS]
  primary d 4.3552  bar 4.0000  attribBase -1.0000  state ok  -> PASS  lever: none
  levels: arms [y y y y] arm1@44.1k [y]
  take j=0 seed 7: peak 0.1753  arm1 hi -26.51 dB [yes]  arm2 lo -33.42 dB [yes]  arm3 late-sus +0.36 dB [yes]  arm4 tail -191.54 dB [yes]
  take j=1 seed 8: peak 0.2194  arm1 hi -27.06 dB [yes]  arm2 lo -31.25 dB [yes]  arm3 late-sus -0.75 dB [yes]  arm4 tail -190.14 dB [yes]
  take j=2 seed 9: peak 0.2500  arm1 hi -26.08 dB [yes]  arm2 lo -32.52 dB [yes]  arm3 late-sus +1.86 dB [yes]  arm4 tail -185.46 dB [yes]
  take j=3 seed 10: peak 0.1930  arm1 hi -26.45 dB [yes]  arm2 lo -30.71 dB [yes]  arm3 late-sus +0.63 dB [yes]  arm4 tail -189.52 dB [yes]
  take j=0 d 4.3552
  take j=1 d 1.4006
  take j=2 d 0.7359
  take j=3 d 2.1844
===============================================================================
All tests passed (19 assertions in 1 test case)

exit=0 END 2026-10-04 11:45:50
