START 2026-10-04 12:10:30 Teeming tree=ae149a1c+working-copy as-compiled (no override) env: VORAGO_PILOT_TAKES=4 VORAGO_PILOT_MASTER_TRIM=-6 | final tree: attack n 4; child gain 1.5; ghost 21 dB / span 1.2 / default peak 0; ecology 30 (ceiling 36); breath 3.0; tide 0.8; M9 rung 2; M12 rung 1; Feedback Mire breathing 0; six presets pin ghost 0.60 | exe=2026-10-04 09:54:11
Filters: "Vorago_PresetPilot_PrimaryProbe"
Randomness seeded to: 2071874766
[probe] master trim -6 dB: kMasterGainId norm 0.5000 -> 0.2506
[probe] lever: none
[probe] Teeming - primary M10 Life (stored seed 11, 1 twin render(s))
  take: peak 0.1407  arm1 hi -29.08 dB [yes]  arm2 lo -37.95 dB [yes]  arm3 late-sus +2.24 dB [yes]  arm4 tail -138.79 dB [yes]
  arm1@44.1k: finite y peak 0.1510 hi -29.42 dB [PASS]
  primary d 0.9943  bar 4.0000  attribBase -1.0000  state ok  -> FAIL  lever: none
  levels: arms [y y y y] arm1@44.1k [y]
  take j=0 seed 11: peak 0.1407  arm1 hi -29.08 dB [yes]  arm2 lo -37.95 dB [yes]  arm3 late-sus +2.24 dB [yes]  arm4 tail -138.79 dB [yes]
  take j=1 seed 12: peak 0.1762  arm1 hi -27.66 dB [yes]  arm2 lo -36.46 dB [yes]  arm3 late-sus +1.06 dB [yes]  arm4 tail -136.80 dB [yes]
  take j=2 seed 13: peak 0.1812  arm1 hi -27.81 dB [yes]  arm2 lo -34.68 dB [yes]  arm3 late-sus -0.25 dB [yes]  arm4 tail -124.45 dB [yes]
  take j=3 seed 14: peak 0.1552  arm1 hi -28.42 dB [yes]  arm2 lo -33.87 dB [yes]  arm3 late-sus +1.21 dB [yes]  arm4 tail -163.36 dB [yes]
  take j=0 d 0.9943
  take j=1 d 0.9553
  take j=2 d 3.1463
  take j=3 d 0.3246
===============================================================================
All tests passed (19 assertions in 1 test case)

exit=0 END 2026-10-04 12:14:39
