START 2026-10-01 10:34:53 table-default-base t0=4.0669 tree=ae149a1c as-compiled env: VORAGO_PROBE_T0=4.0669 (gate1_base_default.log:26 median_t0off)
Filters: "Vorago_EcosystemRuleProbe"
Randomness seeded to: 3874972157
[probe] surface overrides: none; knob filter: all; reference: none + true-off; wake bases: shipped (vorago_voice.h kPeakWakeBase / kLoopWakeBase)
[probe] rendering default surface (340 s)...
[probe] rendering seed twin (340 s)...
[probe] rendering true-off reference (340 s)...
[probe] rendering true-off seed twin (340 s)...
[probe] rendering 900=0 cross-check reference (340 s)...
t0 pinned by VORAGO_PROBE_T0 = 4.0669 (six-seed median off-reseed); this run's own off pair = 3.5387
[probe] rendering predation = 0 (340 s)...
[probe] rendering predation = 1 (340 s)...
[probe] rendering syncRate = 0.5 (340 s)...
[probe] rendering exchangeRate = 0 (340 s)...
[probe] rendering exchangeRate = 3 (340 s)...
[probe] rendering crowding = 0 (340 s)...
[probe] rendering crowding = 0.2 (340 s)...
[probe] rendering forageRate = 0 (340 s)...
[probe] rendering forageRate = 0.05 (340 s)...
[probe] rendering feedRate = 1 (340 s)...
[probe] rendering grazeRate = 0 (340 s)...
[probe] rendering grazeRate = 3 (340 s)...
[probe] rendering leakRate = 0 (340 s)...
[probe] rendering leakRate = 1 (340 s)...
[probe] rendering moveRate = 0 (340 s)...
[probe] rendering moveRate = 0.5 (340 s)...
[probe] rendering maxSpeed = 0.001 (340 s)...
[probe] rendering maxSpeed = 0.05 (340 s)...
[probe] rendering kernelSigma = 0.01 (340 s)...
[probe] rendering kernelSigma = 0.35 (340 s)...
[probe] rendering freqDrift = 0 (340 s)...
[probe] rendering freqDrift = 0.0002 (340 s)...
[probe] rendering selfAffinity = -2 (340 s)...
[probe] rendering selfAffinity = 2 (340 s)...
[probe] rendering crossAffinity = -2 (340 s)...
[probe] rendering crossAffinity = 2 (340 s)...

=== Vorago_EcosystemRuleProbe (FR-070) ===
renders: 28 (default + seed twin + 26 extremes), 340 s each, 48 kHz, block 512
surface overrides: none; wake bases: shipped (vorago_voice.h kPeakWakeBase / kLoopWakeBase)
default M1 stereo RMS: -26.89 dBFS
default per-minute: M1 RMS -26.89 dBFS colony 0.483648 | M2 RMS -26.26 dBFS colony 0.481807 | M3 RMS -25.36 dBFS colony 0.482763
t0on = d(default, seed twin) = 5.9161   (ecosystem on; informational since 2026-09-28)
t0 = d(true-off, true-off seed twin) = 4.0669   INAUDIBLE threshold f*t0 = 2.0335   (f = 0.50; the yardstick: non-ecosystem randomness, rulings 2026-09-28)
DESCRIPTOR default band=6.871092,-0.036894,-5.483475,-9.154448,-13.469402,-16.825508,-18.171839,-18.863328,-19.365769 motion=0.243057 flux=-1.934377 corr=-3.429317 energySpread=0.887262 crest=3.685155
DESCRIPTOR trueoff band=7.594785,-0.029430,-5.844544,-8.977010,-12.427644,-13.787708,-14.845706,-15.814753,-16.533038 motion=0.192624 flux=-2.281847 corr=-3.524487 energySpread=0.247673 crest=2.992639
true-off reference (FR-007, offValid): d(default, true-off) = 6.3562   d/t0 = 1.563   M1 RMS -25.67 dBFS
GATE1 surface=default t0=4.0669 t0on=5.9161 d(on,off)=6.3562 d/t0=1.563 verdict=PASS
cross-check (FR-007): d(true-off, 900=0) = 0.0002   d/t0 = 0.000

knob           range              default    extreme      d         d/t0      dOff/t0   flags / E cells (P-4)
grazeRate      [0, 3]             0.75       0            6.3555    1.563     0.000     OFF-LIKE .lo,.hi
                 M1 rms -25.67 dBFS  dRMS +1.22 dB  colony 0.000004  colony/base 0.000
                 M2 rms -25.78 dBFS  dRMS +0.49 dB  colony 0.000000  colony/base 0.000
                 M3 rms -25.48 dBFS  dRMS -0.11 dB  colony 0.000000  colony/base 0.000
                                             3            0.1225    0.030     1.565     INAUDIBLE 
                 M1 rms -26.85 dBFS  dRMS +0.04 dB  colony 0.495508  colony/base 1.025
                 M2 rms -26.37 dBFS  dRMS -0.10 dB  colony 0.494287  colony/base 1.026
                 M3 rms -25.25 dBFS  dRMS +0.11 dB  colony 0.494776  colony/base 1.025
               best counted d 0.0000 (d/t0 0.000) [none counted]   max d 6.3555 (d/t0 1.563)
leakRate       [0, 1]             0.06       0            1.0011    0.246     1.379     INAUDIBLE .lo,.hi
                 M1 rms -26.26 dBFS  dRMS +0.63 dB  colony 0.481558  colony/base 0.996
                 M2 rms -25.85 dBFS  dRMS +0.41 dB  colony 0.464615  colony/base 0.964
                 M3 rms -26.12 dBFS  dRMS -0.75 dB  colony 0.455870  colony/base 0.944
                                             1            5.7858    1.423     0.144     OFF-LIKE 
                 M1 rms -25.75 dBFS  dRMS +1.13 dB  colony 0.077918  colony/base 0.161
                 M2 rms -25.88 dBFS  dRMS +0.38 dB  colony 0.077459  colony/base 0.161
                 M3 rms -25.50 dBFS  dRMS -0.13 dB  colony 0.077976  colony/base 0.162
               best counted d 0.0000 (d/t0 0.000) [none counted]   max d 5.7858 (d/t0 1.423)
exchangeRate   [0, 3]             0.35       0            0.4754    0.117     1.451     INAUDIBLE .lo,.hi
                 M1 rms -26.81 dBFS  dRMS +0.08 dB  colony 0.483680  colony/base 1.000
                 M2 rms -26.17 dBFS  dRMS +0.10 dB  colony 0.481860  colony/base 1.000
                 M3 rms -25.35 dBFS  dRMS +0.01 dB  colony 0.482674  colony/base 1.000
                                             3            1.6660    0.410     1.960     INAUDIBLE 
                 M1 rms -27.35 dBFS  dRMS -0.46 dB  colony 0.478820  colony/base 0.990
                 M2 rms -25.93 dBFS  dRMS +0.33 dB  colony 0.471728  colony/base 0.979
                 M3 rms -25.32 dBFS  dRMS +0.05 dB  colony 0.477065  colony/base 0.988
               best counted d 0.0000 (d/t0 0.000) [none counted]   max d 1.6660 (d/t0 0.410)
predation      [0, 1]             0.55       0            0.7639    0.188     1.732     INAUDIBLE .lo,.hi
                 M1 rms -26.83 dBFS  dRMS +0.05 dB  colony 0.483628  colony/base 1.000
                 M2 rms -25.87 dBFS  dRMS +0.39 dB  colony 0.481813  colony/base 1.000
                 M3 rms -25.37 dBFS  dRMS -0.00 dB  colony 0.482589  colony/base 1.000
                                             1            1.6562    0.407     1.960     INAUDIBLE 
                 M1 rms -27.55 dBFS  dRMS -0.66 dB  colony 0.481935  colony/base 0.996
                 M2 rms -25.88 dBFS  dRMS +0.39 dB  colony 0.477264  colony/base 0.991
                 M3 rms -25.39 dBFS  dRMS -0.03 dB  colony 0.479259  colony/base 0.993
               best counted d 0.0000 (d/t0 0.000) [none counted]   max d 1.6562 (d/t0 0.407)
kernelSigma    [0.01, 0.35]       0.03       0.01         1.0706    0.263     1.304     INAUDIBLE .lo,.hi
                 M1 rms -26.46 dBFS  dRMS +0.43 dB  colony 0.447559  colony/base 0.925
                 M2 rms -26.04 dBFS  dRMS +0.23 dB  colony 0.443083  colony/base 0.920
                 M3 rms -25.66 dBFS  dRMS -0.29 dB  colony 0.443810  colony/base 0.919
                                             0.35         1.1882    0.292     1.483     INAUDIBLE 
                 M1 rms -25.12 dBFS  dRMS +1.76 dB  colony 0.257574  colony/base 0.533
                 M2 rms -25.00 dBFS  dRMS +1.26 dB  colony 0.251649  colony/base 0.522
                 M3 rms -25.28 dBFS  dRMS +0.09 dB  colony 0.256891  colony/base 0.532
               best counted d 0.0000 (d/t0 0.000) [none counted]   max d 1.1882 (d/t0 0.292)
syncRate       [0, 0.5]           0          0.5          1.0589    0.260     1.312     INAUDIBLE .hi
                 M1 rms -26.40 dBFS  dRMS +0.49 dB  colony 0.478464  colony/base 0.989
                 M2 rms -25.65 dBFS  dRMS +0.61 dB  colony 0.483353  colony/base 1.003
                 M3 rms -25.65 dBFS  dRMS -0.28 dB  colony 0.482871  colony/base 1.000
               best counted d 0.0000 (d/t0 0.000) [none counted]   max d 1.0589 (d/t0 0.260)
selfAffinity   [-2, 2]            -1         -2           0.0155    0.004     1.564     INAUDIBLE .lo,.hi
                 M1 rms -26.89 dBFS  dRMS -0.00 dB  colony 0.483648  colony/base 1.000
                 M2 rms -26.28 dBFS  dRMS -0.01 dB  colony 0.481804  colony/base 1.000
                 M3 rms -25.36 dBFS  dRMS +0.00 dB  colony 0.482762  colony/base 1.000
                                             2            0.9417    0.232     1.340     INAUDIBLE 
                 M1 rms -27.01 dBFS  dRMS -0.13 dB  colony 0.483607  colony/base 1.000
                 M2 rms -26.49 dBFS  dRMS -0.22 dB  colony 0.479787  colony/base 0.996
                 M3 rms -25.28 dBFS  dRMS +0.08 dB  colony 0.481917  colony/base 0.998
               best counted d 0.0000 (d/t0 0.000) [none counted]   max d 0.9417 (d/t0 0.232)
freqDrift      [0, 0.0002]        4e-05      0            0.2029    0.050     1.522     INAUDIBLE .lo,.hi
                 M1 rms -26.89 dBFS  dRMS -0.00 dB  colony 0.483215  colony/base 0.999
                 M2 rms -26.27 dBFS  dRMS -0.01 dB  colony 0.482106  colony/base 1.001
                 M3 rms -25.33 dBFS  dRMS +0.03 dB  colony 0.483391  colony/base 1.001
                                             0.0002       0.7912    0.195     1.714     INAUDIBLE 
                 M1 rms -26.44 dBFS  dRMS +0.44 dB  colony 0.484365  colony/base 1.001
                 M2 rms -26.32 dBFS  dRMS -0.06 dB  colony 0.479770  colony/base 0.996
                 M3 rms -25.49 dBFS  dRMS -0.13 dB  colony 0.482296  colony/base 0.999
               best counted d 0.0000 (d/t0 0.000) [none counted]   max d 0.7912 (d/t0 0.195)
moveRate       [0, 0.5]           0.2        0            0.1857    0.046     1.521     INAUDIBLE .lo,.hi
                 M1 rms -26.89 dBFS  dRMS -0.00 dB  colony 0.483756  colony/base 1.000
                 M2 rms -26.19 dBFS  dRMS +0.07 dB  colony 0.481989  colony/base 1.000
                 M3 rms -25.34 dBFS  dRMS +0.03 dB  colony 0.482784  colony/base 1.000
                                             0.5          0.7803    0.192     1.405     INAUDIBLE 
                 M1 rms -26.22 dBFS  dRMS +0.66 dB  colony 0.480482  colony/base 0.993
                 M2 rms -26.01 dBFS  dRMS +0.25 dB  colony 0.480353  colony/base 0.997
                 M3 rms -25.42 dBFS  dRMS -0.05 dB  colony 0.482240  colony/base 0.999
               best counted d 0.0000 (d/t0 0.000) [none counted]   max d 0.7803 (d/t0 0.192)
forageRate     [0, 0.05]          0.01       0            0.4469    0.110     1.664     INAUDIBLE .lo,.hi
                 M1 rms -27.00 dBFS  dRMS -0.11 dB  colony 0.477793  colony/base 0.988
                 M2 rms -26.48 dBFS  dRMS -0.22 dB  colony 0.474865  colony/base 0.986
                 M3 rms -25.33 dBFS  dRMS +0.03 dB  colony 0.479307  colony/base 0.993
                                             0.05         0.3221    0.079     1.493     INAUDIBLE 
                 M1 rms -26.57 dBFS  dRMS +0.32 dB  colony 0.483601  colony/base 1.000
                 M2 rms -26.18 dBFS  dRMS +0.08 dB  colony 0.482452  colony/base 1.001
                 M3 rms -25.35 dBFS  dRMS +0.02 dB  colony 0.483212  colony/base 1.001
               best counted d 0.0000 (d/t0 0.000) [none counted]   max d 0.4469 (d/t0 0.110)
crossAffinity  [-2, 2]            0.45       -2           0.3367    0.083     1.483     INAUDIBLE .lo,.hi
                 M1 rms -26.81 dBFS  dRMS +0.07 dB  colony 0.483851  colony/base 1.000
                 M2 rms -26.20 dBFS  dRMS +0.07 dB  colony 0.482050  colony/base 1.001
                 M3 rms -25.37 dBFS  dRMS -0.00 dB  colony 0.482839  colony/base 1.000
                                             2            0.3594    0.088     1.628     INAUDIBLE 
                 M1 rms -26.87 dBFS  dRMS +0.01 dB  colony 0.483315  colony/base 0.999
                 M2 rms -26.23 dBFS  dRMS +0.04 dB  colony 0.481531  colony/base 0.999
                 M3 rms -25.38 dBFS  dRMS -0.01 dB  colony 0.482449  colony/base 0.999
               best counted d 0.0000 (d/t0 0.000) [none counted]   max d 0.3594 (d/t0 0.088)
maxSpeed       [0.001, 0.05]      0.03       0.001        0.1778    0.044     1.523     INAUDIBLE .lo,.hi
                 M1 rms -26.77 dBFS  dRMS +0.12 dB  colony 0.483064  colony/base 0.999
                 M2 rms -26.25 dBFS  dRMS +0.01 dB  colony 0.481045  colony/base 0.998
                 M3 rms -25.37 dBFS  dRMS -0.01 dB  colony 0.482379  colony/base 0.999
                                             0.05         0.0016    0.000     1.563     INAUDIBLE 
                 M1 rms -26.89 dBFS  dRMS -0.00 dB  colony 0.483648  colony/base 1.000
                 M2 rms -26.26 dBFS  dRMS -0.00 dB  colony 0.481807  colony/base 1.000
                 M3 rms -25.36 dBFS  dRMS +0.00 dB  colony 0.482763  colony/base 1.000
               best counted d 0.0000 (d/t0 0.000) [none counted]   max d 0.1778 (d/t0 0.044)
crowding       [0, 0.2]           0.05       0            0.1178    0.029     1.559     INAUDIBLE .lo,.hi
                 M1 rms -26.54 dBFS  dRMS +0.35 dB  colony 0.482656  colony/base 0.998
                 M2 rms -26.15 dBFS  dRMS +0.12 dB  colony 0.481773  colony/base 1.000
                 M3 rms -25.38 dBFS  dRMS -0.02 dB  colony 0.482547  colony/base 1.000
                                             0.2          0.0517    0.013     1.551     INAUDIBLE 
                 M1 rms -26.82 dBFS  dRMS +0.07 dB  colony 0.483631  colony/base 1.000
                 M2 rms -26.27 dBFS  dRMS -0.01 dB  colony 0.481823  colony/base 1.000
                 M3 rms -25.36 dBFS  dRMS +0.00 dB  colony 0.482764  colony/base 1.000
               best counted d 0.0000 (d/t0 0.000) [none counted]   max d 0.1178 (d/t0 0.029)
feedRate       [0, 1]             0          1            0.0052    0.001     1.564     INAUDIBLE .hi
                 M1 rms -26.88 dBFS  dRMS +0.00 dB  colony 0.483637  colony/base 1.000
                 M2 rms -26.26 dBFS  dRMS +0.00 dB  colony 0.481808  colony/base 1.000
                 M3 rms -25.36 dBFS  dRMS +0.00 dB  colony 0.482763  colony/base 1.000
               best counted d 0.0000 (d/t0 0.000) [none counted]   max d 0.0052 (d/t0 0.001)

audible non-kill knobs: 0 of 14
GATE2 verdict=FAIL (N >= 4)
table for Phase 14 Q2 — no roster named here
===============================================================================
All tests passed (988468 assertions in 1 test case)

END 2026-10-01 11:05:27 exit=0 wall=1835s
