START 2026-10-01 11:05:27 table-lifemax-base t0=4.1311 tree=ae149a1c as-compiled env: VORAGO_PROBE_SURFACE=109=1 VORAGO_PROBE_T0=4.1311 (gate1_base_lifemax.log:26 median_t0off)
Filters: "Vorago_EcosystemRuleProbe"
Randomness seeded to: 3024686328
[probe] surface overrides: 109=1; knob filter: all; reference: none + true-off; wake bases: shipped (vorago_voice.h kPeakWakeBase / kLoopWakeBase)
[probe] rendering default surface (340 s)...
[probe] rendering seed twin (340 s)...
[probe] rendering true-off reference (340 s)...
[probe] rendering true-off seed twin (340 s)...
t0 pinned by VORAGO_PROBE_T0 = 4.1311 (six-seed median off-reseed); this run's own off pair = 3.5200
[probe] rendering predation = 0 (340 s)...
[probe] rendering predation = 1 (340 s)...
[probe] rendering syncRate = 0.5 (340 s)...
[probe] rendering exchangeRate = 0 (340 s)...
[probe] rendering exchangeRate = 3 (340 s)...
[probe] rendering crowding = 0 (340 s)...
[probe] rendering crowding = 0.2 (340 s)...
[probe] rendering forageRate = 0 (340 s)...
[probe] rendering forageRate = 0.05 (340 s)...
[probe] rendering feedRate = 1 (340 s)...
[probe] rendering grazeRate = 0 (340 s)...
[probe] rendering grazeRate = 3 (340 s)...
[probe] rendering leakRate = 0 (340 s)...
[probe] rendering leakRate = 1 (340 s)...
[probe] rendering moveRate = 0 (340 s)...
[probe] rendering moveRate = 0.5 (340 s)...
[probe] rendering maxSpeed = 0.001 (340 s)...
[probe] rendering maxSpeed = 0.05 (340 s)...
[probe] rendering kernelSigma = 0.01 (340 s)...
[probe] rendering kernelSigma = 0.35 (340 s)...
[probe] rendering freqDrift = 0 (340 s)...
[probe] rendering freqDrift = 0.0002 (340 s)...
[probe] rendering selfAffinity = -2 (340 s)...
[probe] rendering selfAffinity = 2 (340 s)...
[probe] rendering crossAffinity = -2 (340 s)...
[probe] rendering crossAffinity = 2 (340 s)...

=== Vorago_EcosystemRuleProbe (FR-070) ===
renders: 28 (default + seed twin + 26 extremes), 340 s each, 48 kHz, block 512
surface overrides: 109=1; wake bases: shipped (vorago_voice.h kPeakWakeBase / kLoopWakeBase)
default M1 stereo RMS: -26.67 dBFS
default per-minute: M1 RMS -26.67 dBFS colony 0.483648 | M2 RMS -26.13 dBFS colony 0.481807 | M3 RMS -25.15 dBFS colony 0.482763
t0on = d(default, seed twin) = 6.2072   (ecosystem on; informational since 2026-09-28)
t0 = d(true-off, true-off seed twin) = 4.1311   INAUDIBLE threshold f*t0 = 2.0655   (f = 0.50; the yardstick: non-ecosystem randomness, rulings 2026-09-28)
DESCRIPTOR default band=6.761235,-0.042604,-5.402477,-8.166227,-13.022738,-16.344330,-18.099255,-19.071427,-19.580492 motion=0.217181 flux=-1.851875 corr=-3.395371 energySpread=0.879350 crest=3.687304
DESCRIPTOR trueoff band=7.570405,-0.029379,-5.847440,-8.985349,-12.350800,-13.736707,-14.791671,-15.757618,-16.474594 motion=0.198659 flux=-2.270951 corr=-3.521774 energySpread=0.262293 crest=2.996179
true-off reference (FR-007, offValid): d(default, true-off) = 6.4338   d/t0 = 1.557   M1 RMS -25.68 dBFS
GATE1 surface=109=1 t0=4.1311 t0on=6.2072 d(on,off)=6.4338 d/t0=1.557 verdict=PASS

knob           range              default    extreme      d         d/t0      dOff/t0   flags / E cells (P-4)
grazeRate      [0, 3]             0.75       0            6.4341    1.557     0.000     OFF-LIKE .lo,.hi
                 M1 rms -25.68 dBFS  dRMS +0.99 dB  colony 0.000004  colony/base 0.000
                 M2 rms -25.70 dBFS  dRMS +0.44 dB  colony 0.000000  colony/base 0.000
                 M3 rms -25.45 dBFS  dRMS -0.30 dB  colony 0.000000  colony/base 0.000
                                             3            0.4453    0.108     1.655     INAUDIBLE 
                 M1 rms -26.58 dBFS  dRMS +0.09 dB  colony 0.495508  colony/base 1.025
                 M2 rms -26.20 dBFS  dRMS -0.07 dB  colony 0.494287  colony/base 1.026
                 M3 rms -25.01 dBFS  dRMS +0.14 dB  colony 0.494776  colony/base 1.025
               best counted d 0.0000 (d/t0 0.000) [none counted]   max d 6.4341 (d/t0 1.557)
leakRate       [0, 1]             0.06       0            1.1201    0.271     1.521     INAUDIBLE .lo,.hi
                 M1 rms -26.14 dBFS  dRMS +0.53 dB  colony 0.481558  colony/base 0.996
                 M2 rms -25.74 dBFS  dRMS +0.40 dB  colony 0.464615  colony/base 0.964
                 M3 rms -25.92 dBFS  dRMS -0.78 dB  colony 0.455870  colony/base 0.944
                                             1            5.8530    1.417     0.151     OFF-LIKE 
                 M1 rms -25.84 dBFS  dRMS +0.83 dB  colony 0.077918  colony/base 0.161
                 M2 rms -25.72 dBFS  dRMS +0.41 dB  colony 0.077459  colony/base 0.161
                 M3 rms -25.48 dBFS  dRMS -0.33 dB  colony 0.077976  colony/base 0.162
               best counted d 0.0000 (d/t0 0.000) [none counted]   max d 5.8530 (d/t0 1.417)
predation      [0, 1]             0.55       0            1.1240    0.272     1.787     INAUDIBLE .lo,.hi
                 M1 rms -26.68 dBFS  dRMS -0.01 dB  colony 0.483628  colony/base 1.000
                 M2 rms -25.73 dBFS  dRMS +0.40 dB  colony 0.481813  colony/base 1.000
                 M3 rms -25.22 dBFS  dRMS -0.07 dB  colony 0.482589  colony/base 1.000
                                             1            1.6957    0.410     1.917     INAUDIBLE 
                 M1 rms -27.31 dBFS  dRMS -0.64 dB  colony 0.481935  colony/base 0.996
                 M2 rms -25.72 dBFS  dRMS +0.42 dB  colony 0.477264  colony/base 0.991
                 M3 rms -25.18 dBFS  dRMS -0.04 dB  colony 0.479259  colony/base 0.993
               best counted d 0.0000 (d/t0 0.000) [none counted]   max d 1.6957 (d/t0 0.410)
kernelSigma    [0.01, 0.35]       0.03       0.01         0.7657    0.185     1.393     INAUDIBLE .lo,.hi
                 M1 rms -26.26 dBFS  dRMS +0.41 dB  colony 0.447559  colony/base 0.925
                 M2 rms -25.85 dBFS  dRMS +0.29 dB  colony 0.443083  colony/base 0.920
                 M3 rms -25.44 dBFS  dRMS -0.29 dB  colony 0.443810  colony/base 0.919
                                             0.35         1.6912    0.409     1.524     INAUDIBLE 
                 M1 rms -25.07 dBFS  dRMS +1.60 dB  colony 0.257574  colony/base 0.533
                 M2 rms -24.87 dBFS  dRMS +1.26 dB  colony 0.251649  colony/base 0.522
                 M3 rms -25.23 dBFS  dRMS -0.08 dB  colony 0.256891  colony/base 0.532
               best counted d 0.0000 (d/t0 0.000) [none counted]   max d 1.6912 (d/t0 0.409)
exchangeRate   [0, 3]             0.35       0            0.3902    0.094     1.478     INAUDIBLE .lo,.hi
                 M1 rms -26.57 dBFS  dRMS +0.10 dB  colony 0.483680  colony/base 1.000
                 M2 rms -26.01 dBFS  dRMS +0.13 dB  colony 0.481860  colony/base 1.000
                 M3 rms -25.15 dBFS  dRMS -0.00 dB  colony 0.482674  colony/base 1.000
                                             3            1.5481    0.375     1.875     INAUDIBLE 
                 M1 rms -27.13 dBFS  dRMS -0.46 dB  colony 0.478820  colony/base 0.990
                 M2 rms -25.77 dBFS  dRMS +0.37 dB  colony 0.471728  colony/base 0.979
                 M3 rms -25.09 dBFS  dRMS +0.05 dB  colony 0.477065  colony/base 0.988
               best counted d 0.0000 (d/t0 0.000) [none counted]   max d 1.5481 (d/t0 0.375)
selfAffinity   [-2, 2]            -1         -2           0.0260    0.006     1.554     INAUDIBLE .lo,.hi
                 M1 rms -26.68 dBFS  dRMS -0.01 dB  colony 0.483648  colony/base 1.000
                 M2 rms -26.14 dBFS  dRMS -0.01 dB  colony 0.481804  colony/base 1.000
                 M3 rms -25.14 dBFS  dRMS +0.00 dB  colony 0.482762  colony/base 1.000
                                             2            1.1796    0.286     1.350     INAUDIBLE 
                 M1 rms -26.73 dBFS  dRMS -0.06 dB  colony 0.483607  colony/base 1.000
                 M2 rms -26.38 dBFS  dRMS -0.25 dB  colony 0.479787  colony/base 0.996
                 M3 rms -25.13 dBFS  dRMS +0.02 dB  colony 0.481917  colony/base 0.998
               best counted d 0.0000 (d/t0 0.000) [none counted]   max d 1.1796 (d/t0 0.286)
moveRate       [0, 0.5]           0.2        0            0.2686    0.065     1.560     INAUDIBLE .lo,.hi
                 M1 rms -26.67 dBFS  dRMS -0.00 dB  colony 0.483756  colony/base 1.000
                 M2 rms -26.05 dBFS  dRMS +0.08 dB  colony 0.481989  colony/base 1.000
                 M3 rms -25.12 dBFS  dRMS +0.02 dB  colony 0.482784  colony/base 1.000
                                             0.5          1.1001    0.266     1.341     INAUDIBLE 
                 M1 rms -26.02 dBFS  dRMS +0.65 dB  colony 0.480482  colony/base 0.993
                 M2 rms -25.81 dBFS  dRMS +0.33 dB  colony 0.480353  colony/base 0.997
                 M3 rms -25.17 dBFS  dRMS -0.02 dB  colony 0.482240  colony/base 0.999
               best counted d 0.0000 (d/t0 0.000) [none counted]   max d 1.1001 (d/t0 0.266)
forageRate     [0, 0.05]          0.01       0            0.9563    0.231     1.758     INAUDIBLE .lo,.hi
                 M1 rms -26.73 dBFS  dRMS -0.06 dB  colony 0.477793  colony/base 0.988
                 M2 rms -26.24 dBFS  dRMS -0.10 dB  colony 0.474865  colony/base 0.986
                 M3 rms -25.07 dBFS  dRMS +0.07 dB  colony 0.479307  colony/base 0.993
                                             0.05         0.4190    0.101     1.517     INAUDIBLE 
                 M1 rms -26.36 dBFS  dRMS +0.31 dB  colony 0.483601  colony/base 1.000
                 M2 rms -25.99 dBFS  dRMS +0.14 dB  colony 0.482452  colony/base 1.001
                 M3 rms -25.15 dBFS  dRMS -0.00 dB  colony 0.483212  colony/base 1.001
               best counted d 0.0000 (d/t0 0.000) [none counted]   max d 0.9563 (d/t0 0.231)
freqDrift      [0, 0.0002]        4e-05      0            0.3296    0.080     1.487     INAUDIBLE .lo,.hi
                 M1 rms -26.65 dBFS  dRMS +0.02 dB  colony 0.483215  colony/base 0.999
                 M2 rms -26.11 dBFS  dRMS +0.02 dB  colony 0.482106  colony/base 1.001
                 M3 rms -25.08 dBFS  dRMS +0.07 dB  colony 0.483391  colony/base 1.001
                                             0.0002       0.8103    0.196     1.681     INAUDIBLE 
                 M1 rms -26.31 dBFS  dRMS +0.36 dB  colony 0.484365  colony/base 1.001
                 M2 rms -26.05 dBFS  dRMS +0.08 dB  colony 0.479770  colony/base 0.996
                 M3 rms -25.28 dBFS  dRMS -0.14 dB  colony 0.482296  colony/base 0.999
               best counted d 0.0000 (d/t0 0.000) [none counted]   max d 0.8103 (d/t0 0.196)
crossAffinity  [-2, 2]            0.45       -2           0.3114    0.075     1.531     INAUDIBLE .lo,.hi
                 M1 rms -26.62 dBFS  dRMS +0.05 dB  colony 0.483851  colony/base 1.000
                 M2 rms -26.04 dBFS  dRMS +0.09 dB  colony 0.482050  colony/base 1.001
                 M3 rms -25.16 dBFS  dRMS -0.01 dB  colony 0.482839  colony/base 1.000
                                             2            0.5690    0.138     1.690     INAUDIBLE 
                 M1 rms -26.63 dBFS  dRMS +0.03 dB  colony 0.483315  colony/base 0.999
                 M2 rms -26.08 dBFS  dRMS +0.05 dB  colony 0.481531  colony/base 0.999
                 M3 rms -25.17 dBFS  dRMS -0.02 dB  colony 0.482449  colony/base 0.999
               best counted d 0.0000 (d/t0 0.000) [none counted]   max d 0.5690 (d/t0 0.138)
syncRate       [0, 0.5]           0          0.5          0.5008    0.121     1.473     INAUDIBLE .hi
                 M1 rms -26.24 dBFS  dRMS +0.43 dB  colony 0.478464  colony/base 0.989
                 M2 rms -25.45 dBFS  dRMS +0.68 dB  colony 0.483353  colony/base 1.003
                 M3 rms -25.50 dBFS  dRMS -0.36 dB  colony 0.482871  colony/base 1.000
               best counted d 0.0000 (d/t0 0.000) [none counted]   max d 0.5008 (d/t0 0.121)
crowding       [0, 0.2]           0.05       0            0.2804    0.068     1.592     INAUDIBLE .lo,.hi
                 M1 rms -26.35 dBFS  dRMS +0.32 dB  colony 0.482656  colony/base 0.998
                 M2 rms -25.99 dBFS  dRMS +0.15 dB  colony 0.481773  colony/base 1.000
                 M3 rms -25.18 dBFS  dRMS -0.03 dB  colony 0.482547  colony/base 1.000
                                             0.2          0.0431    0.010     1.554     INAUDIBLE 
                 M1 rms -26.59 dBFS  dRMS +0.08 dB  colony 0.483631  colony/base 1.000
                 M2 rms -26.14 dBFS  dRMS -0.01 dB  colony 0.481823  colony/base 1.000
                 M3 rms -25.15 dBFS  dRMS -0.00 dB  colony 0.482764  colony/base 1.000
               best counted d 0.0000 (d/t0 0.000) [none counted]   max d 0.2804 (d/t0 0.068)
maxSpeed       [0.001, 0.05]      0.03       0.001        0.1813    0.044     1.535     INAUDIBLE .lo,.hi
                 M1 rms -26.50 dBFS  dRMS +0.17 dB  colony 0.483064  colony/base 0.999
                 M2 rms -26.13 dBFS  dRMS +0.01 dB  colony 0.481045  colony/base 0.998
                 M3 rms -25.17 dBFS  dRMS -0.02 dB  colony 0.482379  colony/base 0.999
                                             0.05         0.0005    0.000     1.557     INAUDIBLE 
                 M1 rms -26.67 dBFS  dRMS +0.00 dB  colony 0.483648  colony/base 1.000
                 M2 rms -26.14 dBFS  dRMS -0.00 dB  colony 0.481807  colony/base 1.000
                 M3 rms -25.15 dBFS  dRMS -0.00 dB  colony 0.482763  colony/base 1.000
               best counted d 0.0000 (d/t0 0.000) [none counted]   max d 0.1813 (d/t0 0.044)
feedRate       [0, 1]             0          1            0.0077    0.002     1.559     INAUDIBLE .hi
                 M1 rms -26.68 dBFS  dRMS -0.01 dB  colony 0.483637  colony/base 1.000
                 M2 rms -26.13 dBFS  dRMS +0.00 dB  colony 0.481808  colony/base 1.000
                 M3 rms -25.15 dBFS  dRMS +0.00 dB  colony 0.482763  colony/base 1.000
               best counted d 0.0000 (d/t0 0.000) [none counted]   max d 0.0077 (d/t0 0.002)

audible non-kill knobs: 0 of 14
table for Phase 14 Q2 — no roster named here
===============================================================================
All tests passed (956583 assertions in 1 test case)

END 2026-10-01 11:35:06 exit=0 wall=1779s
