START 2026-10-01 09:39:22 gate1m-default-base tree=ae149a1c as-compiled env: VORAGO_PROBE_SEEDS=6 VORAGO_PROBE_KNOBS=-
Filters: "Vorago_EcosystemRuleProbe"
Randomness seeded to: 1345843203
[probe] surface overrides: none; knob filter: -; reference: none; wake bases: shipped (vorago_voice.h kPeakWakeBase / kLoopWakeBase)
[probe] multi-seed gate: 6 seeds x (on + true-off) on surface default
seed   d(on,off)  on M1 RMS    off M1 RMS  
[probe] seed 0: rendering on (340 s)...
[probe] seed 0: rendering true-off (340 s)...
0      6.3562     -26.89       -25.67      
[probe] seed 1: rendering on (340 s)...
[probe] seed 1: rendering true-off (340 s)...
1      3.4478     -27.32       -25.79      
[probe] seed 2: rendering on (340 s)...
[probe] seed 2: rendering true-off (340 s)...
2      1.7463     -26.98       -25.60      
[probe] seed 3: rendering on (340 s)...
[probe] seed 3: rendering true-off (340 s)...
3      1.0299     -25.82       -25.65      
[probe] seed 4: rendering on (340 s)...
[probe] seed 4: rendering true-off (340 s)...
4      3.2499     -27.64       -25.86      
[probe] seed 5: rendering on (340 s)...
[probe] seed 5: rendering true-off (340 s)...
5      1.2072     -26.65       -25.75      
off-reseed pairs (consecutive seeds): 3.5387 1.2649 4.0669 5.1785 4.2416
GATE1M surface=default seeds=6 median_d(on,off)=2.4981 min_d(on,off)=1.0299 median_t0off=4.0669 ratio=0.614 verdict=PASS (threshold 0.50, ruling 2026-09-28; the threshold is ruled on this data)
===============================================================================
All tests passed (382640 assertions in 1 test case)

END 2026-10-01 09:51:27 exit=0 wall=725s
