START 2026-10-01 09:51:27 gate1m-lifemax-base tree=ae149a1c as-compiled env: VORAGO_PROBE_SEEDS=6 VORAGO_PROBE_KNOBS=- VORAGO_PROBE_SURFACE=109=1
Filters: "Vorago_EcosystemRuleProbe"
Randomness seeded to: 275056912
[probe] surface overrides: 109=1; knob filter: -; reference: none; wake bases: shipped (vorago_voice.h kPeakWakeBase / kLoopWakeBase)
[probe] multi-seed gate: 6 seeds x (on + true-off) on surface 109=1
seed   d(on,off)  on M1 RMS    off M1 RMS  
[probe] seed 0: rendering on (340 s)...
[probe] seed 0: rendering true-off (340 s)...
0      6.4338     -26.67       -25.68      
[probe] seed 1: rendering on (340 s)...
[probe] seed 1: rendering true-off (340 s)...
1      3.9176     -28.05       -25.90      
[probe] seed 2: rendering on (340 s)...
[probe] seed 2: rendering true-off (340 s)...
2      1.6489     -27.40       -25.78      
[probe] seed 3: rendering on (340 s)...
[probe] seed 3: rendering true-off (340 s)...
3      1.3563     -26.28       -25.91      
[probe] seed 4: rendering on (340 s)...
[probe] seed 4: rendering true-off (340 s)...
4      3.1274     -27.76       -26.38      
[probe] seed 5: rendering on (340 s)...
[probe] seed 5: rendering true-off (340 s)...
5      1.2743     -27.02       -25.90      
off-reseed pairs (consecutive seeds): 3.5200 1.4317 4.1311 5.0254 4.2485
GATE1M surface=109=1 seeds=6 median_d(on,off)=2.3881 min_d(on,off)=1.2743 median_t0off=4.1311 ratio=0.578 verdict=PASS (threshold 0.50, ruling 2026-09-28; the threshold is ruled on this data)
===============================================================================
All tests passed (382640 assertions in 1 test case)

END 2026-10-01 10:03:22 exit=0 wall=715s
