START 2026-10-04 18:34:36 table-default tree=ae149a1c+working-copy as-compiled env: VORAGO_PROBE_T0=2.2107 (final_gate1_default.log median_t0off) | final tree: attack n 4; child gain 1.5; ghost 21 dB / span 1.2 / default peak 0; ecology 30 (ceiling 36); breath 3.0; tide 0.8; M9 rung 2; M12 rung 1 | exe=2026-10-04 09:54:11
Filters: "Vorago_EcosystemRuleProbe"
Randomness seeded to: 120360184
[probe] surface overrides: none; knob filter: all; reference: none + true-off; wake bases: shipped (vorago_voice.h kPeakWakeBase / kLoopWakeBase)
[probe] rendering default surface (340 s)...
[probe] rendering seed twin (340 s)...
[probe] rendering true-off reference (340 s)...
[probe] rendering true-off seed twin (340 s)...
[probe] rendering 900=0 cross-check reference (340 s)...
t0 pinned by VORAGO_PROBE_T0 = 2.2107 (six-seed median off-reseed); this run's own off pair = 2.0376
[probe] rendering predation = 0 (340 s)...
[probe] rendering predation = 1 (340 s)...
[probe] rendering syncRate = 0.5 (340 s)...
[probe] rendering exchangeRate = 0 (340 s)...
[probe] rendering exchangeRate = 3 (340 s)...
[probe] rendering crowding = 0 (340 s)...
[probe] rendering crowding = 0.2 (340 s)...
[probe] rendering forageRate = 0 (340 s)...
[probe] rendering forageRate = 0.05 (340 s)...
[probe] rendering feedRate = 1 (340 s)...
[probe] rendering grazeRate = 0 (340 s)...
[probe] rendering grazeRate = 3 (340 s)...
[probe] rendering leakRate = 0 (340 s)...
[probe] rendering leakRate = 1 (340 s)...
[probe] rendering moveRate = 0 (340 s)...
[probe] rendering moveRate = 0.5 (340 s)...
[probe] rendering maxSpeed = 0.001 (340 s)...
[probe] rendering maxSpeed = 0.05 (340 s)...
[probe] rendering kernelSigma = 0.01 (340 s)...
[probe] rendering kernelSigma = 0.35 (340 s)...
[probe] rendering freqDrift = 0 (340 s)...
[probe] rendering freqDrift = 0.0002 (340 s)...
[probe] rendering selfAffinity = -2 (340 s)...
[probe] rendering selfAffinity = 2 (340 s)...
[probe] rendering crossAffinity = -2 (340 s)...
[probe] rendering crossAffinity = 2 (340 s)...

=== Vorago_EcosystemRuleProbe (FR-070) ===
renders: 28 (default + seed twin + 26 extremes), 340 s each, 48 kHz, block 512
surface overrides: none; wake bases: shipped (vorago_voice.h kPeakWakeBase / kLoopWakeBase)
default M1 stereo RMS: -26.97 dBFS
default per-minute: M1 RMS -26.97 dBFS colony 0.483648 | M2 RMS -27.27 dBFS colony 0.481807 | M3 RMS -26.42 dBFS colony 0.482763
t0on = d(default, seed twin) = 1.1895   (ecosystem on; informational since 2026-09-28)
t0 = d(true-off, true-off seed twin) = 2.2107   INAUDIBLE threshold f*t0 = 1.1054   (f = 0.50; the yardstick: non-ecosystem randomness, rulings 2026-09-28)
DESCRIPTOR default band=7.144374,-0.044199,-5.238351,-8.836301,-12.300794,-15.004278,-16.252174,-17.287389,-17.824422 motion=0.199844 flux=-2.244056 corr=-3.523538 energySpread=1.507444 crest=3.847790
DESCRIPTOR trueoff band=7.580545,-0.028827,-5.880664,-9.087948,-12.422859,-13.856408,-14.955643,-15.951774,-16.681770 motion=0.184939 flux=-2.312412 corr=-3.520369 energySpread=0.479314 crest=3.060256
true-off reference (FR-007, offValid): d(default, true-off) = 2.9072   d/t0 = 1.315   M1 RMS -26.32 dBFS
GATE1 surface=default t0=2.2107 t0on=1.1895 d(on,off)=2.9072 d/t0=1.315 verdict=PASS
cross-check (FR-007): d(true-off, 900=0) = 0.0005   d/t0 = 0.000

knob           range              default    extreme      d         d/t0      dOff/t0   flags / E cells (P-4)
leakRate       [0, 1]             0.06       0            3.0413    1.376     0.723     counted .lo,.hi
                 M1 rms -26.33 dBFS  dRMS +0.64 dB  colony 0.481558  colony/base 0.996
                 M2 rms -27.43 dBFS  dRMS -0.16 dB  colony 0.464615  colony/base 0.964
                 M3 rms -27.14 dBFS  dRMS -0.72 dB  colony 0.455870  colony/base 0.944
                                             1            2.3436    1.060     0.288     counted 
                 M1 rms -26.51 dBFS  dRMS +0.46 dB  colony 0.077918  colony/base 0.161
                 M2 rms -26.74 dBFS  dRMS +0.53 dB  colony 0.077459  colony/base 0.161
                 M3 rms -26.05 dBFS  dRMS +0.37 dB  colony 0.077976  colony/base 0.162
               best counted d 3.0413 (d/t0 1.376)   max d 3.0413 (d/t0 1.376)
kernelSigma    [0.01, 0.35]       0.03       0.01         0.8017    0.363     1.000     INAUDIBLE .lo,.hi
                 M1 rms -26.88 dBFS  dRMS +0.09 dB  colony 0.447559  colony/base 0.925
                 M2 rms -27.29 dBFS  dRMS -0.02 dB  colony 0.443083  colony/base 0.920
                 M3 rms -26.43 dBFS  dRMS -0.01 dB  colony 0.443810  colony/base 0.919
                                             0.35         2.3973    1.084     0.425     counted 
                 M1 rms -25.54 dBFS  dRMS +1.43 dB  colony 0.257574  colony/base 0.533
                 M2 rms -26.20 dBFS  dRMS +1.07 dB  colony 0.251649  colony/base 0.522
                 M3 rms -25.80 dBFS  dRMS +0.62 dB  colony 0.256891  colony/base 0.532
               best counted d 2.3973 (d/t0 1.084)   max d 2.3973 (d/t0 1.084)
moveRate       [0, 0.5]           0.2        0            0.2922    0.132     1.345     INAUDIBLE .lo,.hi
                 M1 rms -27.07 dBFS  dRMS -0.10 dB  colony 0.483756  colony/base 1.000
                 M2 rms -27.55 dBFS  dRMS -0.28 dB  colony 0.481989  colony/base 1.000
                 M3 rms -26.31 dBFS  dRMS +0.10 dB  colony 0.482784  colony/base 1.000
                                             0.5          2.3269    1.053     0.672     counted 
                 M1 rms -26.79 dBFS  dRMS +0.18 dB  colony 0.480482  colony/base 0.993
                 M2 rms -27.28 dBFS  dRMS -0.01 dB  colony 0.480353  colony/base 0.997
                 M3 rms -26.55 dBFS  dRMS -0.13 dB  colony 0.482240  colony/base 0.999
               best counted d 2.3269 (d/t0 1.053)   max d 2.3269 (d/t0 1.053)
syncRate       [0, 0.5]           0          0.5          1.9376    0.876     0.675     counted .hi
                 M1 rms -26.85 dBFS  dRMS +0.12 dB  colony 0.478464  colony/base 0.989
                 M2 rms -27.35 dBFS  dRMS -0.08 dB  colony 0.483353  colony/base 1.003
                 M3 rms -26.38 dBFS  dRMS +0.03 dB  colony 0.482871  colony/base 1.000
               best counted d 1.9376 (d/t0 0.876)   max d 1.9376 (d/t0 0.876)
freqDrift      [0, 0.0002]        4e-05      0            0.2458    0.111     1.213     INAUDIBLE .lo,.hi
                 M1 rms -27.00 dBFS  dRMS -0.03 dB  colony 0.483215  colony/base 0.999
                 M2 rms -27.23 dBFS  dRMS +0.04 dB  colony 0.482106  colony/base 1.001
                 M3 rms -26.36 dBFS  dRMS +0.06 dB  colony 0.483391  colony/base 1.001
                                             0.0002       1.2265    0.555     0.846     counted 
                 M1 rms -27.02 dBFS  dRMS -0.05 dB  colony 0.484365  colony/base 1.001
                 M2 rms -27.52 dBFS  dRMS -0.25 dB  colony 0.479770  colony/base 0.996
                 M3 rms -26.56 dBFS  dRMS -0.14 dB  colony 0.482296  colony/base 0.999
               best counted d 1.2265 (d/t0 0.555)   max d 1.2265 (d/t0 0.555)
grazeRate      [0, 3]             0.75       0            2.9066    1.315     0.000     OFF-LIKE .lo,.hi
                 M1 rms -26.32 dBFS  dRMS +0.65 dB  colony 0.000004  colony/base 0.000
                 M2 rms -26.54 dBFS  dRMS +0.73 dB  colony 0.000000  colony/base 0.000
                 M3 rms -26.01 dBFS  dRMS +0.41 dB  colony 0.000000  colony/base 0.000
                                             3            0.3466    0.157     1.227     INAUDIBLE 
                 M1 rms -27.14 dBFS  dRMS -0.17 dB  colony 0.495508  colony/base 1.025
                 M2 rms -27.41 dBFS  dRMS -0.14 dB  colony 0.494287  colony/base 1.026
                 M3 rms -26.36 dBFS  dRMS +0.06 dB  colony 0.494776  colony/base 1.025
               best counted d 0.0000 (d/t0 0.000) [none counted]   max d 2.9066 (d/t0 1.315)
forageRate     [0, 0.05]          0.01       0            0.8860    0.401     1.183     INAUDIBLE .lo,.hi
                 M1 rms -27.14 dBFS  dRMS -0.17 dB  colony 0.477793  colony/base 0.988
                 M2 rms -27.54 dBFS  dRMS -0.27 dB  colony 0.474865  colony/base 0.986
                 M3 rms -26.35 dBFS  dRMS +0.07 dB  colony 0.479307  colony/base 0.993
                                             0.05         0.2945    0.133     1.208     INAUDIBLE 
                 M1 rms -27.02 dBFS  dRMS -0.05 dB  colony 0.483601  colony/base 1.000
                 M2 rms -27.44 dBFS  dRMS -0.17 dB  colony 0.482452  colony/base 1.001
                 M3 rms -26.35 dBFS  dRMS +0.06 dB  colony 0.483212  colony/base 1.001
               best counted d 0.0000 (d/t0 0.000) [none counted]   max d 0.8860 (d/t0 0.401)
exchangeRate   [0, 3]             0.35       0            0.1960    0.089     1.264     INAUDIBLE .lo,.hi
                 M1 rms -27.03 dBFS  dRMS -0.06 dB  colony 0.483680  colony/base 1.000
                 M2 rms -27.45 dBFS  dRMS -0.18 dB  colony 0.481860  colony/base 1.000
                 M3 rms -26.28 dBFS  dRMS +0.14 dB  colony 0.482674  colony/base 1.000
                                             3            0.7948    0.360     1.537     INAUDIBLE 
                 M1 rms -27.51 dBFS  dRMS -0.54 dB  colony 0.478820  colony/base 0.990
                 M2 rms -26.96 dBFS  dRMS +0.31 dB  colony 0.471728  colony/base 0.979
                 M3 rms -26.59 dBFS  dRMS -0.17 dB  colony 0.477065  colony/base 0.988
               best counted d 0.0000 (d/t0 0.000) [none counted]   max d 0.7948 (d/t0 0.360)
predation      [0, 1]             0.55       0            0.3013    0.136     1.299     INAUDIBLE .lo,.hi
                 M1 rms -27.01 dBFS  dRMS -0.04 dB  colony 0.483628  colony/base 1.000
                 M2 rms -27.15 dBFS  dRMS +0.12 dB  colony 0.481813  colony/base 1.000
                 M3 rms -26.30 dBFS  dRMS +0.12 dB  colony 0.482589  colony/base 1.000
                                             1            0.6407    0.290     1.469     INAUDIBLE 
                 M1 rms -27.63 dBFS  dRMS -0.66 dB  colony 0.481935  colony/base 0.996
                 M2 rms -26.95 dBFS  dRMS +0.32 dB  colony 0.477264  colony/base 0.991
                 M3 rms -26.63 dBFS  dRMS -0.22 dB  colony 0.479259  colony/base 0.993
               best counted d 0.0000 (d/t0 0.000) [none counted]   max d 0.6407 (d/t0 0.290)
selfAffinity   [-2, 2]            -1         -2           0.0313    0.014     1.302     INAUDIBLE .lo,.hi
                 M1 rms -26.97 dBFS  dRMS +0.00 dB  colony 0.483648  colony/base 1.000
                 M2 rms -27.27 dBFS  dRMS -0.00 dB  colony 0.481804  colony/base 1.000
                 M3 rms -26.40 dBFS  dRMS +0.02 dB  colony 0.482762  colony/base 1.000
                                             2            0.3621    0.164     1.357     INAUDIBLE 
                 M1 rms -27.23 dBFS  dRMS -0.26 dB  colony 0.483607  colony/base 1.000
                 M2 rms -27.85 dBFS  dRMS -0.58 dB  colony 0.479787  colony/base 0.996
                 M3 rms -26.41 dBFS  dRMS +0.00 dB  colony 0.481917  colony/base 0.998
               best counted d 0.0000 (d/t0 0.000) [none counted]   max d 0.3621 (d/t0 0.164)
crossAffinity  [-2, 2]            0.45       -2           0.2292    0.104     1.279     INAUDIBLE .lo,.hi
                 M1 rms -27.05 dBFS  dRMS -0.08 dB  colony 0.483851  colony/base 1.000
                 M2 rms -27.57 dBFS  dRMS -0.30 dB  colony 0.482050  colony/base 1.001
                 M3 rms -26.36 dBFS  dRMS +0.06 dB  colony 0.482839  colony/base 1.000
                                             2            0.2319    0.105     1.281     INAUDIBLE 
                 M1 rms -27.11 dBFS  dRMS -0.14 dB  colony 0.483315  colony/base 0.999
                 M2 rms -27.31 dBFS  dRMS -0.04 dB  colony 0.481531  colony/base 0.999
                 M3 rms -26.65 dBFS  dRMS -0.23 dB  colony 0.482449  colony/base 0.999
               best counted d 0.0000 (d/t0 0.000) [none counted]   max d 0.2319 (d/t0 0.105)
maxSpeed       [0.001, 0.05]      0.03       0.001        0.2016    0.091     1.273     INAUDIBLE .lo,.hi
                 M1 rms -27.09 dBFS  dRMS -0.12 dB  colony 0.483064  colony/base 0.999
                 M2 rms -27.30 dBFS  dRMS -0.03 dB  colony 0.481045  colony/base 0.998
                 M3 rms -26.40 dBFS  dRMS +0.02 dB  colony 0.482379  colony/base 0.999
                                             0.05         0.0005    0.000     1.315     INAUDIBLE 
                 M1 rms -26.97 dBFS  dRMS +0.00 dB  colony 0.483648  colony/base 1.000
                 M2 rms -27.27 dBFS  dRMS -0.00 dB  colony 0.481807  colony/base 1.000
                 M3 rms -26.42 dBFS  dRMS -0.00 dB  colony 0.482763  colony/base 1.000
               best counted d 0.0000 (d/t0 0.000) [none counted]   max d 0.2016 (d/t0 0.091)
crowding       [0, 0.2]           0.05       0            0.1684    0.076     1.247     INAUDIBLE .lo,.hi
                 M1 rms -27.00 dBFS  dRMS -0.03 dB  colony 0.482656  colony/base 0.998
                 M2 rms -27.23 dBFS  dRMS +0.04 dB  colony 0.481773  colony/base 1.000
                 M3 rms -26.50 dBFS  dRMS -0.08 dB  colony 0.482547  colony/base 1.000
                                             0.2          0.0985    0.045     1.344     INAUDIBLE 
                 M1 rms -26.95 dBFS  dRMS +0.02 dB  colony 0.483631  colony/base 1.000
                 M2 rms -27.30 dBFS  dRMS -0.03 dB  colony 0.481823  colony/base 1.000
                 M3 rms -26.41 dBFS  dRMS +0.01 dB  colony 0.482764  colony/base 1.000
               best counted d 0.0000 (d/t0 0.000) [none counted]   max d 0.1684 (d/t0 0.076)
feedRate       [0, 1]             0          1            0.0049    0.002     1.316     INAUDIBLE .hi
                 M1 rms -26.96 dBFS  dRMS +0.01 dB  colony 0.483637  colony/base 1.000
                 M2 rms -27.27 dBFS  dRMS +0.00 dB  colony 0.481808  colony/base 1.000
                 M3 rms -26.42 dBFS  dRMS -0.00 dB  colony 0.482763  colony/base 1.000
               best counted d 0.0000 (d/t0 0.000) [none counted]   max d 0.0049 (d/t0 0.002)

audible non-kill knobs: 5 of 14
GATE2 verdict=PASS (N >= 4)
table for Phase 14 Q2 — no roster named here
===============================================================================
All tests passed (988468 assertions in 1 test case)

exit=0 END 2026-10-04 19:14:59
