START 2026-10-01 21:30:58 sentinel VoragoVoice_BloomChildrenAudible -s at compiled kBloomChildGain 0.35 (exe 2026-10-01 21:26:21)
Filters: "VoragoVoice_BloomChildrenAudible"
Randomness seeded to: 3495647827

~~~~~~~~~~~~~~~~~~~~~~~~~~~~~~~~~~~~~~~~~~~~~~~~~~~~~~~~~~~~~~~~~~~~~~~~~~~~~~~
dsp_systems_tests.exe is a Catch2 v3.4.0 host application.
Run with -? for options

-------------------------------------------------------------------------------
VoragoVoice_BloomChildrenAudible
-------------------------------------------------------------------------------
F:\projects\iterum\dsp\tests\unit\systems\vorago_voice_test.cpp(4309)
...............................................................................

F:\projects\iterum\dsp\tests\unit\systems\vorago_voice_test.cpp(4324): PASSED:
  REQUIRE( on->getBloomDepth() > 0.0f )
with expansion:
  0.6f > 0.0f

F:\projects\iterum\dsp\tests\unit\systems\vorago_voice_test.cpp(4325): PASSED:
  REQUIRE( bOn.getChildGain() == VoragoVoice::kBloomChildGain )
with expansion:
  0.35f == 0.35f

F:\projects\iterum\dsp\tests\unit\systems\vorago_voice_test.cpp(4367): PASSED:
  REQUIRE( on->getRichness() == r )
with expansion:
  0.0f == 0.0f
with message:
  richness 0, N_user 1, on active 14, off active 14, on live 1, off live 0,
  reserveBase 8

F:\projects\iterum\dsp\tests\unit\systems\vorago_voice_test.cpp(4368): PASSED:
  REQUIRE( off->getRichness() == r )
with expansion:
  0.0f == 0.0f
with message:
  richness 0, N_user 1, on active 14, off active 14, on live 1, off live 0,
  reserveBase 8

F:\projects\iterum\dsp\tests\unit\systems\vorago_voice_test.cpp(4383): PASSED:
  REQUIRE( Krate::DSP::detail::isFinite(childAmp) )
with expansion:
  true
with message:
  richness 0, N_user 1, on active 14, off active 14, on live 1, off live 0,
  reserveBase 8

F:\projects\iterum\dsp\tests\unit\systems\vorago_voice_test.cpp(4390): PASSED:
  REQUIRE( slot < active )
with expansion:
  8 < 14
with messages:
  richness 0, N_user 1, on active 14, off active 14, on live 1, off live 0,
  reserveBase 8
  child 0: slot 8, parent 0, childAmp 0.319971, active 14

F:\projects\iterum\dsp\tests\unit\systems\vorago_voice_test.cpp(4392): PASSED:
  REQUIRE( Krate::DSP::detail::isFinite(cloudAmp) )
with expansion:
  true
with messages:
  richness 0, N_user 1, on active 14, off active 14, on live 1, off live 0,
  reserveBase 8
  child 0: slot 8, parent 0, childAmp 0.319971, active 14

F:\projects\iterum\dsp\tests\unit\systems\vorago_voice_test.cpp(4394): PASSED:
  REQUIRE( cloudAmp > BloomEngine::kSilentParentAmplitude )
with expansion:
  0.0527f > 0.00001f
with messages:
  richness 0, N_user 1, on active 14, off active 14, on live 1, off live 0,
  reserveBase 8
  child 0: slot 8, parent 0, childAmp 0.319971, active 14
  cloud amplitude at slot 8: 0.0527032

  [bloom audible] richness 0.00: N_user 1, active 14, children passing the filter 1
F:\projects\iterum\dsp\tests\unit\systems\vorago_voice_test.cpp(4401): PASSED:
  REQUIRE( passingFilterCount >= 1u )
with expansion:
  1 >= 1
with message:
  richness 0, N_user 1, on active 14, off active 14, on live 1, off live 0,
  reserveBase 8

F:\projects\iterum\dsp\tests\unit\systems\vorago_voice_test.cpp(4406): PASSED:
  REQUIRE( Krate::DSP::detail::isFinite(aOn0) )
with expansion:
  true
with message:
  richness 0, N_user 1, on active 14, off active 14, on live 1, off live 0,
  reserveBase 8

F:\projects\iterum\dsp\tests\unit\systems\vorago_voice_test.cpp(4407): PASSED:
  REQUIRE( Krate::DSP::detail::isFinite(aOff0) )
with expansion:
  true
with message:
  richness 0, N_user 1, on active 14, off active 14, on live 1, off live 0,
  reserveBase 8

F:\projects\iterum\dsp\tests\unit\systems\vorago_voice_test.cpp(4408): PASSED:
  REQUIRE( aOn0 > BloomEngine::kSilentParentAmplitude )
with expansion:
  0.70506f > 0.00001f
with message:
  richness 0, N_user 1, on active 14, off active 14, on live 1, off live 0,
  reserveBase 8

F:\projects\iterum\dsp\tests\unit\systems\vorago_voice_test.cpp(4409): PASSED:
  REQUIRE( aOff0 > BloomEngine::kSilentParentAmplitude )
with expansion:
  0.7071f > 0.00001f
with message:
  richness 0, N_user 1, on active 14, off active 14, on live 1, off live 0,
  reserveBase 8

F:\projects\iterum\dsp\tests\unit\systems\vorago_voice_test.cpp(4415): PASSED:
  REQUIRE( Krate::DSP::detail::isFinite(aOn) )
with expansion:
  true
with message:
  richness 0, N_user 1, on active 14, off active 14, on live 1, off live 0,
  reserveBase 8

F:\projects\iterum\dsp\tests\unit\systems\vorago_voice_test.cpp(4416): PASSED:
  REQUIRE( Krate::DSP::detail::isFinite(aOff) )
with expansion:
  true
with message:
  richness 0, N_user 1, on active 14, off active 14, on live 1, off live 0,
  reserveBase 8

F:\projects\iterum\dsp\tests\unit\systems\vorago_voice_test.cpp(4417): PASSED:
  REQUIRE( aOn > 0.0f )
with expansion:
  0.70506f > 0.0f
with message:
  richness 0, N_user 1, on active 14, off active 14, on live 1, off live 0,
  reserveBase 8

F:\projects\iterum\dsp\tests\unit\systems\vorago_voice_test.cpp(4418): PASSED:
  REQUIRE( aOff > 0.0f )
with expansion:
  0.7071f > 0.0f
with message:
  richness 0, N_user 1, on active 14, off active 14, on live 1, off live 0,
  reserveBase 8

    [bloom audible] richness 0.00 slot 0 (latched parent): on 0.705064 off 0.707099, drop -0.025 dB at kBloomChildGain 0.350
F:\projects\iterum\dsp\tests\unit\systems\vorago_voice_test.cpp(4367): PASSED:
  REQUIRE( on->getRichness() == r )
with expansion:
  0.35f == 0.35f
with message:
  richness 0.35, N_user 4, on active 14, off active 14, on live 1, off live 0,
  reserveBase 8

F:\projects\iterum\dsp\tests\unit\systems\vorago_voice_test.cpp(4368): PASSED:
  REQUIRE( off->getRichness() == r )
with expansion:
  0.35f == 0.35f
with message:
  richness 0.35, N_user 4, on active 14, off active 14, on live 1, off live 0,
  reserveBase 8

F:\projects\iterum\dsp\tests\unit\systems\vorago_voice_test.cpp(4383): PASSED:
  REQUIRE( Krate::DSP::detail::isFinite(childAmp) )
with expansion:
  true
with message:
  richness 0.35, N_user 4, on active 14, off active 14, on live 1, off live 0,
  reserveBase 8

F:\projects\iterum\dsp\tests\unit\systems\vorago_voice_test.cpp(4390): PASSED:
  REQUIRE( slot < active )
with expansion:
  9 < 14
with messages:
  richness 0.35, N_user 4, on active 14, off active 14, on live 1, off live 0,
  reserveBase 8
  child 1: slot 9, parent 0, childAmp 0.343172, active 14

F:\projects\iterum\dsp\tests\unit\systems\vorago_voice_test.cpp(4392): PASSED:
  REQUIRE( Krate::DSP::detail::isFinite(cloudAmp) )
with expansion:
  true
with messages:
  richness 0.35, N_user 4, on active 14, off active 14, on live 1, off live 0,
  reserveBase 8
  child 1: slot 9, parent 0, childAmp 0.343172, active 14

F:\projects\iterum\dsp\tests\unit\systems\vorago_voice_test.cpp(4394): PASSED:
  REQUIRE( cloudAmp > BloomEngine::kSilentParentAmplitude )
with expansion:
  0.0521f > 0.00001f
with messages:
  richness 0.35, N_user 4, on active 14, off active 14, on live 1, off live 0,
  reserveBase 8
  child 1: slot 9, parent 0, childAmp 0.343172, active 14
  cloud amplitude at slot 9: 0.0520968

  [bloom audible] richness 0.35: N_user 4, active 14, children passing the filter 1
F:\projects\iterum\dsp\tests\unit\systems\vorago_voice_test.cpp(4401): PASSED:
  REQUIRE( passingFilterCount >= 1u )
with expansion:
  1 >= 1
with message:
  richness 0.35, N_user 4, on active 14, off active 14, on live 1, off live 0,
  reserveBase 8

F:\projects\iterum\dsp\tests\unit\systems\vorago_voice_test.cpp(4406): PASSED:
  REQUIRE( Krate::DSP::detail::isFinite(aOn0) )
with expansion:
  true
with message:
  richness 0.35, N_user 4, on active 14, off active 14, on live 1, off live 0,
  reserveBase 8

F:\projects\iterum\dsp\tests\unit\systems\vorago_voice_test.cpp(4407): PASSED:
  REQUIRE( Krate::DSP::detail::isFinite(aOff0) )
with expansion:
  true
with message:
  richness 0.35, N_user 4, on active 14, off active 14, on live 1, off live 0,
  reserveBase 8

F:\projects\iterum\dsp\tests\unit\systems\vorago_voice_test.cpp(4408): PASSED:
  REQUIRE( aOn0 > BloomEngine::kSilentParentAmplitude )
with expansion:
  0.69697f > 0.00001f
with message:
  richness 0.35, N_user 4, on active 14, off active 14, on live 1, off live 0,
  reserveBase 8

F:\projects\iterum\dsp\tests\unit\systems\vorago_voice_test.cpp(4409): PASSED:
  REQUIRE( aOff0 > BloomEngine::kSilentParentAmplitude )
with expansion:
  0.69893f > 0.00001f
with message:
  richness 0.35, N_user 4, on active 14, off active 14, on live 1, off live 0,
  reserveBase 8

F:\projects\iterum\dsp\tests\unit\systems\vorago_voice_test.cpp(4415): PASSED:
  REQUIRE( Krate::DSP::detail::isFinite(aOn) )
with expansion:
  true
with message:
  richness 0.35, N_user 4, on active 14, off active 14, on live 1, off live 0,
  reserveBase 8

F:\projects\iterum\dsp\tests\unit\systems\vorago_voice_test.cpp(4416): PASSED:
  REQUIRE( Krate::DSP::detail::isFinite(aOff) )
with expansion:
  true
with message:
  richness 0.35, N_user 4, on active 14, off active 14, on live 1, off live 0,
  reserveBase 8

F:\projects\iterum\dsp\tests\unit\systems\vorago_voice_test.cpp(4417): PASSED:
  REQUIRE( aOn > 0.0f )
with expansion:
  0.69697f > 0.0f
with message:
  richness 0.35, N_user 4, on active 14, off active 14, on live 1, off live 0,
  reserveBase 8

F:\projects\iterum\dsp\tests\unit\systems\vorago_voice_test.cpp(4418): PASSED:
  REQUIRE( aOff > 0.0f )
with expansion:
  0.69893f > 0.0f
with message:
  richness 0.35, N_user 4, on active 14, off active 14, on live 1, off live 0,
  reserveBase 8

    [bloom audible] richness 0.35 slot 0 (latched parent): on 0.69697 off 0.698927, drop -0.024 dB at kBloomChildGain 0.350
F:\projects\iterum\dsp\tests\unit\systems\vorago_voice_test.cpp(4415): PASSED:
  REQUIRE( Krate::DSP::detail::isFinite(aOn) )
with expansion:
  true
with message:
  richness 0.35, N_user 4, on active 14, off active 14, on live 1, off live 0,
  reserveBase 8

F:\projects\iterum\dsp\tests\unit\systems\vorago_voice_test.cpp(4416): PASSED:
  REQUIRE( Krate::DSP::detail::isFinite(aOff) )
with expansion:
  true
with message:
  richness 0.35, N_user 4, on active 14, off active 14, on live 1, off live 0,
  reserveBase 8

F:\projects\iterum\dsp\tests\unit\systems\vorago_voice_test.cpp(4417): PASSED:
  REQUIRE( aOn > 0.0f )
with expansion:
  0.10081f > 0.0f
with message:
  richness 0.35, N_user 4, on active 14, off active 14, on live 1, off live 0,
  reserveBase 8

F:\projects\iterum\dsp\tests\unit\systems\vorago_voice_test.cpp(4418): PASSED:
  REQUIRE( aOff > 0.0f )
with expansion:
  0.1011f > 0.0f
with message:
  richness 0.35, N_user 4, on active 14, off active 14, on live 1, off live 0,
  reserveBase 8

    [bloom audible] richness 0.35 slot 1: on 0.100813 off 0.101096, drop -0.024 dB at kBloomChildGain 0.350
F:\projects\iterum\dsp\tests\unit\systems\vorago_voice_test.cpp(4437): PASSED:
  REQUIRE( std::abs(devDb) <= kToleranceDb )
with expansion:
  0.000003241 <= 0.5
with messages:
  richness 0.35, N_user 4, on active 14, off active 14, on live 1, off live 0,
  reserveBase 8
  slot 1: on 0.100813 (ratio 0.144645), off 0.101096 (ratio 0.144644),
  deviation 3.24103e-06 dB

F:\projects\iterum\dsp\tests\unit\systems\vorago_voice_test.cpp(4415): PASSED:
  REQUIRE( Krate::DSP::detail::isFinite(aOn) )
with expansion:
  true
with message:
  richness 0.35, N_user 4, on active 14, off active 14, on live 1, off live 0,
  reserveBase 8

F:\projects\iterum\dsp\tests\unit\systems\vorago_voice_test.cpp(4416): PASSED:
  REQUIRE( Krate::DSP::detail::isFinite(aOff) )
with expansion:
  true
with message:
  richness 0.35, N_user 4, on active 14, off active 14, on live 1, off live 0,
  reserveBase 8

F:\projects\iterum\dsp\tests\unit\systems\vorago_voice_test.cpp(4417): PASSED:
  REQUIRE( aOn > 0.0f )
with expansion:
  0.03253f > 0.0f
with message:
  richness 0.35, N_user 4, on active 14, off active 14, on live 1, off live 0,
  reserveBase 8

F:\projects\iterum\dsp\tests\unit\systems\vorago_voice_test.cpp(4418): PASSED:
  REQUIRE( aOff > 0.0f )
with expansion:
  0.03262f > 0.0f
with message:
  richness 0.35, N_user 4, on active 14, off active 14, on live 1, off live 0,
  reserveBase 8

    [bloom audible] richness 0.35 slot 2: on 0.0325321 off 0.0326235, drop -0.024 dB at kBloomChildGain 0.350
F:\projects\iterum\dsp\tests\unit\systems\vorago_voice_test.cpp(4437): PASSED:
  REQUIRE( std::abs(devDb) <= kToleranceDb )
with expansion:
  0.0000116795 <= 0.5
with messages:
  richness 0.35, N_user 4, on active 14, off active 14, on live 1, off live 0,
  reserveBase 8
  slot 2: on 0.0325321 (ratio 0.0466765), off 0.0326235 (ratio 0.0466766),
  deviation -1.16795e-05 dB

F:\projects\iterum\dsp\tests\unit\systems\vorago_voice_test.cpp(4415): PASSED:
  REQUIRE( Krate::DSP::detail::isFinite(aOn) )
with expansion:
  true
with message:
  richness 0.35, N_user 4, on active 14, off active 14, on live 1, off live 0,
  reserveBase 8

F:\projects\iterum\dsp\tests\unit\systems\vorago_voice_test.cpp(4416): PASSED:
  REQUIRE( Krate::DSP::detail::isFinite(aOff) )
with expansion:
  true
with message:
  richness 0.35, N_user 4, on active 14, off active 14, on live 1, off live 0,
  reserveBase 8

F:\projects\iterum\dsp\tests\unit\systems\vorago_voice_test.cpp(4417): PASSED:
  REQUIRE( aOn > 0.0f )
with expansion:
  0.01458f > 0.0f
with message:
  richness 0.35, N_user 4, on active 14, off active 14, on live 1, off live 0,
  reserveBase 8

F:\projects\iterum\dsp\tests\unit\systems\vorago_voice_test.cpp(4418): PASSED:
  REQUIRE( aOff > 0.0f )
with expansion:
  0.01462f > 0.0f
with message:
  richness 0.35, N_user 4, on active 14, off active 14, on live 1, off live 0,
  reserveBase 8

    [bloom audible] richness 0.35 slot 3: on 0.0145808 off 0.0146217, drop -0.024 dB at kBloomChildGain 0.350
F:\projects\iterum\dsp\tests\unit\systems\vorago_voice_test.cpp(4437): PASSED:
  REQUIRE( std::abs(devDb) <= kToleranceDb )
with expansion:
  0.0000063126 <= 0.5
with messages:
  richness 0.35, N_user 4, on active 14, off active 14, on live 1, off live 0,
  reserveBase 8
  slot 3: on 0.0145808 (ratio 0.0209203), off 0.0146217 (ratio 0.0209203),
  deviation 6.31262e-06 dB

F:\projects\iterum\dsp\tests\unit\systems\vorago_voice_test.cpp(4367): PASSED:
  REQUIRE( on->getRichness() == r )
with expansion:
  0.4f == 0.4f
with message:
  richness 0.4, N_user 5, on active 14, off active 14, on live 1, off live 0,
  reserveBase 8

F:\projects\iterum\dsp\tests\unit\systems\vorago_voice_test.cpp(4368): PASSED:
  REQUIRE( off->getRichness() == r )
with expansion:
  0.4f == 0.4f
with message:
  richness 0.4, N_user 5, on active 14, off active 14, on live 1, off live 0,
  reserveBase 8

F:\projects\iterum\dsp\tests\unit\systems\vorago_voice_test.cpp(4383): PASSED:
  REQUIRE( Krate::DSP::detail::isFinite(childAmp) )
with expansion:
  true
with message:
  richness 0.4, N_user 5, on active 14, off active 14, on live 1, off live 0,
  reserveBase 8

F:\projects\iterum\dsp\tests\unit\systems\vorago_voice_test.cpp(4390): PASSED:
  REQUIRE( slot < active )
with expansion:
  10 < 14
with messages:
  richness 0.4, N_user 5, on active 14, off active 14, on live 1, off live 0,
  reserveBase 8
  child 0: slot 10, parent 2, childAmp 0.0406228, active 14

F:\projects\iterum\dsp\tests\unit\systems\vorago_voice_test.cpp(4392): PASSED:
  REQUIRE( Krate::DSP::detail::isFinite(cloudAmp) )
with expansion:
  true
with messages:
  richness 0.4, N_user 5, on active 14, off active 14, on live 1, off live 0,
  reserveBase 8
  child 0: slot 10, parent 2, childAmp 0.0406228, active 14

F:\projects\iterum\dsp\tests\unit\systems\vorago_voice_test.cpp(4394): PASSED:
  REQUIRE( cloudAmp > BloomEngine::kSilentParentAmplitude )
with expansion:
  0.00579f > 0.00001f
with messages:
  richness 0.4, N_user 5, on active 14, off active 14, on live 1, off live 0,
  reserveBase 8
  child 0: slot 10, parent 2, childAmp 0.0406228, active 14
  cloud amplitude at slot 10: 0.00578963

  [bloom audible] richness 0.40: N_user 5, active 14, children passing the filter 1
F:\projects\iterum\dsp\tests\unit\systems\vorago_voice_test.cpp(4401): PASSED:
  REQUIRE( passingFilterCount >= 1u )
with expansion:
  1 >= 1
with message:
  richness 0.4, N_user 5, on active 14, off active 14, on live 1, off live 0,
  reserveBase 8

F:\projects\iterum\dsp\tests\unit\systems\vorago_voice_test.cpp(4406): PASSED:
  REQUIRE( Krate::DSP::detail::isFinite(aOn0) )
with expansion:
  true
with message:
  richness 0.4, N_user 5, on active 14, off active 14, on live 1, off live 0,
  reserveBase 8

F:\projects\iterum\dsp\tests\unit\systems\vorago_voice_test.cpp(4407): PASSED:
  REQUIRE( Krate::DSP::detail::isFinite(aOff0) )
with expansion:
  true
with message:
  richness 0.4, N_user 5, on active 14, off active 14, on live 1, off live 0,
  reserveBase 8

F:\projects\iterum\dsp\tests\unit\systems\vorago_voice_test.cpp(4408): PASSED:
  REQUIRE( aOn0 > BloomEngine::kSilentParentAmplitude )
with expansion:
  0.69719f > 0.00001f
with message:
  richness 0.4, N_user 5, on active 14, off active 14, on live 1, off live 0,
  reserveBase 8

F:\projects\iterum\dsp\tests\unit\systems\vorago_voice_test.cpp(4409): PASSED:
  REQUIRE( aOff0 > BloomEngine::kSilentParentAmplitude )
with expansion:
  0.69722f > 0.00001f
with message:
  richness 0.4, N_user 5, on active 14, off active 14, on live 1, off live 0,
  reserveBase 8

F:\projects\iterum\dsp\tests\unit\systems\vorago_voice_test.cpp(4415): PASSED:
  REQUIRE( Krate::DSP::detail::isFinite(aOn) )
with expansion:
  true
with message:
  richness 0.4, N_user 5, on active 14, off active 14, on live 1, off live 0,
  reserveBase 8

F:\projects\iterum\dsp\tests\unit\systems\vorago_voice_test.cpp(4416): PASSED:
  REQUIRE( Krate::DSP::detail::isFinite(aOff) )
with expansion:
  true
with message:
  richness 0.4, N_user 5, on active 14, off active 14, on live 1, off live 0,
  reserveBase 8

F:\projects\iterum\dsp\tests\unit\systems\vorago_voice_test.cpp(4417): PASSED:
  REQUIRE( aOn > 0.0f )
with expansion:
  0.69719f > 0.0f
with message:
  richness 0.4, N_user 5, on active 14, off active 14, on live 1, off live 0,
  reserveBase 8

F:\projects\iterum\dsp\tests\unit\systems\vorago_voice_test.cpp(4418): PASSED:
  REQUIRE( aOff > 0.0f )
with expansion:
  0.69722f > 0.0f
with message:
  richness 0.4, N_user 5, on active 14, off active 14, on live 1, off live 0,
  reserveBase 8

    [bloom audible] richness 0.40 slot 0: on 0.697187 off 0.69722, drop -0.000 dB at kBloomChildGain 0.350
F:\projects\iterum\dsp\tests\unit\systems\vorago_voice_test.cpp(4437): PASSED:
  REQUIRE( std::abs(devDb) <= kToleranceDb )
with expansion:
  0.0 <= 0.5
with messages:
  richness 0.4, N_user 5, on active 14, off active 14, on live 1, off live 0,
  reserveBase 8
  slot 0: on 0.697187 (ratio 1), off 0.69722 (ratio 1), deviation 0 dB

F:\projects\iterum\dsp\tests\unit\systems\vorago_voice_test.cpp(4415): PASSED:
  REQUIRE( Krate::DSP::detail::isFinite(aOn) )
with expansion:
  true
with message:
  richness 0.4, N_user 5, on active 14, off active 14, on live 1, off live 0,
  reserveBase 8

F:\projects\iterum\dsp\tests\unit\systems\vorago_voice_test.cpp(4416): PASSED:
  REQUIRE( Krate::DSP::detail::isFinite(aOff) )
with expansion:
  true
with message:
  richness 0.4, N_user 5, on active 14, off active 14, on live 1, off live 0,
  reserveBase 8

F:\projects\iterum\dsp\tests\unit\systems\vorago_voice_test.cpp(4417): PASSED:
  REQUIRE( aOn > 0.0f )
with expansion:
  0.10997f > 0.0f
with message:
  richness 0.4, N_user 5, on active 14, off active 14, on live 1, off live 0,
  reserveBase 8

F:\projects\iterum\dsp\tests\unit\systems\vorago_voice_test.cpp(4418): PASSED:
  REQUIRE( aOff > 0.0f )
with expansion:
  0.10998f > 0.0f
with message:
  richness 0.4, N_user 5, on active 14, off active 14, on live 1, off live 0,
  reserveBase 8

    [bloom audible] richness 0.40 slot 1: on 0.109971 off 0.109977, drop -0.000 dB at kBloomChildGain 0.350
F:\projects\iterum\dsp\tests\unit\systems\vorago_voice_test.cpp(4437): PASSED:
  REQUIRE( std::abs(devDb) <= kToleranceDb )
with expansion:
  0.0000150981 <= 0.5
with messages:
  richness 0.4, N_user 5, on active 14, off active 14, on live 1, off live 0,
  reserveBase 8
  slot 1: on 0.109971 (ratio 0.157736), off 0.109977 (ratio 0.157736),
  deviation 1.50981e-05 dB

F:\projects\iterum\dsp\tests\unit\systems\vorago_voice_test.cpp(4415): PASSED:
  REQUIRE( Krate::DSP::detail::isFinite(aOn) )
with expansion:
  true
with message:
  richness 0.4, N_user 5, on active 14, off active 14, on live 1, off live 0,
  reserveBase 8

F:\projects\iterum\dsp\tests\unit\systems\vorago_voice_test.cpp(4416): PASSED:
  REQUIRE( Krate::DSP::detail::isFinite(aOff) )
with expansion:
  true
with message:
  richness 0.4, N_user 5, on active 14, off active 14, on live 1, off live 0,
  reserveBase 8

F:\projects\iterum\dsp\tests\unit\systems\vorago_voice_test.cpp(4417): PASSED:
  REQUIRE( aOn > 0.0f )
with expansion:
  0.03733f > 0.0f
with message:
  richness 0.4, N_user 5, on active 14, off active 14, on live 1, off live 0,
  reserveBase 8

F:\projects\iterum\dsp\tests\unit\systems\vorago_voice_test.cpp(4418): PASSED:
  REQUIRE( aOff > 0.0f )
with expansion:
  0.03733f > 0.0f
with message:
  richness 0.4, N_user 5, on active 14, off active 14, on live 1, off live 0,
  reserveBase 8

    [bloom audible] richness 0.40 slot 2 (latched parent): on 0.0373325 off 0.037334, drop -0.000 dB at kBloomChildGain 0.350
F:\projects\iterum\dsp\tests\unit\systems\vorago_voice_test.cpp(4415): PASSED:
  REQUIRE( Krate::DSP::detail::isFinite(aOn) )
with expansion:
  true
with message:
  richness 0.4, N_user 5, on active 14, off active 14, on live 1, off live 0,
  reserveBase 8

F:\projects\iterum\dsp\tests\unit\systems\vorago_voice_test.cpp(4416): PASSED:
  REQUIRE( Krate::DSP::detail::isFinite(aOff) )
with expansion:
  true
with message:
  richness 0.4, N_user 5, on active 14, off active 14, on live 1, off live 0,
  reserveBase 8

F:\projects\iterum\dsp\tests\unit\systems\vorago_voice_test.cpp(4417): PASSED:
  REQUIRE( aOn > 0.0f )
with expansion:
  0.01734f > 0.0f
with message:
  richness 0.4, N_user 5, on active 14, off active 14, on live 1, off live 0,
  reserveBase 8

F:\projects\iterum\dsp\tests\unit\systems\vorago_voice_test.cpp(4418): PASSED:
  REQUIRE( aOff > 0.0f )
with expansion:
  0.01735f > 0.0f
with message:
  richness 0.4, N_user 5, on active 14, off active 14, on live 1, off live 0,
  reserveBase 8

    [bloom audible] richness 0.40 slot 3: on 0.017345 off 0.0173457, drop -0.000 dB at kBloomChildGain 0.350
F:\projects\iterum\dsp\tests\unit\systems\vorago_voice_test.cpp(4437): PASSED:
  REQUIRE( std::abs(devDb) <= kToleranceDb )
with expansion:
  0.0000707222 <= 0.5
with messages:
  richness 0.4, N_user 5, on active 14, off active 14, on live 1, off live 0,
  reserveBase 8
  slot 3: on 0.017345 (ratio 0.0248785), off 0.0173457 (ratio 0.0248783),
  deviation 7.07222e-05 dB

F:\projects\iterum\dsp\tests\unit\systems\vorago_voice_test.cpp(4415): PASSED:
  REQUIRE( Krate::DSP::detail::isFinite(aOn) )
with expansion:
  true
with message:
  richness 0.4, N_user 5, on active 14, off active 14, on live 1, off live 0,
  reserveBase 8

F:\projects\iterum\dsp\tests\unit\systems\vorago_voice_test.cpp(4416): PASSED:
  REQUIRE( Krate::DSP::detail::isFinite(aOff) )
with expansion:
  true
with message:
  richness 0.4, N_user 5, on active 14, off active 14, on live 1, off live 0,
  reserveBase 8

F:\projects\iterum\dsp\tests\unit\systems\vorago_voice_test.cpp(4417): PASSED:
  REQUIRE( aOn > 0.0f )
with expansion:
  0.00957f > 0.0f
with message:
  richness 0.4, N_user 5, on active 14, off active 14, on live 1, off live 0,
  reserveBase 8

F:\projects\iterum\dsp\tests\unit\systems\vorago_voice_test.cpp(4418): PASSED:
  REQUIRE( aOff > 0.0f )
with expansion:
  0.00957f > 0.0f
with message:
  richness 0.4, N_user 5, on active 14, off active 14, on live 1, off live 0,
  reserveBase 8

    [bloom audible] richness 0.40 slot 4: on 0.00957031 off 0.00957069, drop -0.000 dB at kBloomChildGain 0.350
F:\projects\iterum\dsp\tests\unit\systems\vorago_voice_test.cpp(4437): PASSED:
  REQUIRE( std::abs(devDb) <= kToleranceDb )
with expansion:
  0.0000701341 <= 0.5
with messages:
  richness 0.4, N_user 5, on active 14, off active 14, on live 1, off live 0,
  reserveBase 8
  slot 4: on 0.00957031 (ratio 0.013727), off 0.00957069 (ratio 0.0137269),
  deviation 7.01341e-05 dB

F:\projects\iterum\dsp\tests\unit\systems\vorago_voice_test.cpp(4367): PASSED:
  REQUIRE( on->getRichness() == r )
with expansion:
  0.7f == 0.7f
with message:
  richness 0.7, N_user 18, on active 18, off active 18, on live 1, off live 0,
  reserveBase 12

F:\projects\iterum\dsp\tests\unit\systems\vorago_voice_test.cpp(4368): PASSED:
  REQUIRE( off->getRichness() == r )
with expansion:
  0.7f == 0.7f
with message:
  richness 0.7, N_user 18, on active 18, off active 18, on live 1, off live 0,
  reserveBase 12

F:\projects\iterum\dsp\tests\unit\systems\vorago_voice_test.cpp(4383): PASSED:
  REQUIRE( Krate::DSP::detail::isFinite(childAmp) )
with expansion:
  true
with message:
  richness 0.7, N_user 18, on active 18, off active 18, on live 1, off live 0,
  reserveBase 12

F:\projects\iterum\dsp\tests\unit\systems\vorago_voice_test.cpp(4390): PASSED:
  REQUIRE( slot < active )
with expansion:
  12 < 18
with messages:
  richness 0.7, N_user 18, on active 18, off active 18, on live 1, off live 0,
  reserveBase 12
  child 1: slot 12, parent 1, childAmp 0.171762, active 18

F:\projects\iterum\dsp\tests\unit\systems\vorago_voice_test.cpp(4392): PASSED:
  REQUIRE( Krate::DSP::detail::isFinite(cloudAmp) )
with expansion:
  true
with messages:
  richness 0.7, N_user 18, on active 18, off active 18, on live 1, off live 0,
  reserveBase 12
  child 1: slot 12, parent 1, childAmp 0.171762, active 18

F:\projects\iterum\dsp\tests\unit\systems\vorago_voice_test.cpp(4394): PASSED:
  REQUIRE( cloudAmp > BloomEngine::kSilentParentAmplitude )
with expansion:
  0.02122f > 0.00001f
with messages:
  richness 0.7, N_user 18, on active 18, off active 18, on live 1, off live 0,
  reserveBase 12
  child 1: slot 12, parent 1, childAmp 0.171762, active 18
  cloud amplitude at slot 12: 0.0212241

  [bloom audible] richness 0.70: N_user 18, active 18, children passing the filter 1
F:\projects\iterum\dsp\tests\unit\systems\vorago_voice_test.cpp(4401): PASSED:
  REQUIRE( passingFilterCount >= 1u )
with expansion:
  1 >= 1
with message:
  richness 0.7, N_user 18, on active 18, off active 18, on live 1, off live 0,
  reserveBase 12

F:\projects\iterum\dsp\tests\unit\systems\vorago_voice_test.cpp(4406): PASSED:
  REQUIRE( Krate::DSP::detail::isFinite(aOn0) )
with expansion:
  true
with message:
  richness 0.7, N_user 18, on active 18, off active 18, on live 1, off live 0,
  reserveBase 12

F:\projects\iterum\dsp\tests\unit\systems\vorago_voice_test.cpp(4407): PASSED:
  REQUIRE( Krate::DSP::detail::isFinite(aOff0) )
with expansion:
  true
with message:
  richness 0.7, N_user 18, on active 18, off active 18, on live 1, off live 0,
  reserveBase 12

F:\projects\iterum\dsp\tests\unit\systems\vorago_voice_test.cpp(4408): PASSED:
  REQUIRE( aOn0 > BloomEngine::kSilentParentAmplitude )
with expansion:
  0.67545f > 0.00001f
with message:
  richness 0.7, N_user 18, on active 18, off active 18, on live 1, off live 0,
  reserveBase 12

F:\projects\iterum\dsp\tests\unit\systems\vorago_voice_test.cpp(4409): PASSED:
  REQUIRE( aOff0 > BloomEngine::kSilentParentAmplitude )
with expansion:
  0.67572f > 0.00001f
with message:
  richness 0.7, N_user 18, on active 18, off active 18, on live 1, off live 0,
  reserveBase 12

F:\projects\iterum\dsp\tests\unit\systems\vorago_voice_test.cpp(4415): PASSED:
  REQUIRE( Krate::DSP::detail::isFinite(aOn) )
with expansion:
  true
with message:
  richness 0.7, N_user 18, on active 18, off active 18, on live 1, off live 0,
  reserveBase 12

F:\projects\iterum\dsp\tests\unit\systems\vorago_voice_test.cpp(4416): PASSED:
  REQUIRE( Krate::DSP::detail::isFinite(aOff) )
with expansion:
  true
with message:
  richness 0.7, N_user 18, on active 18, off active 18, on live 1, off live 0,
  reserveBase 12

F:\projects\iterum\dsp\tests\unit\systems\vorago_voice_test.cpp(4417): PASSED:
  REQUIRE( aOn > 0.0f )
with expansion:
  0.67545f > 0.0f
with message:
  richness 0.7, N_user 18, on active 18, off active 18, on live 1, off live 0,
  reserveBase 12

F:\projects\iterum\dsp\tests\unit\systems\vorago_voice_test.cpp(4418): PASSED:
  REQUIRE( aOff > 0.0f )
with expansion:
  0.67572f > 0.0f
with message:
  richness 0.7, N_user 18, on active 18, off active 18, on live 1, off live 0,
  reserveBase 12

    [bloom audible] richness 0.70 slot 0: on 0.67545 off 0.675721, drop -0.003 dB at kBloomChildGain 0.350
F:\projects\iterum\dsp\tests\unit\systems\vorago_voice_test.cpp(4437): PASSED:
  REQUIRE( std::abs(devDb) <= kToleranceDb )
with expansion:
  0.0 <= 0.5
with messages:
  richness 0.7, N_user 18, on active 18, off active 18, on live 1, off live 0,
  reserveBase 12
  slot 0: on 0.67545 (ratio 1), off 0.675721 (ratio 1), deviation 0 dB

F:\projects\iterum\dsp\tests\unit\systems\vorago_voice_test.cpp(4415): PASSED:
  REQUIRE( Krate::DSP::detail::isFinite(aOn) )
with expansion:
  true
with message:
  richness 0.7, N_user 18, on active 18, off active 18, on live 1, off live 0,
  reserveBase 12

F:\projects\iterum\dsp\tests\unit\systems\vorago_voice_test.cpp(4416): PASSED:
  REQUIRE( Krate::DSP::detail::isFinite(aOff) )
with expansion:
  true
with message:
  richness 0.7, N_user 18, on active 18, off active 18, on live 1, off live 0,
  reserveBase 12

F:\projects\iterum\dsp\tests\unit\systems\vorago_voice_test.cpp(4417): PASSED:
  REQUIRE( aOn > 0.0f )
with expansion:
  0.17918f > 0.0f
with message:
  richness 0.7, N_user 18, on active 18, off active 18, on live 1, off live 0,
  reserveBase 12

F:\projects\iterum\dsp\tests\unit\systems\vorago_voice_test.cpp(4418): PASSED:
  REQUIRE( aOff > 0.0f )
with expansion:
  0.17925f > 0.0f
with message:
  richness 0.7, N_user 18, on active 18, off active 18, on live 1, off live 0,
  reserveBase 12

    [bloom audible] richness 0.70 slot 1 (latched parent): on 0.179183 off 0.179255, drop -0.003 dB at kBloomChildGain 0.350
F:\projects\iterum\dsp\tests\unit\systems\vorago_voice_test.cpp(4415): PASSED:
  REQUIRE( Krate::DSP::detail::isFinite(aOn) )
with expansion:
  true
with message:
  richness 0.7, N_user 18, on active 18, off active 18, on live 1, off live 0,
  reserveBase 12

F:\projects\iterum\dsp\tests\unit\systems\vorago_voice_test.cpp(4416): PASSED:
  REQUIRE( Krate::DSP::detail::isFinite(aOff) )
with expansion:
  true
with message:
  richness 0.7, N_user 18, on active 18, off active 18, on live 1, off live 0,
  reserveBase 12

F:\projects\iterum\dsp\tests\unit\systems\vorago_voice_test.cpp(4417): PASSED:
  REQUIRE( aOn > 0.0f )
with expansion:
  0.08245f > 0.0f
with message:
  richness 0.7, N_user 18, on active 18, off active 18, on live 1, off live 0,
  reserveBase 12

F:\projects\iterum\dsp\tests\unit\systems\vorago_voice_test.cpp(4418): PASSED:
  REQUIRE( aOff > 0.0f )
with expansion:
  0.08248f > 0.0f
with message:
  richness 0.7, N_user 18, on active 18, off active 18, on live 1, off live 0,
  reserveBase 12

    [bloom audible] richness 0.70 slot 2: on 0.0824466 off 0.0824796, drop -0.003 dB at kBloomChildGain 0.350
F:\projects\iterum\dsp\tests\unit\systems\vorago_voice_test.cpp(4437): PASSED:
  REQUIRE( std::abs(devDb) <= kToleranceDb )
with expansion:
  0.0000013302 <= 0.5
with messages:
  richness 0.7, N_user 18, on active 18, off active 18, on live 1, off live 0,
  reserveBase 12
  slot 2: on 0.0824466 (ratio 0.122062), off 0.0824796 (ratio 0.122062),
  deviation -1.33019e-06 dB

F:\projects\iterum\dsp\tests\unit\systems\vorago_voice_test.cpp(4415): PASSED:
  REQUIRE( Krate::DSP::detail::isFinite(aOn) )
with expansion:
  true
with message:
  richness 0.7, N_user 18, on active 18, off active 18, on live 1, off live 0,
  reserveBase 12

F:\projects\iterum\dsp\tests\unit\systems\vorago_voice_test.cpp(4416): PASSED:
  REQUIRE( Krate::DSP::detail::isFinite(aOff) )
with expansion:
  true
with message:
  richness 0.7, N_user 18, on active 18, off active 18, on live 1, off live 0,
  reserveBase 12

F:\projects\iterum\dsp\tests\unit\systems\vorago_voice_test.cpp(4417): PASSED:
  REQUIRE( aOn > 0.0f )
with expansion:
  0.04753f > 0.0f
with message:
  richness 0.7, N_user 18, on active 18, off active 18, on live 1, off live 0,
  reserveBase 12

F:\projects\iterum\dsp\tests\unit\systems\vorago_voice_test.cpp(4418): PASSED:
  REQUIRE( aOff > 0.0f )
with expansion:
  0.04755f > 0.0f
with message:
  richness 0.7, N_user 18, on active 18, off active 18, on live 1, off live 0,
  reserveBase 12

    [bloom audible] richness 0.70 slot 3: on 0.0475295 off 0.0475486, drop -0.003 dB at kBloomChildGain 0.350
F:\projects\iterum\dsp\tests\unit\systems\vorago_voice_test.cpp(4437): PASSED:
  REQUIRE( std::abs(devDb) <= kToleranceDb )
with expansion:
  0.0000036404 <= 0.5
with messages:
  richness 0.7, N_user 18, on active 18, off active 18, on live 1, off live 0,
  reserveBase 12
  slot 3: on 0.0475295 (ratio 0.0703672), off 0.0475486 (ratio 0.0703672),
  deviation 3.64035e-06 dB

F:\projects\iterum\dsp\tests\unit\systems\vorago_voice_test.cpp(4415): PASSED:
  REQUIRE( Krate::DSP::detail::isFinite(aOn) )
with expansion:
  true
with message:
  richness 0.7, N_user 18, on active 18, off active 18, on live 1, off live 0,
  reserveBase 12

F:\projects\iterum\dsp\tests\unit\systems\vorago_voice_test.cpp(4416): PASSED:
  REQUIRE( Krate::DSP::detail::isFinite(aOff) )
with expansion:
  true
with message:
  richness 0.7, N_user 18, on active 18, off active 18, on live 1, off live 0,
  reserveBase 12

F:\projects\iterum\dsp\tests\unit\systems\vorago_voice_test.cpp(4417): PASSED:
  REQUIRE( aOn > 0.0f )
with expansion:
  0.031f > 0.0f
with message:
  richness 0.7, N_user 18, on active 18, off active 18, on live 1, off live 0,
  reserveBase 12

F:\projects\iterum\dsp\tests\unit\systems\vorago_voice_test.cpp(4418): PASSED:
  REQUIRE( aOff > 0.0f )
with expansion:
  0.03101f > 0.0f
with message:
  richness 0.7, N_user 18, on active 18, off active 18, on live 1, off live 0,
  reserveBase 12

    [bloom audible] richness 0.70 slot 4: on 0.0310026 off 0.031015, drop -0.003 dB at kBloomChildGain 0.350
F:\projects\iterum\dsp\tests\unit\systems\vorago_voice_test.cpp(4437): PASSED:
  REQUIRE( std::abs(devDb) <= kToleranceDb )
with expansion:
  0.0000129183 <= 0.5
with messages:
  richness 0.7, N_user 18, on active 18, off active 18, on live 1, off live 0,
  reserveBase 12
  slot 4: on 0.0310026 (ratio 0.0458992), off 0.031015 (ratio 0.0458991),
  deviation 1.29183e-05 dB

F:\projects\iterum\dsp\tests\unit\systems\vorago_voice_test.cpp(4415): PASSED:
  REQUIRE( Krate::DSP::detail::isFinite(aOn) )
with expansion:
  true
with message:
  richness 0.7, N_user 18, on active 18, off active 18, on live 1, off live 0,
  reserveBase 12

F:\projects\iterum\dsp\tests\unit\systems\vorago_voice_test.cpp(4416): PASSED:
  REQUIRE( Krate::DSP::detail::isFinite(aOff) )
with expansion:
  true
with message:
  richness 0.7, N_user 18, on active 18, off active 18, on live 1, off live 0,
  reserveBase 12

F:\projects\iterum\dsp\tests\unit\systems\vorago_voice_test.cpp(4417): PASSED:
  REQUIRE( aOn > 0.0f )
with expansion:
  0.02187f > 0.0f
with message:
  richness 0.7, N_user 18, on active 18, off active 18, on live 1, off live 0,
  reserveBase 12

F:\projects\iterum\dsp\tests\unit\systems\vorago_voice_test.cpp(4418): PASSED:
  REQUIRE( aOff > 0.0f )
with expansion:
  0.02187f > 0.0f
with message:
  richness 0.7, N_user 18, on active 18, off active 18, on live 1, off live 0,
  reserveBase 12

    [bloom audible] richness 0.70 slot 5: on 0.0218652 off 0.0218739, drop -0.003 dB at kBloomChildGain 0.350
F:\projects\iterum\dsp\tests\unit\systems\vorago_voice_test.cpp(4437): PASSED:
  REQUIRE( std::abs(devDb) <= kToleranceDb )
with expansion:
  0.000002855 <= 0.5
with messages:
  richness 0.7, N_user 18, on active 18, off active 18, on live 1, off live 0,
  reserveBase 12
  slot 5: on 0.0218652 (ratio 0.0323713), off 0.0218739 (ratio 0.0323712),
  deviation 2.855e-06 dB

F:\projects\iterum\dsp\tests\unit\systems\vorago_voice_test.cpp(4415): PASSED:
  REQUIRE( Krate::DSP::detail::isFinite(aOn) )
with expansion:
  true
with message:
  richness 0.7, N_user 18, on active 18, off active 18, on live 1, off live 0,
  reserveBase 12

F:\projects\iterum\dsp\tests\unit\systems\vorago_voice_test.cpp(4416): PASSED:
  REQUIRE( Krate::DSP::detail::isFinite(aOff) )
with expansion:
  true
with message:
  richness 0.7, N_user 18, on active 18, off active 18, on live 1, off live 0,
  reserveBase 12

F:\projects\iterum\dsp\tests\unit\systems\vorago_voice_test.cpp(4417): PASSED:
  REQUIRE( aOn > 0.0f )
with expansion:
  0.01627f > 0.0f
with message:
  richness 0.7, N_user 18, on active 18, off active 18, on live 1, off live 0,
  reserveBase 12

F:\projects\iterum\dsp\tests\unit\systems\vorago_voice_test.cpp(4418): PASSED:
  REQUIRE( aOff > 0.0f )
with expansion:
  0.01628f > 0.0f
with message:
  richness 0.7, N_user 18, on active 18, off active 18, on live 1, off live 0,
  reserveBase 12

    [bloom audible] richness 0.70 slot 6: on 0.0162743 off 0.0162809, drop -0.003 dB at kBloomChildGain 0.350
F:\projects\iterum\dsp\tests\unit\systems\vorago_voice_test.cpp(4437): PASSED:
  REQUIRE( std::abs(devDb) <= kToleranceDb )
with expansion:
  0.0000162805 <= 0.5
with messages:
  richness 0.7, N_user 18, on active 18, off active 18, on live 1, off live 0,
  reserveBase 12
  slot 6: on 0.0162743 (ratio 0.0240941), off 0.0162809 (ratio 0.0240941),
  deviation -1.62805e-05 dB

F:\projects\iterum\dsp\tests\unit\systems\vorago_voice_test.cpp(4415): PASSED:
  REQUIRE( Krate::DSP::detail::isFinite(aOn) )
with expansion:
  true
with message:
  richness 0.7, N_user 18, on active 18, off active 18, on live 1, off live 0,
  reserveBase 12

F:\projects\iterum\dsp\tests\unit\systems\vorago_voice_test.cpp(4416): PASSED:
  REQUIRE( Krate::DSP::detail::isFinite(aOff) )
with expansion:
  true
with message:
  richness 0.7, N_user 18, on active 18, off active 18, on live 1, off live 0,
  reserveBase 12

F:\projects\iterum\dsp\tests\unit\systems\vorago_voice_test.cpp(4417): PASSED:
  REQUIRE( aOn > 0.0f )
with expansion:
  0.0126f > 0.0f
with message:
  richness 0.7, N_user 18, on active 18, off active 18, on live 1, off live 0,
  reserveBase 12

F:\projects\iterum\dsp\tests\unit\systems\vorago_voice_test.cpp(4418): PASSED:
  REQUIRE( aOff > 0.0f )
with expansion:
  0.0126f > 0.0f
with message:
  richness 0.7, N_user 18, on active 18, off active 18, on live 1, off live 0,
  reserveBase 12

    [bloom audible] richness 0.70 slot 7: on 0.0125998 off 0.0126049, drop -0.003 dB at kBloomChildGain 0.350
F:\projects\iterum\dsp\tests\unit\systems\vorago_voice_test.cpp(4437): PASSED:
  REQUIRE( std::abs(devDb) <= kToleranceDb )
with expansion:
  0.0000057208 <= 0.5
with messages:
  richness 0.7, N_user 18, on active 18, off active 18, on live 1, off live 0,
  reserveBase 12
  slot 7: on 0.0125998 (ratio 0.018654), off 0.0126049 (ratio 0.018654),
  deviation 5.72084e-06 dB

F:\projects\iterum\dsp\tests\unit\systems\vorago_voice_test.cpp(4367): PASSED:
  REQUIRE( on->getRichness() == r )
with expansion:
  1.0f == 1.0f
with message:
  richness 1, N_user 64, on active 64, off active 64, on live 1, off live 0,
  reserveBase 58

F:\projects\iterum\dsp\tests\unit\systems\vorago_voice_test.cpp(4368): PASSED:
  REQUIRE( off->getRichness() == r )
with expansion:
  1.0f == 1.0f
with message:
  richness 1, N_user 64, on active 64, off active 64, on live 1, off live 0,
  reserveBase 58

F:\projects\iterum\dsp\tests\unit\systems\vorago_voice_test.cpp(4383): PASSED:
  REQUIRE( Krate::DSP::detail::isFinite(childAmp) )
with expansion:
  true
with message:
  richness 1, N_user 64, on active 64, off active 64, on live 1, off live 0,
  reserveBase 58

F:\projects\iterum\dsp\tests\unit\systems\vorago_voice_test.cpp(4390): PASSED:
  REQUIRE( slot < active )
with expansion:
  58 < 64
with messages:
  richness 1, N_user 64, on active 64, off active 64, on live 1, off live 0,
  reserveBase 58
  child 0: slot 58, parent 2, childAmp 0.644308, active 64

F:\projects\iterum\dsp\tests\unit\systems\vorago_voice_test.cpp(4392): PASSED:
  REQUIRE( Krate::DSP::detail::isFinite(cloudAmp) )
with expansion:
  true
with messages:
  richness 1, N_user 64, on active 64, off active 64, on live 1, off live 0,
  reserveBase 58
  child 0: slot 58, parent 2, childAmp 0.644308, active 64

F:\projects\iterum\dsp\tests\unit\systems\vorago_voice_test.cpp(4394): PASSED:
  REQUIRE( cloudAmp > BloomEngine::kSilentParentAmplitude )
with expansion:
  0.02545f > 0.00001f
with messages:
  richness 1, N_user 64, on active 64, off active 64, on live 1, off live 0,
  reserveBase 58
  child 0: slot 58, parent 2, childAmp 0.644308, active 64
  cloud amplitude at slot 58: 0.0254503

  [bloom audible] richness 1.00: N_user 64, active 64, children passing the filter 1
F:\projects\iterum\dsp\tests\unit\systems\vorago_voice_test.cpp(4401): PASSED:
  REQUIRE( passingFilterCount >= 1u )
with expansion:
  1 >= 1
with message:
  richness 1, N_user 64, on active 64, off active 64, on live 1, off live 0,
  reserveBase 58

F:\projects\iterum\dsp\tests\unit\systems\vorago_voice_test.cpp(4406): PASSED:
  REQUIRE( Krate::DSP::detail::isFinite(aOn0) )
with expansion:
  true
with message:
  richness 1, N_user 64, on active 64, off active 64, on live 1, off live 0,
  reserveBase 58

F:\projects\iterum\dsp\tests\unit\systems\vorago_voice_test.cpp(4407): PASSED:
  REQUIRE( Krate::DSP::detail::isFinite(aOff0) )
with expansion:
  true
with message:
  richness 1, N_user 64, on active 64, off active 64, on live 1, off live 0,
  reserveBase 58

F:\projects\iterum\dsp\tests\unit\systems\vorago_voice_test.cpp(4408): PASSED:
  REQUIRE( aOn0 > BloomEngine::kSilentParentAmplitude )
with expansion:
  0.59421f > 0.00001f
with message:
  richness 1, N_user 64, on active 64, off active 64, on live 1, off live 0,
  reserveBase 58

F:\projects\iterum\dsp\tests\unit\systems\vorago_voice_test.cpp(4409): PASSED:
  REQUIRE( aOff0 > BloomEngine::kSilentParentAmplitude )
with expansion:
  0.59454f > 0.00001f
with message:
  richness 1, N_user 64, on active 64, off active 64, on live 1, off live 0,
  reserveBase 58

F:\projects\iterum\dsp\tests\unit\systems\vorago_voice_test.cpp(4415): PASSED:
  REQUIRE( Krate::DSP::detail::isFinite(aOn) )
with expansion:
  true
with message:
  richness 1, N_user 64, on active 64, off active 64, on live 1, off live 0,
  reserveBase 58

F:\projects\iterum\dsp\tests\unit\systems\vorago_voice_test.cpp(4416): PASSED:
  REQUIRE( Krate::DSP::detail::isFinite(aOff) )
with expansion:
  true
with message:
  richness 1, N_user 64, on active 64, off active 64, on live 1, off live 0,
  reserveBase 58

F:\projects\iterum\dsp\tests\unit\systems\vorago_voice_test.cpp(4417): PASSED:
  REQUIRE( aOn > 0.0f )
with expansion:
  0.59421f > 0.0f
with message:
  richness 1, N_user 64, on active 64, off active 64, on live 1, off live 0,
  reserveBase 58

F:\projects\iterum\dsp\tests\unit\systems\vorago_voice_test.cpp(4418): PASSED:
  REQUIRE( aOff > 0.0f )
with expansion:
  0.59454f > 0.0f
with message:
  richness 1, N_user 64, on active 64, off active 64, on live 1, off live 0,
  reserveBase 58

    [bloom audible] richness 1.00 slot 0: on 0.594215 off 0.594543, drop -0.005 dB at kBloomChildGain 0.350
F:\projects\iterum\dsp\tests\unit\systems\vorago_voice_test.cpp(4437): PASSED:
  REQUIRE( std::abs(devDb) <= kToleranceDb )
with expansion:
  0.0 <= 0.5
with messages:
  richness 1, N_user 64, on active 64, off active 64, on live 1, off live 0,
  reserveBase 58
  slot 0: on 0.594215 (ratio 1), off 0.594543 (ratio 1), deviation 0 dB

F:\projects\iterum\dsp\tests\unit\systems\vorago_voice_test.cpp(4415): PASSED:
  REQUIRE( Krate::DSP::detail::isFinite(aOn) )
with expansion:
  true
with message:
  richness 1, N_user 64, on active 64, off active 64, on live 1, off live 0,
  reserveBase 58

F:\projects\iterum\dsp\tests\unit\systems\vorago_voice_test.cpp(4416): PASSED:
  REQUIRE( Krate::DSP::detail::isFinite(aOff) )
with expansion:
  true
with message:
  richness 1, N_user 64, on active 64, off active 64, on live 1, off live 0,
  reserveBase 58

F:\projects\iterum\dsp\tests\unit\systems\vorago_voice_test.cpp(4417): PASSED:
  REQUIRE( aOn > 0.0f )
with expansion:
  0.26511f > 0.0f
with message:
  richness 1, N_user 64, on active 64, off active 64, on live 1, off live 0,
  reserveBase 58

F:\projects\iterum\dsp\tests\unit\systems\vorago_voice_test.cpp(4418): PASSED:
  REQUIRE( aOff > 0.0f )
with expansion:
  0.26525f > 0.0f
with message:
  richness 1, N_user 64, on active 64, off active 64, on live 1, off live 0,
  reserveBase 58

    [bloom audible] richness 1.00 slot 1: on 0.265106 off 0.265252, drop -0.005 dB at kBloomChildGain 0.350
F:\projects\iterum\dsp\tests\unit\systems\vorago_voice_test.cpp(4437): PASSED:
  REQUIRE( std::abs(devDb) <= kToleranceDb )
with expansion:
  0.0000002604 <= 0.5
with messages:
  richness 1, N_user 64, on active 64, off active 64, on live 1, off live 0,
  reserveBase 58
  slot 1: on 0.265106 (ratio 0.446145), off 0.265252 (ratio 0.446145),
  deviation -2.60447e-07 dB

F:\projects\iterum\dsp\tests\unit\systems\vorago_voice_test.cpp(4415): PASSED:
  REQUIRE( Krate::DSP::detail::isFinite(aOn) )
with expansion:
  true
with message:
  richness 1, N_user 64, on active 64, off active 64, on live 1, off live 0,
  reserveBase 58

F:\projects\iterum\dsp\tests\unit\systems\vorago_voice_test.cpp(4416): PASSED:
  REQUIRE( Krate::DSP::detail::isFinite(aOff) )
with expansion:
  true
with message:
  richness 1, N_user 64, on active 64, off active 64, on live 1, off live 0,
  reserveBase 58

F:\projects\iterum\dsp\tests\unit\systems\vorago_voice_test.cpp(4417): PASSED:
  REQUIRE( aOn > 0.0f )
with expansion:
  0.16533f > 0.0f
with message:
  richness 1, N_user 64, on active 64, off active 64, on live 1, off live 0,
  reserveBase 58

F:\projects\iterum\dsp\tests\unit\systems\vorago_voice_test.cpp(4418): PASSED:
  REQUIRE( aOff > 0.0f )
with expansion:
  0.16543f > 0.0f
with message:
  richness 1, N_user 64, on active 64, off active 64, on live 1, off live 0,
  reserveBase 58

    [bloom audible] richness 1.00 slot 2 (latched parent): on 0.165335 off 0.165426, drop -0.005 dB at kBloomChildGain 0.350
F:\projects\iterum\dsp\tests\unit\systems\vorago_voice_test.cpp(4415): PASSED:
  REQUIRE( Krate::DSP::detail::isFinite(aOn) )
with expansion:
  true
with message:
  richness 1, N_user 64, on active 64, off active 64, on live 1, off live 0,
  reserveBase 58

F:\projects\iterum\dsp\tests\unit\systems\vorago_voice_test.cpp(4416): PASSED:
  REQUIRE( Krate::DSP::detail::isFinite(aOff) )
with expansion:
  true
with message:
  richness 1, N_user 64, on active 64, off active 64, on live 1, off live 0,
  reserveBase 58

F:\projects\iterum\dsp\tests\unit\systems\vorago_voice_test.cpp(4417): PASSED:
  REQUIRE( aOn > 0.0f )
with expansion:
  0.11827f > 0.0f
with message:
  richness 1, N_user 64, on active 64, off active 64, on live 1, off live 0,
  reserveBase 58

F:\projects\iterum\dsp\tests\unit\systems\vorago_voice_test.cpp(4418): PASSED:
  REQUIRE( aOff > 0.0f )
with expansion:
  0.11833f > 0.0f
with message:
  richness 1, N_user 64, on active 64, off active 64, on live 1, off live 0,
  reserveBase 58

    [bloom audible] richness 1.00 slot 3: on 0.118266 off 0.118331, drop -0.005 dB at kBloomChildGain 0.350
F:\projects\iterum\dsp\tests\unit\systems\vorago_voice_test.cpp(4437): PASSED:
  REQUIRE( std::abs(devDb) <= kToleranceDb )
with expansion:
  0.0000114802 <= 0.5
with messages:
  richness 1, N_user 64, on active 64, off active 64, on live 1, off live 0,
  reserveBase 58
  slot 3: on 0.118266 (ratio 0.199028), off 0.118331 (ratio 0.199028),
  deviation 1.14802e-05 dB

F:\projects\iterum\dsp\tests\unit\systems\vorago_voice_test.cpp(4415): PASSED:
  REQUIRE( Krate::DSP::detail::isFinite(aOn) )
with expansion:
  true
with message:
  richness 1, N_user 64, on active 64, off active 64, on live 1, off live 0,
  reserveBase 58

F:\projects\iterum\dsp\tests\unit\systems\vorago_voice_test.cpp(4416): PASSED:
  REQUIRE( Krate::DSP::detail::isFinite(aOff) )
with expansion:
  true
with message:
  richness 1, N_user 64, on active 64, off active 64, on live 1, off live 0,
  reserveBase 58

F:\projects\iterum\dsp\tests\unit\systems\vorago_voice_test.cpp(4417): PASSED:
  REQUIRE( aOn > 0.0f )
with expansion:
  0.0912f > 0.0f
with message:
  richness 1, N_user 64, on active 64, off active 64, on live 1, off live 0,
  reserveBase 58

F:\projects\iterum\dsp\tests\unit\systems\vorago_voice_test.cpp(4418): PASSED:
  REQUIRE( aOff > 0.0f )
with expansion:
  0.09125f > 0.0f
with message:
  richness 1, N_user 64, on active 64, off active 64, on live 1, off live 0,
  reserveBase 58

    [bloom audible] richness 1.00 slot 4: on 0.0911959 off 0.0912463, drop -0.005 dB at kBloomChildGain 0.350
F:\projects\iterum\dsp\tests\unit\systems\vorago_voice_test.cpp(4437): PASSED:
  REQUIRE( std::abs(devDb) <= kToleranceDb )
with expansion:
  0.0000047083 <= 0.5
with messages:
  richness 1, N_user 64, on active 64, off active 64, on live 1, off live 0,
  reserveBase 58
  slot 4: on 0.0911959 (ratio 0.153473), off 0.0912463 (ratio 0.153473),
  deviation 4.70827e-06 dB

F:\projects\iterum\dsp\tests\unit\systems\vorago_voice_test.cpp(4415): PASSED:
  REQUIRE( Krate::DSP::detail::isFinite(aOn) )
with expansion:
  true
with message:
  richness 1, N_user 64, on active 64, off active 64, on live 1, off live 0,
  reserveBase 58

F:\projects\iterum\dsp\tests\unit\systems\vorago_voice_test.cpp(4416): PASSED:
  REQUIRE( Krate::DSP::detail::isFinite(aOff) )
with expansion:
  true
with message:
  richness 1, N_user 64, on active 64, off active 64, on live 1, off live 0,
  reserveBase 58

F:\projects\iterum\dsp\tests\unit\systems\vorago_voice_test.cpp(4417): PASSED:
  REQUIRE( aOn > 0.0f )
with expansion:
  0.07374f > 0.0f
with message:
  richness 1, N_user 64, on active 64, off active 64, on live 1, off live 0,
  reserveBase 58

F:\projects\iterum\dsp\tests\unit\systems\vorago_voice_test.cpp(4418): PASSED:
  REQUIRE( aOff > 0.0f )
with expansion:
  0.07378f > 0.0f
with message:
  richness 1, N_user 64, on active 64, off active 64, on live 1, off live 0,
  reserveBase 58

    [bloom audible] richness 1.00 slot 5: on 0.0737422 off 0.073783, drop -0.005 dB at kBloomChildGain 0.350
F:\projects\iterum\dsp\tests\unit\systems\vorago_voice_test.cpp(4437): PASSED:
  REQUIRE( std::abs(devDb) <= kToleranceDb )
with expansion:
  0.0000003137 <= 0.5
with messages:
  richness 1, N_user 64, on active 64, off active 64, on live 1, off live 0,
  reserveBase 58
  slot 5: on 0.0737422 (ratio 0.1241), off 0.073783 (ratio 0.1241), deviation
  3.13749e-07 dB

F:\projects\iterum\dsp\tests\unit\systems\vorago_voice_test.cpp(4415): PASSED:
  REQUIRE( Krate::DSP::detail::isFinite(aOn) )
with expansion:
  true
with message:
  richness 1, N_user 64, on active 64, off active 64, on live 1, off live 0,
  reserveBase 58

F:\projects\iterum\dsp\tests\unit\systems\vorago_voice_test.cpp(4416): PASSED:
  REQUIRE( Krate::DSP::detail::isFinite(aOff) )
with expansion:
  true
with message:
  richness 1, N_user 64, on active 64, off active 64, on live 1, off live 0,
  reserveBase 58

F:\projects\iterum\dsp\tests\unit\systems\vorago_voice_test.cpp(4417): PASSED:
  REQUIRE( aOn > 0.0f )
with expansion:
  0.06161f > 0.0f
with message:
  richness 1, N_user 64, on active 64, off active 64, on live 1, off live 0,
  reserveBase 58

F:\projects\iterum\dsp\tests\unit\systems\vorago_voice_test.cpp(4418): PASSED:
  REQUIRE( aOff > 0.0f )
with expansion:
  0.06165f > 0.0f
with message:
  richness 1, N_user 64, on active 64, off active 64, on live 1, off live 0,
  reserveBase 58

    [bloom audible] richness 1.00 slot 6: on 0.0616137 off 0.0616476, drop -0.005 dB at kBloomChildGain 0.350
F:\projects\iterum\dsp\tests\unit\systems\vorago_voice_test.cpp(4437): PASSED:
  REQUIRE( std::abs(devDb) <= kToleranceDb )
with expansion:
  0.0000136106 <= 0.5
with messages:
  richness 1, N_user 64, on active 64, off active 64, on live 1, off live 0,
  reserveBase 58
  slot 6: on 0.0616137 (ratio 0.103689), off 0.0616476 (ratio 0.103689),
  deviation 1.36106e-05 dB

F:\projects\iterum\dsp\tests\unit\systems\vorago_voice_test.cpp(4415): PASSED:
  REQUIRE( Krate::DSP::detail::isFinite(aOn) )
with expansion:
  true
with message:
  richness 1, N_user 64, on active 64, off active 64, on live 1, off live 0,
  reserveBase 58

F:\projects\iterum\dsp\tests\unit\systems\vorago_voice_test.cpp(4416): PASSED:
  REQUIRE( Krate::DSP::detail::isFinite(aOff) )
with expansion:
  true
with message:
  richness 1, N_user 64, on active 64, off active 64, on live 1, off live 0,
  reserveBase 58

F:\projects\iterum\dsp\tests\unit\systems\vorago_voice_test.cpp(4417): PASSED:
  REQUIRE( aOn > 0.0f )
with expansion:
  0.05273f > 0.0f
with message:
  richness 1, N_user 64, on active 64, off active 64, on live 1, off live 0,
  reserveBase 58

F:\projects\iterum\dsp\tests\unit\systems\vorago_voice_test.cpp(4418): PASSED:
  REQUIRE( aOff > 0.0f )
with expansion:
  0.05276f > 0.0f
with message:
  richness 1, N_user 64, on active 64, off active 64, on live 1, off live 0,
  reserveBase 58

    [bloom audible] richness 1.00 slot 7: on 0.052727 off 0.052756, drop -0.005 dB at kBloomChildGain 0.350
F:\projects\iterum\dsp\tests\unit\systems\vorago_voice_test.cpp(4437): PASSED:
  REQUIRE( std::abs(devDb) <= kToleranceDb )
with expansion:
  0.0000097765 <= 0.5
with messages:
  richness 1, N_user 64, on active 64, off active 64, on live 1, off live 0,
  reserveBase 58
  slot 7: on 0.052727 (ratio 0.0887339), off 0.052756 (ratio 0.0887338),
  deviation 9.77646e-06 dB

===============================================================================
All tests passed (182 assertions in 1 test case)

exit=0 END 2026-10-01 21:31:00
