START 2026-10-01 21:48:15 sentinel VoragoVoice_BloomChildrenAudible -s at compiled kBloomChildGain 0.50 (exe 2026-10-01 21:48:13)
Filters: "VoragoVoice_BloomChildrenAudible"
Randomness seeded to: 2502430347

~~~~~~~~~~~~~~~~~~~~~~~~~~~~~~~~~~~~~~~~~~~~~~~~~~~~~~~~~~~~~~~~~~~~~~~~~~~~~~~
dsp_systems_tests.exe is a Catch2 v3.4.0 host application.
Run with -? for options

-------------------------------------------------------------------------------
VoragoVoice_BloomChildrenAudible
-------------------------------------------------------------------------------
F:\projects\iterum\dsp\tests\unit\systems\vorago_voice_test.cpp(4309)
...............................................................................

F:\projects\iterum\dsp\tests\unit\systems\vorago_voice_test.cpp(4324): PASSED:
  REQUIRE( on->getBloomDepth() > 0.0f )
with expansion:
  0.6f > 0.0f

F:\projects\iterum\dsp\tests\unit\systems\vorago_voice_test.cpp(4325): PASSED:
  REQUIRE( bOn.getChildGain() == VoragoVoice::kBloomChildGain )
with expansion:
  0.5f == 0.5f

F:\projects\iterum\dsp\tests\unit\systems\vorago_voice_test.cpp(4367): PASSED:
  REQUIRE( on->getRichness() == r )
with expansion:
  0.0f == 0.0f
with message:
  richness 0, N_user 1, on active 14, off active 14, on live 1, off live 0,
  reserveBase 8

F:\projects\iterum\dsp\tests\unit\systems\vorago_voice_test.cpp(4368): PASSED:
  REQUIRE( off->getRichness() == r )
with expansion:
  0.0f == 0.0f
with message:
  richness 0, N_user 1, on active 14, off active 14, on live 1, off live 0,
  reserveBase 8

F:\projects\iterum\dsp\tests\unit\systems\vorago_voice_test.cpp(4383): PASSED:
  REQUIRE( Krate::DSP::detail::isFinite(childAmp) )
with expansion:
  true
with message:
  richness 0, N_user 1, on active 14, off active 14, on live 1, off live 0,
  reserveBase 8

F:\projects\iterum\dsp\tests\unit\systems\vorago_voice_test.cpp(4390): PASSED:
  REQUIRE( slot < active )
with expansion:
  8 < 14
with messages:
  richness 0, N_user 1, on active 14, off active 14, on live 1, off live 0,
  reserveBase 8
  child 0: slot 8, parent 0, childAmp 0.457102, active 14

F:\projects\iterum\dsp\tests\unit\systems\vorago_voice_test.cpp(4392): PASSED:
  REQUIRE( Krate::DSP::detail::isFinite(cloudAmp) )
with expansion:
  true
with messages:
  richness 0, N_user 1, on active 14, off active 14, on live 1, off live 0,
  reserveBase 8
  child 0: slot 8, parent 0, childAmp 0.457102, active 14

F:\projects\iterum\dsp\tests\unit\systems\vorago_voice_test.cpp(4394): PASSED:
  REQUIRE( cloudAmp > BloomEngine::kSilentParentAmplitude )
with expansion:
  0.07506f > 0.00001f
with messages:
  richness 0, N_user 1, on active 14, off active 14, on live 1, off live 0,
  reserveBase 8
  child 0: slot 8, parent 0, childAmp 0.457102, active 14
  cloud amplitude at slot 8: 0.0750645

  [bloom audible] richness 0.00: N_user 1, active 14, children passing the filter 1
F:\projects\iterum\dsp\tests\unit\systems\vorago_voice_test.cpp(4401): PASSED:
  REQUIRE( passingFilterCount >= 1u )
with expansion:
  1 >= 1
with message:
  richness 0, N_user 1, on active 14, off active 14, on live 1, off live 0,
  reserveBase 8

F:\projects\iterum\dsp\tests\unit\systems\vorago_voice_test.cpp(4406): PASSED:
  REQUIRE( Krate::DSP::detail::isFinite(aOn0) )
with expansion:
  true
with message:
  richness 0, N_user 1, on active 14, off active 14, on live 1, off live 0,
  reserveBase 8

F:\projects\iterum\dsp\tests\unit\systems\vorago_voice_test.cpp(4407): PASSED:
  REQUIRE( Krate::DSP::detail::isFinite(aOff0) )
with expansion:
  true
with message:
  richness 0, N_user 1, on active 14, off active 14, on live 1, off live 0,
  reserveBase 8

F:\projects\iterum\dsp\tests\unit\systems\vorago_voice_test.cpp(4408): PASSED:
  REQUIRE( aOn0 > BloomEngine::kSilentParentAmplitude )
with expansion:
  0.70295f > 0.00001f
with message:
  richness 0, N_user 1, on active 14, off active 14, on live 1, off live 0,
  reserveBase 8

F:\projects\iterum\dsp\tests\unit\systems\vorago_voice_test.cpp(4409): PASSED:
  REQUIRE( aOff0 > BloomEngine::kSilentParentAmplitude )
with expansion:
  0.7071f > 0.00001f
with message:
  richness 0, N_user 1, on active 14, off active 14, on live 1, off live 0,
  reserveBase 8

F:\projects\iterum\dsp\tests\unit\systems\vorago_voice_test.cpp(4415): PASSED:
  REQUIRE( Krate::DSP::detail::isFinite(aOn) )
with expansion:
  true
with message:
  richness 0, N_user 1, on active 14, off active 14, on live 1, off live 0,
  reserveBase 8

F:\projects\iterum\dsp\tests\unit\systems\vorago_voice_test.cpp(4416): PASSED:
  REQUIRE( Krate::DSP::detail::isFinite(aOff) )
with expansion:
  true
with message:
  richness 0, N_user 1, on active 14, off active 14, on live 1, off live 0,
  reserveBase 8

F:\projects\iterum\dsp\tests\unit\systems\vorago_voice_test.cpp(4417): PASSED:
  REQUIRE( aOn > 0.0f )
with expansion:
  0.70295f > 0.0f
with message:
  richness 0, N_user 1, on active 14, off active 14, on live 1, off live 0,
  reserveBase 8

F:\projects\iterum\dsp\tests\unit\systems\vorago_voice_test.cpp(4418): PASSED:
  REQUIRE( aOff > 0.0f )
with expansion:
  0.7071f > 0.0f
with message:
  richness 0, N_user 1, on active 14, off active 14, on live 1, off live 0,
  reserveBase 8

    [bloom audible] richness 0.00 slot 0 (latched parent): on 0.70295 off 0.707099, drop -0.051 dB at kBloomChildGain 0.500
F:\projects\iterum\dsp\tests\unit\systems\vorago_voice_test.cpp(4367): PASSED:
  REQUIRE( on->getRichness() == r )
with expansion:
  0.35f == 0.35f
with message:
  richness 0.35, N_user 4, on active 14, off active 14, on live 1, off live 0,
  reserveBase 8

F:\projects\iterum\dsp\tests\unit\systems\vorago_voice_test.cpp(4368): PASSED:
  REQUIRE( off->getRichness() == r )
with expansion:
  0.35f == 0.35f
with message:
  richness 0.35, N_user 4, on active 14, off active 14, on live 1, off live 0,
  reserveBase 8

F:\projects\iterum\dsp\tests\unit\systems\vorago_voice_test.cpp(4383): PASSED:
  REQUIRE( Krate::DSP::detail::isFinite(childAmp) )
with expansion:
  true
with message:
  richness 0.35, N_user 4, on active 14, off active 14, on live 1, off live 0,
  reserveBase 8

F:\projects\iterum\dsp\tests\unit\systems\vorago_voice_test.cpp(4390): PASSED:
  REQUIRE( slot < active )
with expansion:
  9 < 14
with messages:
  richness 0.35, N_user 4, on active 14, off active 14, on live 1, off live 0,
  reserveBase 8
  child 1: slot 9, parent 0, childAmp 0.490245, active 14

F:\projects\iterum\dsp\tests\unit\systems\vorago_voice_test.cpp(4392): PASSED:
  REQUIRE( Krate::DSP::detail::isFinite(cloudAmp) )
with expansion:
  true
with messages:
  richness 0.35, N_user 4, on active 14, off active 14, on live 1, off live 0,
  reserveBase 8
  child 1: slot 9, parent 0, childAmp 0.490245, active 14

F:\projects\iterum\dsp\tests\unit\systems\vorago_voice_test.cpp(4394): PASSED:
  REQUIRE( cloudAmp > BloomEngine::kSilentParentAmplitude )
with expansion:
  0.0742f > 0.00001f
with messages:
  richness 0.35, N_user 4, on active 14, off active 14, on live 1, off live 0,
  reserveBase 8
  child 1: slot 9, parent 0, childAmp 0.490245, active 14
  cloud amplitude at slot 9: 0.0742045

  [bloom audible] richness 0.35: N_user 4, active 14, children passing the filter 1
F:\projects\iterum\dsp\tests\unit\systems\vorago_voice_test.cpp(4401): PASSED:
  REQUIRE( passingFilterCount >= 1u )
with expansion:
  1 >= 1
with message:
  richness 0.35, N_user 4, on active 14, off active 14, on live 1, off live 0,
  reserveBase 8

F:\projects\iterum\dsp\tests\unit\systems\vorago_voice_test.cpp(4406): PASSED:
  REQUIRE( Krate::DSP::detail::isFinite(aOn0) )
with expansion:
  true
with message:
  richness 0.35, N_user 4, on active 14, off active 14, on live 1, off live 0,
  reserveBase 8

F:\projects\iterum\dsp\tests\unit\systems\vorago_voice_test.cpp(4407): PASSED:
  REQUIRE( Krate::DSP::detail::isFinite(aOff0) )
with expansion:
  true
with message:
  richness 0.35, N_user 4, on active 14, off active 14, on live 1, off live 0,
  reserveBase 8

F:\projects\iterum\dsp\tests\unit\systems\vorago_voice_test.cpp(4408): PASSED:
  REQUIRE( aOn0 > BloomEngine::kSilentParentAmplitude )
with expansion:
  0.69491f > 0.00001f
with message:
  richness 0.35, N_user 4, on active 14, off active 14, on live 1, off live 0,
  reserveBase 8

F:\projects\iterum\dsp\tests\unit\systems\vorago_voice_test.cpp(4409): PASSED:
  REQUIRE( aOff0 > BloomEngine::kSilentParentAmplitude )
with expansion:
  0.69893f > 0.00001f
with message:
  richness 0.35, N_user 4, on active 14, off active 14, on live 1, off live 0,
  reserveBase 8

F:\projects\iterum\dsp\tests\unit\systems\vorago_voice_test.cpp(4415): PASSED:
  REQUIRE( Krate::DSP::detail::isFinite(aOn) )
with expansion:
  true
with message:
  richness 0.35, N_user 4, on active 14, off active 14, on live 1, off live 0,
  reserveBase 8

F:\projects\iterum\dsp\tests\unit\systems\vorago_voice_test.cpp(4416): PASSED:
  REQUIRE( Krate::DSP::detail::isFinite(aOff) )
with expansion:
  true
with message:
  richness 0.35, N_user 4, on active 14, off active 14, on live 1, off live 0,
  reserveBase 8

F:\projects\iterum\dsp\tests\unit\systems\vorago_voice_test.cpp(4417): PASSED:
  REQUIRE( aOn > 0.0f )
with expansion:
  0.69491f > 0.0f
with message:
  richness 0.35, N_user 4, on active 14, off active 14, on live 1, off live 0,
  reserveBase 8

F:\projects\iterum\dsp\tests\unit\systems\vorago_voice_test.cpp(4418): PASSED:
  REQUIRE( aOff > 0.0f )
with expansion:
  0.69893f > 0.0f
with message:
  richness 0.35, N_user 4, on active 14, off active 14, on live 1, off live 0,
  reserveBase 8

    [bloom audible] richness 0.35 slot 0 (latched parent): on 0.694914 off 0.698927, drop -0.050 dB at kBloomChildGain 0.500
F:\projects\iterum\dsp\tests\unit\systems\vorago_voice_test.cpp(4415): PASSED:
  REQUIRE( Krate::DSP::detail::isFinite(aOn) )
with expansion:
  true
with message:
  richness 0.35, N_user 4, on active 14, off active 14, on live 1, off live 0,
  reserveBase 8

F:\projects\iterum\dsp\tests\unit\systems\vorago_voice_test.cpp(4416): PASSED:
  REQUIRE( Krate::DSP::detail::isFinite(aOff) )
with expansion:
  true
with message:
  richness 0.35, N_user 4, on active 14, off active 14, on live 1, off live 0,
  reserveBase 8

F:\projects\iterum\dsp\tests\unit\systems\vorago_voice_test.cpp(4417): PASSED:
  REQUIRE( aOn > 0.0f )
with expansion:
  0.10052f > 0.0f
with message:
  richness 0.35, N_user 4, on active 14, off active 14, on live 1, off live 0,
  reserveBase 8

F:\projects\iterum\dsp\tests\unit\systems\vorago_voice_test.cpp(4418): PASSED:
  REQUIRE( aOff > 0.0f )
with expansion:
  0.1011f > 0.0f
with message:
  richness 0.35, N_user 4, on active 14, off active 14, on live 1, off live 0,
  reserveBase 8

    [bloom audible] richness 0.35 slot 1: on 0.100515 off 0.101096, drop -0.050 dB at kBloomChildGain 0.500
F:\projects\iterum\dsp\tests\unit\systems\vorago_voice_test.cpp(4437): PASSED:
  REQUIRE( std::abs(devDb) <= kToleranceDb )
with expansion:
  0.0000051353 <= 0.5
with messages:
  richness 0.35, N_user 4, on active 14, off active 14, on live 1, off live 0,
  reserveBase 8
  slot 1: on 0.100515 (ratio 0.144645), off 0.101096 (ratio 0.144644),
  deviation 5.13527e-06 dB

F:\projects\iterum\dsp\tests\unit\systems\vorago_voice_test.cpp(4415): PASSED:
  REQUIRE( Krate::DSP::detail::isFinite(aOn) )
with expansion:
  true
with message:
  richness 0.35, N_user 4, on active 14, off active 14, on live 1, off live 0,
  reserveBase 8

F:\projects\iterum\dsp\tests\unit\systems\vorago_voice_test.cpp(4416): PASSED:
  REQUIRE( Krate::DSP::detail::isFinite(aOff) )
with expansion:
  true
with message:
  richness 0.35, N_user 4, on active 14, off active 14, on live 1, off live 0,
  reserveBase 8

F:\projects\iterum\dsp\tests\unit\systems\vorago_voice_test.cpp(4417): PASSED:
  REQUIRE( aOn > 0.0f )
with expansion:
  0.03244f > 0.0f
with message:
  richness 0.35, N_user 4, on active 14, off active 14, on live 1, off live 0,
  reserveBase 8

F:\projects\iterum\dsp\tests\unit\systems\vorago_voice_test.cpp(4418): PASSED:
  REQUIRE( aOff > 0.0f )
with expansion:
  0.03262f > 0.0f
with message:
  richness 0.35, N_user 4, on active 14, off active 14, on live 1, off live 0,
  reserveBase 8

    [bloom audible] richness 0.35 slot 2: on 0.0324361 off 0.0326235, drop -0.050 dB at kBloomChildGain 0.500
F:\projects\iterum\dsp\tests\unit\systems\vorago_voice_test.cpp(4437): PASSED:
  REQUIRE( std::abs(devDb) <= kToleranceDb )
with expansion:
  0.0000137219 <= 0.5
with messages:
  richness 0.35, N_user 4, on active 14, off active 14, on live 1, off live 0,
  reserveBase 8
  slot 2: on 0.0324361 (ratio 0.0466765), off 0.0326235 (ratio 0.0466766),
  deviation -1.37219e-05 dB

F:\projects\iterum\dsp\tests\unit\systems\vorago_voice_test.cpp(4415): PASSED:
  REQUIRE( Krate::DSP::detail::isFinite(aOn) )
with expansion:
  true
with message:
  richness 0.35, N_user 4, on active 14, off active 14, on live 1, off live 0,
  reserveBase 8

F:\projects\iterum\dsp\tests\unit\systems\vorago_voice_test.cpp(4416): PASSED:
  REQUIRE( Krate::DSP::detail::isFinite(aOff) )
with expansion:
  true
with message:
  richness 0.35, N_user 4, on active 14, off active 14, on live 1, off live 0,
  reserveBase 8

F:\projects\iterum\dsp\tests\unit\systems\vorago_voice_test.cpp(4417): PASSED:
  REQUIRE( aOn > 0.0f )
with expansion:
  0.01454f > 0.0f
with message:
  richness 0.35, N_user 4, on active 14, off active 14, on live 1, off live 0,
  reserveBase 8

F:\projects\iterum\dsp\tests\unit\systems\vorago_voice_test.cpp(4418): PASSED:
  REQUIRE( aOff > 0.0f )
with expansion:
  0.01462f > 0.0f
with message:
  richness 0.35, N_user 4, on active 14, off active 14, on live 1, off live 0,
  reserveBase 8

    [bloom audible] richness 0.35 slot 3: on 0.0145378 off 0.0146217, drop -0.050 dB at kBloomChildGain 0.500
F:\projects\iterum\dsp\tests\unit\systems\vorago_voice_test.cpp(4437): PASSED:
  REQUIRE( std::abs(devDb) <= kToleranceDb )
with expansion:
  0.000010198 <= 0.5
with messages:
  richness 0.35, N_user 4, on active 14, off active 14, on live 1, off live 0,
  reserveBase 8
  slot 3: on 0.0145378 (ratio 0.0209203), off 0.0146217 (ratio 0.0209203),
  deviation 1.0198e-05 dB

F:\projects\iterum\dsp\tests\unit\systems\vorago_voice_test.cpp(4367): PASSED:
  REQUIRE( on->getRichness() == r )
with expansion:
  0.4f == 0.4f
with message:
  richness 0.4, N_user 5, on active 14, off active 14, on live 1, off live 0,
  reserveBase 8

F:\projects\iterum\dsp\tests\unit\systems\vorago_voice_test.cpp(4368): PASSED:
  REQUIRE( off->getRichness() == r )
with expansion:
  0.4f == 0.4f
with message:
  richness 0.4, N_user 5, on active 14, off active 14, on live 1, off live 0,
  reserveBase 8

F:\projects\iterum\dsp\tests\unit\systems\vorago_voice_test.cpp(4383): PASSED:
  REQUIRE( Krate::DSP::detail::isFinite(childAmp) )
with expansion:
  true
with message:
  richness 0.4, N_user 5, on active 14, off active 14, on live 1, off live 0,
  reserveBase 8

F:\projects\iterum\dsp\tests\unit\systems\vorago_voice_test.cpp(4390): PASSED:
  REQUIRE( slot < active )
with expansion:
  10 < 14
with messages:
  richness 0.4, N_user 5, on active 14, off active 14, on live 1, off live 0,
  reserveBase 8
  child 0: slot 10, parent 2, childAmp 0.0580325, active 14

F:\projects\iterum\dsp\tests\unit\systems\vorago_voice_test.cpp(4392): PASSED:
  REQUIRE( Krate::DSP::detail::isFinite(cloudAmp) )
with expansion:
  true
with messages:
  richness 0.4, N_user 5, on active 14, off active 14, on live 1, off live 0,
  reserveBase 8
  child 0: slot 10, parent 2, childAmp 0.0580325, active 14

F:\projects\iterum\dsp\tests\unit\systems\vorago_voice_test.cpp(4394): PASSED:
  REQUIRE( cloudAmp > BloomEngine::kSilentParentAmplitude )
with expansion:
  0.00827f > 0.00001f
with messages:
  richness 0.4, N_user 5, on active 14, off active 14, on live 1, off live 0,
  reserveBase 8
  child 0: slot 10, parent 2, childAmp 0.0580325, active 14
  cloud amplitude at slot 10: 0.00826981

  [bloom audible] richness 0.40: N_user 5, active 14, children passing the filter 1
F:\projects\iterum\dsp\tests\unit\systems\vorago_voice_test.cpp(4401): PASSED:
  REQUIRE( passingFilterCount >= 1u )
with expansion:
  1 >= 1
with message:
  richness 0.4, N_user 5, on active 14, off active 14, on live 1, off live 0,
  reserveBase 8

F:\projects\iterum\dsp\tests\unit\systems\vorago_voice_test.cpp(4406): PASSED:
  REQUIRE( Krate::DSP::detail::isFinite(aOn0) )
with expansion:
  true
with message:
  richness 0.4, N_user 5, on active 14, off active 14, on live 1, off live 0,
  reserveBase 8

F:\projects\iterum\dsp\tests\unit\systems\vorago_voice_test.cpp(4407): PASSED:
  REQUIRE( Krate::DSP::detail::isFinite(aOff0) )
with expansion:
  true
with message:
  richness 0.4, N_user 5, on active 14, off active 14, on live 1, off live 0,
  reserveBase 8

F:\projects\iterum\dsp\tests\unit\systems\vorago_voice_test.cpp(4408): PASSED:
  REQUIRE( aOn0 > BloomEngine::kSilentParentAmplitude )
with expansion:
  0.69709f > 0.00001f
with message:
  richness 0.4, N_user 5, on active 14, off active 14, on live 1, off live 0,
  reserveBase 8

F:\projects\iterum\dsp\tests\unit\systems\vorago_voice_test.cpp(4409): PASSED:
  REQUIRE( aOff0 > BloomEngine::kSilentParentAmplitude )
with expansion:
  0.69722f > 0.00001f
with message:
  richness 0.4, N_user 5, on active 14, off active 14, on live 1, off live 0,
  reserveBase 8

F:\projects\iterum\dsp\tests\unit\systems\vorago_voice_test.cpp(4415): PASSED:
  REQUIRE( Krate::DSP::detail::isFinite(aOn) )
with expansion:
  true
with message:
  richness 0.4, N_user 5, on active 14, off active 14, on live 1, off live 0,
  reserveBase 8

F:\projects\iterum\dsp\tests\unit\systems\vorago_voice_test.cpp(4416): PASSED:
  REQUIRE( Krate::DSP::detail::isFinite(aOff) )
with expansion:
  true
with message:
  richness 0.4, N_user 5, on active 14, off active 14, on live 1, off live 0,
  reserveBase 8

F:\projects\iterum\dsp\tests\unit\systems\vorago_voice_test.cpp(4417): PASSED:
  REQUIRE( aOn > 0.0f )
with expansion:
  0.69709f > 0.0f
with message:
  richness 0.4, N_user 5, on active 14, off active 14, on live 1, off live 0,
  reserveBase 8

F:\projects\iterum\dsp\tests\unit\systems\vorago_voice_test.cpp(4418): PASSED:
  REQUIRE( aOff > 0.0f )
with expansion:
  0.69722f > 0.0f
with message:
  richness 0.4, N_user 5, on active 14, off active 14, on live 1, off live 0,
  reserveBase 8

    [bloom audible] richness 0.40 slot 0: on 0.697094 off 0.69722, drop -0.002 dB at kBloomChildGain 0.500
F:\projects\iterum\dsp\tests\unit\systems\vorago_voice_test.cpp(4437): PASSED:
  REQUIRE( std::abs(devDb) <= kToleranceDb )
with expansion:
  0.0 <= 0.5
with messages:
  richness 0.4, N_user 5, on active 14, off active 14, on live 1, off live 0,
  reserveBase 8
  slot 0: on 0.697094 (ratio 1), off 0.69722 (ratio 1), deviation 0 dB

F:\projects\iterum\dsp\tests\unit\systems\vorago_voice_test.cpp(4415): PASSED:
  REQUIRE( Krate::DSP::detail::isFinite(aOn) )
with expansion:
  true
with message:
  richness 0.4, N_user 5, on active 14, off active 14, on live 1, off live 0,
  reserveBase 8

F:\projects\iterum\dsp\tests\unit\systems\vorago_voice_test.cpp(4416): PASSED:
  REQUIRE( Krate::DSP::detail::isFinite(aOff) )
with expansion:
  true
with message:
  richness 0.4, N_user 5, on active 14, off active 14, on live 1, off live 0,
  reserveBase 8

F:\projects\iterum\dsp\tests\unit\systems\vorago_voice_test.cpp(4417): PASSED:
  REQUIRE( aOn > 0.0f )
with expansion:
  0.10996f > 0.0f
with message:
  richness 0.4, N_user 5, on active 14, off active 14, on live 1, off live 0,
  reserveBase 8

F:\projects\iterum\dsp\tests\unit\systems\vorago_voice_test.cpp(4418): PASSED:
  REQUIRE( aOff > 0.0f )
with expansion:
  0.10998f > 0.0f
with message:
  richness 0.4, N_user 5, on active 14, off active 14, on live 1, off live 0,
  reserveBase 8

    [bloom audible] richness 0.40 slot 1: on 0.109957 off 0.109977, drop -0.002 dB at kBloomChildGain 0.500
F:\projects\iterum\dsp\tests\unit\systems\vorago_voice_test.cpp(4437): PASSED:
  REQUIRE( std::abs(devDb) <= kToleranceDb )
with expansion:
  0.0000148735 <= 0.5
with messages:
  richness 0.4, N_user 5, on active 14, off active 14, on live 1, off live 0,
  reserveBase 8
  slot 1: on 0.109957 (ratio 0.157736), off 0.109977 (ratio 0.157736),
  deviation 1.48735e-05 dB

F:\projects\iterum\dsp\tests\unit\systems\vorago_voice_test.cpp(4415): PASSED:
  REQUIRE( Krate::DSP::detail::isFinite(aOn) )
with expansion:
  true
with message:
  richness 0.4, N_user 5, on active 14, off active 14, on live 1, off live 0,
  reserveBase 8

F:\projects\iterum\dsp\tests\unit\systems\vorago_voice_test.cpp(4416): PASSED:
  REQUIRE( Krate::DSP::detail::isFinite(aOff) )
with expansion:
  true
with message:
  richness 0.4, N_user 5, on active 14, off active 14, on live 1, off live 0,
  reserveBase 8

F:\projects\iterum\dsp\tests\unit\systems\vorago_voice_test.cpp(4417): PASSED:
  REQUIRE( aOn > 0.0f )
with expansion:
  0.03733f > 0.0f
with message:
  richness 0.4, N_user 5, on active 14, off active 14, on live 1, off live 0,
  reserveBase 8

F:\projects\iterum\dsp\tests\unit\systems\vorago_voice_test.cpp(4418): PASSED:
  REQUIRE( aOff > 0.0f )
with expansion:
  0.03733f > 0.0f
with message:
  richness 0.4, N_user 5, on active 14, off active 14, on live 1, off live 0,
  reserveBase 8

    [bloom audible] richness 0.40 slot 2 (latched parent): on 0.0373276 off 0.037334, drop -0.001 dB at kBloomChildGain 0.500
F:\projects\iterum\dsp\tests\unit\systems\vorago_voice_test.cpp(4415): PASSED:
  REQUIRE( Krate::DSP::detail::isFinite(aOn) )
with expansion:
  true
with message:
  richness 0.4, N_user 5, on active 14, off active 14, on live 1, off live 0,
  reserveBase 8

F:\projects\iterum\dsp\tests\unit\systems\vorago_voice_test.cpp(4416): PASSED:
  REQUIRE( Krate::DSP::detail::isFinite(aOff) )
with expansion:
  true
with message:
  richness 0.4, N_user 5, on active 14, off active 14, on live 1, off live 0,
  reserveBase 8

F:\projects\iterum\dsp\tests\unit\systems\vorago_voice_test.cpp(4417): PASSED:
  REQUIRE( aOn > 0.0f )
with expansion:
  0.01734f > 0.0f
with message:
  richness 0.4, N_user 5, on active 14, off active 14, on live 1, off live 0,
  reserveBase 8

F:\projects\iterum\dsp\tests\unit\systems\vorago_voice_test.cpp(4418): PASSED:
  REQUIRE( aOff > 0.0f )
with expansion:
  0.01735f > 0.0f
with message:
  richness 0.4, N_user 5, on active 14, off active 14, on live 1, off live 0,
  reserveBase 8

    [bloom audible] richness 0.40 slot 3: on 0.0173427 off 0.0173457, drop -0.001 dB at kBloomChildGain 0.500
F:\projects\iterum\dsp\tests\unit\systems\vorago_voice_test.cpp(4437): PASSED:
  REQUIRE( std::abs(devDb) <= kToleranceDb )
with expansion:
  0.0000707178 <= 0.5
with messages:
  richness 0.4, N_user 5, on active 14, off active 14, on live 1, off live 0,
  reserveBase 8
  slot 3: on 0.0173427 (ratio 0.0248785), off 0.0173457 (ratio 0.0248783),
  deviation 7.07178e-05 dB

F:\projects\iterum\dsp\tests\unit\systems\vorago_voice_test.cpp(4415): PASSED:
  REQUIRE( Krate::DSP::detail::isFinite(aOn) )
with expansion:
  true
with message:
  richness 0.4, N_user 5, on active 14, off active 14, on live 1, off live 0,
  reserveBase 8

F:\projects\iterum\dsp\tests\unit\systems\vorago_voice_test.cpp(4416): PASSED:
  REQUIRE( Krate::DSP::detail::isFinite(aOff) )
with expansion:
  true
with message:
  richness 0.4, N_user 5, on active 14, off active 14, on live 1, off live 0,
  reserveBase 8

F:\projects\iterum\dsp\tests\unit\systems\vorago_voice_test.cpp(4417): PASSED:
  REQUIRE( aOn > 0.0f )
with expansion:
  0.00957f > 0.0f
with message:
  richness 0.4, N_user 5, on active 14, off active 14, on live 1, off live 0,
  reserveBase 8

F:\projects\iterum\dsp\tests\unit\systems\vorago_voice_test.cpp(4418): PASSED:
  REQUIRE( aOff > 0.0f )
with expansion:
  0.00957f > 0.0f
with message:
  richness 0.4, N_user 5, on active 14, off active 14, on live 1, off live 0,
  reserveBase 8

    [bloom audible] richness 0.40 slot 4: on 0.00956905 off 0.00957069, drop -0.001 dB at kBloomChildGain 0.500
F:\projects\iterum\dsp\tests\unit\systems\vorago_voice_test.cpp(4437): PASSED:
  REQUIRE( std::abs(devDb) <= kToleranceDb )
with expansion:
  0.0000704134 <= 0.5
with messages:
  richness 0.4, N_user 5, on active 14, off active 14, on live 1, off live 0,
  reserveBase 8
  slot 4: on 0.00956905 (ratio 0.013727), off 0.00957069 (ratio 0.0137269),
  deviation 7.04134e-05 dB

F:\projects\iterum\dsp\tests\unit\systems\vorago_voice_test.cpp(4367): PASSED:
  REQUIRE( on->getRichness() == r )
with expansion:
  0.7f == 0.7f
with message:
  richness 0.7, N_user 18, on active 18, off active 18, on live 1, off live 0,
  reserveBase 12

F:\projects\iterum\dsp\tests\unit\systems\vorago_voice_test.cpp(4368): PASSED:
  REQUIRE( off->getRichness() == r )
with expansion:
  0.7f == 0.7f
with message:
  richness 0.7, N_user 18, on active 18, off active 18, on live 1, off live 0,
  reserveBase 12

F:\projects\iterum\dsp\tests\unit\systems\vorago_voice_test.cpp(4383): PASSED:
  REQUIRE( Krate::DSP::detail::isFinite(childAmp) )
with expansion:
  true
with message:
  richness 0.7, N_user 18, on active 18, off active 18, on live 1, off live 0,
  reserveBase 12

F:\projects\iterum\dsp\tests\unit\systems\vorago_voice_test.cpp(4390): PASSED:
  REQUIRE( slot < active )
with expansion:
  12 < 18
with messages:
  richness 0.7, N_user 18, on active 18, off active 18, on live 1, off live 0,
  reserveBase 12
  child 1: slot 12, parent 1, childAmp 0.245374, active 18

F:\projects\iterum\dsp\tests\unit\systems\vorago_voice_test.cpp(4392): PASSED:
  REQUIRE( Krate::DSP::detail::isFinite(cloudAmp) )
with expansion:
  true
with messages:
  richness 0.7, N_user 18, on active 18, off active 18, on live 1, off live 0,
  reserveBase 12
  child 1: slot 12, parent 1, childAmp 0.245374, active 18

F:\projects\iterum\dsp\tests\unit\systems\vorago_voice_test.cpp(4394): PASSED:
  REQUIRE( cloudAmp > BloomEngine::kSilentParentAmplitude )
with expansion:
  0.0303f > 0.00001f
with messages:
  richness 0.7, N_user 18, on active 18, off active 18, on live 1, off live 0,
  reserveBase 12
  child 1: slot 12, parent 1, childAmp 0.245374, active 18
  cloud amplitude at slot 12: 0.0303025

  [bloom audible] richness 0.70: N_user 18, active 18, children passing the filter 1
F:\projects\iterum\dsp\tests\unit\systems\vorago_voice_test.cpp(4401): PASSED:
  REQUIRE( passingFilterCount >= 1u )
with expansion:
  1 >= 1
with message:
  richness 0.7, N_user 18, on active 18, off active 18, on live 1, off live 0,
  reserveBase 12

F:\projects\iterum\dsp\tests\unit\systems\vorago_voice_test.cpp(4406): PASSED:
  REQUIRE( Krate::DSP::detail::isFinite(aOn0) )
with expansion:
  true
with message:
  richness 0.7, N_user 18, on active 18, off active 18, on live 1, off live 0,
  reserveBase 12

F:\projects\iterum\dsp\tests\unit\systems\vorago_voice_test.cpp(4407): PASSED:
  REQUIRE( Krate::DSP::detail::isFinite(aOff0) )
with expansion:
  true
with message:
  richness 0.7, N_user 18, on active 18, off active 18, on live 1, off live 0,
  reserveBase 12

F:\projects\iterum\dsp\tests\unit\systems\vorago_voice_test.cpp(4408): PASSED:
  REQUIRE( aOn0 > BloomEngine::kSilentParentAmplitude )
with expansion:
  0.67505f > 0.00001f
with message:
  richness 0.7, N_user 18, on active 18, off active 18, on live 1, off live 0,
  reserveBase 12

F:\projects\iterum\dsp\tests\unit\systems\vorago_voice_test.cpp(4409): PASSED:
  REQUIRE( aOff0 > BloomEngine::kSilentParentAmplitude )
with expansion:
  0.67572f > 0.00001f
with message:
  richness 0.7, N_user 18, on active 18, off active 18, on live 1, off live 0,
  reserveBase 12

F:\projects\iterum\dsp\tests\unit\systems\vorago_voice_test.cpp(4415): PASSED:
  REQUIRE( Krate::DSP::detail::isFinite(aOn) )
with expansion:
  true
with message:
  richness 0.7, N_user 18, on active 18, off active 18, on live 1, off live 0,
  reserveBase 12

F:\projects\iterum\dsp\tests\unit\systems\vorago_voice_test.cpp(4416): PASSED:
  REQUIRE( Krate::DSP::detail::isFinite(aOff) )
with expansion:
  true
with message:
  richness 0.7, N_user 18, on active 18, off active 18, on live 1, off live 0,
  reserveBase 12

F:\projects\iterum\dsp\tests\unit\systems\vorago_voice_test.cpp(4417): PASSED:
  REQUIRE( aOn > 0.0f )
with expansion:
  0.67505f > 0.0f
with message:
  richness 0.7, N_user 18, on active 18, off active 18, on live 1, off live 0,
  reserveBase 12

F:\projects\iterum\dsp\tests\unit\systems\vorago_voice_test.cpp(4418): PASSED:
  REQUIRE( aOff > 0.0f )
with expansion:
  0.67572f > 0.0f
with message:
  richness 0.7, N_user 18, on active 18, off active 18, on live 1, off live 0,
  reserveBase 12

    [bloom audible] richness 0.70 slot 0: on 0.675053 off 0.675721, drop -0.009 dB at kBloomChildGain 0.500
F:\projects\iterum\dsp\tests\unit\systems\vorago_voice_test.cpp(4437): PASSED:
  REQUIRE( std::abs(devDb) <= kToleranceDb )
with expansion:
  0.0 <= 0.5
with messages:
  richness 0.7, N_user 18, on active 18, off active 18, on live 1, off live 0,
  reserveBase 12
  slot 0: on 0.675053 (ratio 1), off 0.675721 (ratio 1), deviation 0 dB

F:\projects\iterum\dsp\tests\unit\systems\vorago_voice_test.cpp(4415): PASSED:
  REQUIRE( Krate::DSP::detail::isFinite(aOn) )
with expansion:
  true
with message:
  richness 0.7, N_user 18, on active 18, off active 18, on live 1, off live 0,
  reserveBase 12

F:\projects\iterum\dsp\tests\unit\systems\vorago_voice_test.cpp(4416): PASSED:
  REQUIRE( Krate::DSP::detail::isFinite(aOff) )
with expansion:
  true
with message:
  richness 0.7, N_user 18, on active 18, off active 18, on live 1, off live 0,
  reserveBase 12

F:\projects\iterum\dsp\tests\unit\systems\vorago_voice_test.cpp(4417): PASSED:
  REQUIRE( aOn > 0.0f )
with expansion:
  0.17908f > 0.0f
with message:
  richness 0.7, N_user 18, on active 18, off active 18, on live 1, off live 0,
  reserveBase 12

F:\projects\iterum\dsp\tests\unit\systems\vorago_voice_test.cpp(4418): PASSED:
  REQUIRE( aOff > 0.0f )
with expansion:
  0.17925f > 0.0f
with message:
  richness 0.7, N_user 18, on active 18, off active 18, on live 1, off live 0,
  reserveBase 12

    [bloom audible] richness 0.70 slot 1 (latched parent): on 0.179078 off 0.179255, drop -0.009 dB at kBloomChildGain 0.500
F:\projects\iterum\dsp\tests\unit\systems\vorago_voice_test.cpp(4415): PASSED:
  REQUIRE( Krate::DSP::detail::isFinite(aOn) )
with expansion:
  true
with message:
  richness 0.7, N_user 18, on active 18, off active 18, on live 1, off live 0,
  reserveBase 12

F:\projects\iterum\dsp\tests\unit\systems\vorago_voice_test.cpp(4416): PASSED:
  REQUIRE( Krate::DSP::detail::isFinite(aOff) )
with expansion:
  true
with message:
  richness 0.7, N_user 18, on active 18, off active 18, on live 1, off live 0,
  reserveBase 12

F:\projects\iterum\dsp\tests\unit\systems\vorago_voice_test.cpp(4417): PASSED:
  REQUIRE( aOn > 0.0f )
with expansion:
  0.0824f > 0.0f
with message:
  richness 0.7, N_user 18, on active 18, off active 18, on live 1, off live 0,
  reserveBase 12

F:\projects\iterum\dsp\tests\unit\systems\vorago_voice_test.cpp(4418): PASSED:
  REQUIRE( aOff > 0.0f )
with expansion:
  0.08248f > 0.0f
with message:
  richness 0.7, N_user 18, on active 18, off active 18, on live 1, off live 0,
  reserveBase 12

    [bloom audible] richness 0.70 slot 2: on 0.0823982 off 0.0824796, drop -0.009 dB at kBloomChildGain 0.500
F:\projects\iterum\dsp\tests\unit\systems\vorago_voice_test.cpp(4437): PASSED:
  REQUIRE( std::abs(devDb) <= kToleranceDb )
with expansion:
  0.0000016901 <= 0.5
with messages:
  richness 0.7, N_user 18, on active 18, off active 18, on live 1, off live 0,
  reserveBase 12
  slot 2: on 0.0823982 (ratio 0.122062), off 0.0824796 (ratio 0.122062),
  deviation -1.69012e-06 dB

F:\projects\iterum\dsp\tests\unit\systems\vorago_voice_test.cpp(4415): PASSED:
  REQUIRE( Krate::DSP::detail::isFinite(aOn) )
with expansion:
  true
with message:
  richness 0.7, N_user 18, on active 18, off active 18, on live 1, off live 0,
  reserveBase 12

F:\projects\iterum\dsp\tests\unit\systems\vorago_voice_test.cpp(4416): PASSED:
  REQUIRE( Krate::DSP::detail::isFinite(aOff) )
with expansion:
  true
with message:
  richness 0.7, N_user 18, on active 18, off active 18, on live 1, off live 0,
  reserveBase 12

F:\projects\iterum\dsp\tests\unit\systems\vorago_voice_test.cpp(4417): PASSED:
  REQUIRE( aOn > 0.0f )
with expansion:
  0.0475f > 0.0f
with message:
  richness 0.7, N_user 18, on active 18, off active 18, on live 1, off live 0,
  reserveBase 12

F:\projects\iterum\dsp\tests\unit\systems\vorago_voice_test.cpp(4418): PASSED:
  REQUIRE( aOff > 0.0f )
with expansion:
  0.04755f > 0.0f
with message:
  richness 0.7, N_user 18, on active 18, off active 18, on live 1, off live 0,
  reserveBase 12

    [bloom audible] richness 0.70 slot 3: on 0.0475017 off 0.0475486, drop -0.009 dB at kBloomChildGain 0.500
F:\projects\iterum\dsp\tests\unit\systems\vorago_voice_test.cpp(4437): PASSED:
  REQUIRE( std::abs(devDb) <= kToleranceDb )
with expansion:
  0.0000082916 <= 0.5
with messages:
  richness 0.7, N_user 18, on active 18, off active 18, on live 1, off live 0,
  reserveBase 12
  slot 3: on 0.0475017 (ratio 0.0703673), off 0.0475486 (ratio 0.0703672),
  deviation 8.29156e-06 dB

F:\projects\iterum\dsp\tests\unit\systems\vorago_voice_test.cpp(4415): PASSED:
  REQUIRE( Krate::DSP::detail::isFinite(aOn) )
with expansion:
  true
with message:
  richness 0.7, N_user 18, on active 18, off active 18, on live 1, off live 0,
  reserveBase 12

F:\projects\iterum\dsp\tests\unit\systems\vorago_voice_test.cpp(4416): PASSED:
  REQUIRE( Krate::DSP::detail::isFinite(aOff) )
with expansion:
  true
with message:
  richness 0.7, N_user 18, on active 18, off active 18, on live 1, off live 0,
  reserveBase 12

F:\projects\iterum\dsp\tests\unit\systems\vorago_voice_test.cpp(4417): PASSED:
  REQUIRE( aOn > 0.0f )
with expansion:
  0.03098f > 0.0f
with message:
  richness 0.7, N_user 18, on active 18, off active 18, on live 1, off live 0,
  reserveBase 12

F:\projects\iterum\dsp\tests\unit\systems\vorago_voice_test.cpp(4418): PASSED:
  REQUIRE( aOff > 0.0f )
with expansion:
  0.03101f > 0.0f
with message:
  richness 0.7, N_user 18, on active 18, off active 18, on live 1, off live 0,
  reserveBase 12

    [bloom audible] richness 0.70 slot 4: on 0.0309844 off 0.031015, drop -0.009 dB at kBloomChildGain 0.500
F:\projects\iterum\dsp\tests\unit\systems\vorago_voice_test.cpp(4437): PASSED:
  REQUIRE( std::abs(devDb) <= kToleranceDb )
with expansion:
  0.0000234445 <= 0.5
with messages:
  richness 0.7, N_user 18, on active 18, off active 18, on live 1, off live 0,
  reserveBase 12
  slot 4: on 0.0309844 (ratio 0.0458992), off 0.031015 (ratio 0.0458991),
  deviation 2.34445e-05 dB

F:\projects\iterum\dsp\tests\unit\systems\vorago_voice_test.cpp(4415): PASSED:
  REQUIRE( Krate::DSP::detail::isFinite(aOn) )
with expansion:
  true
with message:
  richness 0.7, N_user 18, on active 18, off active 18, on live 1, off live 0,
  reserveBase 12

F:\projects\iterum\dsp\tests\unit\systems\vorago_voice_test.cpp(4416): PASSED:
  REQUIRE( Krate::DSP::detail::isFinite(aOff) )
with expansion:
  true
with message:
  richness 0.7, N_user 18, on active 18, off active 18, on live 1, off live 0,
  reserveBase 12

F:\projects\iterum\dsp\tests\unit\systems\vorago_voice_test.cpp(4417): PASSED:
  REQUIRE( aOn > 0.0f )
with expansion:
  0.02185f > 0.0f
with message:
  richness 0.7, N_user 18, on active 18, off active 18, on live 1, off live 0,
  reserveBase 12

F:\projects\iterum\dsp\tests\unit\systems\vorago_voice_test.cpp(4418): PASSED:
  REQUIRE( aOff > 0.0f )
with expansion:
  0.02187f > 0.0f
with message:
  richness 0.7, N_user 18, on active 18, off active 18, on live 1, off live 0,
  reserveBase 12

    [bloom audible] richness 0.70 slot 5: on 0.0218523 off 0.0218739, drop -0.009 dB at kBloomChildGain 0.500
F:\projects\iterum\dsp\tests\unit\systems\vorago_voice_test.cpp(4437): PASSED:
  REQUIRE( std::abs(devDb) <= kToleranceDb )
with expansion:
  0.0000027205 <= 0.5
with messages:
  richness 0.7, N_user 18, on active 18, off active 18, on live 1, off live 0,
  reserveBase 12
  slot 5: on 0.0218523 (ratio 0.0323713), off 0.0218739 (ratio 0.0323712),
  deviation 2.72046e-06 dB

F:\projects\iterum\dsp\tests\unit\systems\vorago_voice_test.cpp(4415): PASSED:
  REQUIRE( Krate::DSP::detail::isFinite(aOn) )
with expansion:
  true
with message:
  richness 0.7, N_user 18, on active 18, off active 18, on live 1, off live 0,
  reserveBase 12

F:\projects\iterum\dsp\tests\unit\systems\vorago_voice_test.cpp(4416): PASSED:
  REQUIRE( Krate::DSP::detail::isFinite(aOff) )
with expansion:
  true
with message:
  richness 0.7, N_user 18, on active 18, off active 18, on live 1, off live 0,
  reserveBase 12

F:\projects\iterum\dsp\tests\unit\systems\vorago_voice_test.cpp(4417): PASSED:
  REQUIRE( aOn > 0.0f )
with expansion:
  0.01626f > 0.0f
with message:
  richness 0.7, N_user 18, on active 18, off active 18, on live 1, off live 0,
  reserveBase 12

F:\projects\iterum\dsp\tests\unit\systems\vorago_voice_test.cpp(4418): PASSED:
  REQUIRE( aOff > 0.0f )
with expansion:
  0.01628f > 0.0f
with message:
  richness 0.7, N_user 18, on active 18, off active 18, on live 1, off live 0,
  reserveBase 12

    [bloom audible] richness 0.70 slot 6: on 0.0162648 off 0.0162809, drop -0.009 dB at kBloomChildGain 0.500
F:\projects\iterum\dsp\tests\unit\systems\vorago_voice_test.cpp(4437): PASSED:
  REQUIRE( std::abs(devDb) <= kToleranceDb )
with expansion:
  0.0000224019 <= 0.5
with messages:
  richness 0.7, N_user 18, on active 18, off active 18, on live 1, off live 0,
  reserveBase 12
  slot 6: on 0.0162648 (ratio 0.0240941), off 0.0162809 (ratio 0.0240941),
  deviation -2.24019e-05 dB

F:\projects\iterum\dsp\tests\unit\systems\vorago_voice_test.cpp(4415): PASSED:
  REQUIRE( Krate::DSP::detail::isFinite(aOn) )
with expansion:
  true
with message:
  richness 0.7, N_user 18, on active 18, off active 18, on live 1, off live 0,
  reserveBase 12

F:\projects\iterum\dsp\tests\unit\systems\vorago_voice_test.cpp(4416): PASSED:
  REQUIRE( Krate::DSP::detail::isFinite(aOff) )
with expansion:
  true
with message:
  richness 0.7, N_user 18, on active 18, off active 18, on live 1, off live 0,
  reserveBase 12

F:\projects\iterum\dsp\tests\unit\systems\vorago_voice_test.cpp(4417): PASSED:
  REQUIRE( aOn > 0.0f )
with expansion:
  0.01259f > 0.0f
with message:
  richness 0.7, N_user 18, on active 18, off active 18, on live 1, off live 0,
  reserveBase 12

F:\projects\iterum\dsp\tests\unit\systems\vorago_voice_test.cpp(4418): PASSED:
  REQUIRE( aOff > 0.0f )
with expansion:
  0.0126f > 0.0f
with message:
  richness 0.7, N_user 18, on active 18, off active 18, on live 1, off live 0,
  reserveBase 12

    [bloom audible] richness 0.70 slot 7: on 0.0125925 off 0.0126049, drop -0.009 dB at kBloomChildGain 0.500
F:\projects\iterum\dsp\tests\unit\systems\vorago_voice_test.cpp(4437): PASSED:
  REQUIRE( std::abs(devDb) <= kToleranceDb )
with expansion:
  0.0000123429 <= 0.5
with messages:
  richness 0.7, N_user 18, on active 18, off active 18, on live 1, off live 0,
  reserveBase 12
  slot 7: on 0.0125925 (ratio 0.018654), off 0.0126049 (ratio 0.018654),
  deviation 1.23429e-05 dB

F:\projects\iterum\dsp\tests\unit\systems\vorago_voice_test.cpp(4367): PASSED:
  REQUIRE( on->getRichness() == r )
with expansion:
  1.0f == 1.0f
with message:
  richness 1, N_user 64, on active 64, off active 64, on live 1, off live 0,
  reserveBase 58

F:\projects\iterum\dsp\tests\unit\systems\vorago_voice_test.cpp(4368): PASSED:
  REQUIRE( off->getRichness() == r )
with expansion:
  1.0f == 1.0f
with message:
  richness 1, N_user 64, on active 64, off active 64, on live 1, off live 0,
  reserveBase 58

F:\projects\iterum\dsp\tests\unit\systems\vorago_voice_test.cpp(4383): PASSED:
  REQUIRE( Krate::DSP::detail::isFinite(childAmp) )
with expansion:
  true
with message:
  richness 1, N_user 64, on active 64, off active 64, on live 1, off live 0,
  reserveBase 58

F:\projects\iterum\dsp\tests\unit\systems\vorago_voice_test.cpp(4390): PASSED:
  REQUIRE( slot < active )
with expansion:
  58 < 64
with messages:
  richness 1, N_user 64, on active 64, off active 64, on live 1, off live 0,
  reserveBase 58
  child 0: slot 58, parent 2, childAmp 0.92044, active 64

F:\projects\iterum\dsp\tests\unit\systems\vorago_voice_test.cpp(4392): PASSED:
  REQUIRE( Krate::DSP::detail::isFinite(cloudAmp) )
with expansion:
  true
with messages:
  richness 1, N_user 64, on active 64, off active 64, on live 1, off live 0,
  reserveBase 58
  child 0: slot 58, parent 2, childAmp 0.92044, active 64

F:\projects\iterum\dsp\tests\unit\systems\vorago_voice_test.cpp(4394): PASSED:
  REQUIRE( cloudAmp > BloomEngine::kSilentParentAmplitude )
with expansion:
  0.03633f > 0.00001f
with messages:
  richness 1, N_user 64, on active 64, off active 64, on live 1, off live 0,
  reserveBase 58
  child 0: slot 58, parent 2, childAmp 0.92044, active 64
  cloud amplitude at slot 58: 0.0363317

  [bloom audible] richness 1.00: N_user 64, active 64, children passing the filter 1
F:\projects\iterum\dsp\tests\unit\systems\vorago_voice_test.cpp(4401): PASSED:
  REQUIRE( passingFilterCount >= 1u )
with expansion:
  1 >= 1
with message:
  richness 1, N_user 64, on active 64, off active 64, on live 1, off live 0,
  reserveBase 58

F:\projects\iterum\dsp\tests\unit\systems\vorago_voice_test.cpp(4406): PASSED:
  REQUIRE( Krate::DSP::detail::isFinite(aOn0) )
with expansion:
  true
with message:
  richness 1, N_user 64, on active 64, off active 64, on live 1, off live 0,
  reserveBase 58

F:\projects\iterum\dsp\tests\unit\systems\vorago_voice_test.cpp(4407): PASSED:
  REQUIRE( Krate::DSP::detail::isFinite(aOff0) )
with expansion:
  true
with message:
  richness 1, N_user 64, on active 64, off active 64, on live 1, off live 0,
  reserveBase 58

F:\projects\iterum\dsp\tests\unit\systems\vorago_voice_test.cpp(4408): PASSED:
  REQUIRE( aOn0 > BloomEngine::kSilentParentAmplitude )
with expansion:
  0.59379f > 0.00001f
with message:
  richness 1, N_user 64, on active 64, off active 64, on live 1, off live 0,
  reserveBase 58

F:\projects\iterum\dsp\tests\unit\systems\vorago_voice_test.cpp(4409): PASSED:
  REQUIRE( aOff0 > BloomEngine::kSilentParentAmplitude )
with expansion:
  0.59454f > 0.00001f
with message:
  richness 1, N_user 64, on active 64, off active 64, on live 1, off live 0,
  reserveBase 58

F:\projects\iterum\dsp\tests\unit\systems\vorago_voice_test.cpp(4415): PASSED:
  REQUIRE( Krate::DSP::detail::isFinite(aOn) )
with expansion:
  true
with message:
  richness 1, N_user 64, on active 64, off active 64, on live 1, off live 0,
  reserveBase 58

F:\projects\iterum\dsp\tests\unit\systems\vorago_voice_test.cpp(4416): PASSED:
  REQUIRE( Krate::DSP::detail::isFinite(aOff) )
with expansion:
  true
with message:
  richness 1, N_user 64, on active 64, off active 64, on live 1, off live 0,
  reserveBase 58

F:\projects\iterum\dsp\tests\unit\systems\vorago_voice_test.cpp(4417): PASSED:
  REQUIRE( aOn > 0.0f )
with expansion:
  0.59379f > 0.0f
with message:
  richness 1, N_user 64, on active 64, off active 64, on live 1, off live 0,
  reserveBase 58

F:\projects\iterum\dsp\tests\unit\systems\vorago_voice_test.cpp(4418): PASSED:
  REQUIRE( aOff > 0.0f )
with expansion:
  0.59454f > 0.0f
with message:
  richness 1, N_user 64, on active 64, off active 64, on live 1, off live 0,
  reserveBase 58

    [bloom audible] richness 1.00 slot 0: on 0.593791 off 0.594543, drop -0.011 dB at kBloomChildGain 0.500
F:\projects\iterum\dsp\tests\unit\systems\vorago_voice_test.cpp(4437): PASSED:
  REQUIRE( std::abs(devDb) <= kToleranceDb )
with expansion:
  0.0 <= 0.5
with messages:
  richness 1, N_user 64, on active 64, off active 64, on live 1, off live 0,
  reserveBase 58
  slot 0: on 0.593791 (ratio 1), off 0.594543 (ratio 1), deviation 0 dB

F:\projects\iterum\dsp\tests\unit\systems\vorago_voice_test.cpp(4415): PASSED:
  REQUIRE( Krate::DSP::detail::isFinite(aOn) )
with expansion:
  true
with message:
  richness 1, N_user 64, on active 64, off active 64, on live 1, off live 0,
  reserveBase 58

F:\projects\iterum\dsp\tests\unit\systems\vorago_voice_test.cpp(4416): PASSED:
  REQUIRE( Krate::DSP::detail::isFinite(aOff) )
with expansion:
  true
with message:
  richness 1, N_user 64, on active 64, off active 64, on live 1, off live 0,
  reserveBase 58

F:\projects\iterum\dsp\tests\unit\systems\vorago_voice_test.cpp(4417): PASSED:
  REQUIRE( aOn > 0.0f )
with expansion:
  0.26492f > 0.0f
with message:
  richness 1, N_user 64, on active 64, off active 64, on live 1, off live 0,
  reserveBase 58

F:\projects\iterum\dsp\tests\unit\systems\vorago_voice_test.cpp(4418): PASSED:
  REQUIRE( aOff > 0.0f )
with expansion:
  0.26525f > 0.0f
with message:
  richness 1, N_user 64, on active 64, off active 64, on live 1, off live 0,
  reserveBase 58

    [bloom audible] richness 1.00 slot 1: on 0.264917 off 0.265252, drop -0.011 dB at kBloomChildGain 0.500
F:\projects\iterum\dsp\tests\unit\systems\vorago_voice_test.cpp(4437): PASSED:
  REQUIRE( std::abs(devDb) <= kToleranceDb )
with expansion:
  0.000000083 <= 0.5
with messages:
  richness 1, N_user 64, on active 64, off active 64, on live 1, off live 0,
  reserveBase 58
  slot 1: on 0.264917 (ratio 0.446145), off 0.265252 (ratio 0.446145),
  deviation -8.29559e-08 dB

F:\projects\iterum\dsp\tests\unit\systems\vorago_voice_test.cpp(4415): PASSED:
  REQUIRE( Krate::DSP::detail::isFinite(aOn) )
with expansion:
  true
with message:
  richness 1, N_user 64, on active 64, off active 64, on live 1, off live 0,
  reserveBase 58

F:\projects\iterum\dsp\tests\unit\systems\vorago_voice_test.cpp(4416): PASSED:
  REQUIRE( Krate::DSP::detail::isFinite(aOff) )
with expansion:
  true
with message:
  richness 1, N_user 64, on active 64, off active 64, on live 1, off live 0,
  reserveBase 58

F:\projects\iterum\dsp\tests\unit\systems\vorago_voice_test.cpp(4417): PASSED:
  REQUIRE( aOn > 0.0f )
with expansion:
  0.16522f > 0.0f
with message:
  richness 1, N_user 64, on active 64, off active 64, on live 1, off live 0,
  reserveBase 58

F:\projects\iterum\dsp\tests\unit\systems\vorago_voice_test.cpp(4418): PASSED:
  REQUIRE( aOff > 0.0f )
with expansion:
  0.16543f > 0.0f
with message:
  richness 1, N_user 64, on active 64, off active 64, on live 1, off live 0,
  reserveBase 58

    [bloom audible] richness 1.00 slot 2 (latched parent): on 0.165217 off 0.165426, drop -0.011 dB at kBloomChildGain 0.500
F:\projects\iterum\dsp\tests\unit\systems\vorago_voice_test.cpp(4415): PASSED:
  REQUIRE( Krate::DSP::detail::isFinite(aOn) )
with expansion:
  true
with message:
  richness 1, N_user 64, on active 64, off active 64, on live 1, off live 0,
  reserveBase 58

F:\projects\iterum\dsp\tests\unit\systems\vorago_voice_test.cpp(4416): PASSED:
  REQUIRE( Krate::DSP::detail::isFinite(aOff) )
with expansion:
  true
with message:
  richness 1, N_user 64, on active 64, off active 64, on live 1, off live 0,
  reserveBase 58

F:\projects\iterum\dsp\tests\unit\systems\vorago_voice_test.cpp(4417): PASSED:
  REQUIRE( aOn > 0.0f )
with expansion:
  0.11818f > 0.0f
with message:
  richness 1, N_user 64, on active 64, off active 64, on live 1, off live 0,
  reserveBase 58

F:\projects\iterum\dsp\tests\unit\systems\vorago_voice_test.cpp(4418): PASSED:
  REQUIRE( aOff > 0.0f )
with expansion:
  0.11833f > 0.0f
with message:
  richness 1, N_user 64, on active 64, off active 64, on live 1, off live 0,
  reserveBase 58

    [bloom audible] richness 1.00 slot 3: on 0.118181 off 0.118331, drop -0.011 dB at kBloomChildGain 0.500
F:\projects\iterum\dsp\tests\unit\systems\vorago_voice_test.cpp(4437): PASSED:
  REQUIRE( std::abs(devDb) <= kToleranceDb )
with expansion:
  0.0000118859 <= 0.5
with messages:
  richness 1, N_user 64, on active 64, off active 64, on live 1, off live 0,
  reserveBase 58
  slot 3: on 0.118181 (ratio 0.199029), off 0.118331 (ratio 0.199028),
  deviation 1.18859e-05 dB

F:\projects\iterum\dsp\tests\unit\systems\vorago_voice_test.cpp(4415): PASSED:
  REQUIRE( Krate::DSP::detail::isFinite(aOn) )
with expansion:
  true
with message:
  richness 1, N_user 64, on active 64, off active 64, on live 1, off live 0,
  reserveBase 58

F:\projects\iterum\dsp\tests\unit\systems\vorago_voice_test.cpp(4416): PASSED:
  REQUIRE( Krate::DSP::detail::isFinite(aOff) )
with expansion:
  true
with message:
  richness 1, N_user 64, on active 64, off active 64, on live 1, off live 0,
  reserveBase 58

F:\projects\iterum\dsp\tests\unit\systems\vorago_voice_test.cpp(4417): PASSED:
  REQUIRE( aOn > 0.0f )
with expansion:
  0.09113f > 0.0f
with message:
  richness 1, N_user 64, on active 64, off active 64, on live 1, off live 0,
  reserveBase 58

F:\projects\iterum\dsp\tests\unit\systems\vorago_voice_test.cpp(4418): PASSED:
  REQUIRE( aOff > 0.0f )
with expansion:
  0.09125f > 0.0f
with message:
  richness 1, N_user 64, on active 64, off active 64, on live 1, off live 0,
  reserveBase 58

    [bloom audible] richness 1.00 slot 4: on 0.0911309 off 0.0912463, drop -0.011 dB at kBloomChildGain 0.500
F:\projects\iterum\dsp\tests\unit\systems\vorago_voice_test.cpp(4437): PASSED:
  REQUIRE( std::abs(devDb) <= kToleranceDb )
with expansion:
  0.0000050987 <= 0.5
with messages:
  richness 1, N_user 64, on active 64, off active 64, on live 1, off live 0,
  reserveBase 58
  slot 4: on 0.0911309 (ratio 0.153473), off 0.0912463 (ratio 0.153473),
  deviation 5.09866e-06 dB

F:\projects\iterum\dsp\tests\unit\systems\vorago_voice_test.cpp(4415): PASSED:
  REQUIRE( Krate::DSP::detail::isFinite(aOn) )
with expansion:
  true
with message:
  richness 1, N_user 64, on active 64, off active 64, on live 1, off live 0,
  reserveBase 58

F:\projects\iterum\dsp\tests\unit\systems\vorago_voice_test.cpp(4416): PASSED:
  REQUIRE( Krate::DSP::detail::isFinite(aOff) )
with expansion:
  true
with message:
  richness 1, N_user 64, on active 64, off active 64, on live 1, off live 0,
  reserveBase 58

F:\projects\iterum\dsp\tests\unit\systems\vorago_voice_test.cpp(4417): PASSED:
  REQUIRE( aOn > 0.0f )
with expansion:
  0.07369f > 0.0f
with message:
  richness 1, N_user 64, on active 64, off active 64, on live 1, off live 0,
  reserveBase 58

F:\projects\iterum\dsp\tests\unit\systems\vorago_voice_test.cpp(4418): PASSED:
  REQUIRE( aOff > 0.0f )
with expansion:
  0.07378f > 0.0f
with message:
  richness 1, N_user 64, on active 64, off active 64, on live 1, off live 0,
  reserveBase 58

    [bloom audible] richness 1.00 slot 5: on 0.0736896 off 0.073783, drop -0.011 dB at kBloomChildGain 0.500
F:\projects\iterum\dsp\tests\unit\systems\vorago_voice_test.cpp(4437): PASSED:
  REQUIRE( std::abs(devDb) <= kToleranceDb )
with expansion:
  0.0000001625 <= 0.5
with messages:
  richness 1, N_user 64, on active 64, off active 64, on live 1, off live 0,
  reserveBase 58
  slot 5: on 0.0736896 (ratio 0.1241), off 0.073783 (ratio 0.1241), deviation
  1.62492e-07 dB

F:\projects\iterum\dsp\tests\unit\systems\vorago_voice_test.cpp(4415): PASSED:
  REQUIRE( Krate::DSP::detail::isFinite(aOn) )
with expansion:
  true
with message:
  richness 1, N_user 64, on active 64, off active 64, on live 1, off live 0,
  reserveBase 58

F:\projects\iterum\dsp\tests\unit\systems\vorago_voice_test.cpp(4416): PASSED:
  REQUIRE( Krate::DSP::detail::isFinite(aOff) )
with expansion:
  true
with message:
  richness 1, N_user 64, on active 64, off active 64, on live 1, off live 0,
  reserveBase 58

F:\projects\iterum\dsp\tests\unit\systems\vorago_voice_test.cpp(4417): PASSED:
  REQUIRE( aOn > 0.0f )
with expansion:
  0.06157f > 0.0f
with message:
  richness 1, N_user 64, on active 64, off active 64, on live 1, off live 0,
  reserveBase 58

F:\projects\iterum\dsp\tests\unit\systems\vorago_voice_test.cpp(4418): PASSED:
  REQUIRE( aOff > 0.0f )
with expansion:
  0.06165f > 0.0f
with message:
  richness 1, N_user 64, on active 64, off active 64, on live 1, off live 0,
  reserveBase 58

    [bloom audible] richness 1.00 slot 6: on 0.0615698 off 0.0616476, drop -0.011 dB at kBloomChildGain 0.500
F:\projects\iterum\dsp\tests\unit\systems\vorago_voice_test.cpp(4437): PASSED:
  REQUIRE( std::abs(devDb) <= kToleranceDb )
with expansion:
  0.0000134504 <= 0.5
with messages:
  richness 1, N_user 64, on active 64, off active 64, on live 1, off live 0,
  reserveBase 58
  slot 6: on 0.0615698 (ratio 0.103689), off 0.0616476 (ratio 0.103689),
  deviation 1.34504e-05 dB

F:\projects\iterum\dsp\tests\unit\systems\vorago_voice_test.cpp(4415): PASSED:
  REQUIRE( Krate::DSP::detail::isFinite(aOn) )
with expansion:
  true
with message:
  richness 1, N_user 64, on active 64, off active 64, on live 1, off live 0,
  reserveBase 58

F:\projects\iterum\dsp\tests\unit\systems\vorago_voice_test.cpp(4416): PASSED:
  REQUIRE( Krate::DSP::detail::isFinite(aOff) )
with expansion:
  true
with message:
  richness 1, N_user 64, on active 64, off active 64, on live 1, off live 0,
  reserveBase 58

F:\projects\iterum\dsp\tests\unit\systems\vorago_voice_test.cpp(4417): PASSED:
  REQUIRE( aOn > 0.0f )
with expansion:
  0.05269f > 0.0f
with message:
  richness 1, N_user 64, on active 64, off active 64, on live 1, off live 0,
  reserveBase 58

F:\projects\iterum\dsp\tests\unit\systems\vorago_voice_test.cpp(4418): PASSED:
  REQUIRE( aOff > 0.0f )
with expansion:
  0.05276f > 0.0f
with message:
  richness 1, N_user 64, on active 64, off active 64, on live 1, off live 0,
  reserveBase 58

    [bloom audible] richness 1.00 slot 7: on 0.0526894 off 0.052756, drop -0.011 dB at kBloomChildGain 0.500
F:\projects\iterum\dsp\tests\unit\systems\vorago_voice_test.cpp(4437): PASSED:
  REQUIRE( std::abs(devDb) <= kToleranceDb )
with expansion:
  0.0000093875 <= 0.5
with messages:
  richness 1, N_user 64, on active 64, off active 64, on live 1, off live 0,
  reserveBase 58
  slot 7: on 0.0526894 (ratio 0.0887339), off 0.052756 (ratio 0.0887338),
  deviation 9.38747e-06 dB

===============================================================================
All tests passed (182 assertions in 1 test case)

exit=0 END 2026-10-01 21:48:16
