START 2026-10-01 22:28:46 sentinel VoragoVoice_BloomChildrenAudible -s at compiled kBloomChildGain 2.00 (kMaxChildGain 2.0; exe 2026-10-01 22:28:44)
Filters: "VoragoVoice_BloomChildrenAudible"
Randomness seeded to: 2217502094

~~~~~~~~~~~~~~~~~~~~~~~~~~~~~~~~~~~~~~~~~~~~~~~~~~~~~~~~~~~~~~~~~~~~~~~~~~~~~~~
dsp_systems_tests.exe is a Catch2 v3.4.0 host application.
Run with -? for options

-------------------------------------------------------------------------------
VoragoVoice_BloomChildrenAudible
-------------------------------------------------------------------------------
F:\projects\iterum\dsp\tests\unit\systems\vorago_voice_test.cpp(4309)
...............................................................................

F:\projects\iterum\dsp\tests\unit\systems\vorago_voice_test.cpp(4324): PASSED:
  REQUIRE( on->getBloomDepth() > 0.0f )
with expansion:
  0.6f > 0.0f

F:\projects\iterum\dsp\tests\unit\systems\vorago_voice_test.cpp(4325): PASSED:
  REQUIRE( bOn.getChildGain() == VoragoVoice::kBloomChildGain )
with expansion:
  2.0f == 2.0f

F:\projects\iterum\dsp\tests\unit\systems\vorago_voice_test.cpp(4367): PASSED:
  REQUIRE( on->getRichness() == r )
with expansion:
  0.0f == 0.0f
with message:
  richness 0, N_user 1, on active 14, off active 14, on live 1, off live 0,
  reserveBase 8

F:\projects\iterum\dsp\tests\unit\systems\vorago_voice_test.cpp(4368): PASSED:
  REQUIRE( off->getRichness() == r )
with expansion:
  0.0f == 0.0f
with message:
  richness 0, N_user 1, on active 14, off active 14, on live 1, off live 0,
  reserveBase 8

F:\projects\iterum\dsp\tests\unit\systems\vorago_voice_test.cpp(4383): PASSED:
  REQUIRE( Krate::DSP::detail::isFinite(childAmp) )
with expansion:
  true
with message:
  richness 0, N_user 1, on active 14, off active 14, on live 1, off live 0,
  reserveBase 8

F:\projects\iterum\dsp\tests\unit\systems\vorago_voice_test.cpp(4390): PASSED:
  REQUIRE( slot < active )
with expansion:
  8 < 14
with messages:
  richness 0, N_user 1, on active 14, off active 14, on live 1, off live 0,
  reserveBase 8
  child 0: slot 8, parent 0, childAmp 1.82841, active 14

F:\projects\iterum\dsp\tests\unit\systems\vorago_voice_test.cpp(4392): PASSED:
  REQUIRE( Krate::DSP::detail::isFinite(cloudAmp) )
with expansion:
  true
with messages:
  richness 0, N_user 1, on active 14, off active 14, on live 1, off live 0,
  reserveBase 8
  child 0: slot 8, parent 0, childAmp 1.82841, active 14

F:\projects\iterum\dsp\tests\unit\systems\vorago_voice_test.cpp(4394): PASSED:
  REQUIRE( cloudAmp > BloomEngine::kSilentParentAmplitude )
with expansion:
  0.27692f > 0.00001f
with messages:
  richness 0, N_user 1, on active 14, off active 14, on live 1, off live 0,
  reserveBase 8
  child 0: slot 8, parent 0, childAmp 1.82841, active 14
  cloud amplitude at slot 8: 0.276924

  [bloom audible] richness 0.00: N_user 1, active 14, children passing the filter 1
F:\projects\iterum\dsp\tests\unit\systems\vorago_voice_test.cpp(4401): PASSED:
  REQUIRE( passingFilterCount >= 1u )
with expansion:
  1 >= 1
with message:
  richness 0, N_user 1, on active 14, off active 14, on live 1, off live 0,
  reserveBase 8

F:\projects\iterum\dsp\tests\unit\systems\vorago_voice_test.cpp(4406): PASSED:
  REQUIRE( Krate::DSP::detail::isFinite(aOn0) )
with expansion:
  true
with message:
  richness 0, N_user 1, on active 14, off active 14, on live 1, off live 0,
  reserveBase 8

F:\projects\iterum\dsp\tests\unit\systems\vorago_voice_test.cpp(4407): PASSED:
  REQUIRE( Krate::DSP::detail::isFinite(aOff0) )
with expansion:
  true
with message:
  richness 0, N_user 1, on active 14, off active 14, on live 1, off live 0,
  reserveBase 8

F:\projects\iterum\dsp\tests\unit\systems\vorago_voice_test.cpp(4408): PASSED:
  REQUIRE( aOn0 > BloomEngine::kSilentParentAmplitude )
with expansion:
  0.64833f > 0.00001f
with message:
  richness 0, N_user 1, on active 14, off active 14, on live 1, off live 0,
  reserveBase 8

F:\projects\iterum\dsp\tests\unit\systems\vorago_voice_test.cpp(4409): PASSED:
  REQUIRE( aOff0 > BloomEngine::kSilentParentAmplitude )
with expansion:
  0.7071f > 0.00001f
with message:
  richness 0, N_user 1, on active 14, off active 14, on live 1, off live 0,
  reserveBase 8

F:\projects\iterum\dsp\tests\unit\systems\vorago_voice_test.cpp(4415): PASSED:
  REQUIRE( Krate::DSP::detail::isFinite(aOn) )
with expansion:
  true
with message:
  richness 0, N_user 1, on active 14, off active 14, on live 1, off live 0,
  reserveBase 8

F:\projects\iterum\dsp\tests\unit\systems\vorago_voice_test.cpp(4416): PASSED:
  REQUIRE( Krate::DSP::detail::isFinite(aOff) )
with expansion:
  true
with message:
  richness 0, N_user 1, on active 14, off active 14, on live 1, off live 0,
  reserveBase 8

F:\projects\iterum\dsp\tests\unit\systems\vorago_voice_test.cpp(4417): PASSED:
  REQUIRE( aOn > 0.0f )
with expansion:
  0.64833f > 0.0f
with message:
  richness 0, N_user 1, on active 14, off active 14, on live 1, off live 0,
  reserveBase 8

F:\projects\iterum\dsp\tests\unit\systems\vorago_voice_test.cpp(4418): PASSED:
  REQUIRE( aOff > 0.0f )
with expansion:
  0.7071f > 0.0f
with message:
  richness 0, N_user 1, on active 14, off active 14, on live 1, off live 0,
  reserveBase 8

    [bloom audible] richness 0.00 slot 0 (latched parent): on 0.648328 off 0.707099, drop -0.754 dB at kBloomChildGain 2.000
F:\projects\iterum\dsp\tests\unit\systems\vorago_voice_test.cpp(4367): PASSED:
  REQUIRE( on->getRichness() == r )
with expansion:
  0.35f == 0.35f
with message:
  richness 0.35, N_user 4, on active 14, off active 14, on live 1, off live 0,
  reserveBase 8

F:\projects\iterum\dsp\tests\unit\systems\vorago_voice_test.cpp(4368): PASSED:
  REQUIRE( off->getRichness() == r )
with expansion:
  0.35f == 0.35f
with message:
  richness 0.35, N_user 4, on active 14, off active 14, on live 1, off live 0,
  reserveBase 8

F:\projects\iterum\dsp\tests\unit\systems\vorago_voice_test.cpp(4383): PASSED:
  REQUIRE( Krate::DSP::detail::isFinite(childAmp) )
with expansion:
  true
with message:
  richness 0.35, N_user 4, on active 14, off active 14, on live 1, off live 0,
  reserveBase 8

F:\projects\iterum\dsp\tests\unit\systems\vorago_voice_test.cpp(4390): PASSED:
  REQUIRE( slot < active )
with expansion:
  9 < 14
with messages:
  richness 0.35, N_user 4, on active 14, off active 14, on live 1, off live 0,
  reserveBase 8
  child 1: slot 9, parent 0, childAmp 1.96098, active 14

F:\projects\iterum\dsp\tests\unit\systems\vorago_voice_test.cpp(4392): PASSED:
  REQUIRE( Krate::DSP::detail::isFinite(cloudAmp) )
with expansion:
  true
with messages:
  richness 0.35, N_user 4, on active 14, off active 14, on live 1, off live 0,
  reserveBase 8
  child 1: slot 9, parent 0, childAmp 1.96098, active 14

F:\projects\iterum\dsp\tests\unit\systems\vorago_voice_test.cpp(4394): PASSED:
  REQUIRE( cloudAmp > BloomEngine::kSilentParentAmplitude )
with expansion:
  0.27422f > 0.00001f
with messages:
  richness 0.35, N_user 4, on active 14, off active 14, on live 1, off live 0,
  reserveBase 8
  child 1: slot 9, parent 0, childAmp 1.96098, active 14
  cloud amplitude at slot 9: 0.274217

  [bloom audible] richness 0.35: N_user 4, active 14, children passing the filter 1
F:\projects\iterum\dsp\tests\unit\systems\vorago_voice_test.cpp(4401): PASSED:
  REQUIRE( passingFilterCount >= 1u )
with expansion:
  1 >= 1
with message:
  richness 0.35, N_user 4, on active 14, off active 14, on live 1, off live 0,
  reserveBase 8

F:\projects\iterum\dsp\tests\unit\systems\vorago_voice_test.cpp(4406): PASSED:
  REQUIRE( Krate::DSP::detail::isFinite(aOn0) )
with expansion:
  true
with message:
  richness 0.35, N_user 4, on active 14, off active 14, on live 1, off live 0,
  reserveBase 8

F:\projects\iterum\dsp\tests\unit\systems\vorago_voice_test.cpp(4407): PASSED:
  REQUIRE( Krate::DSP::detail::isFinite(aOff0) )
with expansion:
  true
with message:
  richness 0.35, N_user 4, on active 14, off active 14, on live 1, off live 0,
  reserveBase 8

F:\projects\iterum\dsp\tests\unit\systems\vorago_voice_test.cpp(4408): PASSED:
  REQUIRE( aOn0 > BloomEngine::kSilentParentAmplitude )
with expansion:
  0.64201f > 0.00001f
with message:
  richness 0.35, N_user 4, on active 14, off active 14, on live 1, off live 0,
  reserveBase 8

F:\projects\iterum\dsp\tests\unit\systems\vorago_voice_test.cpp(4409): PASSED:
  REQUIRE( aOff0 > BloomEngine::kSilentParentAmplitude )
with expansion:
  0.69893f > 0.00001f
with message:
  richness 0.35, N_user 4, on active 14, off active 14, on live 1, off live 0,
  reserveBase 8

F:\projects\iterum\dsp\tests\unit\systems\vorago_voice_test.cpp(4415): PASSED:
  REQUIRE( Krate::DSP::detail::isFinite(aOn) )
with expansion:
  true
with message:
  richness 0.35, N_user 4, on active 14, off active 14, on live 1, off live 0,
  reserveBase 8

F:\projects\iterum\dsp\tests\unit\systems\vorago_voice_test.cpp(4416): PASSED:
  REQUIRE( Krate::DSP::detail::isFinite(aOff) )
with expansion:
  true
with message:
  richness 0.35, N_user 4, on active 14, off active 14, on live 1, off live 0,
  reserveBase 8

F:\projects\iterum\dsp\tests\unit\systems\vorago_voice_test.cpp(4417): PASSED:
  REQUIRE( aOn > 0.0f )
with expansion:
  0.64201f > 0.0f
with message:
  richness 0.35, N_user 4, on active 14, off active 14, on live 1, off live 0,
  reserveBase 8

F:\projects\iterum\dsp\tests\unit\systems\vorago_voice_test.cpp(4418): PASSED:
  REQUIRE( aOff > 0.0f )
with expansion:
  0.69893f > 0.0f
with message:
  richness 0.35, N_user 4, on active 14, off active 14, on live 1, off live 0,
  reserveBase 8

    [bloom audible] richness 0.35 slot 0 (latched parent): on 0.642006 off 0.698927, drop -0.738 dB at kBloomChildGain 2.000
F:\projects\iterum\dsp\tests\unit\systems\vorago_voice_test.cpp(4415): PASSED:
  REQUIRE( Krate::DSP::detail::isFinite(aOn) )
with expansion:
  true
with message:
  richness 0.35, N_user 4, on active 14, off active 14, on live 1, off live 0,
  reserveBase 8

F:\projects\iterum\dsp\tests\unit\systems\vorago_voice_test.cpp(4416): PASSED:
  REQUIRE( Krate::DSP::detail::isFinite(aOff) )
with expansion:
  true
with message:
  richness 0.35, N_user 4, on active 14, off active 14, on live 1, off live 0,
  reserveBase 8

F:\projects\iterum\dsp\tests\unit\systems\vorago_voice_test.cpp(4417): PASSED:
  REQUIRE( aOn > 0.0f )
with expansion:
  0.09286f > 0.0f
with message:
  richness 0.35, N_user 4, on active 14, off active 14, on live 1, off live 0,
  reserveBase 8

F:\projects\iterum\dsp\tests\unit\systems\vorago_voice_test.cpp(4418): PASSED:
  REQUIRE( aOff > 0.0f )
with expansion:
  0.1011f > 0.0f
with message:
  richness 0.35, N_user 4, on active 14, off active 14, on live 1, off live 0,
  reserveBase 8

    [bloom audible] richness 0.35 slot 1: on 0.0928627 off 0.101096, drop -0.738 dB at kBloomChildGain 2.000
F:\projects\iterum\dsp\tests\unit\systems\vorago_voice_test.cpp(4437): PASSED:
  REQUIRE( std::abs(devDb) <= kToleranceDb )
with expansion:
  0.0000038099 <= 0.5
with messages:
  richness 0.35, N_user 4, on active 14, off active 14, on live 1, off live 0,
  reserveBase 8
  slot 1: on 0.0928627 (ratio 0.144645), off 0.101096 (ratio 0.144644),
  deviation 3.80987e-06 dB

F:\projects\iterum\dsp\tests\unit\systems\vorago_voice_test.cpp(4415): PASSED:
  REQUIRE( Krate::DSP::detail::isFinite(aOn) )
with expansion:
  true
with message:
  richness 0.35, N_user 4, on active 14, off active 14, on live 1, off live 0,
  reserveBase 8

F:\projects\iterum\dsp\tests\unit\systems\vorago_voice_test.cpp(4416): PASSED:
  REQUIRE( Krate::DSP::detail::isFinite(aOff) )
with expansion:
  true
with message:
  richness 0.35, N_user 4, on active 14, off active 14, on live 1, off live 0,
  reserveBase 8

F:\projects\iterum\dsp\tests\unit\systems\vorago_voice_test.cpp(4417): PASSED:
  REQUIRE( aOn > 0.0f )
with expansion:
  0.02997f > 0.0f
with message:
  richness 0.35, N_user 4, on active 14, off active 14, on live 1, off live 0,
  reserveBase 8

F:\projects\iterum\dsp\tests\unit\systems\vorago_voice_test.cpp(4418): PASSED:
  REQUIRE( aOff > 0.0f )
with expansion:
  0.03262f > 0.0f
with message:
  richness 0.35, N_user 4, on active 14, off active 14, on live 1, off live 0,
  reserveBase 8

    [bloom audible] richness 0.35 slot 2: on 0.0299666 off 0.0326235, drop -0.738 dB at kBloomChildGain 2.000
F:\projects\iterum\dsp\tests\unit\systems\vorago_voice_test.cpp(4437): PASSED:
  REQUIRE( std::abs(devDb) <= kToleranceDb )
with expansion:
  0.0000103794 <= 0.5
with messages:
  richness 0.35, N_user 4, on active 14, off active 14, on live 1, off live 0,
  reserveBase 8
  slot 2: on 0.0299666 (ratio 0.0466765), off 0.0326235 (ratio 0.0466766),
  deviation -1.03794e-05 dB

F:\projects\iterum\dsp\tests\unit\systems\vorago_voice_test.cpp(4415): PASSED:
  REQUIRE( Krate::DSP::detail::isFinite(aOn) )
with expansion:
  true
with message:
  richness 0.35, N_user 4, on active 14, off active 14, on live 1, off live 0,
  reserveBase 8

F:\projects\iterum\dsp\tests\unit\systems\vorago_voice_test.cpp(4416): PASSED:
  REQUIRE( Krate::DSP::detail::isFinite(aOff) )
with expansion:
  true
with message:
  richness 0.35, N_user 4, on active 14, off active 14, on live 1, off live 0,
  reserveBase 8

F:\projects\iterum\dsp\tests\unit\systems\vorago_voice_test.cpp(4417): PASSED:
  REQUIRE( aOn > 0.0f )
with expansion:
  0.01343f > 0.0f
with message:
  richness 0.35, N_user 4, on active 14, off active 14, on live 1, off live 0,
  reserveBase 8

F:\projects\iterum\dsp\tests\unit\systems\vorago_voice_test.cpp(4418): PASSED:
  REQUIRE( aOff > 0.0f )
with expansion:
  0.01462f > 0.0f
with message:
  richness 0.35, N_user 4, on active 14, off active 14, on live 1, off live 0,
  reserveBase 8

    [bloom audible] richness 0.35 slot 3: on 0.013431 off 0.0146217, drop -0.738 dB at kBloomChildGain 2.000
F:\projects\iterum\dsp\tests\unit\systems\vorago_voice_test.cpp(4437): PASSED:
  REQUIRE( std::abs(devDb) <= kToleranceDb )
with expansion:
  0.0000087004 <= 0.5
with messages:
  richness 0.35, N_user 4, on active 14, off active 14, on live 1, off live 0,
  reserveBase 8
  slot 3: on 0.013431 (ratio 0.0209203), off 0.0146217 (ratio 0.0209203),
  deviation 8.70036e-06 dB

F:\projects\iterum\dsp\tests\unit\systems\vorago_voice_test.cpp(4367): PASSED:
  REQUIRE( on->getRichness() == r )
with expansion:
  0.4f == 0.4f
with message:
  richness 0.4, N_user 5, on active 14, off active 14, on live 1, off live 0,
  reserveBase 8

F:\projects\iterum\dsp\tests\unit\systems\vorago_voice_test.cpp(4368): PASSED:
  REQUIRE( off->getRichness() == r )
with expansion:
  0.4f == 0.4f
with message:
  richness 0.4, N_user 5, on active 14, off active 14, on live 1, off live 0,
  reserveBase 8

F:\projects\iterum\dsp\tests\unit\systems\vorago_voice_test.cpp(4383): PASSED:
  REQUIRE( Krate::DSP::detail::isFinite(childAmp) )
with expansion:
  true
with message:
  richness 0.4, N_user 5, on active 14, off active 14, on live 1, off live 0,
  reserveBase 8

F:\projects\iterum\dsp\tests\unit\systems\vorago_voice_test.cpp(4390): PASSED:
  REQUIRE( slot < active )
with expansion:
  10 < 14
with messages:
  richness 0.4, N_user 5, on active 14, off active 14, on live 1, off live 0,
  reserveBase 8
  child 0: slot 10, parent 2, childAmp 0.23213, active 14

F:\projects\iterum\dsp\tests\unit\systems\vorago_voice_test.cpp(4392): PASSED:
  REQUIRE( Krate::DSP::detail::isFinite(cloudAmp) )
with expansion:
  true
with messages:
  richness 0.4, N_user 5, on active 14, off active 14, on live 1, off live 0,
  reserveBase 8
  child 0: slot 10, parent 2, childAmp 0.23213, active 14

F:\projects\iterum\dsp\tests\unit\systems\vorago_voice_test.cpp(4394): PASSED:
  REQUIRE( cloudAmp > BloomEngine::kSilentParentAmplitude )
with expansion:
  0.03305f > 0.00001f
with messages:
  richness 0.4, N_user 5, on active 14, off active 14, on live 1, off live 0,
  reserveBase 8
  child 0: slot 10, parent 2, childAmp 0.23213, active 14
  cloud amplitude at slot 10: 0.0330451

  [bloom audible] richness 0.40: N_user 5, active 14, children passing the filter 1
F:\projects\iterum\dsp\tests\unit\systems\vorago_voice_test.cpp(4401): PASSED:
  REQUIRE( passingFilterCount >= 1u )
with expansion:
  1 >= 1
with message:
  richness 0.4, N_user 5, on active 14, off active 14, on live 1, off live 0,
  reserveBase 8

F:\projects\iterum\dsp\tests\unit\systems\vorago_voice_test.cpp(4406): PASSED:
  REQUIRE( Krate::DSP::detail::isFinite(aOn0) )
with expansion:
  true
with message:
  richness 0.4, N_user 5, on active 14, off active 14, on live 1, off live 0,
  reserveBase 8

F:\projects\iterum\dsp\tests\unit\systems\vorago_voice_test.cpp(4407): PASSED:
  REQUIRE( Krate::DSP::detail::isFinite(aOff0) )
with expansion:
  true
with message:
  richness 0.4, N_user 5, on active 14, off active 14, on live 1, off live 0,
  reserveBase 8

F:\projects\iterum\dsp\tests\unit\systems\vorago_voice_test.cpp(4408): PASSED:
  REQUIRE( aOn0 > BloomEngine::kSilentParentAmplitude )
with expansion:
  0.69638f > 0.00001f
with message:
  richness 0.4, N_user 5, on active 14, off active 14, on live 1, off live 0,
  reserveBase 8

F:\projects\iterum\dsp\tests\unit\systems\vorago_voice_test.cpp(4409): PASSED:
  REQUIRE( aOff0 > BloomEngine::kSilentParentAmplitude )
with expansion:
  0.69722f > 0.00001f
with message:
  richness 0.4, N_user 5, on active 14, off active 14, on live 1, off live 0,
  reserveBase 8

F:\projects\iterum\dsp\tests\unit\systems\vorago_voice_test.cpp(4415): PASSED:
  REQUIRE( Krate::DSP::detail::isFinite(aOn) )
with expansion:
  true
with message:
  richness 0.4, N_user 5, on active 14, off active 14, on live 1, off live 0,
  reserveBase 8

F:\projects\iterum\dsp\tests\unit\systems\vorago_voice_test.cpp(4416): PASSED:
  REQUIRE( Krate::DSP::detail::isFinite(aOff) )
with expansion:
  true
with message:
  richness 0.4, N_user 5, on active 14, off active 14, on live 1, off live 0,
  reserveBase 8

F:\projects\iterum\dsp\tests\unit\systems\vorago_voice_test.cpp(4417): PASSED:
  REQUIRE( aOn > 0.0f )
with expansion:
  0.69638f > 0.0f
with message:
  richness 0.4, N_user 5, on active 14, off active 14, on live 1, off live 0,
  reserveBase 8

F:\projects\iterum\dsp\tests\unit\systems\vorago_voice_test.cpp(4418): PASSED:
  REQUIRE( aOff > 0.0f )
with expansion:
  0.69722f > 0.0f
with message:
  richness 0.4, N_user 5, on active 14, off active 14, on live 1, off live 0,
  reserveBase 8

    [bloom audible] richness 0.40 slot 0: on 0.696376 off 0.69722, drop -0.011 dB at kBloomChildGain 2.000
F:\projects\iterum\dsp\tests\unit\systems\vorago_voice_test.cpp(4437): PASSED:
  REQUIRE( std::abs(devDb) <= kToleranceDb )
with expansion:
  0.0 <= 0.5
with messages:
  richness 0.4, N_user 5, on active 14, off active 14, on live 1, off live 0,
  reserveBase 8
  slot 0: on 0.696376 (ratio 1), off 0.69722 (ratio 1), deviation 0 dB

F:\projects\iterum\dsp\tests\unit\systems\vorago_voice_test.cpp(4415): PASSED:
  REQUIRE( Krate::DSP::detail::isFinite(aOn) )
with expansion:
  true
with message:
  richness 0.4, N_user 5, on active 14, off active 14, on live 1, off live 0,
  reserveBase 8

F:\projects\iterum\dsp\tests\unit\systems\vorago_voice_test.cpp(4416): PASSED:
  REQUIRE( Krate::DSP::detail::isFinite(aOff) )
with expansion:
  true
with message:
  richness 0.4, N_user 5, on active 14, off active 14, on live 1, off live 0,
  reserveBase 8

F:\projects\iterum\dsp\tests\unit\systems\vorago_voice_test.cpp(4417): PASSED:
  REQUIRE( aOn > 0.0f )
with expansion:
  0.10984f > 0.0f
with message:
  richness 0.4, N_user 5, on active 14, off active 14, on live 1, off live 0,
  reserveBase 8

F:\projects\iterum\dsp\tests\unit\systems\vorago_voice_test.cpp(4418): PASSED:
  REQUIRE( aOff > 0.0f )
with expansion:
  0.10998f > 0.0f
with message:
  richness 0.4, N_user 5, on active 14, off active 14, on live 1, off live 0,
  reserveBase 8

    [bloom audible] richness 0.40 slot 1: on 0.109844 off 0.109977, drop -0.011 dB at kBloomChildGain 2.000
F:\projects\iterum\dsp\tests\unit\systems\vorago_voice_test.cpp(4437): PASSED:
  REQUIRE( std::abs(devDb) <= kToleranceDb )
with expansion:
  0.0000156024 <= 0.5
with messages:
  richness 0.4, N_user 5, on active 14, off active 14, on live 1, off live 0,
  reserveBase 8
  slot 1: on 0.109844 (ratio 0.157736), off 0.109977 (ratio 0.157736),
  deviation 1.56024e-05 dB

F:\projects\iterum\dsp\tests\unit\systems\vorago_voice_test.cpp(4415): PASSED:
  REQUIRE( Krate::DSP::detail::isFinite(aOn) )
with expansion:
  true
with message:
  richness 0.4, N_user 5, on active 14, off active 14, on live 1, off live 0,
  reserveBase 8

F:\projects\iterum\dsp\tests\unit\systems\vorago_voice_test.cpp(4416): PASSED:
  REQUIRE( Krate::DSP::detail::isFinite(aOff) )
with expansion:
  true
with message:
  richness 0.4, N_user 5, on active 14, off active 14, on live 1, off live 0,
  reserveBase 8

F:\projects\iterum\dsp\tests\unit\systems\vorago_voice_test.cpp(4417): PASSED:
  REQUIRE( aOn > 0.0f )
with expansion:
  0.03729f > 0.0f
with message:
  richness 0.4, N_user 5, on active 14, off active 14, on live 1, off live 0,
  reserveBase 8

F:\projects\iterum\dsp\tests\unit\systems\vorago_voice_test.cpp(4418): PASSED:
  REQUIRE( aOff > 0.0f )
with expansion:
  0.03733f > 0.0f
with message:
  richness 0.4, N_user 5, on active 14, off active 14, on live 1, off live 0,
  reserveBase 8

    [bloom audible] richness 0.40 slot 2 (latched parent): on 0.0372891 off 0.037334, drop -0.010 dB at kBloomChildGain 2.000
F:\projects\iterum\dsp\tests\unit\systems\vorago_voice_test.cpp(4415): PASSED:
  REQUIRE( Krate::DSP::detail::isFinite(aOn) )
with expansion:
  true
with message:
  richness 0.4, N_user 5, on active 14, off active 14, on live 1, off live 0,
  reserveBase 8

F:\projects\iterum\dsp\tests\unit\systems\vorago_voice_test.cpp(4416): PASSED:
  REQUIRE( Krate::DSP::detail::isFinite(aOff) )
with expansion:
  true
with message:
  richness 0.4, N_user 5, on active 14, off active 14, on live 1, off live 0,
  reserveBase 8

F:\projects\iterum\dsp\tests\unit\systems\vorago_voice_test.cpp(4417): PASSED:
  REQUIRE( aOn > 0.0f )
with expansion:
  0.01732f > 0.0f
with message:
  richness 0.4, N_user 5, on active 14, off active 14, on live 1, off live 0,
  reserveBase 8

F:\projects\iterum\dsp\tests\unit\systems\vorago_voice_test.cpp(4418): PASSED:
  REQUIRE( aOff > 0.0f )
with expansion:
  0.01735f > 0.0f
with message:
  richness 0.4, N_user 5, on active 14, off active 14, on live 1, off live 0,
  reserveBase 8

    [bloom audible] richness 0.40 slot 3: on 0.0173248 off 0.0173457, drop -0.010 dB at kBloomChildGain 2.000
F:\projects\iterum\dsp\tests\unit\systems\vorago_voice_test.cpp(4437): PASSED:
  REQUIRE( std::abs(devDb) <= kToleranceDb )
with expansion:
  0.0000721886 <= 0.5
with messages:
  richness 0.4, N_user 5, on active 14, off active 14, on live 1, off live 0,
  reserveBase 8
  slot 3: on 0.0173248 (ratio 0.0248786), off 0.0173457 (ratio 0.0248783),
  deviation 7.21886e-05 dB

F:\projects\iterum\dsp\tests\unit\systems\vorago_voice_test.cpp(4415): PASSED:
  REQUIRE( Krate::DSP::detail::isFinite(aOn) )
with expansion:
  true
with message:
  richness 0.4, N_user 5, on active 14, off active 14, on live 1, off live 0,
  reserveBase 8

F:\projects\iterum\dsp\tests\unit\systems\vorago_voice_test.cpp(4416): PASSED:
  REQUIRE( Krate::DSP::detail::isFinite(aOff) )
with expansion:
  true
with message:
  richness 0.4, N_user 5, on active 14, off active 14, on live 1, off live 0,
  reserveBase 8

F:\projects\iterum\dsp\tests\unit\systems\vorago_voice_test.cpp(4417): PASSED:
  REQUIRE( aOn > 0.0f )
with expansion:
  0.00956f > 0.0f
with message:
  richness 0.4, N_user 5, on active 14, off active 14, on live 1, off live 0,
  reserveBase 8

F:\projects\iterum\dsp\tests\unit\systems\vorago_voice_test.cpp(4418): PASSED:
  REQUIRE( aOff > 0.0f )
with expansion:
  0.00957f > 0.0f
with message:
  richness 0.4, N_user 5, on active 14, off active 14, on live 1, off live 0,
  reserveBase 8

    [bloom audible] richness 0.40 slot 4: on 0.00955919 off 0.00957069, drop -0.010 dB at kBloomChildGain 2.000
F:\projects\iterum\dsp\tests\unit\systems\vorago_voice_test.cpp(4437): PASSED:
  REQUIRE( std::abs(devDb) <= kToleranceDb )
with expansion:
  0.0000700262 <= 0.5
with messages:
  richness 0.4, N_user 5, on active 14, off active 14, on live 1, off live 0,
  reserveBase 8
  slot 4: on 0.00955919 (ratio 0.013727), off 0.00957069 (ratio 0.0137269),
  deviation 7.00262e-05 dB

F:\projects\iterum\dsp\tests\unit\systems\vorago_voice_test.cpp(4367): PASSED:
  REQUIRE( on->getRichness() == r )
with expansion:
  0.7f == 0.7f
with message:
  richness 0.7, N_user 18, on active 18, off active 18, on live 1, off live 0,
  reserveBase 12

F:\projects\iterum\dsp\tests\unit\systems\vorago_voice_test.cpp(4368): PASSED:
  REQUIRE( off->getRichness() == r )
with expansion:
  0.7f == 0.7f
with message:
  richness 0.7, N_user 18, on active 18, off active 18, on live 1, off live 0,
  reserveBase 12

F:\projects\iterum\dsp\tests\unit\systems\vorago_voice_test.cpp(4383): PASSED:
  REQUIRE( Krate::DSP::detail::isFinite(childAmp) )
with expansion:
  true
with message:
  richness 0.7, N_user 18, on active 18, off active 18, on live 1, off live 0,
  reserveBase 12

F:\projects\iterum\dsp\tests\unit\systems\vorago_voice_test.cpp(4390): PASSED:
  REQUIRE( slot < active )
with expansion:
  12 < 18
with messages:
  richness 0.7, N_user 18, on active 18, off active 18, on live 1, off live 0,
  reserveBase 12
  child 1: slot 12, parent 1, childAmp 0.981495, active 18

F:\projects\iterum\dsp\tests\unit\systems\vorago_voice_test.cpp(4392): PASSED:
  REQUIRE( Krate::DSP::detail::isFinite(cloudAmp) )
with expansion:
  true
with messages:
  richness 0.7, N_user 18, on active 18, off active 18, on live 1, off live 0,
  reserveBase 12
  child 1: slot 12, parent 1, childAmp 0.981495, active 18

F:\projects\iterum\dsp\tests\unit\systems\vorago_voice_test.cpp(4394): PASSED:
  REQUIRE( cloudAmp > BloomEngine::kSilentParentAmplitude )
with expansion:
  0.11952f > 0.00001f
with messages:
  richness 0.7, N_user 18, on active 18, off active 18, on live 1, off live 0,
  reserveBase 12
  child 1: slot 12, parent 1, childAmp 0.981495, active 18
  cloud amplitude at slot 12: 0.119524

  [bloom audible] richness 0.70: N_user 18, active 18, children passing the filter 1
F:\projects\iterum\dsp\tests\unit\systems\vorago_voice_test.cpp(4401): PASSED:
  REQUIRE( passingFilterCount >= 1u )
with expansion:
  1 >= 1
with message:
  richness 0.7, N_user 18, on active 18, off active 18, on live 1, off live 0,
  reserveBase 12

F:\projects\iterum\dsp\tests\unit\systems\vorago_voice_test.cpp(4406): PASSED:
  REQUIRE( Krate::DSP::detail::isFinite(aOn0) )
with expansion:
  true
with message:
  richness 0.7, N_user 18, on active 18, off active 18, on live 1, off live 0,
  reserveBase 12

F:\projects\iterum\dsp\tests\unit\systems\vorago_voice_test.cpp(4407): PASSED:
  REQUIRE( Krate::DSP::detail::isFinite(aOff0) )
with expansion:
  true
with message:
  richness 0.7, N_user 18, on active 18, off active 18, on live 1, off live 0,
  reserveBase 12

F:\projects\iterum\dsp\tests\unit\systems\vorago_voice_test.cpp(4408): PASSED:
  REQUIRE( aOn0 > BloomEngine::kSilentParentAmplitude )
with expansion:
  0.66567f > 0.00001f
with message:
  richness 0.7, N_user 18, on active 18, off active 18, on live 1, off live 0,
  reserveBase 12

F:\projects\iterum\dsp\tests\unit\systems\vorago_voice_test.cpp(4409): PASSED:
  REQUIRE( aOff0 > BloomEngine::kSilentParentAmplitude )
with expansion:
  0.67572f > 0.00001f
with message:
  richness 0.7, N_user 18, on active 18, off active 18, on live 1, off live 0,
  reserveBase 12

F:\projects\iterum\dsp\tests\unit\systems\vorago_voice_test.cpp(4415): PASSED:
  REQUIRE( Krate::DSP::detail::isFinite(aOn) )
with expansion:
  true
with message:
  richness 0.7, N_user 18, on active 18, off active 18, on live 1, off live 0,
  reserveBase 12

F:\projects\iterum\dsp\tests\unit\systems\vorago_voice_test.cpp(4416): PASSED:
  REQUIRE( Krate::DSP::detail::isFinite(aOff) )
with expansion:
  true
with message:
  richness 0.7, N_user 18, on active 18, off active 18, on live 1, off live 0,
  reserveBase 12

F:\projects\iterum\dsp\tests\unit\systems\vorago_voice_test.cpp(4417): PASSED:
  REQUIRE( aOn > 0.0f )
with expansion:
  0.66567f > 0.0f
with message:
  richness 0.7, N_user 18, on active 18, off active 18, on live 1, off live 0,
  reserveBase 12

F:\projects\iterum\dsp\tests\unit\systems\vorago_voice_test.cpp(4418): PASSED:
  REQUIRE( aOff > 0.0f )
with expansion:
  0.67572f > 0.0f
with message:
  richness 0.7, N_user 18, on active 18, off active 18, on live 1, off live 0,
  reserveBase 12

    [bloom audible] richness 0.70 slot 0: on 0.665666 off 0.675721, drop -0.130 dB at kBloomChildGain 2.000
F:\projects\iterum\dsp\tests\unit\systems\vorago_voice_test.cpp(4437): PASSED:
  REQUIRE( std::abs(devDb) <= kToleranceDb )
with expansion:
  0.0 <= 0.5
with messages:
  richness 0.7, N_user 18, on active 18, off active 18, on live 1, off live 0,
  reserveBase 12
  slot 0: on 0.665666 (ratio 1), off 0.675721 (ratio 1), deviation 0 dB

F:\projects\iterum\dsp\tests\unit\systems\vorago_voice_test.cpp(4415): PASSED:
  REQUIRE( Krate::DSP::detail::isFinite(aOn) )
with expansion:
  true
with message:
  richness 0.7, N_user 18, on active 18, off active 18, on live 1, off live 0,
  reserveBase 12

F:\projects\iterum\dsp\tests\unit\systems\vorago_voice_test.cpp(4416): PASSED:
  REQUIRE( Krate::DSP::detail::isFinite(aOff) )
with expansion:
  true
with message:
  richness 0.7, N_user 18, on active 18, off active 18, on live 1, off live 0,
  reserveBase 12

F:\projects\iterum\dsp\tests\unit\systems\vorago_voice_test.cpp(4417): PASSED:
  REQUIRE( aOn > 0.0f )
with expansion:
  0.17659f > 0.0f
with message:
  richness 0.7, N_user 18, on active 18, off active 18, on live 1, off live 0,
  reserveBase 12

F:\projects\iterum\dsp\tests\unit\systems\vorago_voice_test.cpp(4418): PASSED:
  REQUIRE( aOff > 0.0f )
with expansion:
  0.17925f > 0.0f
with message:
  richness 0.7, N_user 18, on active 18, off active 18, on live 1, off live 0,
  reserveBase 12

    [bloom audible] richness 0.70 slot 1 (latched parent): on 0.176587 off 0.179255, drop -0.130 dB at kBloomChildGain 2.000
F:\projects\iterum\dsp\tests\unit\systems\vorago_voice_test.cpp(4415): PASSED:
  REQUIRE( Krate::DSP::detail::isFinite(aOn) )
with expansion:
  true
with message:
  richness 0.7, N_user 18, on active 18, off active 18, on live 1, off live 0,
  reserveBase 12

F:\projects\iterum\dsp\tests\unit\systems\vorago_voice_test.cpp(4416): PASSED:
  REQUIRE( Krate::DSP::detail::isFinite(aOff) )
with expansion:
  true
with message:
  richness 0.7, N_user 18, on active 18, off active 18, on live 1, off live 0,
  reserveBase 12

F:\projects\iterum\dsp\tests\unit\systems\vorago_voice_test.cpp(4417): PASSED:
  REQUIRE( aOn > 0.0f )
with expansion:
  0.08125f > 0.0f
with message:
  richness 0.7, N_user 18, on active 18, off active 18, on live 1, off live 0,
  reserveBase 12

F:\projects\iterum\dsp\tests\unit\systems\vorago_voice_test.cpp(4418): PASSED:
  REQUIRE( aOff > 0.0f )
with expansion:
  0.08248f > 0.0f
with message:
  richness 0.7, N_user 18, on active 18, off active 18, on live 1, off live 0,
  reserveBase 12

    [bloom audible] richness 0.70 slot 2: on 0.0812523 off 0.0824796, drop -0.130 dB at kBloomChildGain 2.000
F:\projects\iterum\dsp\tests\unit\systems\vorago_voice_test.cpp(4437): PASSED:
  REQUIRE( std::abs(devDb) <= kToleranceDb )
with expansion:
  0.0000010795 <= 0.5
with messages:
  richness 0.7, N_user 18, on active 18, off active 18, on live 1, off live 0,
  reserveBase 12
  slot 2: on 0.0812523 (ratio 0.122062), off 0.0824796 (ratio 0.122062),
  deviation -1.07946e-06 dB

F:\projects\iterum\dsp\tests\unit\systems\vorago_voice_test.cpp(4415): PASSED:
  REQUIRE( Krate::DSP::detail::isFinite(aOn) )
with expansion:
  true
with message:
  richness 0.7, N_user 18, on active 18, off active 18, on live 1, off live 0,
  reserveBase 12

F:\projects\iterum\dsp\tests\unit\systems\vorago_voice_test.cpp(4416): PASSED:
  REQUIRE( Krate::DSP::detail::isFinite(aOff) )
with expansion:
  true
with message:
  richness 0.7, N_user 18, on active 18, off active 18, on live 1, off live 0,
  reserveBase 12

F:\projects\iterum\dsp\tests\unit\systems\vorago_voice_test.cpp(4417): PASSED:
  REQUIRE( aOn > 0.0f )
with expansion:
  0.04684f > 0.0f
with message:
  richness 0.7, N_user 18, on active 18, off active 18, on live 1, off live 0,
  reserveBase 12

F:\projects\iterum\dsp\tests\unit\systems\vorago_voice_test.cpp(4418): PASSED:
  REQUIRE( aOff > 0.0f )
with expansion:
  0.04755f > 0.0f
with message:
  richness 0.7, N_user 18, on active 18, off active 18, on live 1, off live 0,
  reserveBase 12

    [bloom audible] richness 0.70 slot 3: on 0.046841 off 0.0475486, drop -0.130 dB at kBloomChildGain 2.000
F:\projects\iterum\dsp\tests\unit\systems\vorago_voice_test.cpp(4437): PASSED:
  REQUIRE( std::abs(devDb) <= kToleranceDb )
with expansion:
  0.0000016451 <= 0.5
with messages:
  richness 0.7, N_user 18, on active 18, off active 18, on live 1, off live 0,
  reserveBase 12
  slot 3: on 0.046841 (ratio 0.0703672), off 0.0475486 (ratio 0.0703672),
  deviation 1.64511e-06 dB

F:\projects\iterum\dsp\tests\unit\systems\vorago_voice_test.cpp(4415): PASSED:
  REQUIRE( Krate::DSP::detail::isFinite(aOn) )
with expansion:
  true
with message:
  richness 0.7, N_user 18, on active 18, off active 18, on live 1, off live 0,
  reserveBase 12

F:\projects\iterum\dsp\tests\unit\systems\vorago_voice_test.cpp(4416): PASSED:
  REQUIRE( Krate::DSP::detail::isFinite(aOff) )
with expansion:
  true
with message:
  richness 0.7, N_user 18, on active 18, off active 18, on live 1, off live 0,
  reserveBase 12

F:\projects\iterum\dsp\tests\unit\systems\vorago_voice_test.cpp(4417): PASSED:
  REQUIRE( aOn > 0.0f )
with expansion:
  0.03055f > 0.0f
with message:
  richness 0.7, N_user 18, on active 18, off active 18, on live 1, off live 0,
  reserveBase 12

F:\projects\iterum\dsp\tests\unit\systems\vorago_voice_test.cpp(4418): PASSED:
  REQUIRE( aOff > 0.0f )
with expansion:
  0.03101f > 0.0f
with message:
  richness 0.7, N_user 18, on active 18, off active 18, on live 1, off live 0,
  reserveBase 12

    [bloom audible] richness 0.70 slot 4: on 0.0305535 off 0.031015, drop -0.130 dB at kBloomChildGain 2.000
F:\projects\iterum\dsp\tests\unit\systems\vorago_voice_test.cpp(4437): PASSED:
  REQUIRE( std::abs(devDb) <= kToleranceDb )
with expansion:
  0.0000100481 <= 0.5
with messages:
  richness 0.7, N_user 18, on active 18, off active 18, on live 1, off live 0,
  reserveBase 12
  slot 4: on 0.0305535 (ratio 0.0458992), off 0.031015 (ratio 0.0458991),
  deviation 1.00481e-05 dB

F:\projects\iterum\dsp\tests\unit\systems\vorago_voice_test.cpp(4415): PASSED:
  REQUIRE( Krate::DSP::detail::isFinite(aOn) )
with expansion:
  true
with message:
  richness 0.7, N_user 18, on active 18, off active 18, on live 1, off live 0,
  reserveBase 12

F:\projects\iterum\dsp\tests\unit\systems\vorago_voice_test.cpp(4416): PASSED:
  REQUIRE( Krate::DSP::detail::isFinite(aOff) )
with expansion:
  true
with message:
  richness 0.7, N_user 18, on active 18, off active 18, on live 1, off live 0,
  reserveBase 12

F:\projects\iterum\dsp\tests\unit\systems\vorago_voice_test.cpp(4417): PASSED:
  REQUIRE( aOn > 0.0f )
with expansion:
  0.02155f > 0.0f
with message:
  richness 0.7, N_user 18, on active 18, off active 18, on live 1, off live 0,
  reserveBase 12

F:\projects\iterum\dsp\tests\unit\systems\vorago_voice_test.cpp(4418): PASSED:
  REQUIRE( aOff > 0.0f )
with expansion:
  0.02187f > 0.0f
with message:
  richness 0.7, N_user 18, on active 18, off active 18, on live 1, off live 0,
  reserveBase 12

    [bloom audible] richness 0.70 slot 5: on 0.0215484 off 0.0218739, drop -0.130 dB at kBloomChildGain 2.000
F:\projects\iterum\dsp\tests\unit\systems\vorago_voice_test.cpp(4437): PASSED:
  REQUIRE( std::abs(devDb) <= kToleranceDb )
with expansion:
  0.0000017204 <= 0.5
with messages:
  richness 0.7, N_user 18, on active 18, off active 18, on live 1, off live 0,
  reserveBase 12
  slot 5: on 0.0215484 (ratio 0.0323712), off 0.0218739 (ratio 0.0323712),
  deviation -1.72036e-06 dB

F:\projects\iterum\dsp\tests\unit\systems\vorago_voice_test.cpp(4415): PASSED:
  REQUIRE( Krate::DSP::detail::isFinite(aOn) )
with expansion:
  true
with message:
  richness 0.7, N_user 18, on active 18, off active 18, on live 1, off live 0,
  reserveBase 12

F:\projects\iterum\dsp\tests\unit\systems\vorago_voice_test.cpp(4416): PASSED:
  REQUIRE( Krate::DSP::detail::isFinite(aOff) )
with expansion:
  true
with message:
  richness 0.7, N_user 18, on active 18, off active 18, on live 1, off live 0,
  reserveBase 12

F:\projects\iterum\dsp\tests\unit\systems\vorago_voice_test.cpp(4417): PASSED:
  REQUIRE( aOn > 0.0f )
with expansion:
  0.01604f > 0.0f
with message:
  richness 0.7, N_user 18, on active 18, off active 18, on live 1, off live 0,
  reserveBase 12

F:\projects\iterum\dsp\tests\unit\systems\vorago_voice_test.cpp(4418): PASSED:
  REQUIRE( aOff > 0.0f )
with expansion:
  0.01628f > 0.0f
with message:
  richness 0.7, N_user 18, on active 18, off active 18, on live 1, off live 0,
  reserveBase 12

    [bloom audible] richness 0.70 slot 6: on 0.0160386 off 0.0162809, drop -0.130 dB at kBloomChildGain 2.000
F:\projects\iterum\dsp\tests\unit\systems\vorago_voice_test.cpp(4437): PASSED:
  REQUIRE( std::abs(devDb) <= kToleranceDb )
with expansion:
  0.0000130211 <= 0.5
with messages:
  richness 0.7, N_user 18, on active 18, off active 18, on live 1, off live 0,
  reserveBase 12
  slot 6: on 0.0160386 (ratio 0.0240941), off 0.0162809 (ratio 0.0240941),
  deviation -1.30211e-05 dB

F:\projects\iterum\dsp\tests\unit\systems\vorago_voice_test.cpp(4415): PASSED:
  REQUIRE( Krate::DSP::detail::isFinite(aOn) )
with expansion:
  true
with message:
  richness 0.7, N_user 18, on active 18, off active 18, on live 1, off live 0,
  reserveBase 12

F:\projects\iterum\dsp\tests\unit\systems\vorago_voice_test.cpp(4416): PASSED:
  REQUIRE( Krate::DSP::detail::isFinite(aOff) )
with expansion:
  true
with message:
  richness 0.7, N_user 18, on active 18, off active 18, on live 1, off live 0,
  reserveBase 12

F:\projects\iterum\dsp\tests\unit\systems\vorago_voice_test.cpp(4417): PASSED:
  REQUIRE( aOn > 0.0f )
with expansion:
  0.01242f > 0.0f
with message:
  richness 0.7, N_user 18, on active 18, off active 18, on live 1, off live 0,
  reserveBase 12

F:\projects\iterum\dsp\tests\unit\systems\vorago_voice_test.cpp(4418): PASSED:
  REQUIRE( aOff > 0.0f )
with expansion:
  0.0126f > 0.0f
with message:
  richness 0.7, N_user 18, on active 18, off active 18, on live 1, off live 0,
  reserveBase 12

    [bloom audible] richness 0.70 slot 7: on 0.0124173 off 0.0126049, drop -0.130 dB at kBloomChildGain 2.000
F:\projects\iterum\dsp\tests\unit\systems\vorago_voice_test.cpp(4437): PASSED:
  REQUIRE( std::abs(devDb) <= kToleranceDb )
with expansion:
  0.0000047431 <= 0.5
with messages:
  richness 0.7, N_user 18, on active 18, off active 18, on live 1, off live 0,
  reserveBase 12
  slot 7: on 0.0124173 (ratio 0.018654), off 0.0126049 (ratio 0.018654),
  deviation 4.74311e-06 dB

F:\projects\iterum\dsp\tests\unit\systems\vorago_voice_test.cpp(4367): PASSED:
  REQUIRE( on->getRichness() == r )
with expansion:
  1.0f == 1.0f
with message:
  richness 1, N_user 64, on active 64, off active 64, on live 1, off live 0,
  reserveBase 58

F:\projects\iterum\dsp\tests\unit\systems\vorago_voice_test.cpp(4368): PASSED:
  REQUIRE( off->getRichness() == r )
with expansion:
  1.0f == 1.0f
with message:
  richness 1, N_user 64, on active 64, off active 64, on live 1, off live 0,
  reserveBase 58

F:\projects\iterum\dsp\tests\unit\systems\vorago_voice_test.cpp(4383): PASSED:
  REQUIRE( Krate::DSP::detail::isFinite(childAmp) )
with expansion:
  true
with message:
  richness 1, N_user 64, on active 64, off active 64, on live 1, off live 0,
  reserveBase 58

F:\projects\iterum\dsp\tests\unit\systems\vorago_voice_test.cpp(4390): PASSED:
  REQUIRE( slot < active )
with expansion:
  58 < 64
with messages:
  richness 1, N_user 64, on active 64, off active 64, on live 1, off live 0,
  reserveBase 58
  child 0: slot 58, parent 2, childAmp 3.68176, active 64

F:\projects\iterum\dsp\tests\unit\systems\vorago_voice_test.cpp(4392): PASSED:
  REQUIRE( Krate::DSP::detail::isFinite(cloudAmp) )
with expansion:
  true
with messages:
  richness 1, N_user 64, on active 64, off active 64, on live 1, off live 0,
  reserveBase 58
  child 0: slot 58, parent 2, childAmp 3.68176, active 64

F:\projects\iterum\dsp\tests\unit\systems\vorago_voice_test.cpp(4394): PASSED:
  REQUIRE( cloudAmp > BloomEngine::kSilentParentAmplitude )
with expansion:
  0.14238f > 0.00001f
with messages:
  richness 1, N_user 64, on active 64, off active 64, on live 1, off live 0,
  reserveBase 58
  child 0: slot 58, parent 2, childAmp 3.68176, active 64
  cloud amplitude at slot 58: 0.142385

  [bloom audible] richness 1.00: N_user 64, active 64, children passing the filter 1
F:\projects\iterum\dsp\tests\unit\systems\vorago_voice_test.cpp(4401): PASSED:
  REQUIRE( passingFilterCount >= 1u )
with expansion:
  1 >= 1
with message:
  richness 1, N_user 64, on active 64, off active 64, on live 1, off live 0,
  reserveBase 58

F:\projects\iterum\dsp\tests\unit\systems\vorago_voice_test.cpp(4406): PASSED:
  REQUIRE( Krate::DSP::detail::isFinite(aOn0) )
with expansion:
  true
with message:
  richness 1, N_user 64, on active 64, off active 64, on live 1, off live 0,
  reserveBase 58

F:\projects\iterum\dsp\tests\unit\systems\vorago_voice_test.cpp(4407): PASSED:
  REQUIRE( Krate::DSP::detail::isFinite(aOff0) )
with expansion:
  true
with message:
  richness 1, N_user 64, on active 64, off active 64, on live 1, off live 0,
  reserveBase 58

F:\projects\iterum\dsp\tests\unit\systems\vorago_voice_test.cpp(4408): PASSED:
  REQUIRE( aOn0 > BloomEngine::kSilentParentAmplitude )
with expansion:
  0.58177f > 0.00001f
with message:
  richness 1, N_user 64, on active 64, off active 64, on live 1, off live 0,
  reserveBase 58

F:\projects\iterum\dsp\tests\unit\systems\vorago_voice_test.cpp(4409): PASSED:
  REQUIRE( aOff0 > BloomEngine::kSilentParentAmplitude )
with expansion:
  0.59454f > 0.00001f
with message:
  richness 1, N_user 64, on active 64, off active 64, on live 1, off live 0,
  reserveBase 58

F:\projects\iterum\dsp\tests\unit\systems\vorago_voice_test.cpp(4415): PASSED:
  REQUIRE( Krate::DSP::detail::isFinite(aOn) )
with expansion:
  true
with message:
  richness 1, N_user 64, on active 64, off active 64, on live 1, off live 0,
  reserveBase 58

F:\projects\iterum\dsp\tests\unit\systems\vorago_voice_test.cpp(4416): PASSED:
  REQUIRE( Krate::DSP::detail::isFinite(aOff) )
with expansion:
  true
with message:
  richness 1, N_user 64, on active 64, off active 64, on live 1, off live 0,
  reserveBase 58

F:\projects\iterum\dsp\tests\unit\systems\vorago_voice_test.cpp(4417): PASSED:
  REQUIRE( aOn > 0.0f )
with expansion:
  0.58177f > 0.0f
with message:
  richness 1, N_user 64, on active 64, off active 64, on live 1, off live 0,
  reserveBase 58

F:\projects\iterum\dsp\tests\unit\systems\vorago_voice_test.cpp(4418): PASSED:
  REQUIRE( aOff > 0.0f )
with expansion:
  0.59454f > 0.0f
with message:
  richness 1, N_user 64, on active 64, off active 64, on live 1, off live 0,
  reserveBase 58

    [bloom audible] richness 1.00 slot 0: on 0.581771 off 0.594543, drop -0.189 dB at kBloomChildGain 2.000
F:\projects\iterum\dsp\tests\unit\systems\vorago_voice_test.cpp(4437): PASSED:
  REQUIRE( std::abs(devDb) <= kToleranceDb )
with expansion:
  0.0 <= 0.5
with messages:
  richness 1, N_user 64, on active 64, off active 64, on live 1, off live 0,
  reserveBase 58
  slot 0: on 0.581771 (ratio 1), off 0.594543 (ratio 1), deviation 0 dB

F:\projects\iterum\dsp\tests\unit\systems\vorago_voice_test.cpp(4415): PASSED:
  REQUIRE( Krate::DSP::detail::isFinite(aOn) )
with expansion:
  true
with message:
  richness 1, N_user 64, on active 64, off active 64, on live 1, off live 0,
  reserveBase 58

F:\projects\iterum\dsp\tests\unit\systems\vorago_voice_test.cpp(4416): PASSED:
  REQUIRE( Krate::DSP::detail::isFinite(aOff) )
with expansion:
  true
with message:
  richness 1, N_user 64, on active 64, off active 64, on live 1, off live 0,
  reserveBase 58

F:\projects\iterum\dsp\tests\unit\systems\vorago_voice_test.cpp(4417): PASSED:
  REQUIRE( aOn > 0.0f )
with expansion:
  0.25955f > 0.0f
with message:
  richness 1, N_user 64, on active 64, off active 64, on live 1, off live 0,
  reserveBase 58

F:\projects\iterum\dsp\tests\unit\systems\vorago_voice_test.cpp(4418): PASSED:
  REQUIRE( aOff > 0.0f )
with expansion:
  0.26525f > 0.0f
with message:
  richness 1, N_user 64, on active 64, off active 64, on live 1, off live 0,
  reserveBase 58

    [bloom audible] richness 1.00 slot 1: on 0.259554 off 0.265252, drop -0.189 dB at kBloomChildGain 2.000
F:\projects\iterum\dsp\tests\unit\systems\vorago_voice_test.cpp(4437): PASSED:
  REQUIRE( std::abs(devDb) <= kToleranceDb )
with expansion:
  0.00000455 <= 0.5
with messages:
  richness 1, N_user 64, on active 64, off active 64, on live 1, off live 0,
  reserveBase 58
  slot 1: on 0.259554 (ratio 0.446145), off 0.265252 (ratio 0.446145),
  deviation -4.55003e-06 dB

F:\projects\iterum\dsp\tests\unit\systems\vorago_voice_test.cpp(4415): PASSED:
  REQUIRE( Krate::DSP::detail::isFinite(aOn) )
with expansion:
  true
with message:
  richness 1, N_user 64, on active 64, off active 64, on live 1, off live 0,
  reserveBase 58

F:\projects\iterum\dsp\tests\unit\systems\vorago_voice_test.cpp(4416): PASSED:
  REQUIRE( Krate::DSP::detail::isFinite(aOff) )
with expansion:
  true
with message:
  richness 1, N_user 64, on active 64, off active 64, on live 1, off live 0,
  reserveBase 58

F:\projects\iterum\dsp\tests\unit\systems\vorago_voice_test.cpp(4417): PASSED:
  REQUIRE( aOn > 0.0f )
with expansion:
  0.16187f > 0.0f
with message:
  richness 1, N_user 64, on active 64, off active 64, on live 1, off live 0,
  reserveBase 58

F:\projects\iterum\dsp\tests\unit\systems\vorago_voice_test.cpp(4418): PASSED:
  REQUIRE( aOff > 0.0f )
with expansion:
  0.16543f > 0.0f
with message:
  richness 1, N_user 64, on active 64, off active 64, on live 1, off live 0,
  reserveBase 58

    [bloom audible] richness 1.00 slot 2 (latched parent): on 0.161872 off 0.165426, drop -0.189 dB at kBloomChildGain 2.000
F:\projects\iterum\dsp\tests\unit\systems\vorago_voice_test.cpp(4415): PASSED:
  REQUIRE( Krate::DSP::detail::isFinite(aOn) )
with expansion:
  true
with message:
  richness 1, N_user 64, on active 64, off active 64, on live 1, off live 0,
  reserveBase 58

F:\projects\iterum\dsp\tests\unit\systems\vorago_voice_test.cpp(4416): PASSED:
  REQUIRE( Krate::DSP::detail::isFinite(aOff) )
with expansion:
  true
with message:
  richness 1, N_user 64, on active 64, off active 64, on live 1, off live 0,
  reserveBase 58

F:\projects\iterum\dsp\tests\unit\systems\vorago_voice_test.cpp(4417): PASSED:
  REQUIRE( aOn > 0.0f )
with expansion:
  0.11579f > 0.0f
with message:
  richness 1, N_user 64, on active 64, off active 64, on live 1, off live 0,
  reserveBase 58

F:\projects\iterum\dsp\tests\unit\systems\vorago_voice_test.cpp(4418): PASSED:
  REQUIRE( aOff > 0.0f )
with expansion:
  0.11833f > 0.0f
with message:
  richness 1, N_user 64, on active 64, off active 64, on live 1, off live 0,
  reserveBase 58

    [bloom audible] richness 1.00 slot 3: on 0.115789 off 0.118331, drop -0.189 dB at kBloomChildGain 2.000
F:\projects\iterum\dsp\tests\unit\systems\vorago_voice_test.cpp(4437): PASSED:
  REQUIRE( std::abs(devDb) <= kToleranceDb )
with expansion:
  0.0000168754 <= 0.5
with messages:
  richness 1, N_user 64, on active 64, off active 64, on live 1, off live 0,
  reserveBase 58
  slot 3: on 0.115789 (ratio 0.199029), off 0.118331 (ratio 0.199028),
  deviation 1.68754e-05 dB

F:\projects\iterum\dsp\tests\unit\systems\vorago_voice_test.cpp(4415): PASSED:
  REQUIRE( Krate::DSP::detail::isFinite(aOn) )
with expansion:
  true
with message:
  richness 1, N_user 64, on active 64, off active 64, on live 1, off live 0,
  reserveBase 58

F:\projects\iterum\dsp\tests\unit\systems\vorago_voice_test.cpp(4416): PASSED:
  REQUIRE( Krate::DSP::detail::isFinite(aOff) )
with expansion:
  true
with message:
  richness 1, N_user 64, on active 64, off active 64, on live 1, off live 0,
  reserveBase 58

F:\projects\iterum\dsp\tests\unit\systems\vorago_voice_test.cpp(4417): PASSED:
  REQUIRE( aOn > 0.0f )
with expansion:
  0.08929f > 0.0f
with message:
  richness 1, N_user 64, on active 64, off active 64, on live 1, off live 0,
  reserveBase 58

F:\projects\iterum\dsp\tests\unit\systems\vorago_voice_test.cpp(4418): PASSED:
  REQUIRE( aOff > 0.0f )
with expansion:
  0.09125f > 0.0f
with message:
  richness 1, N_user 64, on active 64, off active 64, on live 1, off live 0,
  reserveBase 58

    [bloom audible] richness 1.00 slot 4: on 0.0892863 off 0.0912463, drop -0.189 dB at kBloomChildGain 2.000
F:\projects\iterum\dsp\tests\unit\systems\vorago_voice_test.cpp(4437): PASSED:
  REQUIRE( std::abs(devDb) <= kToleranceDb )
with expansion:
  0.000010466 <= 0.5
with messages:
  richness 1, N_user 64, on active 64, off active 64, on live 1, off live 0,
  reserveBase 58
  slot 4: on 0.0892863 (ratio 0.153473), off 0.0912463 (ratio 0.153473),
  deviation 1.0466e-05 dB

F:\projects\iterum\dsp\tests\unit\systems\vorago_voice_test.cpp(4415): PASSED:
  REQUIRE( Krate::DSP::detail::isFinite(aOn) )
with expansion:
  true
with message:
  richness 1, N_user 64, on active 64, off active 64, on live 1, off live 0,
  reserveBase 58

F:\projects\iterum\dsp\tests\unit\systems\vorago_voice_test.cpp(4416): PASSED:
  REQUIRE( Krate::DSP::detail::isFinite(aOff) )
with expansion:
  true
with message:
  richness 1, N_user 64, on active 64, off active 64, on live 1, off live 0,
  reserveBase 58

F:\projects\iterum\dsp\tests\unit\systems\vorago_voice_test.cpp(4417): PASSED:
  REQUIRE( aOn > 0.0f )
with expansion:
  0.0722f > 0.0f
with message:
  richness 1, N_user 64, on active 64, off active 64, on live 1, off live 0,
  reserveBase 58

F:\projects\iterum\dsp\tests\unit\systems\vorago_voice_test.cpp(4418): PASSED:
  REQUIRE( aOff > 0.0f )
with expansion:
  0.07378f > 0.0f
with message:
  richness 1, N_user 64, on active 64, off active 64, on live 1, off live 0,
  reserveBase 58

    [bloom audible] richness 1.00 slot 5: on 0.072198 off 0.073783, drop -0.189 dB at kBloomChildGain 2.000
F:\projects\iterum\dsp\tests\unit\systems\vorago_voice_test.cpp(4437): PASSED:
  REQUIRE( std::abs(devDb) <= kToleranceDb )
with expansion:
  0.0000001721 <= 0.5
with messages:
  richness 1, N_user 64, on active 64, off active 64, on live 1, off live 0,
  reserveBase 58
  slot 5: on 0.072198 (ratio 0.1241), off 0.073783 (ratio 0.1241), deviation -
  1.72087e-07 dB

F:\projects\iterum\dsp\tests\unit\systems\vorago_voice_test.cpp(4415): PASSED:
  REQUIRE( Krate::DSP::detail::isFinite(aOn) )
with expansion:
  true
with message:
  richness 1, N_user 64, on active 64, off active 64, on live 1, off live 0,
  reserveBase 58

F:\projects\iterum\dsp\tests\unit\systems\vorago_voice_test.cpp(4416): PASSED:
  REQUIRE( Krate::DSP::detail::isFinite(aOff) )
with expansion:
  true
with message:
  richness 1, N_user 64, on active 64, off active 64, on live 1, off live 0,
  reserveBase 58

F:\projects\iterum\dsp\tests\unit\systems\vorago_voice_test.cpp(4417): PASSED:
  REQUIRE( aOn > 0.0f )
with expansion:
  0.06032f > 0.0f
with message:
  richness 1, N_user 64, on active 64, off active 64, on live 1, off live 0,
  reserveBase 58

F:\projects\iterum\dsp\tests\unit\systems\vorago_voice_test.cpp(4418): PASSED:
  REQUIRE( aOff > 0.0f )
with expansion:
  0.06165f > 0.0f
with message:
  richness 1, N_user 64, on active 64, off active 64, on live 1, off live 0,
  reserveBase 58

    [bloom audible] richness 1.00 slot 6: on 0.0603235 off 0.0616476, drop -0.189 dB at kBloomChildGain 2.000
F:\projects\iterum\dsp\tests\unit\systems\vorago_voice_test.cpp(4437): PASSED:
  REQUIRE( std::abs(devDb) <= kToleranceDb )
with expansion:
  0.0000186945 <= 0.5
with messages:
  richness 1, N_user 64, on active 64, off active 64, on live 1, off live 0,
  reserveBase 58
  slot 6: on 0.0603235 (ratio 0.103689), off 0.0616476 (ratio 0.103689),
  deviation 1.86945e-05 dB

F:\projects\iterum\dsp\tests\unit\systems\vorago_voice_test.cpp(4415): PASSED:
  REQUIRE( Krate::DSP::detail::isFinite(aOn) )
with expansion:
  true
with message:
  richness 1, N_user 64, on active 64, off active 64, on live 1, off live 0,
  reserveBase 58

F:\projects\iterum\dsp\tests\unit\systems\vorago_voice_test.cpp(4416): PASSED:
  REQUIRE( Krate::DSP::detail::isFinite(aOff) )
with expansion:
  true
with message:
  richness 1, N_user 64, on active 64, off active 64, on live 1, off live 0,
  reserveBase 58

F:\projects\iterum\dsp\tests\unit\systems\vorago_voice_test.cpp(4417): PASSED:
  REQUIRE( aOn > 0.0f )
with expansion:
  0.05162f > 0.0f
with message:
  richness 1, N_user 64, on active 64, off active 64, on live 1, off live 0,
  reserveBase 58

F:\projects\iterum\dsp\tests\unit\systems\vorago_voice_test.cpp(4418): PASSED:
  REQUIRE( aOff > 0.0f )
with expansion:
  0.05276f > 0.0f
with message:
  richness 1, N_user 64, on active 64, off active 64, on live 1, off live 0,
  reserveBase 58

    [bloom audible] richness 1.00 slot 7: on 0.0516228 off 0.052756, drop -0.189 dB at kBloomChildGain 2.000
F:\projects\iterum\dsp\tests\unit\systems\vorago_voice_test.cpp(4437): PASSED:
  REQUIRE( std::abs(devDb) <= kToleranceDb )
with expansion:
  0.000014983 <= 0.5
with messages:
  richness 1, N_user 64, on active 64, off active 64, on live 1, off live 0,
  reserveBase 58
  slot 7: on 0.0516228 (ratio 0.0887339), off 0.052756 (ratio 0.0887338),
  deviation 1.4983e-05 dB

===============================================================================
All tests passed (182 assertions in 1 test case)

exit=0 END 2026-10-01 22:28:48
