START 2026-10-01 22:27:43 sentinel VoragoVoice_BloomChildrenAudible -s at compiled kBloomChildGain 1.20 (kMaxChildGain 2.0; exe 2026-10-01 22:27:41)
Filters: "VoragoVoice_BloomChildrenAudible"
Randomness seeded to: 1897750405

~~~~~~~~~~~~~~~~~~~~~~~~~~~~~~~~~~~~~~~~~~~~~~~~~~~~~~~~~~~~~~~~~~~~~~~~~~~~~~~
dsp_systems_tests.exe is a Catch2 v3.4.0 host application.
Run with -? for options

-------------------------------------------------------------------------------
VoragoVoice_BloomChildrenAudible
-------------------------------------------------------------------------------
F:\projects\iterum\dsp\tests\unit\systems\vorago_voice_test.cpp(4309)
...............................................................................

F:\projects\iterum\dsp\tests\unit\systems\vorago_voice_test.cpp(4324): PASSED:
  REQUIRE( on->getBloomDepth() > 0.0f )
with expansion:
  0.6f > 0.0f

F:\projects\iterum\dsp\tests\unit\systems\vorago_voice_test.cpp(4325): PASSED:
  REQUIRE( bOn.getChildGain() == VoragoVoice::kBloomChildGain )
with expansion:
  1.2f == 1.2f

F:\projects\iterum\dsp\tests\unit\systems\vorago_voice_test.cpp(4367): PASSED:
  REQUIRE( on->getRichness() == r )
with expansion:
  0.0f == 0.0f
with message:
  richness 0, N_user 1, on active 14, off active 14, on live 1, off live 0,
  reserveBase 8

F:\projects\iterum\dsp\tests\unit\systems\vorago_voice_test.cpp(4368): PASSED:
  REQUIRE( off->getRichness() == r )
with expansion:
  0.0f == 0.0f
with message:
  richness 0, N_user 1, on active 14, off active 14, on live 1, off live 0,
  reserveBase 8

F:\projects\iterum\dsp\tests\unit\systems\vorago_voice_test.cpp(4383): PASSED:
  REQUIRE( Krate::DSP::detail::isFinite(childAmp) )
with expansion:
  true
with message:
  richness 0, N_user 1, on active 14, off active 14, on live 1, off live 0,
  reserveBase 8

F:\projects\iterum\dsp\tests\unit\systems\vorago_voice_test.cpp(4390): PASSED:
  REQUIRE( slot < active )
with expansion:
  8 < 14
with messages:
  richness 0, N_user 1, on active 14, off active 14, on live 1, off live 0,
  reserveBase 8
  child 0: slot 8, parent 0, childAmp 1.09704, active 14

F:\projects\iterum\dsp\tests\unit\systems\vorago_voice_test.cpp(4392): PASSED:
  REQUIRE( Krate::DSP::detail::isFinite(cloudAmp) )
with expansion:
  true
with messages:
  richness 0, N_user 1, on active 14, off active 14, on live 1, off live 0,
  reserveBase 8
  child 0: slot 8, parent 0, childAmp 1.09704, active 14

F:\projects\iterum\dsp\tests\unit\systems\vorago_voice_test.cpp(4394): PASSED:
  REQUIRE( cloudAmp > BloomEngine::kSilentParentAmplitude )
with expansion:
  0.17533f > 0.00001f
with messages:
  richness 0, N_user 1, on active 14, off active 14, on live 1, off live 0,
  reserveBase 8
  child 0: slot 8, parent 0, childAmp 1.09704, active 14
  cloud amplitude at slot 8: 0.175335

  [bloom audible] richness 0.00: N_user 1, active 14, children passing the filter 1
F:\projects\iterum\dsp\tests\unit\systems\vorago_voice_test.cpp(4401): PASSED:
  REQUIRE( passingFilterCount >= 1u )
with expansion:
  1 >= 1
with message:
  richness 0, N_user 1, on active 14, off active 14, on live 1, off live 0,
  reserveBase 8

F:\projects\iterum\dsp\tests\unit\systems\vorago_voice_test.cpp(4406): PASSED:
  REQUIRE( Krate::DSP::detail::isFinite(aOn0) )
with expansion:
  true
with message:
  richness 0, N_user 1, on active 14, off active 14, on live 1, off live 0,
  reserveBase 8

F:\projects\iterum\dsp\tests\unit\systems\vorago_voice_test.cpp(4407): PASSED:
  REQUIRE( Krate::DSP::detail::isFinite(aOff0) )
with expansion:
  true
with message:
  richness 0, N_user 1, on active 14, off active 14, on live 1, off live 0,
  reserveBase 8

F:\projects\iterum\dsp\tests\unit\systems\vorago_voice_test.cpp(4408): PASSED:
  REQUIRE( aOn0 > BloomEngine::kSilentParentAmplitude )
with expansion:
  0.68415f > 0.00001f
with message:
  richness 0, N_user 1, on active 14, off active 14, on live 1, off live 0,
  reserveBase 8

F:\projects\iterum\dsp\tests\unit\systems\vorago_voice_test.cpp(4409): PASSED:
  REQUIRE( aOff0 > BloomEngine::kSilentParentAmplitude )
with expansion:
  0.7071f > 0.00001f
with message:
  richness 0, N_user 1, on active 14, off active 14, on live 1, off live 0,
  reserveBase 8

F:\projects\iterum\dsp\tests\unit\systems\vorago_voice_test.cpp(4415): PASSED:
  REQUIRE( Krate::DSP::detail::isFinite(aOn) )
with expansion:
  true
with message:
  richness 0, N_user 1, on active 14, off active 14, on live 1, off live 0,
  reserveBase 8

F:\projects\iterum\dsp\tests\unit\systems\vorago_voice_test.cpp(4416): PASSED:
  REQUIRE( Krate::DSP::detail::isFinite(aOff) )
with expansion:
  true
with message:
  richness 0, N_user 1, on active 14, off active 14, on live 1, off live 0,
  reserveBase 8

F:\projects\iterum\dsp\tests\unit\systems\vorago_voice_test.cpp(4417): PASSED:
  REQUIRE( aOn > 0.0f )
with expansion:
  0.68415f > 0.0f
with message:
  richness 0, N_user 1, on active 14, off active 14, on live 1, off live 0,
  reserveBase 8

F:\projects\iterum\dsp\tests\unit\systems\vorago_voice_test.cpp(4418): PASSED:
  REQUIRE( aOff > 0.0f )
with expansion:
  0.7071f > 0.0f
with message:
  richness 0, N_user 1, on active 14, off active 14, on live 1, off live 0,
  reserveBase 8

    [bloom audible] richness 0.00 slot 0 (latched parent): on 0.684145 off 0.707099, drop -0.287 dB at kBloomChildGain 1.200
F:\projects\iterum\dsp\tests\unit\systems\vorago_voice_test.cpp(4367): PASSED:
  REQUIRE( on->getRichness() == r )
with expansion:
  0.35f == 0.35f
with message:
  richness 0.35, N_user 4, on active 14, off active 14, on live 1, off live 0,
  reserveBase 8

F:\projects\iterum\dsp\tests\unit\systems\vorago_voice_test.cpp(4368): PASSED:
  REQUIRE( off->getRichness() == r )
with expansion:
  0.35f == 0.35f
with message:
  richness 0.35, N_user 4, on active 14, off active 14, on live 1, off live 0,
  reserveBase 8

F:\projects\iterum\dsp\tests\unit\systems\vorago_voice_test.cpp(4383): PASSED:
  REQUIRE( Krate::DSP::detail::isFinite(childAmp) )
with expansion:
  true
with message:
  richness 0.35, N_user 4, on active 14, off active 14, on live 1, off live 0,
  reserveBase 8

F:\projects\iterum\dsp\tests\unit\systems\vorago_voice_test.cpp(4390): PASSED:
  REQUIRE( slot < active )
with expansion:
  9 < 14
with messages:
  richness 0.35, N_user 4, on active 14, off active 14, on live 1, off live 0,
  reserveBase 8
  child 1: slot 9, parent 0, childAmp 1.17659, active 14

F:\projects\iterum\dsp\tests\unit\systems\vorago_voice_test.cpp(4392): PASSED:
  REQUIRE( Krate::DSP::detail::isFinite(cloudAmp) )
with expansion:
  true
with messages:
  richness 0.35, N_user 4, on active 14, off active 14, on live 1, off live 0,
  reserveBase 8
  child 1: slot 9, parent 0, childAmp 1.17659, active 14

F:\projects\iterum\dsp\tests\unit\systems\vorago_voice_test.cpp(4394): PASSED:
  REQUIRE( cloudAmp > BloomEngine::kSilentParentAmplitude )
with expansion:
  0.17343f > 0.00001f
with messages:
  richness 0.35, N_user 4, on active 14, off active 14, on live 1, off live 0,
  reserveBase 8
  child 1: slot 9, parent 0, childAmp 1.17659, active 14
  cloud amplitude at slot 9: 0.17343

  [bloom audible] richness 0.35: N_user 4, active 14, children passing the filter 1
F:\projects\iterum\dsp\tests\unit\systems\vorago_voice_test.cpp(4401): PASSED:
  REQUIRE( passingFilterCount >= 1u )
with expansion:
  1 >= 1
with message:
  richness 0.35, N_user 4, on active 14, off active 14, on live 1, off live 0,
  reserveBase 8

F:\projects\iterum\dsp\tests\unit\systems\vorago_voice_test.cpp(4406): PASSED:
  REQUIRE( Krate::DSP::detail::isFinite(aOn0) )
with expansion:
  true
with message:
  richness 0.35, N_user 4, on active 14, off active 14, on live 1, off live 0,
  reserveBase 8

F:\projects\iterum\dsp\tests\unit\systems\vorago_voice_test.cpp(4407): PASSED:
  REQUIRE( Krate::DSP::detail::isFinite(aOff0) )
with expansion:
  true
with message:
  richness 0.35, N_user 4, on active 14, off active 14, on live 1, off live 0,
  reserveBase 8

F:\projects\iterum\dsp\tests\unit\systems\vorago_voice_test.cpp(4408): PASSED:
  REQUIRE( aOn0 > BloomEngine::kSilentParentAmplitude )
with expansion:
  0.67673f > 0.00001f
with message:
  richness 0.35, N_user 4, on active 14, off active 14, on live 1, off live 0,
  reserveBase 8

F:\projects\iterum\dsp\tests\unit\systems\vorago_voice_test.cpp(4409): PASSED:
  REQUIRE( aOff0 > BloomEngine::kSilentParentAmplitude )
with expansion:
  0.69893f > 0.00001f
with message:
  richness 0.35, N_user 4, on active 14, off active 14, on live 1, off live 0,
  reserveBase 8

F:\projects\iterum\dsp\tests\unit\systems\vorago_voice_test.cpp(4415): PASSED:
  REQUIRE( Krate::DSP::detail::isFinite(aOn) )
with expansion:
  true
with message:
  richness 0.35, N_user 4, on active 14, off active 14, on live 1, off live 0,
  reserveBase 8

F:\projects\iterum\dsp\tests\unit\systems\vorago_voice_test.cpp(4416): PASSED:
  REQUIRE( Krate::DSP::detail::isFinite(aOff) )
with expansion:
  true
with message:
  richness 0.35, N_user 4, on active 14, off active 14, on live 1, off live 0,
  reserveBase 8

F:\projects\iterum\dsp\tests\unit\systems\vorago_voice_test.cpp(4417): PASSED:
  REQUIRE( aOn > 0.0f )
with expansion:
  0.67673f > 0.0f
with message:
  richness 0.35, N_user 4, on active 14, off active 14, on live 1, off live 0,
  reserveBase 8

F:\projects\iterum\dsp\tests\unit\systems\vorago_voice_test.cpp(4418): PASSED:
  REQUIRE( aOff > 0.0f )
with expansion:
  0.69893f > 0.0f
with message:
  richness 0.35, N_user 4, on active 14, off active 14, on live 1, off live 0,
  reserveBase 8

    [bloom audible] richness 0.35 slot 0 (latched parent): on 0.67673 off 0.698927, drop -0.280 dB at kBloomChildGain 1.200
F:\projects\iterum\dsp\tests\unit\systems\vorago_voice_test.cpp(4415): PASSED:
  REQUIRE( Krate::DSP::detail::isFinite(aOn) )
with expansion:
  true
with message:
  richness 0.35, N_user 4, on active 14, off active 14, on live 1, off live 0,
  reserveBase 8

F:\projects\iterum\dsp\tests\unit\systems\vorago_voice_test.cpp(4416): PASSED:
  REQUIRE( Krate::DSP::detail::isFinite(aOff) )
with expansion:
  true
with message:
  richness 0.35, N_user 4, on active 14, off active 14, on live 1, off live 0,
  reserveBase 8

F:\projects\iterum\dsp\tests\unit\systems\vorago_voice_test.cpp(4417): PASSED:
  REQUIRE( aOn > 0.0f )
with expansion:
  0.09789f > 0.0f
with message:
  richness 0.35, N_user 4, on active 14, off active 14, on live 1, off live 0,
  reserveBase 8

F:\projects\iterum\dsp\tests\unit\systems\vorago_voice_test.cpp(4418): PASSED:
  REQUIRE( aOff > 0.0f )
with expansion:
  0.1011f > 0.0f
with message:
  richness 0.35, N_user 4, on active 14, off active 14, on live 1, off live 0,
  reserveBase 8

    [bloom audible] richness 0.35 slot 1: on 0.0978853 off 0.101096, drop -0.280 dB at kBloomChildGain 1.200
F:\projects\iterum\dsp\tests\unit\systems\vorago_voice_test.cpp(4437): PASSED:
  REQUIRE( std::abs(devDb) <= kToleranceDb )
with expansion:
  0.0000047855 <= 0.5
with messages:
  richness 0.35, N_user 4, on active 14, off active 14, on live 1, off live 0,
  reserveBase 8
  slot 1: on 0.0978853 (ratio 0.144645), off 0.101096 (ratio 0.144644),
  deviation 4.78553e-06 dB

F:\projects\iterum\dsp\tests\unit\systems\vorago_voice_test.cpp(4415): PASSED:
  REQUIRE( Krate::DSP::detail::isFinite(aOn) )
with expansion:
  true
with message:
  richness 0.35, N_user 4, on active 14, off active 14, on live 1, off live 0,
  reserveBase 8

F:\projects\iterum\dsp\tests\unit\systems\vorago_voice_test.cpp(4416): PASSED:
  REQUIRE( Krate::DSP::detail::isFinite(aOff) )
with expansion:
  true
with message:
  richness 0.35, N_user 4, on active 14, off active 14, on live 1, off live 0,
  reserveBase 8

F:\projects\iterum\dsp\tests\unit\systems\vorago_voice_test.cpp(4417): PASSED:
  REQUIRE( aOn > 0.0f )
with expansion:
  0.03159f > 0.0f
with message:
  richness 0.35, N_user 4, on active 14, off active 14, on live 1, off live 0,
  reserveBase 8

F:\projects\iterum\dsp\tests\unit\systems\vorago_voice_test.cpp(4418): PASSED:
  REQUIRE( aOff > 0.0f )
with expansion:
  0.03262f > 0.0f
with message:
  richness 0.35, N_user 4, on active 14, off active 14, on live 1, off live 0,
  reserveBase 8

    [bloom audible] richness 0.35 slot 2: on 0.0315874 off 0.0326235, drop -0.280 dB at kBloomChildGain 1.200
F:\projects\iterum\dsp\tests\unit\systems\vorago_voice_test.cpp(4437): PASSED:
  REQUIRE( std::abs(devDb) <= kToleranceDb )
with expansion:
  0.0000123622 <= 0.5
with messages:
  richness 0.35, N_user 4, on active 14, off active 14, on live 1, off live 0,
  reserveBase 8
  slot 2: on 0.0315874 (ratio 0.0466765), off 0.0326235 (ratio 0.0466766),
  deviation -1.23622e-05 dB

F:\projects\iterum\dsp\tests\unit\systems\vorago_voice_test.cpp(4415): PASSED:
  REQUIRE( Krate::DSP::detail::isFinite(aOn) )
with expansion:
  true
with message:
  richness 0.35, N_user 4, on active 14, off active 14, on live 1, off live 0,
  reserveBase 8

F:\projects\iterum\dsp\tests\unit\systems\vorago_voice_test.cpp(4416): PASSED:
  REQUIRE( Krate::DSP::detail::isFinite(aOff) )
with expansion:
  true
with message:
  richness 0.35, N_user 4, on active 14, off active 14, on live 1, off live 0,
  reserveBase 8

F:\projects\iterum\dsp\tests\unit\systems\vorago_voice_test.cpp(4417): PASSED:
  REQUIRE( aOn > 0.0f )
with expansion:
  0.01416f > 0.0f
with message:
  richness 0.35, N_user 4, on active 14, off active 14, on live 1, off live 0,
  reserveBase 8

F:\projects\iterum\dsp\tests\unit\systems\vorago_voice_test.cpp(4418): PASSED:
  REQUIRE( aOff > 0.0f )
with expansion:
  0.01462f > 0.0f
with message:
  richness 0.35, N_user 4, on active 14, off active 14, on live 1, off live 0,
  reserveBase 8

    [bloom audible] richness 0.35 slot 3: on 0.0141574 off 0.0146217, drop -0.280 dB at kBloomChildGain 1.200
F:\projects\iterum\dsp\tests\unit\systems\vorago_voice_test.cpp(4437): PASSED:
  REQUIRE( std::abs(devDb) <= kToleranceDb )
with expansion:
  0.0000089406 <= 0.5
with messages:
  richness 0.35, N_user 4, on active 14, off active 14, on live 1, off live 0,
  reserveBase 8
  slot 3: on 0.0141574 (ratio 0.0209203), off 0.0146217 (ratio 0.0209203),
  deviation 8.94058e-06 dB

F:\projects\iterum\dsp\tests\unit\systems\vorago_voice_test.cpp(4367): PASSED:
  REQUIRE( on->getRichness() == r )
with expansion:
  0.4f == 0.4f
with message:
  richness 0.4, N_user 5, on active 14, off active 14, on live 1, off live 0,
  reserveBase 8

F:\projects\iterum\dsp\tests\unit\systems\vorago_voice_test.cpp(4368): PASSED:
  REQUIRE( off->getRichness() == r )
with expansion:
  0.4f == 0.4f
with message:
  richness 0.4, N_user 5, on active 14, off active 14, on live 1, off live 0,
  reserveBase 8

F:\projects\iterum\dsp\tests\unit\systems\vorago_voice_test.cpp(4383): PASSED:
  REQUIRE( Krate::DSP::detail::isFinite(childAmp) )
with expansion:
  true
with message:
  richness 0.4, N_user 5, on active 14, off active 14, on live 1, off live 0,
  reserveBase 8

F:\projects\iterum\dsp\tests\unit\systems\vorago_voice_test.cpp(4390): PASSED:
  REQUIRE( slot < active )
with expansion:
  10 < 14
with messages:
  richness 0.4, N_user 5, on active 14, off active 14, on live 1, off live 0,
  reserveBase 8
  child 0: slot 10, parent 2, childAmp 0.139278, active 14

F:\projects\iterum\dsp\tests\unit\systems\vorago_voice_test.cpp(4392): PASSED:
  REQUIRE( Krate::DSP::detail::isFinite(cloudAmp) )
with expansion:
  true
with messages:
  richness 0.4, N_user 5, on active 14, off active 14, on live 1, off live 0,
  reserveBase 8
  child 0: slot 10, parent 2, childAmp 0.139278, active 14

F:\projects\iterum\dsp\tests\unit\systems\vorago_voice_test.cpp(4394): PASSED:
  REQUIRE( cloudAmp > BloomEngine::kSilentParentAmplitude )
with expansion:
  0.01984f > 0.00001f
with messages:
  richness 0.4, N_user 5, on active 14, off active 14, on live 1, off live 0,
  reserveBase 8
  child 0: slot 10, parent 2, childAmp 0.139278, active 14
  cloud amplitude at slot 10: 0.0198415

  [bloom audible] richness 0.40: N_user 5, active 14, children passing the filter 1
F:\projects\iterum\dsp\tests\unit\systems\vorago_voice_test.cpp(4401): PASSED:
  REQUIRE( passingFilterCount >= 1u )
with expansion:
  1 >= 1
with message:
  richness 0.4, N_user 5, on active 14, off active 14, on live 1, off live 0,
  reserveBase 8

F:\projects\iterum\dsp\tests\unit\systems\vorago_voice_test.cpp(4406): PASSED:
  REQUIRE( Krate::DSP::detail::isFinite(aOn0) )
with expansion:
  true
with message:
  richness 0.4, N_user 5, on active 14, off active 14, on live 1, off live 0,
  reserveBase 8

F:\projects\iterum\dsp\tests\unit\systems\vorago_voice_test.cpp(4407): PASSED:
  REQUIRE( Krate::DSP::detail::isFinite(aOff0) )
with expansion:
  true
with message:
  richness 0.4, N_user 5, on active 14, off active 14, on live 1, off live 0,
  reserveBase 8

F:\projects\iterum\dsp\tests\unit\systems\vorago_voice_test.cpp(4408): PASSED:
  REQUIRE( aOn0 > BloomEngine::kSilentParentAmplitude )
with expansion:
  0.69688f > 0.00001f
with message:
  richness 0.4, N_user 5, on active 14, off active 14, on live 1, off live 0,
  reserveBase 8

F:\projects\iterum\dsp\tests\unit\systems\vorago_voice_test.cpp(4409): PASSED:
  REQUIRE( aOff0 > BloomEngine::kSilentParentAmplitude )
with expansion:
  0.69722f > 0.00001f
with message:
  richness 0.4, N_user 5, on active 14, off active 14, on live 1, off live 0,
  reserveBase 8

F:\projects\iterum\dsp\tests\unit\systems\vorago_voice_test.cpp(4415): PASSED:
  REQUIRE( Krate::DSP::detail::isFinite(aOn) )
with expansion:
  true
with message:
  richness 0.4, N_user 5, on active 14, off active 14, on live 1, off live 0,
  reserveBase 8

F:\projects\iterum\dsp\tests\unit\systems\vorago_voice_test.cpp(4416): PASSED:
  REQUIRE( Krate::DSP::detail::isFinite(aOff) )
with expansion:
  true
with message:
  richness 0.4, N_user 5, on active 14, off active 14, on live 1, off live 0,
  reserveBase 8

F:\projects\iterum\dsp\tests\unit\systems\vorago_voice_test.cpp(4417): PASSED:
  REQUIRE( aOn > 0.0f )
with expansion:
  0.69688f > 0.0f
with message:
  richness 0.4, N_user 5, on active 14, off active 14, on live 1, off live 0,
  reserveBase 8

F:\projects\iterum\dsp\tests\unit\systems\vorago_voice_test.cpp(4418): PASSED:
  REQUIRE( aOff > 0.0f )
with expansion:
  0.69722f > 0.0f
with message:
  richness 0.4, N_user 5, on active 14, off active 14, on live 1, off live 0,
  reserveBase 8

    [bloom audible] richness 0.40 slot 0: on 0.696883 off 0.69722, drop -0.004 dB at kBloomChildGain 1.200
F:\projects\iterum\dsp\tests\unit\systems\vorago_voice_test.cpp(4437): PASSED:
  REQUIRE( std::abs(devDb) <= kToleranceDb )
with expansion:
  0.0 <= 0.5
with messages:
  richness 0.4, N_user 5, on active 14, off active 14, on live 1, off live 0,
  reserveBase 8
  slot 0: on 0.696883 (ratio 1), off 0.69722 (ratio 1), deviation 0 dB

F:\projects\iterum\dsp\tests\unit\systems\vorago_voice_test.cpp(4415): PASSED:
  REQUIRE( Krate::DSP::detail::isFinite(aOn) )
with expansion:
  true
with message:
  richness 0.4, N_user 5, on active 14, off active 14, on live 1, off live 0,
  reserveBase 8

F:\projects\iterum\dsp\tests\unit\systems\vorago_voice_test.cpp(4416): PASSED:
  REQUIRE( Krate::DSP::detail::isFinite(aOff) )
with expansion:
  true
with message:
  richness 0.4, N_user 5, on active 14, off active 14, on live 1, off live 0,
  reserveBase 8

F:\projects\iterum\dsp\tests\unit\systems\vorago_voice_test.cpp(4417): PASSED:
  REQUIRE( aOn > 0.0f )
with expansion:
  0.10992f > 0.0f
with message:
  richness 0.4, N_user 5, on active 14, off active 14, on live 1, off live 0,
  reserveBase 8

F:\projects\iterum\dsp\tests\unit\systems\vorago_voice_test.cpp(4418): PASSED:
  REQUIRE( aOff > 0.0f )
with expansion:
  0.10998f > 0.0f
with message:
  richness 0.4, N_user 5, on active 14, off active 14, on live 1, off live 0,
  reserveBase 8

    [bloom audible] richness 0.40 slot 1: on 0.109924 off 0.109977, drop -0.004 dB at kBloomChildGain 1.200
F:\projects\iterum\dsp\tests\unit\systems\vorago_voice_test.cpp(4437): PASSED:
  REQUIRE( std::abs(devDb) <= kToleranceDb )
with expansion:
  0.0000146721 <= 0.5
with messages:
  richness 0.4, N_user 5, on active 14, off active 14, on live 1, off live 0,
  reserveBase 8
  slot 1: on 0.109924 (ratio 0.157736), off 0.109977 (ratio 0.157736),
  deviation 1.46721e-05 dB

F:\projects\iterum\dsp\tests\unit\systems\vorago_voice_test.cpp(4415): PASSED:
  REQUIRE( Krate::DSP::detail::isFinite(aOn) )
with expansion:
  true
with message:
  richness 0.4, N_user 5, on active 14, off active 14, on live 1, off live 0,
  reserveBase 8

F:\projects\iterum\dsp\tests\unit\systems\vorago_voice_test.cpp(4416): PASSED:
  REQUIRE( Krate::DSP::detail::isFinite(aOff) )
with expansion:
  true
with message:
  richness 0.4, N_user 5, on active 14, off active 14, on live 1, off live 0,
  reserveBase 8

F:\projects\iterum\dsp\tests\unit\systems\vorago_voice_test.cpp(4417): PASSED:
  REQUIRE( aOn > 0.0f )
with expansion:
  0.03732f > 0.0f
with message:
  richness 0.4, N_user 5, on active 14, off active 14, on live 1, off live 0,
  reserveBase 8

F:\projects\iterum\dsp\tests\unit\systems\vorago_voice_test.cpp(4418): PASSED:
  REQUIRE( aOff > 0.0f )
with expansion:
  0.03733f > 0.0f
with message:
  richness 0.4, N_user 5, on active 14, off active 14, on live 1, off live 0,
  reserveBase 8

    [bloom audible] richness 0.40 slot 2 (latched parent): on 0.0373163 off 0.037334, drop -0.004 dB at kBloomChildGain 1.200
F:\projects\iterum\dsp\tests\unit\systems\vorago_voice_test.cpp(4415): PASSED:
  REQUIRE( Krate::DSP::detail::isFinite(aOn) )
with expansion:
  true
with message:
  richness 0.4, N_user 5, on active 14, off active 14, on live 1, off live 0,
  reserveBase 8

F:\projects\iterum\dsp\tests\unit\systems\vorago_voice_test.cpp(4416): PASSED:
  REQUIRE( Krate::DSP::detail::isFinite(aOff) )
with expansion:
  true
with message:
  richness 0.4, N_user 5, on active 14, off active 14, on live 1, off live 0,
  reserveBase 8

F:\projects\iterum\dsp\tests\unit\systems\vorago_voice_test.cpp(4417): PASSED:
  REQUIRE( aOn > 0.0f )
with expansion:
  0.01734f > 0.0f
with message:
  richness 0.4, N_user 5, on active 14, off active 14, on live 1, off live 0,
  reserveBase 8

F:\projects\iterum\dsp\tests\unit\systems\vorago_voice_test.cpp(4418): PASSED:
  REQUIRE( aOff > 0.0f )
with expansion:
  0.01735f > 0.0f
with message:
  richness 0.4, N_user 5, on active 14, off active 14, on live 1, off live 0,
  reserveBase 8

    [bloom audible] richness 0.40 slot 3: on 0.0173374 off 0.0173457, drop -0.004 dB at kBloomChildGain 1.200
F:\projects\iterum\dsp\tests\unit\systems\vorago_voice_test.cpp(4437): PASSED:
  REQUIRE( std::abs(devDb) <= kToleranceDb )
with expansion:
  0.0000716681 <= 0.5
with messages:
  richness 0.4, N_user 5, on active 14, off active 14, on live 1, off live 0,
  reserveBase 8
  slot 3: on 0.0173374 (ratio 0.0248785), off 0.0173457 (ratio 0.0248783),
  deviation 7.16681e-05 dB

F:\projects\iterum\dsp\tests\unit\systems\vorago_voice_test.cpp(4415): PASSED:
  REQUIRE( Krate::DSP::detail::isFinite(aOn) )
with expansion:
  true
with message:
  richness 0.4, N_user 5, on active 14, off active 14, on live 1, off live 0,
  reserveBase 8

F:\projects\iterum\dsp\tests\unit\systems\vorago_voice_test.cpp(4416): PASSED:
  REQUIRE( Krate::DSP::detail::isFinite(aOff) )
with expansion:
  true
with message:
  richness 0.4, N_user 5, on active 14, off active 14, on live 1, off live 0,
  reserveBase 8

F:\projects\iterum\dsp\tests\unit\systems\vorago_voice_test.cpp(4417): PASSED:
  REQUIRE( aOn > 0.0f )
with expansion:
  0.00957f > 0.0f
with message:
  richness 0.4, N_user 5, on active 14, off active 14, on live 1, off live 0,
  reserveBase 8

F:\projects\iterum\dsp\tests\unit\systems\vorago_voice_test.cpp(4418): PASSED:
  REQUIRE( aOff > 0.0f )
with expansion:
  0.00957f > 0.0f
with message:
  richness 0.4, N_user 5, on active 14, off active 14, on live 1, off live 0,
  reserveBase 8

    [bloom audible] richness 0.40 slot 4: on 0.00956615 off 0.00957069, drop -0.004 dB at kBloomChildGain 1.200
F:\projects\iterum\dsp\tests\unit\systems\vorago_voice_test.cpp(4437): PASSED:
  REQUIRE( std::abs(devDb) <= kToleranceDb )
with expansion:
  0.0000697971 <= 0.5
with messages:
  richness 0.4, N_user 5, on active 14, off active 14, on live 1, off live 0,
  reserveBase 8
  slot 4: on 0.00956615 (ratio 0.013727), off 0.00957069 (ratio 0.0137269),
  deviation 6.97971e-05 dB

F:\projects\iterum\dsp\tests\unit\systems\vorago_voice_test.cpp(4367): PASSED:
  REQUIRE( on->getRichness() == r )
with expansion:
  0.7f == 0.7f
with message:
  richness 0.7, N_user 18, on active 18, off active 18, on live 1, off live 0,
  reserveBase 12

F:\projects\iterum\dsp\tests\unit\systems\vorago_voice_test.cpp(4368): PASSED:
  REQUIRE( off->getRichness() == r )
with expansion:
  0.7f == 0.7f
with message:
  richness 0.7, N_user 18, on active 18, off active 18, on live 1, off live 0,
  reserveBase 12

F:\projects\iterum\dsp\tests\unit\systems\vorago_voice_test.cpp(4383): PASSED:
  REQUIRE( Krate::DSP::detail::isFinite(childAmp) )
with expansion:
  true
with message:
  richness 0.7, N_user 18, on active 18, off active 18, on live 1, off live 0,
  reserveBase 12

F:\projects\iterum\dsp\tests\unit\systems\vorago_voice_test.cpp(4390): PASSED:
  REQUIRE( slot < active )
with expansion:
  12 < 18
with messages:
  richness 0.7, N_user 18, on active 18, off active 18, on live 1, off live 0,
  reserveBase 12
  child 1: slot 12, parent 1, childAmp 0.588897, active 18

F:\projects\iterum\dsp\tests\unit\systems\vorago_voice_test.cpp(4392): PASSED:
  REQUIRE( Krate::DSP::detail::isFinite(cloudAmp) )
with expansion:
  true
with messages:
  richness 0.7, N_user 18, on active 18, off active 18, on live 1, off live 0,
  reserveBase 12
  child 1: slot 12, parent 1, childAmp 0.588897, active 18

F:\projects\iterum\dsp\tests\unit\systems\vorago_voice_test.cpp(4394): PASSED:
  REQUIRE( cloudAmp > BloomEngine::kSilentParentAmplitude )
with expansion:
  0.07241f > 0.00001f
with messages:
  richness 0.7, N_user 18, on active 18, off active 18, on live 1, off live 0,
  reserveBase 12
  child 1: slot 12, parent 1, childAmp 0.588897, active 18
  cloud amplitude at slot 12: 0.0724097

  [bloom audible] richness 0.70: N_user 18, active 18, children passing the filter 1
F:\projects\iterum\dsp\tests\unit\systems\vorago_voice_test.cpp(4401): PASSED:
  REQUIRE( passingFilterCount >= 1u )
with expansion:
  1 >= 1
with message:
  richness 0.7, N_user 18, on active 18, off active 18, on live 1, off live 0,
  reserveBase 12

F:\projects\iterum\dsp\tests\unit\systems\vorago_voice_test.cpp(4406): PASSED:
  REQUIRE( Krate::DSP::detail::isFinite(aOn0) )
with expansion:
  true
with message:
  richness 0.7, N_user 18, on active 18, off active 18, on live 1, off live 0,
  reserveBase 12

F:\projects\iterum\dsp\tests\unit\systems\vorago_voice_test.cpp(4407): PASSED:
  REQUIRE( Krate::DSP::detail::isFinite(aOff0) )
with expansion:
  true
with message:
  richness 0.7, N_user 18, on active 18, off active 18, on live 1, off live 0,
  reserveBase 12

F:\projects\iterum\dsp\tests\unit\systems\vorago_voice_test.cpp(4408): PASSED:
  REQUIRE( aOn0 > BloomEngine::kSilentParentAmplitude )
with expansion:
  0.67212f > 0.00001f
with message:
  richness 0.7, N_user 18, on active 18, off active 18, on live 1, off live 0,
  reserveBase 12

F:\projects\iterum\dsp\tests\unit\systems\vorago_voice_test.cpp(4409): PASSED:
  REQUIRE( aOff0 > BloomEngine::kSilentParentAmplitude )
with expansion:
  0.67572f > 0.00001f
with message:
  richness 0.7, N_user 18, on active 18, off active 18, on live 1, off live 0,
  reserveBase 12

F:\projects\iterum\dsp\tests\unit\systems\vorago_voice_test.cpp(4415): PASSED:
  REQUIRE( Krate::DSP::detail::isFinite(aOn) )
with expansion:
  true
with message:
  richness 0.7, N_user 18, on active 18, off active 18, on live 1, off live 0,
  reserveBase 12

F:\projects\iterum\dsp\tests\unit\systems\vorago_voice_test.cpp(4416): PASSED:
  REQUIRE( Krate::DSP::detail::isFinite(aOff) )
with expansion:
  true
with message:
  richness 0.7, N_user 18, on active 18, off active 18, on live 1, off live 0,
  reserveBase 12

F:\projects\iterum\dsp\tests\unit\systems\vorago_voice_test.cpp(4417): PASSED:
  REQUIRE( aOn > 0.0f )
with expansion:
  0.67212f > 0.0f
with message:
  richness 0.7, N_user 18, on active 18, off active 18, on live 1, off live 0,
  reserveBase 12

F:\projects\iterum\dsp\tests\unit\systems\vorago_voice_test.cpp(4418): PASSED:
  REQUIRE( aOff > 0.0f )
with expansion:
  0.67572f > 0.0f
with message:
  richness 0.7, N_user 18, on active 18, off active 18, on live 1, off live 0,
  reserveBase 12

    [bloom audible] richness 0.70 slot 0: on 0.672121 off 0.675721, drop -0.046 dB at kBloomChildGain 1.200
F:\projects\iterum\dsp\tests\unit\systems\vorago_voice_test.cpp(4437): PASSED:
  REQUIRE( std::abs(devDb) <= kToleranceDb )
with expansion:
  0.0 <= 0.5
with messages:
  richness 0.7, N_user 18, on active 18, off active 18, on live 1, off live 0,
  reserveBase 12
  slot 0: on 0.672121 (ratio 1), off 0.675721 (ratio 1), deviation 0 dB

F:\projects\iterum\dsp\tests\unit\systems\vorago_voice_test.cpp(4415): PASSED:
  REQUIRE( Krate::DSP::detail::isFinite(aOn) )
with expansion:
  true
with message:
  richness 0.7, N_user 18, on active 18, off active 18, on live 1, off live 0,
  reserveBase 12

F:\projects\iterum\dsp\tests\unit\systems\vorago_voice_test.cpp(4416): PASSED:
  REQUIRE( Krate::DSP::detail::isFinite(aOff) )
with expansion:
  true
with message:
  richness 0.7, N_user 18, on active 18, off active 18, on live 1, off live 0,
  reserveBase 12

F:\projects\iterum\dsp\tests\unit\systems\vorago_voice_test.cpp(4417): PASSED:
  REQUIRE( aOn > 0.0f )
with expansion:
  0.1783f > 0.0f
with message:
  richness 0.7, N_user 18, on active 18, off active 18, on live 1, off live 0,
  reserveBase 12

F:\projects\iterum\dsp\tests\unit\systems\vorago_voice_test.cpp(4418): PASSED:
  REQUIRE( aOff > 0.0f )
with expansion:
  0.17925f > 0.0f
with message:
  richness 0.7, N_user 18, on active 18, off active 18, on live 1, off live 0,
  reserveBase 12

    [bloom audible] richness 0.70 slot 1 (latched parent): on 0.1783 off 0.179255, drop -0.046 dB at kBloomChildGain 1.200
F:\projects\iterum\dsp\tests\unit\systems\vorago_voice_test.cpp(4415): PASSED:
  REQUIRE( Krate::DSP::detail::isFinite(aOn) )
with expansion:
  true
with message:
  richness 0.7, N_user 18, on active 18, off active 18, on live 1, off live 0,
  reserveBase 12

F:\projects\iterum\dsp\tests\unit\systems\vorago_voice_test.cpp(4416): PASSED:
  REQUIRE( Krate::DSP::detail::isFinite(aOff) )
with expansion:
  true
with message:
  richness 0.7, N_user 18, on active 18, off active 18, on live 1, off live 0,
  reserveBase 12

F:\projects\iterum\dsp\tests\unit\systems\vorago_voice_test.cpp(4417): PASSED:
  REQUIRE( aOn > 0.0f )
with expansion:
  0.08204f > 0.0f
with message:
  richness 0.7, N_user 18, on active 18, off active 18, on live 1, off live 0,
  reserveBase 12

F:\projects\iterum\dsp\tests\unit\systems\vorago_voice_test.cpp(4418): PASSED:
  REQUIRE( aOff > 0.0f )
with expansion:
  0.08248f > 0.0f
with message:
  richness 0.7, N_user 18, on active 18, off active 18, on live 1, off live 0,
  reserveBase 12

    [bloom audible] richness 0.70 slot 2: on 0.0820402 off 0.0824796, drop -0.046 dB at kBloomChildGain 1.200
F:\projects\iterum\dsp\tests\unit\systems\vorago_voice_test.cpp(4437): PASSED:
  REQUIRE( std::abs(devDb) <= kToleranceDb )
with expansion:
  0.0000012144 <= 0.5
with messages:
  richness 0.7, N_user 18, on active 18, off active 18, on live 1, off live 0,
  reserveBase 12
  slot 2: on 0.0820402 (ratio 0.122062), off 0.0824796 (ratio 0.122062),
  deviation -1.21444e-06 dB

F:\projects\iterum\dsp\tests\unit\systems\vorago_voice_test.cpp(4415): PASSED:
  REQUIRE( Krate::DSP::detail::isFinite(aOn) )
with expansion:
  true
with message:
  richness 0.7, N_user 18, on active 18, off active 18, on live 1, off live 0,
  reserveBase 12

F:\projects\iterum\dsp\tests\unit\systems\vorago_voice_test.cpp(4416): PASSED:
  REQUIRE( Krate::DSP::detail::isFinite(aOff) )
with expansion:
  true
with message:
  richness 0.7, N_user 18, on active 18, off active 18, on live 1, off live 0,
  reserveBase 12

F:\projects\iterum\dsp\tests\unit\systems\vorago_voice_test.cpp(4417): PASSED:
  REQUIRE( aOn > 0.0f )
with expansion:
  0.0473f > 0.0f
with message:
  richness 0.7, N_user 18, on active 18, off active 18, on live 1, off live 0,
  reserveBase 12

F:\projects\iterum\dsp\tests\unit\systems\vorago_voice_test.cpp(4418): PASSED:
  REQUIRE( aOff > 0.0f )
with expansion:
  0.04755f > 0.0f
with message:
  richness 0.7, N_user 18, on active 18, off active 18, on live 1, off live 0,
  reserveBase 12

    [bloom audible] richness 0.70 slot 3: on 0.0472953 off 0.0475486, drop -0.046 dB at kBloomChildGain 1.200
F:\projects\iterum\dsp\tests\unit\systems\vorago_voice_test.cpp(4437): PASSED:
  REQUIRE( std::abs(devDb) <= kToleranceDb )
with expansion:
  0.0000038312 <= 0.5
with messages:
  richness 0.7, N_user 18, on active 18, off active 18, on live 1, off live 0,
  reserveBase 12
  slot 3: on 0.0472953 (ratio 0.0703672), off 0.0475486 (ratio 0.0703672),
  deviation 3.83124e-06 dB

F:\projects\iterum\dsp\tests\unit\systems\vorago_voice_test.cpp(4415): PASSED:
  REQUIRE( Krate::DSP::detail::isFinite(aOn) )
with expansion:
  true
with message:
  richness 0.7, N_user 18, on active 18, off active 18, on live 1, off live 0,
  reserveBase 12

F:\projects\iterum\dsp\tests\unit\systems\vorago_voice_test.cpp(4416): PASSED:
  REQUIRE( Krate::DSP::detail::isFinite(aOff) )
with expansion:
  true
with message:
  richness 0.7, N_user 18, on active 18, off active 18, on live 1, off live 0,
  reserveBase 12

F:\projects\iterum\dsp\tests\unit\systems\vorago_voice_test.cpp(4417): PASSED:
  REQUIRE( aOn > 0.0f )
with expansion:
  0.03085f > 0.0f
with message:
  richness 0.7, N_user 18, on active 18, off active 18, on live 1, off live 0,
  reserveBase 12

F:\projects\iterum\dsp\tests\unit\systems\vorago_voice_test.cpp(4418): PASSED:
  REQUIRE( aOff > 0.0f )
with expansion:
  0.03101f > 0.0f
with message:
  richness 0.7, N_user 18, on active 18, off active 18, on live 1, off live 0,
  reserveBase 12

    [bloom audible] richness 0.70 slot 4: on 0.0308498 off 0.031015, drop -0.046 dB at kBloomChildGain 1.200
F:\projects\iterum\dsp\tests\unit\systems\vorago_voice_test.cpp(4437): PASSED:
  REQUIRE( std::abs(devDb) <= kToleranceDb )
with expansion:
  0.0000116026 <= 0.5
with messages:
  richness 0.7, N_user 18, on active 18, off active 18, on live 1, off live 0,
  reserveBase 12
  slot 4: on 0.0308498 (ratio 0.0458992), off 0.031015 (ratio 0.0458991),
  deviation 1.16026e-05 dB

F:\projects\iterum\dsp\tests\unit\systems\vorago_voice_test.cpp(4415): PASSED:
  REQUIRE( Krate::DSP::detail::isFinite(aOn) )
with expansion:
  true
with message:
  richness 0.7, N_user 18, on active 18, off active 18, on live 1, off live 0,
  reserveBase 12

F:\projects\iterum\dsp\tests\unit\systems\vorago_voice_test.cpp(4416): PASSED:
  REQUIRE( Krate::DSP::detail::isFinite(aOff) )
with expansion:
  true
with message:
  richness 0.7, N_user 18, on active 18, off active 18, on live 1, off live 0,
  reserveBase 12

F:\projects\iterum\dsp\tests\unit\systems\vorago_voice_test.cpp(4417): PASSED:
  REQUIRE( aOn > 0.0f )
with expansion:
  0.02176f > 0.0f
with message:
  richness 0.7, N_user 18, on active 18, off active 18, on live 1, off live 0,
  reserveBase 12

F:\projects\iterum\dsp\tests\unit\systems\vorago_voice_test.cpp(4418): PASSED:
  REQUIRE( aOff > 0.0f )
with expansion:
  0.02187f > 0.0f
with message:
  richness 0.7, N_user 18, on active 18, off active 18, on live 1, off live 0,
  reserveBase 12

    [bloom audible] richness 0.70 slot 5: on 0.0217574 off 0.0218739, drop -0.046 dB at kBloomChildGain 1.200
F:\projects\iterum\dsp\tests\unit\systems\vorago_voice_test.cpp(4437): PASSED:
  REQUIRE( std::abs(devDb) <= kToleranceDb )
with expansion:
  0.0000020685 <= 0.5
with messages:
  richness 0.7, N_user 18, on active 18, off active 18, on live 1, off live 0,
  reserveBase 12
  slot 5: on 0.0217574 (ratio 0.0323713), off 0.0218739 (ratio 0.0323712),
  deviation 2.06848e-06 dB

F:\projects\iterum\dsp\tests\unit\systems\vorago_voice_test.cpp(4415): PASSED:
  REQUIRE( Krate::DSP::detail::isFinite(aOn) )
with expansion:
  true
with message:
  richness 0.7, N_user 18, on active 18, off active 18, on live 1, off live 0,
  reserveBase 12

F:\projects\iterum\dsp\tests\unit\systems\vorago_voice_test.cpp(4416): PASSED:
  REQUIRE( Krate::DSP::detail::isFinite(aOff) )
with expansion:
  true
with message:
  richness 0.7, N_user 18, on active 18, off active 18, on live 1, off live 0,
  reserveBase 12

F:\projects\iterum\dsp\tests\unit\systems\vorago_voice_test.cpp(4417): PASSED:
  REQUIRE( aOn > 0.0f )
with expansion:
  0.01619f > 0.0f
with message:
  richness 0.7, N_user 18, on active 18, off active 18, on live 1, off live 0,
  reserveBase 12

F:\projects\iterum\dsp\tests\unit\systems\vorago_voice_test.cpp(4418): PASSED:
  REQUIRE( aOff > 0.0f )
with expansion:
  0.01628f > 0.0f
with message:
  richness 0.7, N_user 18, on active 18, off active 18, on live 1, off live 0,
  reserveBase 12

    [bloom audible] richness 0.70 slot 6: on 0.0161941 off 0.0162809, drop -0.046 dB at kBloomChildGain 1.200
F:\projects\iterum\dsp\tests\unit\systems\vorago_voice_test.cpp(4437): PASSED:
  REQUIRE( std::abs(devDb) <= kToleranceDb )
with expansion:
  0.0000115767 <= 0.5
with messages:
  richness 0.7, N_user 18, on active 18, off active 18, on live 1, off live 0,
  reserveBase 12
  slot 6: on 0.0161941 (ratio 0.0240941), off 0.0162809 (ratio 0.0240941),
  deviation -1.15767e-05 dB

F:\projects\iterum\dsp\tests\unit\systems\vorago_voice_test.cpp(4415): PASSED:
  REQUIRE( Krate::DSP::detail::isFinite(aOn) )
with expansion:
  true
with message:
  richness 0.7, N_user 18, on active 18, off active 18, on live 1, off live 0,
  reserveBase 12

F:\projects\iterum\dsp\tests\unit\systems\vorago_voice_test.cpp(4416): PASSED:
  REQUIRE( Krate::DSP::detail::isFinite(aOff) )
with expansion:
  true
with message:
  richness 0.7, N_user 18, on active 18, off active 18, on live 1, off live 0,
  reserveBase 12

F:\projects\iterum\dsp\tests\unit\systems\vorago_voice_test.cpp(4417): PASSED:
  REQUIRE( aOn > 0.0f )
with expansion:
  0.01254f > 0.0f
with message:
  richness 0.7, N_user 18, on active 18, off active 18, on live 1, off live 0,
  reserveBase 12

F:\projects\iterum\dsp\tests\unit\systems\vorago_voice_test.cpp(4418): PASSED:
  REQUIRE( aOff > 0.0f )
with expansion:
  0.0126f > 0.0f
with message:
  richness 0.7, N_user 18, on active 18, off active 18, on live 1, off live 0,
  reserveBase 12

    [bloom audible] richness 0.70 slot 7: on 0.0125378 off 0.0126049, drop -0.046 dB at kBloomChildGain 1.200
F:\projects\iterum\dsp\tests\unit\systems\vorago_voice_test.cpp(4437): PASSED:
  REQUIRE( std::abs(devDb) <= kToleranceDb )
with expansion:
  0.0000057689 <= 0.5
with messages:
  richness 0.7, N_user 18, on active 18, off active 18, on live 1, off live 0,
  reserveBase 12
  slot 7: on 0.0125378 (ratio 0.018654), off 0.0126049 (ratio 0.018654),
  deviation 5.76886e-06 dB

F:\projects\iterum\dsp\tests\unit\systems\vorago_voice_test.cpp(4367): PASSED:
  REQUIRE( on->getRichness() == r )
with expansion:
  1.0f == 1.0f
with message:
  richness 1, N_user 64, on active 64, off active 64, on live 1, off live 0,
  reserveBase 58

F:\projects\iterum\dsp\tests\unit\systems\vorago_voice_test.cpp(4368): PASSED:
  REQUIRE( off->getRichness() == r )
with expansion:
  1.0f == 1.0f
with message:
  richness 1, N_user 64, on active 64, off active 64, on live 1, off live 0,
  reserveBase 58

F:\projects\iterum\dsp\tests\unit\systems\vorago_voice_test.cpp(4383): PASSED:
  REQUIRE( Krate::DSP::detail::isFinite(childAmp) )
with expansion:
  true
with message:
  richness 1, N_user 64, on active 64, off active 64, on live 1, off live 0,
  reserveBase 58

F:\projects\iterum\dsp\tests\unit\systems\vorago_voice_test.cpp(4390): PASSED:
  REQUIRE( slot < active )
with expansion:
  58 < 64
with messages:
  richness 1, N_user 64, on active 64, off active 64, on live 1, off live 0,
  reserveBase 58
  child 0: slot 58, parent 2, childAmp 2.20906, active 64

F:\projects\iterum\dsp\tests\unit\systems\vorago_voice_test.cpp(4392): PASSED:
  REQUIRE( Krate::DSP::detail::isFinite(cloudAmp) )
with expansion:
  true
with messages:
  richness 1, N_user 64, on active 64, off active 64, on live 1, off live 0,
  reserveBase 58
  child 0: slot 58, parent 2, childAmp 2.20906, active 64

F:\projects\iterum\dsp\tests\unit\systems\vorago_voice_test.cpp(4394): PASSED:
  REQUIRE( cloudAmp > BloomEngine::kSilentParentAmplitude )
with expansion:
  0.08662f > 0.00001f
with messages:
  richness 1, N_user 64, on active 64, off active 64, on live 1, off live 0,
  reserveBase 58
  child 0: slot 58, parent 2, childAmp 2.20906, active 64
  cloud amplitude at slot 58: 0.0866247

  [bloom audible] richness 1.00: N_user 64, active 64, children passing the filter 1
F:\projects\iterum\dsp\tests\unit\systems\vorago_voice_test.cpp(4401): PASSED:
  REQUIRE( passingFilterCount >= 1u )
with expansion:
  1 >= 1
with message:
  richness 1, N_user 64, on active 64, off active 64, on live 1, off live 0,
  reserveBase 58

F:\projects\iterum\dsp\tests\unit\systems\vorago_voice_test.cpp(4406): PASSED:
  REQUIRE( Krate::DSP::detail::isFinite(aOn0) )
with expansion:
  true
with message:
  richness 1, N_user 64, on active 64, off active 64, on live 1, off live 0,
  reserveBase 58

F:\projects\iterum\dsp\tests\unit\systems\vorago_voice_test.cpp(4407): PASSED:
  REQUIRE( Krate::DSP::detail::isFinite(aOff0) )
with expansion:
  true
with message:
  richness 1, N_user 64, on active 64, off active 64, on live 1, off live 0,
  reserveBase 58

F:\projects\iterum\dsp\tests\unit\systems\vorago_voice_test.cpp(4408): PASSED:
  REQUIRE( aOn0 > BloomEngine::kSilentParentAmplitude )
with expansion:
  0.5899f > 0.00001f
with message:
  richness 1, N_user 64, on active 64, off active 64, on live 1, off live 0,
  reserveBase 58

F:\projects\iterum\dsp\tests\unit\systems\vorago_voice_test.cpp(4409): PASSED:
  REQUIRE( aOff0 > BloomEngine::kSilentParentAmplitude )
with expansion:
  0.59454f > 0.00001f
with message:
  richness 1, N_user 64, on active 64, off active 64, on live 1, off live 0,
  reserveBase 58

F:\projects\iterum\dsp\tests\unit\systems\vorago_voice_test.cpp(4415): PASSED:
  REQUIRE( Krate::DSP::detail::isFinite(aOn) )
with expansion:
  true
with message:
  richness 1, N_user 64, on active 64, off active 64, on live 1, off live 0,
  reserveBase 58

F:\projects\iterum\dsp\tests\unit\systems\vorago_voice_test.cpp(4416): PASSED:
  REQUIRE( Krate::DSP::detail::isFinite(aOff) )
with expansion:
  true
with message:
  richness 1, N_user 64, on active 64, off active 64, on live 1, off live 0,
  reserveBase 58

F:\projects\iterum\dsp\tests\unit\systems\vorago_voice_test.cpp(4417): PASSED:
  REQUIRE( aOn > 0.0f )
with expansion:
  0.5899f > 0.0f
with message:
  richness 1, N_user 64, on active 64, off active 64, on live 1, off live 0,
  reserveBase 58

F:\projects\iterum\dsp\tests\unit\systems\vorago_voice_test.cpp(4418): PASSED:
  REQUIRE( aOff > 0.0f )
with expansion:
  0.59454f > 0.0f
with message:
  richness 1, N_user 64, on active 64, off active 64, on live 1, off live 0,
  reserveBase 58

    [bloom audible] richness 1.00 slot 0: on 0.589901 off 0.594543, drop -0.068 dB at kBloomChildGain 1.200
F:\projects\iterum\dsp\tests\unit\systems\vorago_voice_test.cpp(4437): PASSED:
  REQUIRE( std::abs(devDb) <= kToleranceDb )
with expansion:
  0.0 <= 0.5
with messages:
  richness 1, N_user 64, on active 64, off active 64, on live 1, off live 0,
  reserveBase 58
  slot 0: on 0.589901 (ratio 1), off 0.594543 (ratio 1), deviation 0 dB

F:\projects\iterum\dsp\tests\unit\systems\vorago_voice_test.cpp(4415): PASSED:
  REQUIRE( Krate::DSP::detail::isFinite(aOn) )
with expansion:
  true
with message:
  richness 1, N_user 64, on active 64, off active 64, on live 1, off live 0,
  reserveBase 58

F:\projects\iterum\dsp\tests\unit\systems\vorago_voice_test.cpp(4416): PASSED:
  REQUIRE( Krate::DSP::detail::isFinite(aOff) )
with expansion:
  true
with message:
  richness 1, N_user 64, on active 64, off active 64, on live 1, off live 0,
  reserveBase 58

F:\projects\iterum\dsp\tests\unit\systems\vorago_voice_test.cpp(4417): PASSED:
  REQUIRE( aOn > 0.0f )
with expansion:
  0.26318f > 0.0f
with message:
  richness 1, N_user 64, on active 64, off active 64, on live 1, off live 0,
  reserveBase 58

F:\projects\iterum\dsp\tests\unit\systems\vorago_voice_test.cpp(4418): PASSED:
  REQUIRE( aOff > 0.0f )
with expansion:
  0.26525f > 0.0f
with message:
  richness 1, N_user 64, on active 64, off active 64, on live 1, off live 0,
  reserveBase 58

    [bloom audible] richness 1.00 slot 1: on 0.263181 off 0.265252, drop -0.068 dB at kBloomChildGain 1.200
F:\projects\iterum\dsp\tests\unit\systems\vorago_voice_test.cpp(4437): PASSED:
  REQUIRE( std::abs(devDb) <= kToleranceDb )
with expansion:
  0.0000054719 <= 0.5
with messages:
  richness 1, N_user 64, on active 64, off active 64, on live 1, off live 0,
  reserveBase 58
  slot 1: on 0.263181 (ratio 0.446145), off 0.265252 (ratio 0.446145),
  deviation -5.47188e-06 dB

F:\projects\iterum\dsp\tests\unit\systems\vorago_voice_test.cpp(4415): PASSED:
  REQUIRE( Krate::DSP::detail::isFinite(aOn) )
with expansion:
  true
with message:
  richness 1, N_user 64, on active 64, off active 64, on live 1, off live 0,
  reserveBase 58

F:\projects\iterum\dsp\tests\unit\systems\vorago_voice_test.cpp(4416): PASSED:
  REQUIRE( Krate::DSP::detail::isFinite(aOff) )
with expansion:
  true
with message:
  richness 1, N_user 64, on active 64, off active 64, on live 1, off live 0,
  reserveBase 58

F:\projects\iterum\dsp\tests\unit\systems\vorago_voice_test.cpp(4417): PASSED:
  REQUIRE( aOn > 0.0f )
with expansion:
  0.16413f > 0.0f
with message:
  richness 1, N_user 64, on active 64, off active 64, on live 1, off live 0,
  reserveBase 58

F:\projects\iterum\dsp\tests\unit\systems\vorago_voice_test.cpp(4418): PASSED:
  REQUIRE( aOff > 0.0f )
with expansion:
  0.16543f > 0.0f
with message:
  richness 1, N_user 64, on active 64, off active 64, on live 1, off live 0,
  reserveBase 58

    [bloom audible] richness 1.00 slot 2 (latched parent): on 0.164134 off 0.165426, drop -0.068 dB at kBloomChildGain 1.200
F:\projects\iterum\dsp\tests\unit\systems\vorago_voice_test.cpp(4415): PASSED:
  REQUIRE( Krate::DSP::detail::isFinite(aOn) )
with expansion:
  true
with message:
  richness 1, N_user 64, on active 64, off active 64, on live 1, off live 0,
  reserveBase 58

F:\projects\iterum\dsp\tests\unit\systems\vorago_voice_test.cpp(4416): PASSED:
  REQUIRE( Krate::DSP::detail::isFinite(aOff) )
with expansion:
  true
with message:
  richness 1, N_user 64, on active 64, off active 64, on live 1, off live 0,
  reserveBase 58

F:\projects\iterum\dsp\tests\unit\systems\vorago_voice_test.cpp(4417): PASSED:
  REQUIRE( aOn > 0.0f )
with expansion:
  0.11741f > 0.0f
with message:
  richness 1, N_user 64, on active 64, off active 64, on live 1, off live 0,
  reserveBase 58

F:\projects\iterum\dsp\tests\unit\systems\vorago_voice_test.cpp(4418): PASSED:
  REQUIRE( aOff > 0.0f )
with expansion:
  0.11833f > 0.0f
with message:
  richness 1, N_user 64, on active 64, off active 64, on live 1, off live 0,
  reserveBase 58

    [bloom audible] richness 1.00 slot 3: on 0.117407 off 0.118331, drop -0.068 dB at kBloomChildGain 1.200
F:\projects\iterum\dsp\tests\unit\systems\vorago_voice_test.cpp(4437): PASSED:
  REQUIRE( std::abs(devDb) <= kToleranceDb )
with expansion:
  0.0000155115 <= 0.5
with messages:
  richness 1, N_user 64, on active 64, off active 64, on live 1, off live 0,
  reserveBase 58
  slot 3: on 0.117407 (ratio 0.199029), off 0.118331 (ratio 0.199028),
  deviation 1.55115e-05 dB

F:\projects\iterum\dsp\tests\unit\systems\vorago_voice_test.cpp(4415): PASSED:
  REQUIRE( Krate::DSP::detail::isFinite(aOn) )
with expansion:
  true
with message:
  richness 1, N_user 64, on active 64, off active 64, on live 1, off live 0,
  reserveBase 58

F:\projects\iterum\dsp\tests\unit\systems\vorago_voice_test.cpp(4416): PASSED:
  REQUIRE( Krate::DSP::detail::isFinite(aOff) )
with expansion:
  true
with message:
  richness 1, N_user 64, on active 64, off active 64, on live 1, off live 0,
  reserveBase 58

F:\projects\iterum\dsp\tests\unit\systems\vorago_voice_test.cpp(4417): PASSED:
  REQUIRE( aOn > 0.0f )
with expansion:
  0.09053f > 0.0f
with message:
  richness 1, N_user 64, on active 64, off active 64, on live 1, off live 0,
  reserveBase 58

F:\projects\iterum\dsp\tests\unit\systems\vorago_voice_test.cpp(4418): PASSED:
  REQUIRE( aOff > 0.0f )
with expansion:
  0.09125f > 0.0f
with message:
  richness 1, N_user 64, on active 64, off active 64, on live 1, off live 0,
  reserveBase 58

    [bloom audible] richness 1.00 slot 4: on 0.0905339 off 0.0912463, drop -0.068 dB at kBloomChildGain 1.200
F:\projects\iterum\dsp\tests\unit\systems\vorago_voice_test.cpp(4437): PASSED:
  REQUIRE( std::abs(devDb) <= kToleranceDb )
with expansion:
  0.0000093313 <= 0.5
with messages:
  richness 1, N_user 64, on active 64, off active 64, on live 1, off live 0,
  reserveBase 58
  slot 4: on 0.0905339 (ratio 0.153473), off 0.0912463 (ratio 0.153473),
  deviation 9.33128e-06 dB

F:\projects\iterum\dsp\tests\unit\systems\vorago_voice_test.cpp(4415): PASSED:
  REQUIRE( Krate::DSP::detail::isFinite(aOn) )
with expansion:
  true
with message:
  richness 1, N_user 64, on active 64, off active 64, on live 1, off live 0,
  reserveBase 58

F:\projects\iterum\dsp\tests\unit\systems\vorago_voice_test.cpp(4416): PASSED:
  REQUIRE( Krate::DSP::detail::isFinite(aOff) )
with expansion:
  true
with message:
  richness 1, N_user 64, on active 64, off active 64, on live 1, off live 0,
  reserveBase 58

F:\projects\iterum\dsp\tests\unit\systems\vorago_voice_test.cpp(4417): PASSED:
  REQUIRE( aOn > 0.0f )
with expansion:
  0.07321f > 0.0f
with message:
  richness 1, N_user 64, on active 64, off active 64, on live 1, off live 0,
  reserveBase 58

F:\projects\iterum\dsp\tests\unit\systems\vorago_voice_test.cpp(4418): PASSED:
  REQUIRE( aOff > 0.0f )
with expansion:
  0.07378f > 0.0f
with message:
  richness 1, N_user 64, on active 64, off active 64, on live 1, off live 0,
  reserveBase 58

    [bloom audible] richness 1.00 slot 5: on 0.0732069 off 0.073783, drop -0.068 dB at kBloomChildGain 1.200
F:\projects\iterum\dsp\tests\unit\systems\vorago_voice_test.cpp(4437): PASSED:
  REQUIRE( std::abs(devDb) <= kToleranceDb )
with expansion:
  0.0000004681 <= 0.5
with messages:
  richness 1, N_user 64, on active 64, off active 64, on live 1, off live 0,
  reserveBase 58
  slot 5: on 0.0732069 (ratio 0.1241), off 0.073783 (ratio 0.1241), deviation -
  4.68059e-07 dB

F:\projects\iterum\dsp\tests\unit\systems\vorago_voice_test.cpp(4415): PASSED:
  REQUIRE( Krate::DSP::detail::isFinite(aOn) )
with expansion:
  true
with message:
  richness 1, N_user 64, on active 64, off active 64, on live 1, off live 0,
  reserveBase 58

F:\projects\iterum\dsp\tests\unit\systems\vorago_voice_test.cpp(4416): PASSED:
  REQUIRE( Krate::DSP::detail::isFinite(aOff) )
with expansion:
  true
with message:
  richness 1, N_user 64, on active 64, off active 64, on live 1, off live 0,
  reserveBase 58

F:\projects\iterum\dsp\tests\unit\systems\vorago_voice_test.cpp(4417): PASSED:
  REQUIRE( aOn > 0.0f )
with expansion:
  0.06117f > 0.0f
with message:
  richness 1, N_user 64, on active 64, off active 64, on live 1, off live 0,
  reserveBase 58

F:\projects\iterum\dsp\tests\unit\systems\vorago_voice_test.cpp(4418): PASSED:
  REQUIRE( aOff > 0.0f )
with expansion:
  0.06165f > 0.0f
with message:
  richness 1, N_user 64, on active 64, off active 64, on live 1, off live 0,
  reserveBase 58

    [bloom audible] richness 1.00 slot 6: on 0.0611664 off 0.0616476, drop -0.068 dB at kBloomChildGain 1.200
F:\projects\iterum\dsp\tests\unit\systems\vorago_voice_test.cpp(4437): PASSED:
  REQUIRE( std::abs(devDb) <= kToleranceDb )
with expansion:
  0.0000167294 <= 0.5
with messages:
  richness 1, N_user 64, on active 64, off active 64, on live 1, off live 0,
  reserveBase 58
  slot 6: on 0.0611664 (ratio 0.103689), off 0.0616476 (ratio 0.103689),
  deviation 1.67294e-05 dB

F:\projects\iterum\dsp\tests\unit\systems\vorago_voice_test.cpp(4415): PASSED:
  REQUIRE( Krate::DSP::detail::isFinite(aOn) )
with expansion:
  true
with message:
  richness 1, N_user 64, on active 64, off active 64, on live 1, off live 0,
  reserveBase 58

F:\projects\iterum\dsp\tests\unit\systems\vorago_voice_test.cpp(4416): PASSED:
  REQUIRE( Krate::DSP::detail::isFinite(aOff) )
with expansion:
  true
with message:
  richness 1, N_user 64, on active 64, off active 64, on live 1, off live 0,
  reserveBase 58

F:\projects\iterum\dsp\tests\unit\systems\vorago_voice_test.cpp(4417): PASSED:
  REQUIRE( aOn > 0.0f )
with expansion:
  0.05234f > 0.0f
with message:
  richness 1, N_user 64, on active 64, off active 64, on live 1, off live 0,
  reserveBase 58

F:\projects\iterum\dsp\tests\unit\systems\vorago_voice_test.cpp(4418): PASSED:
  REQUIRE( aOff > 0.0f )
with expansion:
  0.05276f > 0.0f
with message:
  richness 1, N_user 64, on active 64, off active 64, on live 1, off live 0,
  reserveBase 58

    [bloom audible] richness 1.00 slot 7: on 0.0523442 off 0.052756, drop -0.068 dB at kBloomChildGain 1.200
F:\projects\iterum\dsp\tests\unit\systems\vorago_voice_test.cpp(4437): PASSED:
  REQUIRE( std::abs(devDb) <= kToleranceDb )
with expansion:
  0.0000141021 <= 0.5
with messages:
  richness 1, N_user 64, on active 64, off active 64, on live 1, off live 0,
  reserveBase 58
  slot 7: on 0.0523442 (ratio 0.0887339), off 0.052756 (ratio 0.0887338),
  deviation 1.41021e-05 dB

===============================================================================
All tests passed (182 assertions in 1 test case)

exit=0 END 2026-10-01 22:27:45
