START 2026-10-02 01:42:50 preset="Colony Pulse" env: VORAGO_PILOT_SECONDARY=1 | consts: kNoiseLevelLeverSpanDb = 15.0f kLoopGainLeverSpan = 0.18f kPartialLaneGain = 1.0f kGhostLaneGain = 1.0f kCouplingLeverSpan = 0.30f  | exe=2026-10-02 01:39:42
Filters: "Vorago_PresetPilot_PrimaryProbe"
Randomness seeded to: 379150182
[probe] lever: none
[probe] Colony Pulse - primary S7 ecosystem (stored seed 8, 1 twin render(s))
  take: peak 0.4298  arm1 hi -19.77 dB [yes]  arm2 lo -28.05 dB [yes]  arm3 late-sus -0.64 dB [yes]  arm4 tail -160.07 dB [yes]
  arm1@44.1k: finite y peak 0.5069 hi -19.45 dB [PASS]
  primary d 14.5747  bar 4.0000  attribBase -1.0000  state ok  -> PASS  lever: none
  levels: arms [y y y y] arm1@44.1k [y]
  secondary D13.2 event rate scale >= 3.0: d 0.1704 bar 1.5 state ok conjunct ok attribBase -1.0000 skip "" -> no
  secondary E6.hi ecosystem sync rate high: d 2.2840 bar 1.5 state ok conjunct ok attribBase -1.0000 skip "" -> VERIFIED
  secondary E7.hi ecosystem self-affinity high: d 0.5136 bar 1.5 state ok conjunct ok attribBase -1.0000 skip "" -> no
===============================================================================
All tests passed (9 assertions in 1 test case)

exit=0 END 2026-10-02 01:53:50
START 2026-10-02 01:53:50 preset="Teeming" env: VORAGO_PILOT_SECONDARY=1 VORAGO_PILOT_CELLS=S7 ecosystem | consts: kNoiseLevelLeverSpanDb = 15.0f kLoopGainLeverSpan = 0.18f kPartialLaneGain = 1.0f kGhostLaneGain = 1.0f kCouplingLeverSpan = 0.30f  | exe=2026-10-02 01:39:42
Filters: "Vorago_PresetPilot_PrimaryProbe"
Randomness seeded to: 3364563401
[probe] lever: none
[probe] Teeming - primary M10 Life (stored seed 11, 1 twin render(s))
  take: peak 0.2097  arm1 hi -25.28 dB [yes]  arm2 lo -31.15 dB [yes]  arm3 late-sus +1.51 dB [yes]  arm4 tail -160.21 dB [yes]
  arm1@44.1k: finite y peak 0.2319 hi -25.52 dB [PASS]
  primary d 1.1521  bar 4.0000  attribBase -1.0000  state ok  -> FAIL  lever: none
  levels: arms [y y y y] arm1@44.1k [y]
  secondary D13.1 event rate scale <= 0.3: d 1.0330 bar 1.5 state ok conjunct ok attribBase -1.0000 skip "" -> no
  secondary S7 ecosystem: d 3.6324 bar 1.5 state ok conjunct ok attribBase -1.0000 skip "" -> VERIFIED
===============================================================================
All tests passed (9 assertions in 1 test case)

exit=0 END 2026-10-02 02:03:58
