START 2026-10-02 15:55:40 preset="Colony Pulse" env: VORAGO_PILOT_SECONDARY=1 | consts: kPartialSpawnSpanHz = 0.02f kPartialChildGainSpan = 0.5f  (attack n 4, child gain 1.5, ghost 21/1.2, ecology 30/36) | exe=2026-10-02 15:52:14
Filters: "Vorago_PresetPilot_PrimaryProbe"
Randomness seeded to: 2967069415
[probe] lever: none
[probe] Colony Pulse - primary S7 ecosystem (stored seed 8, 1 twin render(s))
  take: peak 0.9651  arm1 hi -16.16 dB [yes]  arm2 lo -24.42 dB [yes]  arm3 late-sus -0.42 dB [yes]  arm4 tail -155.87 dB [yes]
  arm1@44.1k: finite y peak 0.9661 hi -16.82 dB [PASS]
  primary d 15.3590  bar 4.0000  attribBase -1.0000  state ok  -> PASS  lever: none
  levels: arms [y y y y] arm1@44.1k [y]
  secondary D13.2 event rate scale >= 3.0: d 0.3644 bar 1.5 state ok conjunct ok attribBase -1.0000 skip "" -> no
  secondary E6.hi ecosystem sync rate high: d 2.7192 bar 1.5 state ok conjunct ok attribBase -1.0000 skip "" -> VERIFIED
  secondary E7.hi ecosystem self-affinity high: d 1.0477 bar 1.5 state ok conjunct ok attribBase -1.0000 skip "" -> no
===============================================================================
All tests passed (9 assertions in 1 test case)

exit=0 END 2026-10-02 16:07:13
START 2026-10-02 16:07:13 preset="Teeming" env: VORAGO_PILOT_SECONDARY=1 VORAGO_PILOT_CELLS=S7 ecosystem | consts: kPartialSpawnSpanHz = 0.02f kPartialChildGainSpan = 0.5f  (attack n 4, child gain 1.5, ghost 21/1.2, ecology 30/36) | exe=2026-10-02 15:52:14
Filters: "Vorago_PresetPilot_PrimaryProbe"
Randomness seeded to: 1770393369
[probe] lever: none
[probe] Teeming - primary M10 Life (stored seed 11, 1 twin render(s))
  take: peak 0.2842  arm1 hi -23.44 dB [yes]  arm2 lo -30.57 dB [yes]  arm3 late-sus +3.03 dB [yes]  arm4 tail -155.26 dB [yes]
  arm1@44.1k: finite y peak 0.2632 hi -24.05 dB [PASS]
  primary d 0.0152  bar 4.0000  attribBase -1.0000  state ok  -> FAIL  lever: none
  levels: arms [y y y y] arm1@44.1k [y]
  secondary D13.1 event rate scale <= 0.3: d 0.0765 bar 1.5 state ok conjunct ok attribBase -1.0000 skip "" -> no
  secondary S7 ecosystem: d 6.7372 bar 1.5 state ok conjunct ok attribBase -1.0000 skip "" -> VERIFIED
===============================================================================
All tests passed (9 assertions in 1 test case)

exit=0 END 2026-10-02 16:18:02
