START 2026-10-02 16:24:59 preset="Colony Pulse" env: VORAGO_PILOT_SECONDARY=1 | consts: kPartialSpawnSpanHz = 0.04f kPartialChildGainSpan = 0.25f  (attack n 4, child gain 1.5, ghost 21/1.2, ecology 30/36) | exe=2026-10-02 16:21:36
Filters: "Vorago_PresetPilot_PrimaryProbe"
Randomness seeded to: 2806501910
[probe] lever: none
[probe] Colony Pulse - primary S7 ecosystem (stored seed 8, 1 twin render(s))
  take: peak 0.9148  arm1 hi -16.15 dB [yes]  arm2 lo -24.52 dB [yes]  arm3 late-sus -0.47 dB [yes]  arm4 tail -155.88 dB [yes]
  arm1@44.1k: finite y peak 0.9661 hi -16.80 dB [PASS]
  primary d 15.3508  bar 4.0000  attribBase -1.0000  state ok  -> PASS  lever: none
  levels: arms [y y y y] arm1@44.1k [y]
  secondary D13.2 event rate scale >= 3.0: d 0.2544 bar 1.5 state ok conjunct ok attribBase -1.0000 skip "" -> no
  secondary E6.hi ecosystem sync rate high: d 2.6015 bar 1.5 state ok conjunct ok attribBase -1.0000 skip "" -> VERIFIED
  secondary E7.hi ecosystem self-affinity high: d 1.2320 bar 1.5 state ok conjunct ok attribBase -1.0000 skip "" -> no
===============================================================================
All tests passed (9 assertions in 1 test case)

exit=0 END 2026-10-02 16:36:51
START 2026-10-02 16:36:51 preset="Teeming" env: VORAGO_PILOT_SECONDARY=1 VORAGO_PILOT_CELLS=S7 ecosystem | consts: kPartialSpawnSpanHz = 0.04f kPartialChildGainSpan = 0.25f  (attack n 4, child gain 1.5, ghost 21/1.2, ecology 30/36) | exe=2026-10-02 16:21:36
Filters: "Vorago_PresetPilot_PrimaryProbe"
Randomness seeded to: 1730029688
[probe] lever: none
[probe] Teeming - primary M10 Life (stored seed 11, 1 twin render(s))
  take: peak 0.2907  arm1 hi -23.16 dB [yes]  arm2 lo -29.82 dB [yes]  arm3 late-sus +3.06 dB [yes]  arm4 tail -155.24 dB [yes]
  arm1@44.1k: finite y peak 0.2587 hi -24.20 dB [PASS]
  primary d 0.0155  bar 4.0000  attribBase -1.0000  state ok  -> FAIL  lever: none
  levels: arms [y y y y] arm1@44.1k [y]
  secondary D13.1 event rate scale <= 0.3: d 0.0750 bar 1.5 state ok conjunct ok attribBase -1.0000 skip "" -> no
  secondary S7 ecosystem: d 7.5735 bar 1.5 state ok conjunct ok attribBase -1.0000 skip "" -> VERIFIED
===============================================================================
All tests passed (9 assertions in 1 test case)

exit=0 END 2026-10-02 16:47:48
