START 2026-10-02 09:24:01 VORAGO_PILOT_PRESET=Choir of Absence VORAGO_PILOT_TAKES=4 VORAGO_PILOT_LEVER=ghostTapDb=21,ghostDensity=1.5 exe=2026-10-02 07:19:18 (kGhostTapMakeupDb 12 / kGhostDensity 0.30 compiled)
Filters: "Vorago_PresetPilot_PrimaryProbe"
Randomness seeded to: 1881320079
[probe] lever: ghostTapDb=21,ghostDensity=1.5
[probe] Choir of Absence - primary S9 ghost / atmosphere (stored seed 10, 1 twin render(s))
  take: peak 0.9661  arm1 hi -6.03 dB [yes]  arm2 lo -10.77 dB [yes]  arm3 late-sus -1.38 dB [yes]  arm4 tail -155.68 dB [yes]
  arm1@44.1k: finite y peak 0.9661 hi -6.09 dB [PASS]
  primary d 4.2370  bar 4.0000  attribBase -1.0000  state ok  -> PASS  lever: ghostTapDb=21,ghostDensity=1.5
  levels: arms [y y y y] arm1@44.1k [y]
  take j=0 seed 10: peak 0.9661  arm1 hi -6.03 dB [yes]  arm2 lo -10.77 dB [yes]  arm3 late-sus -1.38 dB [yes]  arm4 tail -155.68 dB [yes]
  take j=1 seed 11: peak 0.9661  arm1 hi -7.02 dB [yes]  arm2 lo -12.89 dB [yes]  arm3 late-sus +2.01 dB [yes]  arm4 tail -158.67 dB [yes]
  take j=2 seed 12: peak 0.9661  arm1 hi -6.93 dB [yes]  arm2 lo -10.90 dB [yes]  arm3 late-sus -1.57 dB [yes]  arm4 tail -155.73 dB [yes]
  take j=3 seed 13: peak 0.9661  arm1 hi -5.73 dB [NO]  arm2 lo -9.47 dB [yes]  arm3 late-sus -0.65 dB [yes]  arm4 tail -148.12 dB [yes]
  take j=0 d 4.2370
  take j=1 d 4.2970
  take j=2 d 5.0490
  take j=3 d 4.6607
===============================================================================
All tests passed (23 assertions in 1 test case)

exit=0 END 2026-10-02 09:28:15
