START 2026-10-02 14:25:57 option (a) SCRATCH: kAttackStageCurve = kStageCurve (Exponential), kAttackShapePower = 1 (identity), kDefaultStageTimesMs[0] = 40000
PREDICTION (written before measuring): P_rev reach about 6 s -> about 11 s (the exponential curve reaches -6 dB at ~0.3 of the stage time), so d_att should rise above the before-record 2.7661; still short of the [15, 20] s tracking window.
311:    static constexpr EnvCurve kAttackStageCurve = EnvCurve::Exponential;
314:    static constexpr int kAttackShapePower = 1;
341:        kDefaultStageTimesMs{40000.0f, 30000.0f, 45000.0f, 60000.0f, 0.0f, 0.0f};
build exit=0 warnings=0 exe=2026-10-02 14:26:37
Filters: "Vorago_PresetPilot_PrimaryProbe"
Randomness seeded to: 595486489
[probe] lever: none
[probe] Sudden Chasm - primary D9.1 attack span <= 10 s (stored seed 5, 1 twin render(s))
  take: peak 0.2495  arm1 hi -20.71 dB [yes]  arm2 lo -22.15 dB [yes]  arm3 late-sus -0.37 dB [yes]  arm4 tail -233.70 dB [yes]
  arm1@44.1k: finite y peak 0.2549 hi -20.65 dB [PASS]
  attack window (W_end registered 45.0 s, measured 18.0 s): d_att 4.5618, d_Sus 5.3442 (attributable iff d_att >= 6.8442)
    P: first reaches RMS(Sus) - 6 dB at 4 s
    P_rev: first reaches RMS(Sus) - 6 dB at 13 s
  primary d 4.5618  bar 4.0000  attribBase 5.3442  state ok  -> FAIL  lever: none
  levels: arms [y y y y] arm1@44.1k [y]
===============================================================================
All tests passed (9 assertions in 1 test case)

exit=0 END pilot 2026-10-02 14:27:50
REVERTED: kAttackStageCurve = EnvCurve::Linear kAttackShapePower = 6 kDefaultStageTimesMs{20000.0f 
revert build exit=0 warnings=0 exe=2026-10-02 14:28:26
