START 2026-10-03 20:44:54 Stone Gravity (M5) rung r1: gravityRows=1 rows=kNumRows = 51 | VORAGO_PILOT_TAKES=4 | tree: attack n 4, breath 3.0, tide 0.8, ghost 21/1.2, ecology 30/36, child gain 1.5 | exe=2026-10-03 20:44:53
macro tests exit=12 assertions: 166 | 154 passed | 12 failed
Filters: "Vorago_PresetPilot_PrimaryProbe"
Randomness seeded to: 880837102
[probe] lever: none
[probe] Stone Gravity - primary M5 Gravity (stored seed 1, 1 twin render(s))
  take: peak 0.9661  arm1 hi -7.19 dB [yes]  arm2 lo -22.96 dB [yes]  arm3 late-sus +1.11 dB [yes]  arm4 tail -219.91 dB [yes]
  arm1@44.1k: finite y peak 0.9661 hi -7.28 dB [PASS]
  primary d 3.1393  bar 4.0000  attribBase -1.0000  state ok  -> FAIL  lever: none
  levels: arms [y y y y] arm1@44.1k [y]
  take j=0 seed 1: peak 0.9661  arm1 hi -7.19 dB [yes]  arm2 lo -22.96 dB [yes]  arm3 late-sus +1.11 dB [yes]  arm4 tail -219.91 dB [yes]
  take j=1 seed 2: peak 0.9661  arm1 hi -6.18 dB [yes]  arm2 lo -26.75 dB [yes]  arm3 late-sus +2.25 dB [yes]  arm4 tail -226.45 dB [yes]
  take j=2 seed 3: peak 0.9661  arm1 hi -10.41 dB [yes]  arm2 lo -25.14 dB [yes]  arm3 late-sus +4.13 dB [yes]  arm4 tail -222.17 dB [yes]
  take j=3 seed 4: peak 0.9661  arm1 hi -6.93 dB [yes]  arm2 lo -16.88 dB [yes]  arm3 late-sus +2.16 dB [yes]  arm4 tail -223.97 dB [yes]
  take j=0 d 3.1393
  take j=1 d 1.8121
  take j=2 d 2.4049
  take j=3 d 0.8363
===============================================================================
All tests passed (19 assertions in 1 test case)

exit=0 END 2026-10-03 21:20:27
