START 2026-10-03 18:33:14 GATE1M Life max VORAGO_PROBE_SEEDS=6 VORAGO_PROBE_KNOBS=- VORAGO_PROBE_SURFACE=109=1 | Life rung r0: rows=kNumRows = 50 markers=0 |  | tree: attack n 4, breath 3.0, tide 0.8, ghost 21/1.2, ecology 30/36, child gain 1.5 | exe=2026-10-03 18:10:10
Filters: "Vorago_EcosystemRuleProbe"
Randomness seeded to: 4210844692
[probe] surface overrides: 109=1; knob filter: -; reference: none; wake bases: shipped (vorago_voice.h kPeakWakeBase / kLoopWakeBase)
[probe] multi-seed gate: 6 seeds x (on + true-off) on surface 109=1
seed   d(on,off)  on M1 RMS    off M1 RMS  
[probe] seed 0: rendering on (340 s)...
[probe] seed 0: rendering true-off (340 s)...
0      6.7079     -24.57       -26.03      
[probe] seed 1: rendering on (340 s)...
[probe] seed 1: rendering true-off (340 s)...
1      4.9221     -27.14       -26.59      
[probe] seed 2: rendering on (340 s)...
[probe] seed 2: rendering true-off (340 s)...
2      6.3937     -25.86       -26.46      
[probe] seed 3: rendering on (340 s)...
[probe] seed 3: rendering true-off (340 s)...
3      5.7091     -26.17       -26.73      
[probe] seed 4: rendering on (340 s)...
[probe] seed 4: rendering true-off (340 s)...
4      3.7295     -28.58       -28.04      
[probe] seed 5: rendering on (340 s)...
[probe] seed 5: rendering true-off (340 s)...
5      3.4266     -26.18       -26.43      
off-reseed pairs (consecutive seeds): 4.2318 2.9762 4.4439 6.3122 4.6166
GATE1M surface=109=1 seeds=6 median_d(on,off)=5.3156 min_d(on,off)=3.4266 median_t0off=4.4439 ratio=1.196 verdict=PASS (threshold 0.50, ruling 2026-09-28; the threshold is ruled on this data)
===============================================================================
All tests passed (382640 assertions in 1 test case)

exit=0 END 2026-10-03 18:48:27
