START 2026-10-03 19:50:04 GATE1M Life max VORAGO_PROBE_SEEDS=6 VORAGO_PROBE_KNOBS=- VORAGO_PROBE_SURFACE=109=1 | Life rung r2: rows=kNumRows = 51 markers=2 | .amount = 0.0458f,  // 13c T054 r1 (was 0.0208f): reaches kMaxSpawnRateHz 0.05;// 13c T054 r2: Life also deepens the breathing (base shared with Movement's row).; | tree: attack n 4, breath 3.0, tide 0.8, ghost 21/1.2, ecology 30/36, child gain 1.5 | exe=2026-10-03 19:27:49
Filters: "Vorago_EcosystemRuleProbe"
Randomness seeded to: 2983902156
[probe] surface overrides: 109=1; knob filter: -; reference: none; wake bases: shipped (vorago_voice.h kPeakWakeBase / kLoopWakeBase)
[probe] multi-seed gate: 6 seeds x (on + true-off) on surface 109=1
seed   d(on,off)  on M1 RMS    off M1 RMS  
[probe] seed 0: rendering on (340 s)...
[probe] seed 0: rendering true-off (340 s)...
0      7.2665     -23.92       -25.66      
[probe] seed 1: rendering on (340 s)...
[probe] seed 1: rendering true-off (340 s)...
1      4.1569     -26.28       -26.19      
[probe] seed 2: rendering on (340 s)...
[probe] seed 2: rendering true-off (340 s)...
2      4.6085     -25.71       -26.11      
[probe] seed 3: rendering on (340 s)...
[probe] seed 3: rendering true-off (340 s)...
3      4.6496     -26.05       -26.38      
[probe] seed 4: rendering on (340 s)...
[probe] seed 4: rendering true-off (340 s)...
4      4.5702     -28.06       -26.59      
[probe] seed 5: rendering on (340 s)...
[probe] seed 5: rendering true-off (340 s)...
5      4.7860     -25.76       -26.36      
off-reseed pairs (consecutive seeds): 5.0323 2.2548 4.5307 4.0757 1.2992
GATE1M surface=109=1 seeds=6 median_d(on,off)=4.6290 min_d(on,off)=4.1569 median_t0off=4.0757 ratio=1.136 verdict=PASS (threshold 0.50, ruling 2026-09-28; the threshold is ruled on this data)
===============================================================================
All tests passed (382640 assertions in 1 test case)

exit=0 END 2026-10-03 20:03:29
