START 2026-10-03 19:12:09 GATE1M Life max VORAGO_PROBE_SEEDS=6 VORAGO_PROBE_KNOBS=- VORAGO_PROBE_SURFACE=109=1 | Life rung r1: rows=kNumRows = 50 markers=1 | .amount = 0.0458f,  // 13c T054 r1 (was 0.0208f): reaches kMaxSpawnRateHz 0.05; | tree: attack n 4, breath 3.0, tide 0.8, ghost 21/1.2, ecology 30/36, child gain 1.5 | exe=2026-10-03 18:49:22
Filters: "Vorago_EcosystemRuleProbe"
Randomness seeded to: 197259317
[probe] surface overrides: 109=1; knob filter: -; reference: none; wake bases: shipped (vorago_voice.h kPeakWakeBase / kLoopWakeBase)
[probe] multi-seed gate: 6 seeds x (on + true-off) on surface 109=1
seed   d(on,off)  on M1 RMS    off M1 RMS  
[probe] seed 0: rendering on (340 s)...
[probe] seed 0: rendering true-off (340 s)...
0      6.9574     -24.55       -25.75      
[probe] seed 1: rendering on (340 s)...
[probe] seed 1: rendering true-off (340 s)...
1      4.7692     -26.39       -26.10      
[probe] seed 2: rendering on (340 s)...
[probe] seed 2: rendering true-off (340 s)...
2      5.9018     -25.62       -26.15      
[probe] seed 3: rendering on (340 s)...
[probe] seed 3: rendering true-off (340 s)...
3      5.5216     -26.17       -26.59      
[probe] seed 4: rendering on (340 s)...
[probe] seed 4: rendering true-off (340 s)...
4      3.5218     -28.58       -26.51      
[probe] seed 5: rendering on (340 s)...
[probe] seed 5: rendering true-off (340 s)...
5      2.7978     -26.02       -26.43      
off-reseed pairs (consecutive seeds): 2.8449 2.3898 4.7525 5.6229 2.5455
GATE1M surface=109=1 seeds=6 median_d(on,off)=5.1454 min_d(on,off)=2.7978 median_t0off=2.8449 ratio=1.809 verdict=PASS (threshold 0.50, ruling 2026-09-28; the threshold is ruled on this data)
===============================================================================
All tests passed (382640 assertions in 1 test case)

exit=0 END 2026-10-03 19:26:55
