START 2026-10-04 03:55:39 SweepAxes + NoZipper, arm ruled_defaultpeak020_breath1 (B-13 rows compiled) | kBloomChildGain = 1.5f kEcologyWetMakeupDb = 30.0f kBreathGravityLaneGain = 1.0f kTidalRate = 0.8f kGhostBurstPeak = 0.20f kGhostDensitySpan = 1.2f kGhostTapMakeupDb = 21.0f fogRowBase=0.20f exe=2026-10-04 03:55:36
Filters: "VoragoMacro_NoZipper","VoragoMacro_SweepAxes"
Randomness seeded to: 857681981

~~~~~~~~~~~~~~~~~~~~~~~~~~~~~~~~~~~~~~~~~~~~~~~~~~~~~~~~~~~~~~~~~~~~~~~~~~~~~~~
dsp_systems_tests.exe is a Catch2 v3.4.0 host application.
Run with -? for options

-------------------------------------------------------------------------------
VoragoMacro_SweepAxes
-------------------------------------------------------------------------------
F:\projects\iterum\dsp\tests\unit\systems\vorago_macro_test.cpp(1211)
...............................................................................

F:\projects\iterum\dsp\tests\unit\systems\vorago_macro_test.cpp(1289): 
warning:
  SC-008 macro sweeps (3 seeds x 5 points x 60 s; window [10 s, 60 s] = samples
  [480000, 2880000); C1 unless the row says @C3 / @C4; Life renders 210.0000 s
  and counts edges over [90.0000 s, 210.0000 s])
    Darkness  energy >4f0 rel. <4f0 (dB)  rho=-1.0000  endpoint=6.9369  [-53.
  1710, -55.4721, -57.4608, -59.0191, -60.1079]
    Age       HF energy > 4 kHz (dB) @C4  rho=-1.0000  endpoint=1.3068  [-108.
  9280, -109.6349, -109.9963, -110.1612, -110.2347]
    Density   partials + awake sources  rho=1.0000  endpoint=2.1578  [19.9507,
  26.9507, 37.0000, 48.0000, 63.0000]
    Movement  per-band total variation  rho=0.9000  endpoint=0.2905  [1.4051,
  1.5467, 1.5813, 1.7372, 1.8133]
    Gravity   mean |log2(ratio) - int|  rho=-0.9000  endpoint=0.7511  [0.2641,
  0.2707, 0.2436, 0.1858, 0.0657]
    Entropy   spectral flatness [f0, 20 f0]  rho=0.9667  endpoint=22.4941  [0.
  0000, 0.0000, 0.0000, 0.0000, 0.0000]
    Pressure  crest factor (dB)  rho=-1.0000  endpoint=4.0799  [9.4514, 8.9891,
  8.0533, 6.8102, 5.3715]
    Weight    energy < 80 Hz (dB) @C3  rho=1.0000  endpoint=7.8262  [-20.9592,
  -18.8848, -16.9158, -15.0028, -13.1330]
    Fog       spectral flatness [f0, 20 f0]  rho=1.0000  endpoint=20.9533  [0.
  0000, 0.0000, 0.0000, 0.0000, 0.0000]
    Life      wake/sleep edges per min [90 s, 210 s]  rho=1.0000  endpoint=14.
  6667  [1.5000, 6.8333, 12.6667, 16.8333, 22.0000]
    Mass      energy < 80 Hz (dB) @C3  rho=1.0000  endpoint=3.8544  [-20.9592,
  -19.8038, -18.7348, -17.7689, -17.1048]
    all-macros-at-zero broadband RMS = -14.9946 dBFS

F:\projects\iterum\dsp\tests\unit\systems\vorago_macro_test.cpp(1319): FAILED:
  CHECK( result.endpoint >= row.threshold )
with expansion:
  1.3067508205 >= 3.0
with message:
  Age       HF energy > 4 kHz (dB) @C4  rho=-1  endpoint=1.30675  threshold=3

-------------------------------------------------------------------------------
VoragoMacro_NoZipper
-------------------------------------------------------------------------------
F:\projects\iterum\dsp\tests\unit\systems\vorago_macro_test.cpp(1514)
...............................................................................

F:\projects\iterum\dsp\tests\unit\systems\vorago_macro_test.cpp(1580): warning:
  SC-010 zipper statistic (20 ms window; reference 64 ms clear of the ramp)
    macro 0  ramp=3.2030e-03  reference=2.9884e-03  ratio=1.0718e+00
    macro 1  ramp=3.1353e-03  reference=2.9364e-03  ratio=1.0677e+00
    macro 2  ramp=2.7396e-03  reference=2.4102e-03  ratio=1.1367e+00
    macro 3  ramp=2.8923e-03  reference=2.7816e-03  ratio=1.0398e+00
    macro 4  ramp=3.8989e-03  reference=3.4485e-03  ratio=1.1306e+00
    macro 5  ramp=1.9874e-03  reference=1.6051e-03  ratio=1.2382e+00
    macro 6  ramp=2.6616e-03  reference=2.4499e-03  ratio=1.0864e+00
    macro 7  ramp=3.2668e-03  reference=3.4500e-03  ratio=9.4689e-01
    macro 8  ramp=3.3863e-03  reference=4.4604e-03  ratio=7.5920e-01
    macro 9  ramp=3.0875e-03  reference=2.8014e-03  ratio=1.1021e+00
    macro 10  ramp=3.0504e-03  reference=2.8461e-03  ratio=1.0718e+00
    macro 11  ramp=2.8764e-03  reference=2.7854e-03  ratio=1.0327e+00

===============================================================================
test cases:  2 |  1 passed | 1 failed
assertions: 62 | 61 passed | 1 failed

exit=1 END 2026-10-04 04:29:25
