START 2026-10-04 02:18:38 SweepAxes + NoZipper, arm ruled_defaultpeak020 (B-13 rows compiled) | kBloomChildGain = 1.5f kEcologyWetMakeupDb = 30.0f kBreathGravityLaneGain = 3.0f kTidalRate = 0.8f kGhostBurstPeak = 0.20f kGhostDensitySpan = 1.2f kGhostTapMakeupDb = 21.0f fogRowBase=0.20f exe=2026-10-04 02:18:36
Filters: "VoragoMacro_NoZipper","VoragoMacro_SweepAxes"
Randomness seeded to: 1512721010

~~~~~~~~~~~~~~~~~~~~~~~~~~~~~~~~~~~~~~~~~~~~~~~~~~~~~~~~~~~~~~~~~~~~~~~~~~~~~~~
dsp_systems_tests.exe is a Catch2 v3.4.0 host application.
Run with -? for options

-------------------------------------------------------------------------------
VoragoMacro_SweepAxes
-------------------------------------------------------------------------------
F:\projects\iterum\dsp\tests\unit\systems\vorago_macro_test.cpp(1211)
...............................................................................

F:\projects\iterum\dsp\tests\unit\systems\vorago_macro_test.cpp(1289): 
warning:
  SC-008 macro sweeps (3 seeds x 5 points x 60 s; window [10 s, 60 s] = samples
  [480000, 2880000); C1 unless the row says @C3 / @C4; Life renders 210.0000 s
  and counts edges over [90.0000 s, 210.0000 s])
    Darkness  energy >4f0 rel. <4f0 (dB)  rho=-0.8667  endpoint=5.8539  [-53.
  8181, -55.7192, -57.3461, -58.6960, -59.6720]
    Age       HF energy > 4 kHz (dB) @C4  rho=-1.0000  endpoint=2.6613  [-107.
  9598, -109.2035, -109.9765, -110.4048, -110.6211]
    Density   partials + awake sources  rho=1.0000  endpoint=2.1578  [19.9507,
  26.9507, 37.0000, 48.0000, 63.0000]
    Movement  per-band total variation  rho=0.8333  endpoint=0.1644  [1.5065,
  1.5805, 1.7001, 1.7586, 1.7542]
    Gravity   mean |log2(ratio) - int|  rho=-1.0000  endpoint=0.6465  [0.2686,
  0.2558, 0.2396, 0.1617, 0.0950]
    Entropy   spectral flatness [f0, 20 f0]  rho=0.9000  endpoint=17.9047  [0.
  0000, 0.0000, 0.0000, 0.0000, 0.0000]
    Pressure  crest factor (dB)  rho=-1.0000  endpoint=4.1062  [9.5142, 9.0058,
  7.9740, 6.6587, 5.4080]
    Weight    energy < 80 Hz (dB) @C3  rho=1.0000  endpoint=7.8347  [-21.5359,
  -19.4417, -17.4770, -15.5770, -13.7012]
    Fog       spectral flatness [f0, 20 f0]  rho=1.0000  endpoint=26.3527  [0.
  0000, 0.0000, 0.0000, 0.0000, 0.0000]
    Life      wake/sleep edges per min [90 s, 210 s]  rho=1.0000  endpoint=14.
  6667  [1.5000, 6.8333, 12.6667, 16.8333, 22.0000]
    Mass      energy < 80 Hz (dB) @C3  rho=1.0000  endpoint=3.9420  [-21.5359,
  -20.4188, -19.2903, -18.3067, -17.5938]
    all-macros-at-zero broadband RMS = -15.5580 dBFS

F:\projects\iterum\dsp\tests\unit\systems\vorago_macro_test.cpp(1318): FAILED:
  CHECK( (result.rho * expectedRhoSign(row.kind)) >= 0.9 )
with expansion:
  0.8666666667 >= 0.9
with message:
  Darkness  energy >4f0 rel. <4f0 (dB)  rho=-0.866667  endpoint=5.85387
  threshold=6

F:\projects\iterum\dsp\tests\unit\systems\vorago_macro_test.cpp(1319): FAILED:
  CHECK( result.endpoint >= row.threshold )
with expansion:
  5.8538676352 >= 6.0
with message:
  Darkness  energy >4f0 rel. <4f0 (dB)  rho=-0.866667  endpoint=5.85387
  threshold=6

F:\projects\iterum\dsp\tests\unit\systems\vorago_macro_test.cpp(1319): FAILED:
  CHECK( result.endpoint >= row.threshold )
with expansion:
  2.6613005035 >= 3.0
with message:
  Age       HF energy > 4 kHz (dB) @C4  rho=-1  endpoint=2.6613  threshold=3

F:\projects\iterum\dsp\tests\unit\systems\vorago_macro_test.cpp(1318): FAILED:
  CHECK( (result.rho * expectedRhoSign(row.kind)) >= 0.9 )
with expansion:
  0.8333333333 >= 0.9
with message:
  Movement  per-band total variation  rho=0.833333  endpoint=0.164423
  threshold=0.2

F:\projects\iterum\dsp\tests\unit\systems\vorago_macro_test.cpp(1319): FAILED:
  CHECK( result.endpoint >= row.threshold )
with expansion:
  0.1644229412 >= 0.2
with message:
  Movement  per-band total variation  rho=0.833333  endpoint=0.164423
  threshold=0.2

-------------------------------------------------------------------------------
VoragoMacro_NoZipper
-------------------------------------------------------------------------------
F:\projects\iterum\dsp\tests\unit\systems\vorago_macro_test.cpp(1514)
...............................................................................

F:\projects\iterum\dsp\tests\unit\systems\vorago_macro_test.cpp(1580): warning:
  SC-010 zipper statistic (20 ms window; reference 64 ms clear of the ramp)
    macro 0  ramp=3.4854e-03  reference=3.0427e-03  ratio=1.1455e+00
    macro 1  ramp=3.3568e-03  reference=3.0279e-03  ratio=1.1086e+00
    macro 2  ramp=2.9033e-03  reference=2.4782e-03  ratio=1.1715e+00
    macro 3  ramp=2.8030e-03  reference=3.3490e-03  ratio=8.3696e-01
    macro 4  ramp=3.7597e-03  reference=3.4914e-03  ratio=1.0768e+00
    macro 5  ramp=2.5240e-03  reference=2.1193e-03  ratio=1.1910e+00
    macro 6  ramp=2.8402e-03  reference=2.5686e-03  ratio=1.1057e+00
    macro 7  ramp=3.6482e-03  reference=3.5323e-03  ratio=1.0328e+00
    macro 8  ramp=3.5143e-03  reference=4.3835e-03  ratio=8.0170e-01
    macro 9  ramp=3.2871e-03  reference=3.0478e-03  ratio=1.0785e+00
    macro 10  ramp=3.2564e-03  reference=2.9133e-03  ratio=1.1178e+00
    macro 11  ramp=3.0172e-03  reference=3.0266e-03  ratio=9.9687e-01

===============================================================================
test cases:  2 |  1 passed | 1 failed
assertions: 62 | 57 passed | 5 failed

exit=5 END 2026-10-04 02:52:32
