START 2026-10-04 01:45:45 SweepAxes + NoZipper, arm all_but_floor_reverted (B-13 rows compiled) | kBloomChildGain = 0.35f kEcologyWetMakeupDb = 0.0f kBreathGravityLaneGain = 1.0f kTidalRate = 0.25f kGhostBurstPeak = 0.60f kGhostDensitySpan = 0.0f kGhostTapMakeupDb = 12.0f fogRowBase=0.60f exe=2026-10-04 01:45:43
Filters: "VoragoMacro_NoZipper","VoragoMacro_SweepAxes"
Randomness seeded to: 2169457519

~~~~~~~~~~~~~~~~~~~~~~~~~~~~~~~~~~~~~~~~~~~~~~~~~~~~~~~~~~~~~~~~~~~~~~~~~~~~~~~
dsp_systems_tests.exe is a Catch2 v3.4.0 host application.
Run with -? for options

-------------------------------------------------------------------------------
VoragoMacro_SweepAxes
-------------------------------------------------------------------------------
F:\projects\iterum\dsp\tests\unit\systems\vorago_macro_test.cpp(1211)
...............................................................................

F:\projects\iterum\dsp\tests\unit\systems\vorago_macro_test.cpp(1289): 
warning:
  SC-008 macro sweeps (3 seeds x 5 points x 60 s; window [10 s, 60 s] = samples
  [480000, 2880000); C1 unless the row says @C3 / @C4; Life renders 210.0000 s
  and counts edges over [90.0000 s, 210.0000 s])
    Darkness  energy >4f0 rel. <4f0 (dB)  rho=-1.0000  endpoint=6.7013  [-53.
  1340, -55.3748, -57.3219, -58.8002, -59.8352]
    Age       HF energy > 4 kHz (dB) @C4  rho=-1.0000  endpoint=1.1408  [-108.
  3860, -109.0148, -109.3237, -109.4652, -109.5269]
    Density   partials + awake sources  rho=1.0000  endpoint=2.1578  [19.9507,
  26.9507, 37.0000, 48.0000, 63.0000]
    Movement  per-band total variation  rho=0.8333  endpoint=0.2963  [1.4983,
  1.6680, 1.7107, 1.8304, 1.9423]
    Gravity   mean |log2(ratio) - int|  rho=-0.9000  endpoint=0.7511  [0.2641,
  0.2707, 0.2436, 0.1858, 0.0657]
    Entropy   spectral flatness [f0, 20 f0]  rho=0.9667  endpoint=22.3552  [0.
  0000, 0.0000, 0.0000, 0.0000, 0.0000]
    Pressure  crest factor (dB)  rho=-1.0000  endpoint=4.2609  [9.8303, 9.3237,
  8.3462, 7.0381, 5.5695]
    Weight    energy < 80 Hz (dB) @C3  rho=1.0000  endpoint=7.8152  [-20.8803,
  -18.8105, -16.8465, -14.9372, -13.0651]
    Fog       spectral flatness [f0, 20 f0]  rho=0.9000  endpoint=2.7175  [0.
  0000, 0.0000, 0.0000, 0.0000, 0.0000]
    Life      wake/sleep edges per min [90 s, 210 s]  rho=1.0000  endpoint=14.
  6667  [1.5000, 6.8333, 12.6667, 16.8333, 22.0000]
    Mass      energy < 80 Hz (dB) @C3  rho=1.0000  endpoint=3.8752  [-20.8803,
  -19.7298, -18.6768, -17.6987, -17.0051]
    all-macros-at-zero broadband RMS = -14.9636 dBFS

F:\projects\iterum\dsp\tests\unit\systems\vorago_macro_test.cpp(1319): FAILED:
  CHECK( result.endpoint >= row.threshold )
with expansion:
  1.140815358 >= 3.0
with message:
  Age       HF energy > 4 kHz (dB) @C4  rho=-1  endpoint=1.14082  threshold=3

F:\projects\iterum\dsp\tests\unit\systems\vorago_macro_test.cpp(1318): FAILED:
  CHECK( (result.rho * expectedRhoSign(row.kind)) >= 0.9 )
with expansion:
  0.8333333333 >= 0.9
with message:
  Movement  per-band total variation  rho=0.833333  endpoint=0.296317
  threshold=0.2

-------------------------------------------------------------------------------
VoragoMacro_NoZipper
-------------------------------------------------------------------------------
F:\projects\iterum\dsp\tests\unit\systems\vorago_macro_test.cpp(1514)
...............................................................................

F:\projects\iterum\dsp\tests\unit\systems\vorago_macro_test.cpp(1580): warning:
  SC-010 zipper statistic (20 ms window; reference 64 ms clear of the ramp)
    macro 0  ramp=3.3530e-03  reference=3.2077e-03  ratio=1.0453e+00
    macro 1  ramp=3.2798e-03  reference=3.1861e-03  ratio=1.0294e+00
    macro 2  ramp=3.0217e-03  reference=2.3837e-03  ratio=1.2677e+00
    macro 3  ramp=3.0180e-03  reference=2.9486e-03  ratio=1.0235e+00
    macro 4  ramp=4.3705e-03  reference=3.5361e-03  ratio=1.2360e+00
    macro 5  ramp=1.7936e-03  reference=1.6221e-03  ratio=1.1057e+00
    macro 6  ramp=2.8078e-03  reference=2.8613e-03  ratio=9.8128e-01
    macro 7  ramp=3.4117e-03  reference=3.5377e-03  ratio=9.6438e-01
    macro 8  ramp=2.9200e-03  reference=3.7591e-03  ratio=7.7678e-01
    macro 9  ramp=3.2046e-03  reference=3.0882e-03  ratio=1.0377e+00
    macro 10  ramp=3.1704e-03  reference=3.0512e-03  ratio=1.0391e+00
    macro 11  ramp=3.0871e-03  reference=2.5345e-03  ratio=1.2180e+00

===============================================================================
test cases:  2 |  1 passed | 1 failed
assertions: 62 | 60 passed | 2 failed

exit=2 END 2026-10-04 02:18:16
