START 2026-10-04 10:30:53 T059 verify: VoragoEngine_GhostExtensionWiring with the eighth-harvest literal, exe=2026-10-04 10:18:20
Filters: "VoragoEngine_GhostExtensionWiring"
Randomness seeded to: 1197672348

~~~~~~~~~~~~~~~~~~~~~~~~~~~~~~~~~~~~~~~~~~~~~~~~~~~~~~~~~~~~~~~~~~~~~~~~~~~~~~~
dsp_systems_tests.exe is a Catch2 v3.4.0 host application.
Run with -? for options

-------------------------------------------------------------------------------
VoragoEngine_GhostExtensionWiring
  clause (a) - the 60 s default render is unchanged from the base commit
-------------------------------------------------------------------------------
F:\projects\iterum\dsp\tests\unit\systems\vorago_ghost_ext_test.cpp(461)
...............................................................................

F:\projects\iterum\dsp\tests\unit\systems\vorago_ghost_ext_test.cpp(512): warning:
  SC-010 (a) fingerprint arm ran in 7.25445 s

-------------------------------------------------------------------------------
VoragoEngine_GhostExtensionWiring
  clause (c) - the closed gate spawns nothing while the events still fire
-------------------------------------------------------------------------------
F:\projects\iterum\dsp\tests\unit\systems\vorago_ghost_ext_test.cpp(525)
...............................................................................

F:\projects\iterum\dsp\tests\unit\systems\vorago_ghost_ext_test.cpp(560): warning:
  SC-010 (c) closed-gate arm: 600 s at 8000 Hz ran in 13.0369 s; max ghost
  request 0.992646

-------------------------------------------------------------------------------
VoragoEngine_GhostExtensionWiring
  clause (e) - atmosGhostReverseProbability reaches the component
-------------------------------------------------------------------------------
F:\projects\iterum\dsp\tests\unit\systems\vorago_ghost_ext_test.cpp(580)
...............................................................................

F:\projects\iterum\dsp\tests\unit\systems\vorago_ghost_ext_test.cpp(612): warning:
  SC-010 (e) reverse-wire arm: 25 grains born, all reverse; ran in 1.60287 s

===============================================================================
All tests passed (27 assertions in 1 test case)

exit=0 END 2026-10-04 10:31:15
