START 2026-09-28 10:45:57
Filters: "Vorago_EcosystemRuleProbe"
Randomness seeded to: 1164327795
[probe] surface overrides: none; knob filter: all; reference: none + true-off; wake bases: shipped (vorago_voice.h kPeakWakeBase / kLoopWakeBase)
[probe] rendering default surface (340 s)...
[probe] rendering seed twin (340 s)...
[probe] rendering true-off reference (340 s)...
[probe] rendering true-off seed twin (340 s)...
[probe] rendering 900=0 cross-check reference (340 s)...
t0 pinned by VORAGO_PROBE_T0 = 4.0438 (six-seed median off-reseed); this run's own off pair = 3.5375
[probe] rendering predation = 0 (340 s)...
[probe] rendering predation = 1 (340 s)...
[probe] rendering syncRate = 0.5 (340 s)...
[probe] rendering exchangeRate = 0 (340 s)...
[probe] rendering exchangeRate = 3 (340 s)...
[probe] rendering crowding = 0 (340 s)...
[probe] rendering crowding = 0.2 (340 s)...
[probe] rendering forageRate = 0 (340 s)...
[probe] rendering forageRate = 0.05 (340 s)...
[probe] rendering feedRate = 1 (340 s)...
[probe] rendering grazeRate = 0 (340 s)...
[probe] rendering grazeRate = 3 (340 s)...
[probe] rendering leakRate = 0 (340 s)...
[probe] rendering leakRate = 1 (340 s)...
[probe] rendering moveRate = 0 (340 s)...
[probe] rendering moveRate = 0.5 (340 s)...
[probe] rendering maxSpeed = 0.001 (340 s)...
[probe] rendering maxSpeed = 0.05 (340 s)...
[probe] rendering kernelSigma = 0.01 (340 s)...
[probe] rendering kernelSigma = 0.35 (340 s)...
[probe] rendering freqDrift = 0 (340 s)...
[probe] rendering freqDrift = 0.0002 (340 s)...
[probe] rendering selfAffinity = -2 (340 s)...
[probe] rendering selfAffinity = 2 (340 s)...
[probe] rendering crossAffinity = -2 (340 s)...
[probe] rendering crossAffinity = 2 (340 s)...

=== Vorago_EcosystemRuleProbe (FR-070) ===
renders: 28 (default + seed twin + 26 extremes), 340 s each, 48 kHz, block 512
surface overrides: none; wake bases: shipped (vorago_voice.h kPeakWakeBase / kLoopWakeBase)
default M1 stereo RMS: -26.13 dBFS
default per-minute: M1 RMS -26.13 dBFS colony 0.483648 | M2 RMS -25.99 dBFS colony 0.481807 | M3 RMS -25.27 dBFS colony 0.482763
t0on = d(default, seed twin) = 4.4218   (ecosystem on; informational since 2026-09-28)
t0 = d(true-off, true-off seed twin) = 4.0438   INAUDIBLE threshold f*t0 = 2.0219   (f = 0.50; the yardstick: non-ecosystem randomness, rulings 2026-09-28)
DESCRIPTOR default band=7.454146,-0.029813,-5.783428,-9.283089,-13.667371,-15.838305,-17.090475,-17.981308,-18.470571 motion=0.242683 flux=-2.229698 corr=-3.535125 energySpread=1.047597 crest=3.572641
DESCRIPTOR trueoff band=7.623264,-0.028995,-5.868204,-8.988292,-12.420053,-13.762773,-14.824630,-15.796617,-16.516150 motion=0.183846 flux=-2.306402 corr=-3.529166 energySpread=0.246713 crest=2.994645
true-off reference (FR-007, offValid): d(default, true-off) = 4.5495   d/t0 = 1.125   M1 RMS -25.62 dBFS
GATE1 surface=default t0=4.0438 t0on=4.4218 d(on,off)=4.5495 d/t0=1.125 verdict=PASS
cross-check (FR-007): d(true-off, 900=0) = 0.0003   d/t0 = 0.000

knob           range              default    extreme      d         d/t0      dOff/t0   flags / E cells (P-4)
moveRate       [0, 0.5]           0.2        0            0.3669    0.091     1.064     INAUDIBLE .lo,.hi
                 M1 rms -26.23 dBFS  dRMS -0.10 dB  colony 0.483756  colony/base 1.000
                 M2 rms -26.14 dBFS  dRMS -0.16 dB  colony 0.481989  colony/base 1.000
                 M3 rms -25.27 dBFS  dRMS -0.00 dB  colony 0.482784  colony/base 1.000
                                             0.5          4.0188    0.994     0.283     counted 
                 M1 rms -25.91 dBFS  dRMS +0.22 dB  colony 0.480482  colony/base 0.993
                 M2 rms -26.09 dBFS  dRMS -0.10 dB  colony 0.480353  colony/base 0.997
                 M3 rms -25.24 dBFS  dRMS +0.03 dB  colony 0.482240  colony/base 0.999
               best counted d 4.0188 (d/t0 0.994)   max d 4.0188 (d/t0 0.994)
leakRate       [0, 1]             0.06       0            2.6330    0.651     0.505     counted .lo,.hi
                 M1 rms -25.79 dBFS  dRMS +0.34 dB  colony 0.481558  colony/base 0.996
                 M2 rms -25.58 dBFS  dRMS +0.41 dB  colony 0.464615  colony/base 0.964
                 M3 rms -25.74 dBFS  dRMS -0.47 dB  colony 0.455870  colony/base 0.944
                                             1            3.7220    0.920     0.207     OFF-LIKE 
                 M1 rms -25.71 dBFS  dRMS +0.42 dB  colony 0.077918  colony/base 0.161
                 M2 rms -25.87 dBFS  dRMS +0.12 dB  colony 0.077459  colony/base 0.161
                 M3 rms -25.46 dBFS  dRMS -0.19 dB  colony 0.077976  colony/base 0.162
               best counted d 2.6330 (d/t0 0.651)   max d 3.7220 (d/t0 0.920)
grazeRate      [0, 3]             0.75       0            4.5495    1.125     0.000     OFF-LIKE .lo,.hi
                 M1 rms -25.62 dBFS  dRMS +0.51 dB  colony 0.000004  colony/base 0.000
                 M2 rms -25.74 dBFS  dRMS +0.25 dB  colony 0.000000  colony/base 0.000
                 M3 rms -25.47 dBFS  dRMS -0.21 dB  colony 0.000000  colony/base 0.000
                                             3            0.1415    0.035     1.137     INAUDIBLE 
                 M1 rms -26.23 dBFS  dRMS -0.10 dB  colony 0.495508  colony/base 1.025
                 M2 rms -26.14 dBFS  dRMS -0.16 dB  colony 0.494287  colony/base 1.026
                 M3 rms -25.23 dBFS  dRMS +0.04 dB  colony 0.494776  colony/base 1.025
               best counted d 0.0000 (d/t0 0.000) [none counted]   max d 4.5495 (d/t0 1.125)
syncRate       [0, 0.5]           0          0.5          4.3935    1.086     0.246     OFF-LIKE .hi
                 M1 rms -26.48 dBFS  dRMS -0.35 dB  colony 0.478464  colony/base 0.989
                 M2 rms -25.70 dBFS  dRMS +0.29 dB  colony 0.483353  colony/base 1.003
                 M3 rms -25.42 dBFS  dRMS -0.15 dB  colony 0.482871  colony/base 1.000
               best counted d 0.0000 (d/t0 0.000) [none counted]   max d 4.3935 (d/t0 1.086)
exchangeRate   [0, 3]             0.35       0            0.4335    0.107     1.028     INAUDIBLE .lo,.hi
                 M1 rms -26.10 dBFS  dRMS +0.03 dB  colony 0.483680  colony/base 1.000
                 M2 rms -26.09 dBFS  dRMS -0.10 dB  colony 0.481860  colony/base 1.000
                 M3 rms -25.27 dBFS  dRMS -0.00 dB  colony 0.482674  colony/base 1.000
                                             3            1.8752    0.464     1.576     INAUDIBLE 
                 M1 rms -26.33 dBFS  dRMS -0.20 dB  colony 0.478820  colony/base 0.990
                 M2 rms -25.49 dBFS  dRMS +0.50 dB  colony 0.471728  colony/base 0.979
                 M3 rms -25.18 dBFS  dRMS +0.09 dB  colony 0.477065  colony/base 0.988
               best counted d 0.0000 (d/t0 0.000) [none counted]   max d 1.8752 (d/t0 0.464)
predation      [0, 1]             0.55       0            1.1930    0.295     1.408     INAUDIBLE .lo,.hi
                 M1 rms -26.15 dBFS  dRMS -0.02 dB  colony 0.483628  colony/base 1.000
                 M2 rms -25.79 dBFS  dRMS +0.20 dB  colony 0.481813  colony/base 1.000
                 M3 rms -25.31 dBFS  dRMS -0.04 dB  colony 0.482589  colony/base 1.000
                                             1            1.7781    0.440     1.551     INAUDIBLE 
                 M1 rms -26.36 dBFS  dRMS -0.23 dB  colony 0.481935  colony/base 0.996
                 M2 rms -25.49 dBFS  dRMS +0.50 dB  colony 0.477264  colony/base 0.991
                 M3 rms -25.26 dBFS  dRMS +0.01 dB  colony 0.479259  colony/base 0.993
               best counted d 0.0000 (d/t0 0.000) [none counted]   max d 1.7781 (d/t0 0.440)
kernelSigma    [0.01, 0.35]       0.03       0.01         1.7322    0.428     0.713     INAUDIBLE .lo,.hi
                 M1 rms -25.97 dBFS  dRMS +0.16 dB  colony 0.447559  colony/base 0.925
                 M2 rms -26.14 dBFS  dRMS -0.15 dB  colony 0.443083  colony/base 0.920
                 M3 rms -25.50 dBFS  dRMS -0.23 dB  colony 0.443810  colony/base 0.919
                                             0.35         1.6971    0.420     0.719     INAUDIBLE 
                 M1 rms -25.24 dBFS  dRMS +0.89 dB  colony 0.257574  colony/base 0.533
                 M2 rms -25.21 dBFS  dRMS +0.78 dB  colony 0.251649  colony/base 0.522
                 M3 rms -25.39 dBFS  dRMS -0.13 dB  colony 0.256891  colony/base 0.532
               best counted d 0.0000 (d/t0 0.000) [none counted]   max d 1.7322 (d/t0 0.428)
freqDrift      [0, 0.0002]        4e-05      0            0.5278    0.131     1.009     INAUDIBLE .lo,.hi
                 M1 rms -26.22 dBFS  dRMS -0.09 dB  colony 0.483215  colony/base 0.999
                 M2 rms -26.05 dBFS  dRMS -0.06 dB  colony 0.482106  colony/base 1.001
                 M3 rms -25.25 dBFS  dRMS +0.01 dB  colony 0.483391  colony/base 1.001
                                             0.0002       1.6894    0.418     0.715     INAUDIBLE 
                 M1 rms -25.99 dBFS  dRMS +0.15 dB  colony 0.484365  colony/base 1.001
                 M2 rms -26.22 dBFS  dRMS -0.24 dB  colony 0.479770  colony/base 0.996
                 M3 rms -25.33 dBFS  dRMS -0.06 dB  colony 0.482296  colony/base 0.999
               best counted d 0.0000 (d/t0 0.000) [none counted]   max d 1.6894 (d/t0 0.418)
selfAffinity   [-2, 2]            -1         -2           0.0343    0.008     1.117     INAUDIBLE .lo,.hi
                 M1 rms -26.13 dBFS  dRMS -0.00 dB  colony 0.483648  colony/base 1.000
                 M2 rms -26.01 dBFS  dRMS -0.02 dB  colony 0.481804  colony/base 1.000
                 M3 rms -25.27 dBFS  dRMS -0.00 dB  colony 0.482762  colony/base 1.000
                                             2            1.3878    0.343     0.821     INAUDIBLE 
                 M1 rms -26.33 dBFS  dRMS -0.20 dB  colony 0.483607  colony/base 1.000
                 M2 rms -26.41 dBFS  dRMS -0.42 dB  colony 0.479787  colony/base 0.996
                 M3 rms -25.18 dBFS  dRMS +0.09 dB  colony 0.481917  colony/base 0.998
               best counted d 0.0000 (d/t0 0.000) [none counted]   max d 1.3878 (d/t0 0.343)
forageRate     [0, 0.05]          0.01       0            0.3054    0.076     1.135     INAUDIBLE .lo,.hi
                 M1 rms -26.59 dBFS  dRMS -0.46 dB  colony 0.477793  colony/base 0.988
                 M2 rms -26.23 dBFS  dRMS -0.25 dB  colony 0.474865  colony/base 0.986
                 M3 rms -25.38 dBFS  dRMS -0.11 dB  colony 0.479307  colony/base 0.993
                                             0.05         0.6566    0.162     0.970     INAUDIBLE 
                 M1 rms -26.03 dBFS  dRMS +0.10 dB  colony 0.483601  colony/base 1.000
                 M2 rms -26.14 dBFS  dRMS -0.15 dB  colony 0.482452  colony/base 1.001
                 M3 rms -25.29 dBFS  dRMS -0.02 dB  colony 0.483212  colony/base 1.001
               best counted d 0.0000 (d/t0 0.000) [none counted]   max d 0.6566 (d/t0 0.162)
crossAffinity  [-2, 2]            0.45       -2           0.4536    0.112     1.026     INAUDIBLE .lo,.hi
                 M1 rms -26.15 dBFS  dRMS -0.02 dB  colony 0.483851  colony/base 1.000
                 M2 rms -26.19 dBFS  dRMS -0.20 dB  colony 0.482050  colony/base 1.001
                 M3 rms -25.29 dBFS  dRMS -0.02 dB  colony 0.482839  colony/base 1.000
                                             2            0.3651    0.090     1.209     INAUDIBLE 
                 M1 rms -26.15 dBFS  dRMS -0.02 dB  colony 0.483315  colony/base 0.999
                 M2 rms -26.03 dBFS  dRMS -0.04 dB  colony 0.481531  colony/base 0.999
                 M3 rms -25.29 dBFS  dRMS -0.02 dB  colony 0.482449  colony/base 0.999
               best counted d 0.0000 (d/t0 0.000) [none counted]   max d 0.4536 (d/t0 0.112)
crowding       [0, 0.2]           0.05       0            0.3798    0.094     1.044     INAUDIBLE .lo,.hi
                 M1 rms -26.09 dBFS  dRMS +0.04 dB  colony 0.482656  colony/base 0.998
                 M2 rms -25.98 dBFS  dRMS +0.01 dB  colony 0.481773  colony/base 1.000
                 M3 rms -25.28 dBFS  dRMS -0.01 dB  colony 0.482547  colony/base 1.000
                                             0.2          0.0712    0.018     1.131     INAUDIBLE 
                 M1 rms -26.15 dBFS  dRMS -0.02 dB  colony 0.483631  colony/base 1.000
                 M2 rms -26.02 dBFS  dRMS -0.03 dB  colony 0.481823  colony/base 1.000
                 M3 rms -25.27 dBFS  dRMS -0.00 dB  colony 0.482764  colony/base 1.000
               best counted d 0.0000 (d/t0 0.000) [none counted]   max d 0.3798 (d/t0 0.094)
maxSpeed       [0.001, 0.05]      0.03       0.001        0.2261    0.056     1.110     INAUDIBLE .lo,.hi
                 M1 rms -26.30 dBFS  dRMS -0.17 dB  colony 0.483064  colony/base 0.999
                 M2 rms -26.06 dBFS  dRMS -0.07 dB  colony 0.481045  colony/base 0.998
                 M3 rms -25.26 dBFS  dRMS +0.01 dB  colony 0.482379  colony/base 0.999
                                             0.05         0.0012    0.000     1.125     INAUDIBLE 
                 M1 rms -26.13 dBFS  dRMS +0.00 dB  colony 0.483648  colony/base 1.000
                 M2 rms -25.99 dBFS  dRMS +0.00 dB  colony 0.481807  colony/base 1.000
                 M3 rms -25.27 dBFS  dRMS +0.00 dB  colony 0.482763  colony/base 1.000
               best counted d 0.0000 (d/t0 0.000) [none counted]   max d 0.2261 (d/t0 0.056)
feedRate       [0, 1]             0          1            0.0121    0.003     1.125     INAUDIBLE .hi
                 M1 rms -26.13 dBFS  dRMS +0.00 dB  colony 0.483637  colony/base 1.000
                 M2 rms -25.99 dBFS  dRMS -0.00 dB  colony 0.481808  colony/base 1.000
                 M3 rms -25.27 dBFS  dRMS -0.00 dB  colony 0.482763  colony/base 1.000
               best counted d 0.0000 (d/t0 0.000) [none counted]   max d 0.0121 (d/t0 0.003)

audible non-kill knobs: 2 of 14
GATE2 verdict=FAIL (N >= 4)
table for Phase 14 Q2 — no roster named here
===============================================================================
All tests passed (988468 assertions in 1 test case)

EXIT 0
END 2026-09-28 11:19:55
