START 2026-09-27 20:40:47 case=VoragoVoice_CompositionOverhead binary=/f/tmp/p13b_ab/build/windows-x64-release/bin/Release/dsp_systems_tests.exe
pin-perf-cores: performance-core mask 0xFFFF
Filters: "VoragoVoice_CompositionOverhead"
Randomness seeded to: 3063776076

~~~~~~~~~~~~~~~~~~~~~~~~~~~~~~~~~~~~~~~~~~~~~~~~~~~~~~~~~~~~~~~~~~~~~~~~~~~~~~~
dsp_systems_tests.exe is a Catch2 v3.4.0 host application.
Run with -? for options

-------------------------------------------------------------------------------
VoragoVoice_CompositionOverhead
-------------------------------------------------------------------------------
F:\tmp\p13b_ab\dsp\tests\unit\systems\vorago_perf_test.cpp(1420)
...............................................................................

F:\tmp\p13b_ab\dsp\tests\unit\systems\vorago_perf_test.cpp(1605): 
warning:
  SC-003 - VoragoVoice composition overhead, ns per 512-sample block @ 48 kHz
      cloud                 : 64010.8
      noise + decorrelation : 143555
      resonance             : 60333.2
      ecology               : 107455
      bloom (step 2)        : 257.6
      body A                : 31203.6
      body B                : 31388.8
      envelope + blend      : 2005.8
      L (step 1 in full)    : 9193.2
      ------------------------------------------
      sum of standalone     : 449403
      measured VoragoVoice  : 544584
      ratio whole / sum     : 1.21179   (bound 1.15)
      bound in ns           : 516813   - if this is exceeded, fix the
  COMPOSITION, never the 1.15 (FR-082)

F:\tmp\p13b_ab\dsp\tests\unit\systems\vorago_perf_test.cpp(1612): FAILED:
  REQUIRE( nsVoice <= (sum * kOverheadBound) )
with expansion:
  544584.2 <= 516813.45

===============================================================================
test cases: 1 | 1 failed
assertions: 5 | 4 passed | 1 failed

EXIT 1
END 2026-09-27 20:41:04
