START 2026-09-27 20:42:04 case=VoragoVoice_CompositionOverhead binary=build/windows-x64-release/bin/Release/dsp_systems_tests.exe
pin-perf-cores: performance-core mask 0xFFFF
Filters: "VoragoVoice_CompositionOverhead"
Randomness seeded to: 2204869120

~~~~~~~~~~~~~~~~~~~~~~~~~~~~~~~~~~~~~~~~~~~~~~~~~~~~~~~~~~~~~~~~~~~~~~~~~~~~~~~
dsp_systems_tests.exe is a Catch2 v3.4.0 host application.
Run with -? for options

-------------------------------------------------------------------------------
VoragoVoice_CompositionOverhead
-------------------------------------------------------------------------------
F:\projects\iterum\dsp\tests\unit\systems\vorago_perf_test.cpp(1420)
...............................................................................

F:\projects\iterum\dsp\tests\unit\systems\vorago_perf_test.cpp(1605): 
warning:
  SC-003 - VoragoVoice composition overhead, ns per 512-sample block @ 48 kHz
      cloud                 : 65235.8
      noise + decorrelation : 148453
      resonance             : 63000.8
      ecology               : 121991
      bloom (step 2)        : 435
      body A                : 30988
      body B                : 34903
      envelope + blend      : 1819.8
      L (step 1 in full)    : 9431.2
      ------------------------------------------
      sum of standalone     : 476258
      measured VoragoVoice  : 557717
      ratio whole / sum     : 1.17104   (bound 1.15)
      bound in ns           : 547696   - if this is exceeded, fix the
  COMPOSITION, never the 1.15 (FR-082)

F:\projects\iterum\dsp\tests\unit\systems\vorago_perf_test.cpp(1612): FAILED:
  REQUIRE( nsVoice <= (sum * kOverheadBound) )
with expansion:
  557717.4 <= 547696.24

===============================================================================
test cases: 1 | 1 failed
assertions: 5 | 4 passed | 1 failed

EXIT 1
END 2026-09-27 20:42:20
