START 2026-09-29 08:15:42 gate1m-default BEFORE-TREE (production = 6cef994b, the phase base; probe TU = HEAD b6a93f9a's, instrument only per FR-001; binary built in worktree f:/tmp/p13b_ab; wake bases on this tree = vorago_voice.h prepare() literals 0.50/0.50)
Filters: "Vorago_EcosystemRuleProbe"
Randomness seeded to: 1757880134
[probe] surface overrides: none; knob filter: -; reference: none; wake bases: shipped (vorago_voice.h kPeakWakeBase / kLoopWakeBase)
[probe] multi-seed gate: 6 seeds x (on + true-off) on surface default
seed   d(on,off)  on M1 RMS    off M1 RMS  
[probe] seed 0: rendering on (340 s)...
[probe] seed 0: rendering true-off (340 s)...
0      0.6311     -26.10       -25.62      
[probe] seed 1: rendering on (340 s)...
[probe] seed 1: rendering true-off (340 s)...
1      0.5113     -26.06       -25.76      
[probe] seed 2: rendering on (340 s)...
[probe] seed 2: rendering true-off (340 s)...
2      0.2208     -25.86       -25.60      
[probe] seed 3: rendering on (340 s)...
[probe] seed 3: rendering true-off (340 s)...
3      0.5126     -25.45       -25.56      
[probe] seed 4: rendering on (340 s)...
[probe] seed 4: rendering true-off (340 s)...
4      0.6903     -26.42       -25.84      
[probe] seed 5: rendering on (340 s)...
[probe] seed 5: rendering true-off (340 s)...
5      0.5688     -26.15       -25.82      
off-reseed pairs (consecutive seeds): 2.6933 1.2075 4.1091 4.9690 4.4477
GATE1M surface=default seeds=6 median_d(on,off)=0.5407 min_d(on,off)=0.2208 median_t0off=4.1091 ratio=0.132 verdict=FAIL (threshold 0.50, ruling 2026-09-28; the threshold is ruled on this data)
===============================================================================
All tests passed (382640 assertions in 1 test case)

EXIT 0  END 2026-09-29 08:22:29
