START 2026-09-29 08:22:29 gate1m-lifemax BEFORE-TREE (production = 6cef994b, the phase base; probe TU = HEAD b6a93f9a's, instrument only per FR-001; binary built in worktree f:/tmp/p13b_ab; wake bases on this tree = vorago_voice.h prepare() literals 0.50/0.50)
Filters: "Vorago_EcosystemRuleProbe"
Randomness seeded to: 305620462
[probe] surface overrides: 109=1; knob filter: -; reference: none; wake bases: shipped (vorago_voice.h kPeakWakeBase / kLoopWakeBase)
[probe] multi-seed gate: 6 seeds x (on + true-off) on surface 109=1
seed   d(on,off)  on M1 RMS    off M1 RMS  
[probe] seed 0: rendering on (340 s)...
[probe] seed 0: rendering true-off (340 s)...
0      2.1323     -25.84       -25.65      
[probe] seed 1: rendering on (340 s)...
[probe] seed 1: rendering true-off (340 s)...
1      1.3603     -26.36       -25.88      
[probe] seed 2: rendering on (340 s)...
[probe] seed 2: rendering true-off (340 s)...
2      0.7108     -26.31       -25.77      
[probe] seed 3: rendering on (340 s)...
[probe] seed 3: rendering true-off (340 s)...
3      1.3590     -26.20       -25.81      
[probe] seed 4: rendering on (340 s)...
[probe] seed 4: rendering true-off (340 s)...
4      0.8137     -26.41       -26.40      
[probe] seed 5: rendering on (340 s)...
[probe] seed 5: rendering true-off (340 s)...
5      0.7237     -26.39       -25.95      
off-reseed pairs (consecutive seeds): 2.7563 1.4042 4.1354 4.9736 4.5126
GATE1M surface=109=1 seeds=6 median_d(on,off)=1.0864 min_d(on,off)=0.7108 median_t0off=4.1354 ratio=0.263 verdict=FAIL (threshold 0.50, ruling 2026-09-28; the threshold is ruled on this data)
===============================================================================
All tests passed (382640 assertions in 1 test case)

EXIT 0  END 2026-09-29 08:29:21
