START 2026-09-27 13:48:33
Filters: "Vorago_EcosystemRuleProbe"
Randomness seeded to: 2679950102
[probe] surface overrides: none; knob filter: -; reference: none + true-off; wake bases: shipped (0.50/0.50)
[probe] rendering default surface (340 s)...
[probe] rendering unlimited twin (340 s, limiter ceiling +60 dB)...
GR max 0.0000 dB at 160.0000 s
GR > 0.01 dB fraction (includes release tails): 0.000000 (0 of 8640000 samples)
GR attack events (per-sample gain drop > 0.01 dB): 0
GR first y != u: none
[probe] rendering seed twin (340 s)...
[probe] rendering true-off reference (340 s)...
[probe] rendering 900=0 cross-check reference (340 s)...

=== Vorago_EcosystemRuleProbe (FR-070) ===
renders: 2 (default + seed twin + 0 extremes), 340 s each, 48 kHz, block 512
surface overrides: none; wake bases: shipped (0.50/0.50)
default M1 stereo RMS: -26.10 dBFS
default per-minute: M1 RMS -26.10 dBFS colony 0.483648 | M2 RMS -25.84 dBFS colony 0.481807 | M3 RMS -25.43 dBFS colony 0.482763
t0 = d(default, seed twin) = 1.7128   INAUDIBLE threshold 2*t0 = 3.4256
DESCRIPTOR default band=7.525316,-0.030478,-5.774558,-9.020715,-12.731764,-14.415628,-15.538662,-16.540800,-17.272613 motion=0.172955 flux=-2.274154 corr=-3.522959 energySpread=0.328951 crest=3.069767
DESCRIPTOR trueoff band=7.613133,-0.028904,-5.861892,-9.030818,-12.711668,-14.135848,-15.228615,-16.223887,-16.953348 motion=0.191812 flux=-2.304529 corr=-3.529215 energySpread=0.281237 crest=3.023586
true-off reference (FR-007, offValid): d(default, true-off) = 0.6311   d/t0 = 0.368   M1 RMS -25.62 dBFS
GATE1 surface=default t0=1.7128 d(on,off)=0.6311 d/t0=0.368 verdict=FAIL
cross-check (FR-007): d(true-off, 900=0) = 0.0001   d/t0 = 0.000
===============================================================================
All tests passed (159436 assertions in 1 test case)

EXIT 0
END 2026-09-27 13:53:31
