START 2026-09-27 20:23:38
pin-perf-cores: performance-core mask 0xFFFF
Filters: "VoragoEngine_CpuBudget"
Randomness seeded to: 1464552087

~~~~~~~~~~~~~~~~~~~~~~~~~~~~~~~~~~~~~~~~~~~~~~~~~~~~~~~~~~~~~~~~~~~~~~~~~~~~~~~
dsp_systems_tests.exe is a Catch2 v3.4.0 host application.
Run with -? for options

-------------------------------------------------------------------------------
VoragoEngine_CpuBudget
-------------------------------------------------------------------------------
F:\tmp\p13b_ab\dsp\tests\unit\systems\vorago_perf_test.cpp(971)
...............................................................................

F:\tmp\p13b_ab\dsp\tests\unit\systems\vorago_perf_test.cpp(1006): 
warning:
  SC-001b - VoragoEngine CPU gate, ns per 512-sample block @ 48 kHz
    configuration        : polyphony 4 of kMaxVoices 6, FR-090 defaults, macros
  neutral, no voicing levers (Q-H)
    engine measured      : 2.78455e+06 ns/block  (26.1052 % of one core)
    + Cavern (arithmetic): 2.90905e+06 ns/block  (27.2723 % of one core)
    clause (i)  ceiling  : 2.90905e+06 <= 3.2e+06  (90.9078 % of the reference)
    clause (ii) baseline : 2.78455e+06 <= 4.04172e+06  (baseline 2.69448e+06 x
  1.5; 103.343 % of the baseline)
    headroom available   : 1.14141x of the baseline before clause (i) trips
  (the ceiling binds first; kMaxAdmissibleNs 2.13333e+06 is not met by ruling)

===============================================================================
All tests passed (4 assertions in 1 test case)

EXIT 0
END 2026-09-27 20:24:23
