START 2026-09-28 15:45:15 gate1m-lifemax
Filters: "Vorago_EcosystemRuleProbe"
Randomness seeded to: 4255678096
[probe] surface overrides: 109=1; knob filter: -; reference: none + true-off; wake bases: shipped (vorago_voice.h kPeakWakeBase / kLoopWakeBase)
[probe] multi-seed gate: 6 seeds x (on + true-off) on surface 109=1
seed   d(on,off)  on M1 RMS    off M1 RMS  
[probe] seed 0: rendering on (340 s)...
[probe] seed 0: rendering true-off (340 s)...
0      5.8810     -26.05       -25.65      
[probe] seed 1: rendering on (340 s)...
[probe] seed 1: rendering true-off (340 s)...
1      4.9066     -27.63       -25.87      
[probe] seed 2: rendering on (340 s)...
[probe] seed 2: rendering true-off (340 s)...
2      1.9507     -26.84       -25.71      
[probe] seed 3: rendering on (340 s)...
[probe] seed 3: rendering true-off (340 s)...
3      1.5065     -25.93       -25.85      
[probe] seed 4: rendering on (340 s)...
[probe] seed 4: rendering true-off (340 s)...
4      3.2322     -26.95       -26.35      
[probe] seed 5: rendering on (340 s)...
[probe] seed 5: rendering true-off (340 s)...
5      1.8291     -26.44       -25.87      
off-reseed pairs (consecutive seeds): 3.5828 1.4367 4.0645 5.0757 4.4450
GATE1M surface=109=1 seeds=6 median_d(on,off)=2.5914 min_d(on,off)=1.5065 median_t0off=4.0645 ratio=0.638 verdict=PASS (threshold 0.50, ruling 2026-09-28; the threshold is ruled on this data)
===============================================================================
All tests passed (382640 assertions in 1 test case)

EXIT 0
END 2026-09-28 15:57:06
