START 2026-09-28 15:32:31 zipper+routing
Filters: "VoragoMacro_NoZipper","VoragoVoice_EcosystemRouting"
Randomness seeded to: 3984193434

~~~~~~~~~~~~~~~~~~~~~~~~~~~~~~~~~~~~~~~~~~~~~~~~~~~~~~~~~~~~~~~~~~~~~~~~~~~~~~~
dsp_systems_tests.exe is a Catch2 v3.4.0 host application.
Run with -? for options

-------------------------------------------------------------------------------
VoragoVoice_EcosystemRouting
-------------------------------------------------------------------------------
F:\projects\iterum\dsp\tests\unit\systems\vorago_voice_longrun_test.cpp(630)
...............................................................................

F:\projects\iterum\dsp\tests\unit\systems\vorago_voice_longrun_test.cpp(703): warning:
  SC-019 (1) baseline: 11 scheduler onsets at depth 0, max agent output 1

F:\projects\iterum\dsp\tests\unit\systems\vorago_voice_longrun_test.cpp(794): warning:
  SC-019 (3) Partial: 1945 ecosystem-attributable changes over 10 equivalent
  minutes = 194.5 per minute; max (eco - scheduler) excess 0.85

F:\projects\iterum\dsp\tests\unit\systems\vorago_voice_longrun_test.cpp(794): warning:
  SC-019 (3) Resonator: 5504 ecosystem-attributable changes over 10 equivalent
  minutes = 550.4 per minute; max (eco - scheduler) excess 0.368166

F:\projects\iterum\dsp\tests\unit\systems\vorago_voice_longrun_test.cpp(794): warning:
  SC-019 (3) Noise: 5423 ecosystem-attributable changes over 10 equivalent
  minutes = 542.3 per minute; max (eco - scheduler) excess 0.65

F:\projects\iterum\dsp\tests\unit\systems\vorago_voice_longrun_test.cpp(794): warning:
  SC-019 (3) Feedback: 5448 ecosystem-attributable changes over 10 equivalent
  minutes = 544.8 per minute; max (eco - scheduler) excess 0.326551

F:\projects\iterum\dsp\tests\unit\systems\vorago_voice_longrun_test.cpp(794): warning:
  SC-019 (3) Ghost: 5501 ecosystem-attributable changes over 10 equivalent
  minutes = 550.1 per minute; max (eco - scheduler) excess 0.939933

F:\projects\iterum\dsp\tests\unit\systems\vorago_voice_longrun_test.cpp(886): warning:
  SC-019 (3) dormancy Partial: 987 scheduler-arm changes across the measurement
  window

F:\projects\iterum\dsp\tests\unit\systems\vorago_voice_longrun_test.cpp(886): warning:
  SC-019 (3) dormancy Resonator: 208 scheduler-arm changes across the
  measurement window

F:\projects\iterum\dsp\tests\unit\systems\vorago_voice_longrun_test.cpp(886): warning:
  SC-019 (3) dormancy Noise: 1902 scheduler-arm changes across the measurement
  window

F:\projects\iterum\dsp\tests\unit\systems\vorago_voice_longrun_test.cpp(886): warning:
  SC-019 (3) dormancy Feedback: 709 scheduler-arm changes across the
  measurement window

F:\projects\iterum\dsp\tests\unit\systems\vorago_voice_longrun_test.cpp(886): warning:
  SC-019 (3) dormancy Ghost: 926 scheduler-arm changes across the measurement
  window

F:\projects\iterum\dsp\tests\unit\systems\vorago_voice_longrun_test.cpp(904): warning:
  SC-019 ecosystem routing: A = 10, 10 equivalent minutes per arm, wall clock
  18.3884 s

-------------------------------------------------------------------------------
VoragoMacro_NoZipper
-------------------------------------------------------------------------------
F:\projects\iterum\dsp\tests\unit\systems\vorago_macro_test.cpp(1514)
...............................................................................

F:\projects\iterum\dsp\tests\unit\systems\vorago_macro_test.cpp(1580): warning:
  SC-010 zipper statistic (20 ms window; reference 64 ms clear of the ramp)
    macro 0  ramp=3.2034e-03  reference=3.2695e-03  ratio=9.7978e-01
    macro 1  ramp=3.1446e-03  reference=3.2289e-03  ratio=9.7391e-01
    macro 2  ramp=2.8502e-03  reference=2.8795e-03  ratio=9.8985e-01
    macro 3  ramp=3.4623e-03  reference=2.5101e-03  ratio=1.3793e+00
    macro 4  ramp=3.8634e-03  reference=3.2908e-03  ratio=1.1740e+00
    macro 5  ramp=1.8836e-03  reference=1.6928e-03  ratio=1.1127e+00
    macro 6  ramp=2.5692e-03  reference=2.7617e-03  ratio=9.3028e-01
    macro 7  ramp=3.3644e-03  reference=3.9268e-03  ratio=8.5678e-01
    macro 8  ramp=2.5563e-03  reference=2.9132e-03  ratio=8.7751e-01
    macro 9  ramp=3.0443e-03  reference=3.1268e-03  ratio=9.7361e-01
    macro 10  ramp=3.0367e-03  reference=3.1265e-03  ratio=9.7128e-01
    macro 11  ramp=2.8226e-03  reference=2.3502e-03  ratio=1.2010e+00

===============================================================================
All tests passed (47 assertions in 2 test cases)

EXIT 0
END 2026-09-28 15:33:05
