START 2026-09-29 00:31:55 gate1m-default
Filters: "Vorago_EcosystemRuleProbe"
Randomness seeded to: 3829844422
[probe] surface overrides: none; knob filter: -; reference: none + true-off; wake bases: shipped (vorago_voice.h kPeakWakeBase / kLoopWakeBase)
[probe] multi-seed gate: 6 seeds x (on + true-off) on surface default
seed   d(on,off)  on M1 RMS    off M1 RMS  
[probe] seed 0: rendering on (340 s)...
[probe] seed 0: rendering true-off (340 s)...
0      5.6272     -26.47       -25.62      
[probe] seed 1: rendering on (340 s)...
[probe] seed 1: rendering true-off (340 s)...
1      4.0276     -26.97       -25.74      
[probe] seed 2: rendering on (340 s)...
[probe] seed 2: rendering true-off (340 s)...
2      2.0558     -26.30       -25.53      
[probe] seed 3: rendering on (340 s)...
[probe] seed 3: rendering true-off (340 s)...
3      1.2598     -25.52       -25.59      
[probe] seed 4: rendering on (340 s)...
[probe] seed 4: rendering true-off (340 s)...
4      3.2527     -27.07       -25.80      
[probe] seed 5: rendering on (340 s)...
[probe] seed 5: rendering true-off (340 s)...
5      1.8075     -26.03       -25.76      
off-reseed pairs (consecutive seeds): 3.5374 1.1547 4.0439 5.1759 4.5804
GATE1M surface=default seeds=6 median_d(on,off)=2.6543 min_d(on,off)=1.2598 median_t0off=4.0439 ratio=0.656 verdict=PASS (threshold 0.50, ruling 2026-09-28; the threshold is ruled on this data)
===============================================================================
All tests passed (382640 assertions in 1 test case)

END 2026-09-29 00:39:25
