START 2026-09-28 08:30:09
Filters: "Vorago_EcosystemRuleProbe"
Randomness seeded to: 898385597
[probe] surface overrides: none; knob filter: -; reference: none + true-off; wake bases: shipped (vorago_voice.h kPeakWakeBase / kLoopWakeBase)
[probe] rendering default surface (340 s)...
[probe] rendering unlimited twin (340 s, limiter ceiling +60 dB)...
GR max 0.0000 dB at 160.0000 s
GR > 0.01 dB fraction (includes release tails): 0.000000 (0 of 8640000 samples)
GR attack events (per-sample gain drop > 0.01 dB): 0
GR first y != u: none
[probe] rendering seed twin (340 s)...
[probe] rendering true-off reference (340 s)...
[probe] rendering true-off seed twin (340 s)...
[probe] rendering 900=0 cross-check reference (340 s)...

=== Vorago_EcosystemRuleProbe (FR-070) ===
renders: 2 (default + seed twin + 0 extremes), 340 s each, 48 kHz, block 512
surface overrides: none; wake bases: shipped (vorago_voice.h kPeakWakeBase / kLoopWakeBase)
default M1 stereo RMS: -26.52 dBFS
default per-minute: M1 RMS -26.52 dBFS colony 0.483648 | M2 RMS -25.97 dBFS colony 0.481807 | M3 RMS -25.42 dBFS colony 0.482763
t0on = d(default, seed twin) = 2.6599   (ecosystem on; informational since 2026-09-28)
t0 = d(true-off, true-off seed twin) = 2.8708   INAUDIBLE threshold 2*t0 = 5.7416   (the yardstick: non-ecosystem randomness, ruling 2026-09-28)
DESCRIPTOR default band=7.457552,-0.031325,-5.721938,-9.190491,-13.250275,-15.442111,-16.751806,-17.561169,-18.042696 motion=0.178738 flux=-2.271213 corr=-3.524776 energySpread=0.505181 crest=3.149665
DESCRIPTOR trueoff band=7.614971,-0.028883,-5.862912,-9.037053,-12.665326,-14.055308,-15.134947,-16.120789,-16.846113 motion=0.192534 flux=-2.304895 corr=-3.529172 energySpread=0.271191 crest=3.015897
true-off reference (FR-007, offValid): d(default, true-off) = 2.9203   d/t0 = 1.017   M1 RMS -25.61 dBFS
GATE1 surface=default t0=2.8708 t0on=2.6599 d(on,off)=2.9203 d/t0=1.017 verdict=FAIL
cross-check (FR-007): d(true-off, 900=0) = 0.0006   d/t0 = 0.000
===============================================================================
All tests passed (191323 assertions in 1 test case)

EXIT 0
END 2026-09-28 08:33:32
