START 2026-09-28 09:54:21
Filters: "Vorago_EcosystemRuleProbe"
Randomness seeded to: 1220393322
[probe] surface overrides: none; knob filter: -; reference: none + true-off; wake bases: shipped (vorago_voice.h kPeakWakeBase / kLoopWakeBase)
[probe] multi-seed gate: 6 seeds x (on + true-off) on surface default
seed   d(on,off)  on M1 RMS    off M1 RMS  
[probe] seed 0: rendering on (340 s)...
[probe] seed 0: rendering true-off (340 s)...
0      3.1242     -26.14       -25.61      
[probe] seed 1: rendering on (340 s)...
[probe] seed 1: rendering true-off (340 s)...
1      3.7721     -26.88       -25.74      
[probe] seed 2: rendering on (340 s)...
[probe] seed 2: rendering true-off (340 s)...
2      2.5386     -26.13       -25.57      
[probe] seed 3: rendering on (340 s)...
[probe] seed 3: rendering true-off (340 s)...
3      0.9202     -25.63       -25.55      
[probe] seed 4: rendering on (340 s)...
[probe] seed 4: rendering true-off (340 s)...
4      2.7112     -27.47       -25.82      
[probe] seed 5: rendering on (340 s)...
[probe] seed 5: rendering true-off (340 s)...
5      2.5894     -26.60       -25.79      
off-reseed pairs (consecutive seeds): 2.8708 1.2242 4.0381 5.0230 4.5564
GATE1M surface=default seeds=6 median_d(on,off)=2.6503 min_d(on,off)=0.9202 median_t0off=4.0381 ratio=0.656 verdict=FAIL (threshold 2.0 as specified; the threshold is ruled on this data)
===============================================================================
All tests passed (382640 assertions in 1 test case)

EXIT 0
END 2026-09-28 10:01:16
