START 2026-09-28 10:22:26
Filters: "Vorago_EcosystemRuleProbe"
Randomness seeded to: 2336597035
[probe] surface overrides: none; knob filter: -; reference: none + true-off; wake bases: shipped (vorago_voice.h kPeakWakeBase / kLoopWakeBase)
[probe] rendering default surface (340 s)...
[probe] rendering unlimited twin (340 s, limiter ceiling +60 dB)...
GR max 0.0000 dB at 160.0000 s
GR > 0.01 dB fraction (includes release tails): 0.000000 (0 of 8640000 samples)
GR attack events (per-sample gain drop > 0.01 dB): 0
GR first y != u: none
[probe] rendering seed twin (340 s)...
[probe] rendering true-off reference (340 s)...
[probe] rendering true-off seed twin (340 s)...
[probe] rendering 900=0 cross-check reference (340 s)...

=== Vorago_EcosystemRuleProbe (FR-070) ===
renders: 2 (default + seed twin + 0 extremes), 340 s each, 48 kHz, block 512
surface overrides: none; wake bases: shipped (vorago_voice.h kPeakWakeBase / kLoopWakeBase)
default M1 stereo RMS: -26.13 dBFS
default per-minute: M1 RMS -26.13 dBFS colony 0.483648 | M2 RMS -25.99 dBFS colony 0.481807 | M3 RMS -25.27 dBFS colony 0.482763
t0on = d(default, seed twin) = 4.4218   (ecosystem on; informational since 2026-09-28)
t0 = d(true-off, true-off seed twin) = 3.5375   INAUDIBLE threshold 2*t0 = 7.0751   (the yardstick: non-ecosystem randomness, ruling 2026-09-28)
DESCRIPTOR default band=7.454146,-0.029813,-5.783428,-9.283089,-13.667371,-15.838305,-17.090475,-17.981308,-18.470571 motion=0.242683 flux=-2.229698 corr=-3.535125 energySpread=1.047597 crest=3.572641
DESCRIPTOR trueoff band=7.623264,-0.028995,-5.868204,-8.988292,-12.420053,-13.762773,-14.824630,-15.796617,-16.516150 motion=0.183846 flux=-2.306402 corr=-3.529166 energySpread=0.246713 crest=2.994645
true-off reference (FR-007, offValid): d(default, true-off) = 4.5495   d/t0 = 1.286   M1 RMS -25.62 dBFS
GATE1 surface=default t0=3.5375 t0on=4.4218 d(on,off)=4.5495 d/t0=1.286 verdict=FAIL
cross-check (FR-007): d(true-off, 900=0) = 0.0003   d/t0 = 0.000
===============================================================================
All tests passed (191323 assertions in 1 test case)

EXIT 0
END 2026-09-28 10:25:55
