START 2026-09-28 10:07:57
Filters: "Vorago_EcosystemRuleProbe"
Randomness seeded to: 445089524
[probe] surface overrides: none; knob filter: -; reference: none + true-off; wake bases: shipped (vorago_voice.h kPeakWakeBase / kLoopWakeBase)
[probe] multi-seed gate: 6 seeds x (on + true-off) on surface default
seed   d(on,off)  on M1 RMS    off M1 RMS  
[probe] seed 0: rendering on (340 s)...
[probe] seed 0: rendering true-off (340 s)...
0      4.5495     -26.13       -25.62      
[probe] seed 1: rendering on (340 s)...
[probe] seed 1: rendering true-off (340 s)...
1      3.6427     -26.98       -25.74      
[probe] seed 2: rendering on (340 s)...
[probe] seed 2: rendering true-off (340 s)...
2      3.3087     -26.20       -25.53      
[probe] seed 3: rendering on (340 s)...
[probe] seed 3: rendering true-off (340 s)...
3      0.8594     -25.54       -25.59      
[probe] seed 4: rendering on (340 s)...
[probe] seed 4: rendering true-off (340 s)...
4      2.8297     -27.38       -25.80      
[probe] seed 5: rendering on (340 s)...
[probe] seed 5: rendering true-off (340 s)...
5      0.7476     -26.50       -25.76      
off-reseed pairs (consecutive seeds): 3.5375 1.1549 4.0438 5.1766 4.5807
GATE1M surface=default seeds=6 median_d(on,off)=3.0692 min_d(on,off)=0.7476 median_t0off=4.0438 ratio=0.759 verdict=FAIL (threshold 2.0 as specified; the threshold is ruled on this data)
===============================================================================
All tests passed (382640 assertions in 1 test case)

EXIT 0
END 2026-09-28 10:14:59
