START 2026-09-28 10:15:27
Filters: "Vorago_EcosystemRuleProbe"
Randomness seeded to: 1964005810
[probe] surface overrides: 109=1; knob filter: -; reference: none + true-off; wake bases: shipped (vorago_voice.h kPeakWakeBase / kLoopWakeBase)
[probe] multi-seed gate: 6 seeds x (on + true-off) on surface 109=1
seed   d(on,off)  on M1 RMS    off M1 RMS  
[probe] seed 0: rendering on (340 s)...
[probe] seed 0: rendering true-off (340 s)...
0      4.3520     -26.03       -25.65      
[probe] seed 1: rendering on (340 s)...
[probe] seed 1: rendering true-off (340 s)...
1      4.8690     -27.59       -25.87      
[probe] seed 2: rendering on (340 s)...
[probe] seed 2: rendering true-off (340 s)...
2      3.4185     -26.70       -25.71      
[probe] seed 3: rendering on (340 s)...
[probe] seed 3: rendering true-off (340 s)...
3      1.1930     -25.77       -25.85      
[probe] seed 4: rendering on (340 s)...
[probe] seed 4: rendering true-off (340 s)...
4      2.6111     -27.16       -26.35      
[probe] seed 5: rendering on (340 s)...
[probe] seed 5: rendering true-off (340 s)...
5      1.2860     -26.94       -25.87      
off-reseed pairs (consecutive seeds): 3.5834 1.4365 4.0656 5.0758 4.4448
GATE1M surface=109=1 seeds=6 median_d(on,off)=3.0148 min_d(on,off)=1.1930 median_t0off=4.0656 ratio=0.742 verdict=FAIL (threshold 2.0 as specified; the threshold is ruled on this data)
===============================================================================
All tests passed (382640 assertions in 1 test case)

EXIT 0
END 2026-09-28 10:22:26
