START 2026-09-28 09:24:29
Filters: "Vorago_EcosystemRuleProbe"
Randomness seeded to: 659945460
[probe] surface overrides: none; knob filter: -; reference: none + true-off; wake bases: shipped (vorago_voice.h kPeakWakeBase / kLoopWakeBase)
[probe] multi-seed gate: 6 seeds x (on + true-off) on surface default
seed   d(on,off)  on M1 RMS    off M1 RMS  
[probe] seed 0: rendering on (340 s)...
[probe] seed 0: rendering true-off (340 s)...
0      3.4108     -26.70       -25.61      
[probe] seed 1: rendering on (340 s)...
[probe] seed 1: rendering true-off (340 s)...
1      2.2961     -27.02       -25.74      
[probe] seed 2: rendering on (340 s)...
[probe] seed 2: rendering true-off (340 s)...
2      0.4714     -26.28       -25.57      
[probe] seed 3: rendering on (340 s)...
[probe] seed 3: rendering true-off (340 s)...
3      1.2894     -25.29       -25.55      
[probe] seed 4: rendering on (340 s)...
[probe] seed 4: rendering true-off (340 s)...
4      1.8424     -26.96       -25.82      
[probe] seed 5: rendering on (340 s)...
[probe] seed 5: rendering true-off (340 s)...
5      1.4804     -25.89       -25.79      
off-reseed pairs (consecutive seeds): 2.8706 1.2234 4.0389 5.0228 4.5564
GATE1M surface=default seeds=6 median_d(on,off)=1.6614 min_d(on,off)=0.4714 median_t0off=4.0389 ratio=0.411 verdict=FAIL (threshold 2.0 as specified; the threshold is ruled on this data)
===============================================================================
All tests passed (382640 assertions in 1 test case)

EXIT 0
END 2026-09-28 09:31:25
