START 2026-09-28 09:38:12
Filters: "Vorago_EcosystemRuleProbe"
Randomness seeded to: 518474027
[probe] surface overrides: none; knob filter: -; reference: none + true-off; wake bases: shipped (vorago_voice.h kPeakWakeBase / kLoopWakeBase)
[probe] multi-seed gate: 6 seeds x (on + true-off) on surface default
seed   d(on,off)  on M1 RMS    off M1 RMS  
[probe] seed 0: rendering on (340 s)...
[probe] seed 0: rendering true-off (340 s)...
0      3.2151     -26.54       -25.61      
[probe] seed 1: rendering on (340 s)...
[probe] seed 1: rendering true-off (340 s)...
1      1.4833     -27.02       -25.74      
[probe] seed 2: rendering on (340 s)...
[probe] seed 2: rendering true-off (340 s)...
2      1.1116     -26.24       -25.57      
[probe] seed 3: rendering on (340 s)...
[probe] seed 3: rendering true-off (340 s)...
3      1.0026     -25.36       -25.55      
[probe] seed 4: rendering on (340 s)...
[probe] seed 4: rendering true-off (340 s)...
4      1.4573     -27.08       -25.82      
[probe] seed 5: rendering on (340 s)...
[probe] seed 5: rendering true-off (340 s)...
5      1.1607     -26.11       -25.79      
off-reseed pairs (consecutive seeds): 2.8712 1.2242 4.0382 5.0228 4.5559
GATE1M surface=default seeds=6 median_d(on,off)=1.3090 min_d(on,off)=1.0026 median_t0off=4.0382 ratio=0.324 verdict=FAIL (threshold 2.0 as specified; the threshold is ruled on this data)
===============================================================================
All tests passed (382640 assertions in 1 test case)

EXIT 0
END 2026-09-28 09:45:13
