Filters: ~[performance] ~[perf] ~[benchmark] ~[!benchmark] ~[long]
Randomness seeded to: 216313690

~~~~~~~~~~~~~~~~~~~~~~~~~~~~~~~~~~~~~~~~~~~~~~~~~~~~~~~~~~~~~~~~~~~~~~~~~~~~~~~
vorago_tests.exe is a Catch2 v3.4.0 host application.
Run with -? for options

-------------------------------------------------------------------------------
Vorago_MidiEventTranslation
  OffsetTiming
-------------------------------------------------------------------------------
F:\projects\iterum\plugins\vorago\tests\unit\midi_event_test.cpp(290)
...............................................................................

F:\projects\iterum\plugins\vorago\tests\unit\midi_event_test.cpp(323): warning:
  SC-022 (5) peak(A)=0.00160288 maxAbsDiff(A,B)=0 maxAbsDiff(A,C)=0.00202408

-------------------------------------------------------------------------------
Vorago_MidiEventTranslation
  OffsetClamping
  past the end clamps to the last sample
-------------------------------------------------------------------------------
F:\projects\iterum\plugins\vorago\tests\unit\midi_event_test.cpp(344)
...............................................................................

F:\projects\iterum\plugins\vorago\tests\unit\midi_event_test.cpp(355): warning:
  SC-022 (7) @600 vs @511: peak=0.00160773 maxAbsDiff=0

-------------------------------------------------------------------------------
Vorago_MidiEventTranslation
  OffsetClamping
  negative clamps to zero
-------------------------------------------------------------------------------
F:\projects\iterum\plugins\vorago\tests\unit\midi_event_test.cpp(359)
...............................................................................

F:\projects\iterum\plugins\vorago\tests\unit\midi_event_test.cpp(370): warning:
  SC-022 (7) @-5 vs @0: peak=0.00182944 maxAbsDiff=0

-------------------------------------------------------------------------------
Vorago_MidiEventTranslation
  OutOfOrderEventsAreSorted
-------------------------------------------------------------------------------
F:\projects\iterum\plugins\vorago\tests\unit\midi_event_test.cpp(376)
...............................................................................

F:\projects\iterum\plugins\vorago\tests\unit\midi_event_test.cpp(389): warning:
  SC-022 (8) peak=0.00184229 maxAbsDiff(unsorted, sorted)=0

-------------------------------------------------------------------------------
Vorago_MidiEventTranslation
  BlockSizeInvariance
-------------------------------------------------------------------------------
F:\projects\iterum\plugins\vorago\tests\unit\midi_event_test.cpp(432)
...............................................................................

F:\projects\iterum\plugins\vorago\tests\unit\midi_event_test.cpp(461): warning:
  SC-008 (1) reference (512) peak over [3072, end) = 0.00330137

F:\projects\iterum\plugins\vorago\tests\unit\midi_event_test.cpp(495): warning:
  SC-008 (1) BlockSizeInvariance wall time = 5.60331 s

-------------------------------------------------------------------------------
Vorago_ProcessorLifecycle
  ReportedLatency
-------------------------------------------------------------------------------
F:\projects\iterum\plugins\vorago\tests\unit\lifecycle_test.cpp(85)
...............................................................................

F:\projects\iterum\plugins\vorago\tests\unit\lifecycle_test.cpp(90): warning:
  latency before prepare = 1024

-------------------------------------------------------------------------------
Vorago_ProcessorRendersHeldNote
  HeldNoteIsAudible
-------------------------------------------------------------------------------
F:\projects\iterum\plugins\vorago\tests\integration\processor_audio_test.cpp(248)
...............................................................................

F:\projects\iterum\plugins\vorago\tests\integration\processor_audio_test.cpp(277): warning:
  SC-005 last-second peak L=0.021457 R=0.0153071 rms L=0.00838843 R=0.00648353
  wall=0.856965 s

-------------------------------------------------------------------------------
Vorago_ProcessorRendersHeldNote
  OutputNeverExceedsCeiling
-------------------------------------------------------------------------------
F:\projects\iterum\plugins\vorago\tests\integration\processor_audio_test.cpp(281)
...............................................................................

F:\projects\iterum\plugins\vorago\tests\integration\processor_audio_test.cpp(285): warning:
  SC-006 gain 2.0 peak L=0.46208 R=0.472145 wall=12.2701 s

F:\projects\iterum\plugins\vorago\tests\integration\processor_audio_test.cpp(295): warning:
  SC-006 gain 1.0 six-voice peak (recorded) L=0.232429 R=0.237479 wall=12.1323
  s

F:\projects\iterum\plugins\vorago\tests\integration\processor_audio_test.cpp(307): warning:
  SC-006 probe 0.6 tone: unity peak L=0.590433 R=0.590433 | gain 2.0 peak L=0.
  966051 R=0.966051

-------------------------------------------------------------------------------
Vorago_ParamFlowReachesEngine
  GainZeroSilences
-------------------------------------------------------------------------------
F:\projects\iterum\plugins\vorago\tests\integration\param_flow_test.cpp(92)
...............................................................................

F:\projects\iterum\plugins\vorago\tests\integration\param_flow_test.cpp(96): warning:
  SC-019.1 gain 0 peak=0 gain after block 0=0

F:\projects\iterum\plugins\vorago\tests\integration\param_flow_test.cpp(106): warning:
  SC-019.1 non-vacuity gain 1.0 peak=0.00343165

-------------------------------------------------------------------------------
Vorago_ParamFlowReachesEngine
  MacrosAreLive
-------------------------------------------------------------------------------
F:\projects\iterum\plugins\vorago\tests\integration\param_flow_test.cpp(167)
...............................................................................

F:\projects\iterum\plugins\vorago\tests\integration\param_flow_test.cpp(204): warning:
  macros-live precondition peak(M0, [3072, end))=0.021457

F:\projects\iterum\plugins\vorago\tests\integration\param_flow_test.cpp(213): warning:
  macros-live rmsDiff(M0, M1) L=0.00442399 R=0.00319806

-------------------------------------------------------------------------------
Vorago_ParamFlowReachesEngine
  ParamTimingIsBlockGranular
-------------------------------------------------------------------------------
F:\projects\iterum\plugins\vorago\tests\integration\param_flow_test.cpp(217)
...............................................................................

F:\projects\iterum\plugins\vorago\tests\integration\param_flow_test.cpp(263): warning:
  SC-008 (2) non-vacuity rmsDiff(R0, R1) L=0.00528827 R=0.00355741

-------------------------------------------------------------------------------
Vorago_MacrosDriveTheMatrix
-------------------------------------------------------------------------------
F:\projects\iterum\plugins\vorago\tests\integration\param_surface_test.cpp(280)
...............................................................................

F:\projects\iterum\plugins\vorago\tests\integration\param_surface_test.cpp(373): warning:
  SC-005 (3) rmsDiff(defaults, all macros at 1) L=0.00703424 R=0.0048195

-------------------------------------------------------------------------------
Vorago_MacroPushOncePerProcess
  BlockSizeInvariance
-------------------------------------------------------------------------------
F:\projects\iterum\plugins\vorago\tests\integration\param_surface_test.cpp(586)
...............................................................................

F:\projects\iterum\plugins\vorago\tests\integration\param_surface_test.cpp(596): warning:
  SC-007 reference (512) peak over [3072, end) = 0.000774912

F:\projects\iterum\plugins\vorago\tests\integration\param_surface_test.cpp(616): warning:
  SC-007 block 1 maxAbsDiff vs 512: L=0 R=0

F:\projects\iterum\plugins\vorago\tests\integration\param_surface_test.cpp(616): warning:
  SC-007 block 7 maxAbsDiff vs 512: L=0 R=0

F:\projects\iterum\plugins\vorago\tests\integration\param_surface_test.cpp(616): warning:
  SC-007 block 64 maxAbsDiff vs 512: L=0 R=0

F:\projects\iterum\plugins\vorago\tests\integration\param_surface_test.cpp(616): warning:
  SC-007 block 65 maxAbsDiff vs 512: L=0 R=0

F:\projects\iterum\plugins\vorago\tests\integration\param_surface_test.cpp(616): warning:
  SC-007 block 2048 maxAbsDiff vs 512: L=0 R=0

F:\projects\iterum\plugins\vorago\tests\integration\param_surface_test.cpp(616): warning:
  SC-007 block 4096 maxAbsDiff vs 512: L=0 R=0

F:\projects\iterum\plugins\vorago\tests\integration\param_surface_test.cpp(633): warning:
  SC-007 BlockSizeInvariance wall time = 5.2374 s

-------------------------------------------------------------------------------
Vorago_EcosystemFrame_MatchesEngine
-------------------------------------------------------------------------------
F:\projects\iterum\plugins\vorago\tests\integration\ecosystem_frame_test.cpp(749)
...............................................................................

F:\projects\iterum\plugins\vorago\tests\integration\ecosystem_frame_test.cpp(794): warning:
  SC-006 held voiceLevel over 1875 blocks: min 7.44322e-08, median 0.100373,
  max 0.161371

F:\projects\iterum\plugins\vorago\tests\integration\ecosystem_frame_test.cpp(800): warning:
  SC-006 non-vacuity: the 20 s render never had two agents with share >= 2 and
  differing glow; repeating the arm on a directly prepared EcosystemEngine (48
  agents, setExchangeRate(3.0f))

-------------------------------------------------------------------------------
Vorago_EcosystemFrame_FocusVoice
  release the later of two -> the earlier slot, rule (a)
-------------------------------------------------------------------------------
F:\projects\iterum\plugins\vorago\tests\integration\ecosystem_frame_test.cpp(1045)
...............................................................................

F:\projects\iterum\plugins\vorago\tests\integration\ecosystem_frame_test.cpp(1069): warning:
  SC-009 released later voice reached Idle after 12.2027 s

-------------------------------------------------------------------------------
Vorago_EcosystemFrame_FocusVoice
  all released -> (a) while Releasing, then (c) with agentCount 0, never (b)
-------------------------------------------------------------------------------
F:\projects\iterum\plugins\vorago\tests\integration\ecosystem_frame_test.cpp(1072)
...............................................................................

F:\projects\iterum\plugins\vorago\tests\integration\ecosystem_frame_test.cpp(1093): warning:
  SC-009 time-to-Idle after release: 12.4693 s

-------------------------------------------------------------------------------
Vorago_EcosystemFrame_FocusVoice
  orphan tail -> focus 3 by rule (b), then (c) with agentCount 0
-------------------------------------------------------------------------------
F:\projects\iterum\plugins\vorago\tests\integration\ecosystem_frame_test.cpp(1121)
...............................................................................

F:\projects\iterum\plugins\vorago\tests\integration\ecosystem_frame_test.cpp(1154): warning:
  SC-009 orphan row: slots 0-2 reached Idle after 12.864 s

F:\projects\iterum\plugins\vorago\tests\integration\ecosystem_frame_test.cpp(1181): warning:
  SC-009 orphan tail fell below the silence level after 21.0027 s

===============================================================================
All tests passed (3989980 assertions in 67 test cases)

