MSBuild version 17.14.51+25f168cee for .NET Framework

  Checking File Globs
  Catch2.vcxproj -> F:\projects\iterum\build-asan\lib\Debug\Catch2d.lib
  PFFFT.vcxproj -> F:\projects\iterum\build-asan\lib\Debug\pffft.lib
  hwy.vcxproj -> F:\projects\iterum\build-asan\lib\Debug\hwy.lib
  hwy_contrib.vcxproj -> F:\projects\iterum\build-asan\lib\Debug\hwy_contrib.lib
  KrateDSP.vcxproj -> F:\projects\iterum\build-asan\lib\Debug\KrateDSP.lib
  base.vcxproj -> F:\projects\iterum\build-asan\lib\Debug\base.lib
  pluginterfaces.vcxproj -> F:\projects\iterum\build-asan\lib\Debug\pluginterfaces.lib
  sdk_common.vcxproj -> F:\projects\iterum\build-asan\lib\Debug\sdk_common.lib
  sdk.vcxproj -> F:\projects\iterum\build-asan\lib\Debug\sdk.lib
  vstgui.vcxproj -> F:\projects\iterum\build-asan\lib\Debug\vstgui.lib
  KratePluginsShared.vcxproj -> F:\projects\iterum\build-asan\lib\Debug\KratePluginsShared.lib
  vstgui_uidescription.vcxproj -> F:\projects\iterum\build-asan\lib\Debug\vstgui_uidescription.lib
  vstgui_support.vcxproj -> F:\projects\iterum\build-asan\lib\Debug\vstgui_support.lib
  controller.cpp
  processor.cpp
  ecosystem_view.cpp
  panel_sub_controller.cpp
  ecosystem_frame_test.cpp
  preset_browser_test.cpp
  processor_cpu_test.cpp
  ecosystem_consumer_test.cpp
  ecosystem_view_test.cpp
  editor_layout_test.cpp
  editor_lifecycle_test.cpp
  ecosystem_frame_builder_test.cpp
     Creating library F:/projects/iterum/build-asan/lib/Debug/vorago_tests.lib and object F:/projects/iterum/build-asan/lib/Debug/vorago_tests.exp
  vorago_tests.vcxproj -> F:\projects\iterum\build-asan\bin\Debug\vorago_tests.exe
build exit=0
warnings: 0
