[INFO] Using clang-tidy: C:\Program Files\LLVM\bin\clang-tidy.exe
[INFO] Parallel jobs: 32
[INFO] Using compile_commands.json from: build/windows-ninja
[INFO] Found 369 source files to analyze
[1/369] dsp/include/krate/dsp/core/dsp_utils.cpp                    
[2/369] dsp/include/krate/dsp/processors/arpeggiator_core.cpp                    
[3/369] dsp/include/krate/dsp/processors/pitch_shift_processor.cpp                    
[4/369] dsp/include/krate/dsp/processors/spectral_state.cpp                    
[5/369] dsp/tests/portability/chaos_enum_exhaustiveness.cpp                    
[6/369] dsp/tests/unit/core/chord_generator_test.cpp                    
[7/369] dsp/tests/unit/core/crossfade_utils_test.cpp                    
[8/369] dsp/tests/unit/core/curve_table_test.cpp                    
[9/369] dsp/tests/unit/core/db_utils_test.cpp                    
[10/369] dsp/tests/unit/core/fast_math_test.cpp                    
[11/369] dsp/tests/unit/core/filter_design_test.cpp                    
[12/369] dsp/tests/unit/core/filter_tables_test.cpp                    
[13/369] dsp/tests/unit/core/grain_envelope_test.cpp                    
[14/369] dsp/tests/unit/core/hungarian_algorithm_test.cpp                    
[15/369] dsp/tests/unit/core/interpolation_test.cpp                    
[16/369] dsp/tests/unit/core/math_constants_test.cpp                    
[17/369] dsp/tests/unit/core/modulation_curves_test.cpp                    
[18/369] dsp/tests/unit/core/modulation_types_test.cpp                    
[19/369] dsp/tests/unit/core/note_value_mapping_test.cpp                    
[20/369] dsp/tests/unit/core/note_value_test.cpp                    
[21/369] dsp/tests/unit/core/pattern_freeze_types_test.cpp                    
[22/369] dsp/tests/unit/core/pitch_utils_test.cpp                    
[23/369] dsp/tests/unit/core/block_context_test.cpp                    
[24/369] dsp/tests/unit/core/chebyshev_test.cpp                    
[25/369] dsp/tests/unit/core/midi_utils_tests.cpp                    
[26/369] dsp/tests/unit/core/phase_utils_test.cpp                    
[27/369] dsp/tests/unit/core/stereo_utils_test.cpp                    
[28/369] dsp/tests/unit/core/test_euclidean_pattern.cpp                    
[29/369] dsp/tests/unit/core/test_wavefold_math.cpp                    
[30/369] dsp/tests/unit/core/transport_sync_test.cpp                    
[31/369] dsp/tests/unit/core/wavetable_data_test.cpp                    
[32/369] dsp/tests/unit/core/window_functions_test.cpp                    
[33/369] dsp/tests/unit/core/xorshift32_test.cpp                    
[34/369] dsp/tests/unit/effects/bbd_delay_test.cpp                    
[35/369] dsp/tests/unit/effects/digital_delay_age0_ramping_test.cpp                    
[36/369] dsp/include/krate/dsp/effects/fdn_reverb_simd.cpp                    
[37/369] dsp/include/krate/dsp/processors/grain_span_simd.cpp                    
[38/369] dsp/include/krate/dsp/processors/harmonic_oscillator_bank_simd.cpp                    
[39/369] dsp/include/krate/dsp/processors/modal_resonator_bank_simd.cpp                    
[40/369] dsp/include/krate/dsp/systems/sympathetic_resonance_simd.cpp                    
[41/369] dsp/tests/unit/core/polyblep_test.cpp                    
[42/369] dsp/tests/unit/core/random_test.cpp                    
[43/369] dsp/tests/unit/core/scale_harmonizer_test.cpp                    
[44/369] dsp/tests/unit/core/sigmoid_test.cpp                    
[45/369] dsp/tests/unit/core/spectral_simd_test.cpp                    
[46/369] dsp/tests/unit/effects/digital_delay_test.cpp                    
[47/369] dsp/include/krate/dsp/core/spectral_simd.cpp                    
[48/369] dsp/tests/unit/effects/aether_reverb_damper_offset_test.cpp                    
[49/369] dsp/tests/unit/effects/cavern_verb_freeze_test.cpp                    
[50/369] dsp/tests/unit/effects/cavern_verb_perf_test.cpp                    
[51/369] dsp/tests/unit/effects/aether_reverb_matrix_test.cpp                    
[52/369] dsp/tests/unit/effects/aether_reverb_nonfinite_test.cpp                    
[53/369] dsp/tests/unit/effects/aether_reverb_perf_test.cpp                    
[54/369] dsp/tests/unit/effects/aether_reverb_spectral_test.cpp                    
[55/369] dsp/tests/unit/effects/cavern_verb_soak_test.cpp                    
[56/369] dsp/tests/unit/effects/aether_reverb_test.cpp                    
[57/369] dsp/tests/unit/effects/cavern_verb_test.cpp                    
[58/369] dsp/tests/unit/core/scoped_denormal_mode_test.cpp                    
[59/369] dsp/tests/unit/effects/granular_delay_test.cpp                    
[60/369] dsp/tests/unit/effects/granular_delay_tempo_sync_test.cpp                    
[61/369] dsp/tests/unit/effects/digital_width_processing_test.cpp                    
[62/369] dsp/tests/unit/effects/ping_pong_delay_test.cpp                    
[63/369] dsp/tests/unit/effects/ducking_delay_test.cpp                    
[64/369] dsp/tests/unit/effects/granular_delay_dry_signal_test.cpp                    
[65/369] dsp/tests/unit/effects/multi_tap_morph_test.cpp                    
[66/369] dsp/tests/unit/primitives/adsr_envelope_test.cpp                    
[67/369] dsp/tests/unit/primitives/bit_crusher_rng_bias_test.cpp                    
[68/369] dsp/tests/unit/primitives/bit_crusher_symmetric_quantization_test.cpp                    
[69/369] dsp/tests/unit/effects/fdn_reverb_test.cpp                    
[70/369] dsp/tests/unit/effects/tape_delay_params_diagnostic_test.cpp                    
[71/369] dsp/tests/unit/effects/spectral_delay_test.cpp                    
[72/369] dsp/tests/unit/effects/reverse_delay_test.cpp                    
[73/369] dsp/tests/unit/effects/multi_tap_delay_test.cpp                    
[74/369] dsp/tests/unit/effects/test_pattern_freeze_mode.cpp                    
[75/369] dsp/tests/unit/effects/freeze_mode_test.cpp                    
[76/369] dsp/tests/unit/primitives/dc_blocker_test.cpp                    
[77/369] dsp/tests/unit/effects/tape_delay_test.cpp                    
[78/369] dsp/tests/unit/primitives/biquad_test.cpp                    
[79/369] dsp/tests/unit/primitives/chebyshev_shaper_test.cpp                    
[80/369] dsp/tests/unit/primitives/chaos_waveshaper_test.cpp                    
[81/369] dsp/tests/unit/primitives/allpass_1pole_test.cpp                    
[82/369] dsp/tests/unit/primitives/bitwise_mangler_test.cpp                    
[83/369] dsp/tests/unit/effects/reverb_test.cpp                    
[84/369] dsp/tests/unit/primitives/bit_crusher_test.cpp                    
[85/369] dsp/tests/unit/primitives/comb_filter_test.cpp                    
[86/369] dsp/tests/unit/effects/shimmer_delay_test.cpp                    
[87/369] dsp/tests/unit/primitives/arp_lane_test.cpp                    
[88/369] dsp/tests/unit/primitives/crossfading_delay_line_test.cpp                    
[89/369] dsp/tests/unit/effects/vorago_composed_chain_test.cpp                    
[90/369] dsp/tests/unit/primitives/delay_line_test.cpp                    
[91/369] dsp/tests/unit/primitives/envelope_utils_test.cpp                    
[92/369] dsp/tests/unit/primitives/fft_test.cpp                    
[93/369] dsp/tests/unit/primitives/grain_pool_test.cpp                    
[94/369] dsp/tests/unit/primitives/hard_clip_adaa_test.cpp                    
[95/369] dsp/tests/unit/primitives/hard_clip_polyblamp_test.cpp                    
[96/369] dsp/tests/unit/primitives/hilbert_transform_test.cpp                    
[97/369] dsp/tests/unit/primitives/ladder_filter_test.cpp                    
[98/369] dsp/tests/unit/primitives/lfo_test.cpp                    
[99/369] dsp/tests/unit/primitives/minblep_table_test.cpp                    
[100/369] dsp/tests/unit/primitives/noise_oscillator_test.cpp                    
[101/369] dsp/tests/unit/primitives/one_pole_test.cpp                    
[102/369] dsp/tests/unit/primitives/pink_noise_filter_test.cpp                    
[103/369] dsp/tests/unit/primitives/pitch_detector_test.cpp                    
[104/369] dsp/tests/unit/primitives/polyblep_oscillator_test.cpp                    
[105/369] dsp/tests/unit/primitives/reverse_buffer_test.cpp                    
[106/369] dsp/tests/unit/primitives/ring_saturation_test.cpp                    
[107/369] dsp/tests/unit/primitives/sample_rate_converter_test.cpp                    
[108/369] dsp/tests/unit/primitives/sample_rate_reducer_test.cpp                    
[109/369] dsp/tests/unit/primitives/spectral_transient_detector_test.cpp                    
[110/369] dsp/tests/unit/primitives/spectral_utils_tests.cpp                    
[111/369] dsp/tests/unit/primitives/spectrum_fifo_test.cpp                    
[112/369] dsp/tests/unit/primitives/pitch_tracker_test.cpp                    
[113/369] dsp/tests/unit/primitives/spectral_buffer_test.cpp                    
[114/369] dsp/tests/unit/primitives/stft_test.cpp                    
[115/369] dsp/tests/unit/primitives/held_note_buffer_test.cpp                    
[116/369] dsp/tests/unit/primitives/smoother_test.cpp                    
[117/369] dsp/tests/unit/primitives/stochastic_shaper_test.cpp                    
[118/369] dsp/tests/unit/primitives/sequencer_core_tests.cpp                    
[119/369] dsp/tests/unit/primitives/oversampler_test.cpp                    
[120/369] dsp/tests/unit/primitives/sweep_position_buffer_test.cpp                    
[121/369] dsp/tests/unit/primitives/svf_test.cpp                    
[122/369] dsp/tests/unit/primitives/test_slice_pool.cpp                    
[123/369] dsp/tests/unit/primitives/wavetable_generator_test.cpp                    
[124/369] dsp/tests/unit/primitives/wavetable_oscillator_test.cpp                    
[125/369] dsp/tests/unit/primitives/tanh_adaa_test.cpp                    
[126/369] dsp/tests/unit/primitives/test_rolling_capture_buffer.cpp                    
[127/369] dsp/tests/unit/primitives/two_pole_lp_test.cpp                    
[128/369] dsp/tests/unit/processors/additive_oscillator_test.cpp                    
[129/369] dsp/tests/unit/processors/allpass_saturator_tests.cpp                    
[130/369] dsp/tests/unit/processors/bitcrusher_processor_test.cpp                    
[131/369] dsp/tests/unit/processors/bow_exciter_oversampling_test.cpp                    
[132/369] dsp/tests/unit/processors/arpeggiator_core_dawloop_test.cpp                    
[133/369] dsp/tests/unit/processors/bow_exciter_test.cpp                    
[134/369] dsp/tests/unit/processors/audio_rate_filter_fm_test.cpp                    
[135/369] dsp/tests/unit/primitives/waveshaper_test.cpp                    
[136/369] dsp/tests/unit/processors/breathing_modulator_test.cpp                    
[137/369] dsp/tests/unit/processors/brownian_drift_test.cpp                    
[138/369] dsp/tests/unit/processors/arpeggiator_core_baseline_test.cpp                    
[139/369] dsp/tests/unit/processors/bow_waveguide_coupling_test.cpp                    
[140/369] dsp/tests/unit/processors/arpeggiator_core_perstepmods_test.cpp                    
[141/369] dsp/tests/unit/processors/body_resonance_tests.cpp                    
[142/369] dsp/tests/unit/processors/arpeggiator_core_curve_race_test.cpp                    
[143/369] dsp/tests/unit/primitives/wavefolder_test.cpp                    
[144/369] dsp/tests/unit/processors/arpeggiator_core_euclidean_test.cpp                    
[145/369] dsp/tests/unit/processors/arpeggiator_core_conditional_test.cpp                    
[146/369] dsp/tests/unit/processors/arpeggiator_core_scalechord_test.cpp                    
[147/369] dsp/tests/unit/processors/arpeggiator_core_spicehuman_test.cpp                    
[148/369] dsp/tests/unit/processors/arpeggiator_core_core_test.cpp                    
[149/369] dsp/tests/unit/processors/arpeggiator_core_lanes_test.cpp                    
[150/369] dsp/tests/unit/processors/arpeggiator_core_ratcheting_test.cpp                    
[151/369] dsp/tests/unit/processors/aliasing_effect_test.cpp                    
[152/369] dsp/tests/unit/processors/chaos_mod_source_aizawa_test.cpp                    
[153/369] dsp/tests/unit/processors/chaos_mod_source_test.cpp                    
[154/369] dsp/tests/unit/processors/diffusion_network_zeromod_test.cpp                    
[155/369] dsp/tests/unit/processors/chaos_oscillator_test.cpp                    
[156/369] dsp/tests/unit/processors/chorus_test.cpp                    
[157/369] dsp/tests/unit/processors/dual_stft_tests.cpp                    
[158/369] dsp/tests/unit/processors/dynamics_processor_test.cpp                    
[159/369] dsp/tests/unit/processors/ducking_processor_test.cpp                    
[160/369] dsp/tests/unit/processors/entropy_processor_test.cpp                    
[161/369] dsp/tests/unit/processors/envelope_filter_test.cpp                    
[162/369] dsp/tests/unit/processors/envelope_follower_test.cpp                    
[163/369] dsp/tests/unit/processors/feedback_distortion_test.cpp                    
[164/369] dsp/tests/unit/processors/flanger_test.cpp                    
[165/369] dsp/tests/unit/processors/fm_operator_test.cpp                    
[166/369] dsp/tests/unit/processors/formant_distortion_test.cpp                    
[167/369] dsp/tests/unit/processors/formant_filter_test.cpp                    
[168/369] dsp/tests/unit/processors/formant_oscillator_test.cpp                    
[169/369] dsp/tests/unit/processors/fractal_distortion_test.cpp                    
[170/369] dsp/tests/unit/processors/frequency_shifter_test.cpp                    
[171/369] dsp/tests/unit/processors/grain_processor_test.cpp                    
[172/369] dsp/tests/unit/processors/grain_scheduler_test.cpp                    
[173/369] dsp/tests/unit/processors/growth_envelope_test.cpp                    
[174/369] dsp/tests/unit/processors/harmonic_frame_utils_tests.cpp                    
[175/369] dsp/tests/unit/processors/harmonic_snapshot_tests.cpp                    
[176/369] dsp/tests/unit/processors/harmonic_types_tests.cpp                    
[177/369] dsp/tests/unit/processors/crossover_filter_test.cpp                    
[178/369] dsp/tests/unit/processors/diffusion_network_test.cpp                    
[179/369] dsp/tests/unit/processors/diode_clipper_test.cpp                    
[180/369] dsp/tests/unit/processors/granular_distortion_test.cpp                    
[181/369] dsp/tests/unit/processors/fuzz_processor_test.cpp                    
[182/369] dsp/tests/unit/processors/harmonic_oscillator_bank_tests.cpp                    
[183/369] dsp/tests/unit/processors/impact_exciter_test.cpp                    
[184/369] dsp/tests/unit/processors/karplus_strong_test.cpp                    
[185/369] dsp/tests/unit/processors/life_modulators_perf_test.cpp                    
[186/369] dsp/tests/unit/processors/modal_resonator_bank_bow_test.cpp                    
[187/369] dsp/tests/unit/processors/midi_note_delay_test.cpp                    
[188/369] dsp/tests/unit/processors/modal_resonator_test.cpp                    
[189/369] dsp/tests/unit/processors/midside_processor_test.cpp                    
[190/369] dsp/tests/unit/processors/markov_matrices_test.cpp                    
[191/369] dsp/tests/unit/processors/random_source_test.cpp                    
[192/369] dsp/tests/unit/processors/multi_pitch_detector_tests.cpp                    
[193/369] dsp/tests/unit/processors/multistage_env_filter_tests.cpp                    
[194/369] dsp/tests/unit/processors/orbit_modulator_test.cpp                    
[195/369] dsp/tests/unit/processors/pitch_follower_source_test.cpp                    
[196/369] dsp/tests/unit/processors/multi_source_sieve_tests.cpp                    
[197/369] dsp/tests/unit/processors/partial_tracker_polyphonic_tests.cpp                    
[198/369] dsp/tests/unit/processors/partial_tracker_tests.cpp                    
[199/369] dsp/tests/unit/processors/particle_oscillator_test.cpp                    
[200/369] dsp/tests/unit/processors/note_selective_filter_test.cpp                    
[201/369] dsp/tests/unit/processors/perlin_noise_source_test.cpp                    
[202/369] dsp/tests/unit/processors/pitch_tracking_filter_test.cpp                    
[203/369] dsp/tests/unit/processors/phaser_test.cpp                    
[204/369] dsp/tests/unit/processors/phase_distortion_oscillator_test.cpp                    
[205/369] dsp/tests/unit/processors/noise_generator_test.cpp                    
[206/369] dsp/tests/unit/processors/phase_reset_test.cpp                    
[207/369] dsp/tests/unit/processors/multimode_filter_test.cpp                    
[208/369] dsp/tests/unit/processors/multi_stage_envelope_test.cpp                    
[209/369] dsp/tests/unit/processors/phase_locking_test.cpp                    
[210/369] dsp/tests/unit/processors/residual_synthesizer_tests.cpp                    
[211/369] dsp/tests/unit/processors/residual_analyzer_tests.cpp                    
[212/369] dsp/tests/unit/processors/note_processor_test.cpp                    
[213/369] dsp/tests/unit/processors/mono_handler_test.cpp                    
[214/369] dsp/tests/unit/processors/residual_types_tests.cpp                    
[215/369] dsp/tests/unit/processors/pitch_shift_processor_test.cpp                    
[216/369] dsp/tests/unit/processors/reverse_feedback_processor_test.cpp                    
[217/369] dsp/tests/unit/processors/resonator_bank_test.cpp                    
[218/369] dsp/tests/unit/processors/sample_hold_source_test.cpp                    
[219/369] dsp/tests/unit/processors/ring_modulator_test.cpp                    
[220/369] dsp/tests/unit/processors/sample_hold_filter_test.cpp                    
[221/369] dsp/tests/unit/processors/rungler_test.cpp                    
[222/369] dsp/tests/unit/processors/spectral_coring_estimator_tests.cpp                    
[223/369] dsp/tests/unit/processors/saturation_processor_test.cpp                    
[224/369] dsp/tests/unit/processors/sidechain_filter_test.cpp                    
[225/369] dsp/tests/unit/processors/spline_trajectory_test.cpp                    
[226/369] dsp/tests/unit/processors/spectral_smear_nonfinite_test.cpp                    
[227/369] dsp/tests/unit/processors/slow_event_scheduler_test.cpp                    
[228/369] dsp/tests/unit/processors/subharmonic_validator_tests.cpp                    
[229/369] dsp/tests/unit/processors/spectral_morph_filter_test.cpp                    
[230/369] dsp/tests/unit/processors/spectral_smear_perf_test.cpp                    
[231/369] dsp/tests/unit/processors/spectral_state_test.cpp                    
[232/369] dsp/tests/unit/processors/spectral_distortion_test.cpp                    
[233/369] dsp/tests/unit/processors/stochastic_filter_test.cpp                    
[234/369] dsp/tests/unit/processors/self_oscillating_filter_tests.cpp                    
[235/369] dsp/tests/unit/processors/spectral_gate_test.cpp                    
[236/369] dsp/tests/unit/processors/spectral_freeze_oscillator_test.cpp                    
[237/369] dsp/tests/unit/processors/spectral_tilt_test.cpp                    
[238/369] dsp/tests/unit/processors/spectral_smear_spectral_test.cpp                    
[239/369] dsp/tests/unit/processors/temporal_distortion_test.cpp                    
[240/369] dsp/tests/unit/processors/spectral_smear_test.cpp                    
[241/369] dsp/tests/unit/processors/sync_oscillator_test.cpp                    
[242/369] dsp/tests/unit/processors/sub_oscillator_test.cpp                    
[243/369] dsp/tests/unit/processors/test_harmonic_oscillator_bank_stereo.cpp                    
[244/369] dsp/tests/unit/processors/test_modal_bank_frequency.cpp                    
[245/369] dsp/tests/unit/processors/test_modal_bank_stretch.cpp                    
[246/369] dsp/tests/unit/processors/tape_saturator_test.cpp                    
[247/369] dsp/tests/unit/processors/test_modal_resonator_bank.cpp                    
[248/369] dsp/tests/unit/processors/tidal_modulator_test.cpp                    
[249/369] dsp/tests/unit/processors/test_pattern_scheduler.cpp                    
[250/369] dsp/tests/unit/processors/transient_detector_test.cpp                    
[251/369] dsp/tests/unit/processors/trance_gate_test.cpp                    
[252/369] dsp/tests/unit/processors/true_peak_limiter_test.cpp                    
[253/369] dsp/tests/unit/processors/transient_filter_test.cpp                    
[254/369] dsp/tests/unit/processors/tube_stage_test.cpp                    
[255/369] dsp/tests/unit/processors/waveguide_string_dc_blocker_test.cpp                    
[256/369] dsp/tests/unit/processors/yin_pitch_detector_tests.cpp                    
[257/369] dsp/tests/unit/processors/waveguide_string_retune_test.cpp                    
[258/369] dsp/tests/unit/processors/vorago_p1_perf_test.cpp                    
[259/369] dsp/tests/unit/systems/atmosphere_ghost_nonfinite_test.cpp                    
[260/369] dsp/tests/unit/processors/waveguide_resonator_test.cpp                    
[261/369] dsp/tests/unit/processors/vorago_p1_longrun_test.cpp                    
[262/369] dsp/tests/unit/processors/wavefolder_processor_test.cpp                    
[263/369] dsp/tests/unit/processors/vorago_p1_harness.cpp                    
[264/369] dsp/tests/unit/systems/amp_channel_test.cpp                    
[265/369] dsp/tests/unit/systems/atmosphere_ghost_longrun_test.cpp                    
[266/369] dsp/tests/unit/processors/waveguide_string_test.cpp                    
[267/369] dsp/tests/unit/systems/bloom_engine_nonfinite_test.cpp                    
[268/369] dsp/tests/unit/systems/atmosphere_ghost_perf_test.cpp                    
[269/369] dsp/tests/unit/systems/character_processor_bbd_stereo_test.cpp                    
[270/369] dsp/tests/unit/systems/character_processor_digital_ramping_test.cpp                    
[271/369] dsp/tests/unit/systems/bloom_engine_spectral_test.cpp                    
[272/369] dsp/tests/unit/systems/atmosphere_engine_spectral_test.cpp                    
[273/369] dsp/tests/unit/systems/atmosphere_ghost_test.cpp                    
[274/369] dsp/tests/unit/systems/atmosphere_engine_perf_test.cpp                    
[275/369] dsp/tests/unit/systems/character_processor_test.cpp                    
[276/369] dsp/tests/unit/systems/atmosphere_engine_nonfinite_test.cpp                    
[277/369] dsp/tests/unit/systems/bloom_engine_perf_test.cpp                    
[278/369] dsp/tests/unit/systems/bloom_engine_test.cpp                    
[279/369] dsp/tests/unit/systems/atmosphere_engine_test.cpp                    
[280/369] dsp/tests/unit/systems/continuous_body_perf_test.cpp                    
[281/369] dsp/tests/unit/systems/continuous_body_spectral_test.cpp                    
[282/369] dsp/tests/unit/systems/delay_engine_test.cpp                    
[283/369] dsp/tests/unit/systems/ecosystem_engine_nonfinite_test.cpp                    
[284/369] dsp/tests/unit/systems/ecosystem_engine_longrun_test.cpp                    
[285/369] dsp/tests/unit/systems/distortion_rack_tests.cpp                    

F:\projects\iterum\dsp\tests\unit\systems\ecosystem_engine_pair_accessors_test.cpp:151:21: warning: boolean expression can be simplified by DeMorgan's theorem [readability-simplify-boolean-expr]
[286/369] dsp/tests/unit/systems/ecosystem_engine_pair_accessors_test.cpp                    
[287/369] dsp/tests/unit/systems/ext_modulation_test.cpp                    
[288/369] dsp/tests/unit/systems/filter_step_sequencer_tests.cpp                    
[289/369] dsp/tests/unit/systems/continuous_body_test.cpp                    
[290/369] dsp/tests/unit/systems/feedback_network_dc_blocking_test.cpp                    
[291/369] dsp/tests/unit/systems/filter_feedback_matrix_tests.cpp                    
[292/369] dsp/tests/unit/systems/feedback_ecology_nonfinite_test.cpp                    
[293/369] dsp/tests/unit/systems/ecosystem_engine_perf_test.cpp                    
[294/369] dsp/tests/unit/systems/feedback_network_test.cpp                    
[295/369] dsp/tests/unit/systems/harmonic_cloud_perf_test.cpp                    
[296/369] dsp/tests/unit/systems/granular_engine_test.cpp                    
[297/369] dsp/tests/unit/systems/flexible_feedback_network_test.cpp                    
[298/369] dsp/tests/unit/systems/fm_voice_test.cpp                    
[299/369] dsp/tests/unit/systems/feedback_ecology_perf_test.cpp                    
[300/369] dsp/tests/unit/systems/feedback_ecology_spectral_test.cpp                    
[301/369] dsp/tests/unit/systems/feedback_ecology_test.cpp                    
[302/369] dsp/tests/unit/systems/fuzz_pedal_test.cpp                    
[303/369] dsp/tests/unit/systems/ecosystem_engine_test.cpp                    
[304/369] dsp/tests/unit/systems/harmonic_cloud_spectral_test.cpp                    
[305/369] dsp/tests/unit/systems/granular_filter_test.cpp                    
[306/369] dsp/tests/unit/systems/modulation_engine_perf_test.cpp                    
[307/369] dsp/tests/unit/systems/modulation_engine_test.cpp                    
[308/369] dsp/tests/unit/systems/noise_organism_nonfinite_test.cpp                    
[309/369] dsp/tests/unit/systems/harmonizer_engine_test.cpp                    
[310/369] dsp/tests/unit/systems/harmonic_cloud_test.cpp                    
[311/369] dsp/tests/unit/systems/modulation_matrix_test.cpp                    
[312/369] dsp/tests/unit/systems/noise_organism_spectral_test.cpp                    
[313/369] dsp/tests/unit/systems/noise_organism_perf_test.cpp                    
[314/369] dsp/tests/unit/systems/noise_organism_test.cpp                    
[315/369] dsp/tests/unit/systems/poly_synth_engine_test.cpp                    
[316/369] dsp/tests/unit/systems/resonance_drift_network_nonfinite_test.cpp                    
[317/369] dsp/tests/unit/systems/selectable_oscillator_test.cpp                    
[318/369] dsp/tests/unit/systems/resonance_drift_network_perf_test.cpp                    
[319/369] dsp/tests/unit/systems/spectral_morph_perf_test.cpp                    
[320/369] dsp/tests/unit/systems/spectral_morph_engine_test.cpp                    
[321/369] dsp/tests/unit/systems/stereo_field_test.cpp                    
[322/369] dsp/tests/unit/systems/subharmonic_engine_nonfinite_test.cpp                    
[323/369] dsp/tests/unit/systems/spectral_state_authoring_test.cpp                    
[324/369] dsp/tests/unit/systems/resonance_drift_network_test.cpp                    
[325/369] dsp/tests/unit/systems/sympathetic_resonance_test.cpp                    
[326/369] dsp/tests/unit/systems/resonance_drift_network_spectral_test.cpp                    
[327/369] dsp/tests/unit/systems/subharmonic_engine_spectral_test.cpp                    
[328/369] dsp/tests/unit/systems/tap_manager_test.cpp                    
[329/369] dsp/tests/unit/systems/synth_voice_test.cpp                    
[330/369] dsp/tests/unit/systems/spectral_morph_render_test.cpp                    
[331/369] dsp/tests/unit/systems/seraphis_partial_fanout_test.cpp                    
[332/369] dsp/tests/unit/systems/seraphis_param_broadcast_test.cpp                    
[333/369] dsp/tests/unit/systems/seraphis_nonfinite_test.cpp                    
[334/369] dsp/tests/unit/systems/subharmonic_engine_perf_test.cpp                    
[335/369] dsp/tests/unit/systems/subharmonic_engine_test.cpp                    
[336/369] dsp/tests/unit/systems/timevar_comb_bank_tests.cpp                    
[337/369] dsp/tests/unit/systems/tape_machine_test.cpp                    
[338/369] dsp/tests/unit/systems/unison_engine_test.cpp                    
[339/369] dsp/tests/unit/systems/seraphis_macro_test.cpp                    
[340/369] dsp/tests/unit/systems/seraphis_perf_test.cpp                    
[341/369] dsp/tests/unit/systems/voice_mod_router_test.cpp                    
[342/369] dsp/tests/unit/systems/vector_mixer_tests.cpp                    
[343/369] dsp/tests/unit/systems/seraphis_voice_test.cpp                    
[344/369] dsp/tests/unit/systems/seraphis_engine_test.cpp                    
[345/369] dsp/tests/unit/systems/voice_allocator_test.cpp                    
[346/369] dsp/tests/unit/systems/vorago_dark_materials_test.cpp                    
[347/369] dsp/tests/unit/systems/vorago_engine_longrun_test.cpp                    
[348/369] dsp/tests/unit/systems/vorago_engine_test.cpp                    
[349/369] dsp/tests/unit/systems/vorago_ghost_ext_test.cpp                    
[350/369] dsp/tests/unit/test_helpers/artifact_detection_integration_tests.cpp                    
[351/369] dsp/tests/unit/test_helpers/golden_reference_tests.cpp                    
[352/369] dsp/tests/unit/test_helpers/lpc_detection_tests.cpp                    
[353/369] dsp/tests/unit/test_helpers/parameter_sweep_tests.cpp                    
[354/369] dsp/tests/unit/test_helpers/signal_metrics_tests.cpp                    
[355/369] dsp/tests/unit/test_helpers/spectral_anomaly_tests.cpp                    
[356/369] dsp/tests/unit/test_helpers/statistical_utils_tests.cpp                    
[357/369] dsp/tests/unit/test_helpers/uidesc_reachability_tests.cpp                    
[358/369] dsp/tests/unit/test_dsp_utils.cpp                    
[359/369] dsp/tests/unit/systems/vorago_macro_retune_probe_test.cpp                    
[360/369] dsp/tests/unit/test_helpers/artifact_detection_tests.cpp                    
[361/369] dsp/tests/unit/systems/vowel_sequencer_tests.cpp                    
[362/369] dsp/tests/unit/systems/vorago_macro_test.cpp                    
[363/369] dsp/tests/unit/systems/vorago_param_surface_test.cpp                    
[364/369] dsp/tests/unit/systems/vorago_voice_longrun_test.cpp                    
[365/369] dsp/tests/unit/systems/vorago_nonfinite_test.cpp                    
[366/369] dsp/tests/unit/systems/vorago_perf_test.cpp                    
[367/369] dsp/tests/unit/systems/vorago_voice_test.cpp                    
[368/369] dsp/lint_all_headers.cpp                    
[369/369] dsp/tests/dsp_test_main.cpp                    


============================================================
[INFO] Clang-Tidy Analysis Complete
  Files analyzed: 369
[OK]   Errors: 0
[WARN]   Warnings: 1
============================================================
