[INFO] Using clang-tidy: C:\Program Files\LLVM\bin\clang-tidy.exe
[INFO] Parallel jobs: 32
[INFO] Using compile_commands.json from: build/windows-ninja
[INFO] Found 14 source files to analyze
[1/14] plugins/vorago/tests/vstgui_test_stubs.cpp                    
[2/14] plugins/vorago/tests/unit/test_main.cpp                    
[3/14] plugins/vorago/tests/unit/controller/editor_lifecycle_test.cpp                    
[4/14] plugins/vorago/tests/unit/processor_bus_test.cpp                    
[5/14] plugins/vorago/tests/integration/processor_cpu_test.cpp                    
[6/14] plugins/vorago/tests/integration/param_flow_test.cpp                    
[7/14] plugins/vorago/tests/integration/processor_audio_test.cpp                    
[8/14] plugins/vorago/tests/unit/midi_event_test.cpp                    
[9/14] plugins/vorago/tests/unit/lifecycle_test.cpp                    
[10/14] plugins/vorago/src/entry.cpp                    
[11/14] plugins/vorago/tests/unit/state_roundtrip_test.cpp                    
[12/14] plugins/vorago/tests/unit/param_denorm_test.cpp                    
[13/14] plugins/vorago/src/processor/processor.cpp                    
[14/14] plugins/vorago/src/controller/controller.cpp                    


============================================================
[INFO] Clang-Tidy Analysis Complete
  Files analyzed: 14
[OK]   Errors: 0
[OK]   Warnings: 0
============================================================
EXIT=0
