MSBuild version 17.14.51+25f168cee for .NET Framework

  Checking File Globs
  PFFFT.vcxproj -> F:\projects\iterum\build\windows-x64-release\lib\Release\pffft.lib
  hwy.vcxproj -> F:\projects\iterum\build\windows-x64-release\lib\Release\hwy.lib
  hwy_contrib.vcxproj -> F:\projects\iterum\build\windows-x64-release\lib\Release\hwy_contrib.lib
  KrateDSP.vcxproj -> F:\projects\iterum\build\windows-x64-release\lib\Release\KrateDSP.lib
  base.vcxproj -> F:\projects\iterum\build\windows-x64-release\lib\Release\base.lib
  pluginterfaces.vcxproj -> F:\projects\iterum\build\windows-x64-release\lib\Release\pluginterfaces.lib
  sdk_common.vcxproj -> F:\projects\iterum\build\windows-x64-release\lib\Release\sdk_common.lib
  sdk.vcxproj -> F:\projects\iterum\build\windows-x64-release\lib\Release\sdk.lib
  vstgui.vcxproj -> F:\projects\iterum\build\windows-x64-release\lib\Release\vstgui.lib
  KratePluginsShared.vcxproj -> F:\projects\iterum\build\windows-x64-release\lib\Release\KratePluginsShared.lib
  sdk_hosting.vcxproj -> F:\projects\iterum\build\windows-x64-release\lib\Release\sdk_hosting.lib
  moduleinfotool.vcxproj -> F:\projects\iterum\build\windows-x64-release\bin\Release\moduleinfotool.exe
  vstgui_uidescription.vcxproj -> F:\projects\iterum\build\windows-x64-release\lib\Release\vstgui_uidescription.lib
  vstgui_support.vcxproj -> F:\projects\iterum\build\windows-x64-release\lib\Release\vstgui_support.lib
  controller.cpp
  entry.cpp
  processor.cpp
     Creating library F:/projects/iterum/build/windows-x64-release/lib/Release/Vorago.lib and object F:/projects/iterum/build/windows-x64-release/lib/Release/Vorago.exp
  Vorago.vcxproj -> F:\projects\iterum\build\windows-x64-release\VST3\Release\Vorago.vst3\Contents\x86_64-win\Vorago.vst3
  [SMTG] Copy PlugIn.ico and desktop.ini and change their attributes.		Installing Vorago.vst3 to system VST3 folder	Installing Vorago factory presets to system directory
  [VSTWORK] Copying plugin to C:\Users\scab\AppData\Local/Programs/Common/VST3...
  [VSTWORK] Plugin installed to C:\Users\scab\AppData\Local/Programs/Common/VST3/Vorago.vst3
  [VSTWORK] Installing Vorago factory presets...
  [VSTWORK] Factory presets installed to C:\ProgramData/Krate Audio/Vorago
MSBuild version 17.14.51+25f168cee for .NET Framework

  Checking File Globs
  Catch2.vcxproj -> F:\projects\iterum\build\windows-x64-release\lib\Release\Catch2.lib
  PFFFT.vcxproj -> F:\projects\iterum\build\windows-x64-release\lib\Release\pffft.lib
  hwy.vcxproj -> F:\projects\iterum\build\windows-x64-release\lib\Release\hwy.lib
  hwy_contrib.vcxproj -> F:\projects\iterum\build\windows-x64-release\lib\Release\hwy_contrib.lib
  KrateDSP.vcxproj -> F:\projects\iterum\build\windows-x64-release\lib\Release\KrateDSP.lib
  base.vcxproj -> F:\projects\iterum\build\windows-x64-release\lib\Release\base.lib
  pluginterfaces.vcxproj -> F:\projects\iterum\build\windows-x64-release\lib\Release\pluginterfaces.lib
  sdk_common.vcxproj -> F:\projects\iterum\build\windows-x64-release\lib\Release\sdk_common.lib
  sdk.vcxproj -> F:\projects\iterum\build\windows-x64-release\lib\Release\sdk.lib
  vstgui.vcxproj -> F:\projects\iterum\build\windows-x64-release\lib\Release\vstgui.lib
  KratePluginsShared.vcxproj -> F:\projects\iterum\build\windows-x64-release\lib\Release\KratePluginsShared.lib
  vstgui_uidescription.vcxproj -> F:\projects\iterum\build\windows-x64-release\lib\Release\vstgui_uidescription.lib
  vstgui_support.vcxproj -> F:\projects\iterum\build\windows-x64-release\lib\Release\vstgui_support.lib
  controller.cpp
  processor.cpp
  param_flow_test.cpp
  processor_audio_test.cpp
  processor_cpu_test.cpp
  editor_lifecycle_test.cpp
  lifecycle_test.cpp
  midi_event_test.cpp
  param_denorm_test.cpp
  processor_bus_test.cpp
  state_roundtrip_test.cpp
  test_main.cpp
  vstgui_test_stubs.cpp
     Creating library F:/projects/iterum/build/windows-x64-release/lib/Release/vorago_tests.lib and object F:/projects/iterum/build/windows-x64-release/lib/Release/vorago_tests.exp
  vorago_tests.vcxproj -> F:\projects\iterum\build\windows-x64-release\bin\Release\vorago_tests.exe
EXIT=0
warning-count: 0
compiled-cpp: 16
git-status-plugins-vorago-porcelain-lines: 0
