START 2026-10-07 09:22:58 before_E67 tree=5bda20c1 binary=base VORAGO_PILOT_TAKES=4 VORAGO_PILOT_SECONDARY=1 VORAGO_PILOT_CELLS=S7
Filters: "Vorago_PresetPilot_PrimaryProbe"
Randomness seeded to: 2647351599
[probe] lever: none
[probe] Colony Pulse - primary S7 ecosystem (stored seed 8, 1 twin render(s))
  take: peak 0.9661  arm1 hi -14.69 dB [yes]  arm2 lo -26.56 dB [yes]  arm3 late-sus -1.43 dB [yes]  arm4 tail -151.31 dB [yes]
  arm1@44.1k: finite y peak 0.9661 hi -16.56 dB [PASS]
  primary d 13.9144  bar 4.0000  attribBase -1.0000  state ok  -> PASS  lever: none
  levels: arms [y y y y] arm1@44.1k [y]

~~~~~~~~~~~~~~~~~~~~~~~~~~~~~~~~~~~~~~~~~~~~~~~~~~~~~~~~~~~~~~~~~~~~~~~~~~~~~~~
vorago_tests.exe is a Catch2 v3.4.0 host application.
Run with -? for options

-------------------------------------------------------------------------------
Vorago_PresetPilot_PrimaryProbe
-------------------------------------------------------------------------------
F:\projects\iterum\plugins\vorago\tests\integration\preset_pilot_test.cpp(1347)
...............................................................................

F:\projects\iterum\plugins\vorago\tests\integration\preset_pilot_test.cpp(1222): FAILED:
explicitly with message:
  unknown cell label S7

===============================================================================
test cases:  1 |  0 passed | 1 failed
assertions: 14 | 13 passed | 1 failed

exit=1 END 2026-10-07 09:30:30
