START 2026-10-07 09:38:44 before_E67 tree=5bda20c1 binary=base VORAGO_PILOT_TAKES=4 VORAGO_PILOT_SECONDARY=1 (the first run used VORAGO_PILOT_CELLS=S7, an unknown label: before_E67_badlabel.log)
Filters: "Vorago_PresetPilot_PrimaryProbe"
Randomness seeded to: 980588406
[probe] lever: none
[probe] Colony Pulse - primary S7 ecosystem (stored seed 8, 1 twin render(s))
  take: peak 0.9661  arm1 hi -14.69 dB [yes]  arm2 lo -26.56 dB [yes]  arm3 late-sus -1.43 dB [yes]  arm4 tail -151.31 dB [yes]
  arm1@44.1k: finite y peak 0.9661 hi -16.56 dB [PASS]
  primary d 13.9144  bar 4.0000  attribBase -1.0000  state ok  -> PASS  lever: none
  levels: arms [y y y y] arm1@44.1k [y]
  secondary D13.2 event rate scale >= 3.0: d 0.1942 bar 1.5 state ok conjunct ok attribBase -1.0000 skip "" -> no
  secondary E6.hi ecosystem sync rate high: d 1.3700 bar 1.5 state ok conjunct ok attribBase -1.0000 skip "" -> no
  secondary E7.hi ecosystem self-affinity high: d 1.3429 bar 1.5 state ok conjunct ok attribBase -1.0000 skip "" -> no
  take j=0 seed 8: peak 0.9661  arm1 hi -14.69 dB [yes]  arm2 lo -26.56 dB [yes]  arm3 late-sus -1.43 dB [yes]  arm4 tail -151.31 dB [yes]
  take j=1 seed 9: peak 0.9661  arm1 hi -16.78 dB [yes]  arm2 lo -26.71 dB [yes]  arm3 late-sus +2.00 dB [yes]  arm4 tail -141.99 dB [yes]
  take j=2 seed 10: peak 0.7117  arm1 hi -18.21 dB [yes]  arm2 lo -24.15 dB [yes]  arm3 late-sus -1.77 dB [yes]  arm4 tail -144.21 dB [yes]
  take j=3 seed 11: peak 0.7497  arm1 hi -18.54 dB [yes]  arm2 lo -24.62 dB [yes]  arm3 late-sus +0.91 dB [yes]  arm4 tail -132.61 dB [yes]
  take j=0 d 13.9144
  take j=1 d 13.6700
  take j=2 d 16.5443
  take j=3 d 15.7593
===============================================================================
All tests passed (19 assertions in 1 test case)

exit=0 END 2026-10-07 09:58:11
