START 2026-10-07 09:22:58 before_E1_repeat tree=5bda20c1 binary=base VORAGO_PILOT_TAKES=4 
Filters: "Vorago_PresetPilot_PrimaryProbe"
Randomness seeded to: 1452598633
[probe] lever: none
[probe] Bloom Colony - primary E1 partial -> bloom (stored seed 0, 4 twin render(s))
  take: peak 0.3345  arm1 hi -20.34 dB [yes]  arm2 lo -26.05 dB [yes]  arm3 late-sus +0.22 dB [yes]  arm4 tail -211.98 dB [yes]
  arm1@44.1k: finite y peak 0.3565 hi -20.10 dB [PASS]
  route arms: d(R_k, R_k0) 1.1823, attribBase d(R_0, R_00) 1.1035 (attributable iff d >= 2.6035)
  primary d 1.1823  bar 4.0000  attribBase 1.1035  state ok  -> FAIL  lever: none
  levels: arms [y y y y] arm1@44.1k [y]
  take j=0 seed 0: peak 0.3345  arm1 hi -20.34 dB [yes]  arm2 lo -26.05 dB [yes]  arm3 late-sus +0.22 dB [yes]  arm4 tail -211.98 dB [yes]
  take j=1 seed 1: peak 0.3184  arm1 hi -21.08 dB [yes]  arm2 lo -25.04 dB [yes]  arm3 late-sus -0.05 dB [yes]  arm4 tail -208.48 dB [yes]
  take j=2 seed 2: peak 0.3664  arm1 hi -19.80 dB [yes]  arm2 lo -21.60 dB [yes]  arm3 late-sus +0.59 dB [yes]  arm4 tail -229.08 dB [yes]
  take j=3 seed 3: peak 0.3573  arm1 hi -20.03 dB [yes]  arm2 lo -24.79 dB [yes]  arm3 late-sus -1.92 dB [yes]  arm4 tail -222.22 dB [yes]
  take j=0 d 1.1823
  take j=1 d 2.6168
  take j=2 d 0.0737
  take j=3 d 1.8885
===============================================================================
All tests passed (47 assertions in 1 test case)

exit=0 END 2026-10-07 09:37:40
