START 2026-10-07 09:22:58 before_E4_1x tree=5bda20c1 binary=base VORAGO_PILOT_TAKES=4 VORAGO_PILOT_OVERRIDE=800=0.5
Filters: "Vorago_PresetPilot_PrimaryProbe"
Randomness seeded to: 2130533394
[probe] override 800 = 0.500000 (replaced)
[probe] lever: none
[probe] Feeding Loops - primary E4 feedback -> loop wake (stored seed 8, 4 twin render(s))
  take: peak 0.1966  arm1 hi -25.65 dB [yes]  arm2 lo -40.62 dB [yes]  arm3 late-sus +4.49 dB [yes]  arm4 tail -206.35 dB [yes]
  arm1@44.1k: finite y peak 0.1690 hi -26.29 dB [PASS]
  route arms: d(R_k, R_k0) 4.4059, attribBase d(R_0, R_00) 3.6649 (attributable iff d >= 5.1649)
  primary d 4.4059  bar 4.0000  attribBase 3.6649  state ok  -> FAIL  lever: none
  levels: arms [y y y y] arm1@44.1k [y]
  take j=0 seed 8: peak 0.1966  arm1 hi -25.65 dB [yes]  arm2 lo -40.62 dB [yes]  arm3 late-sus +4.49 dB [yes]  arm4 tail -206.35 dB [yes]
  take j=1 seed 9: peak 0.1768  arm1 hi -26.08 dB [yes]  arm2 lo -36.64 dB [yes]  arm3 late-sus -4.18 dB [yes]  arm4 tail -201.69 dB [yes]
  take j=2 seed 10: peak 0.1826  arm1 hi -26.35 dB [yes]  arm2 lo -37.96 dB [yes]  arm3 late-sus +2.02 dB [yes]  arm4 tail -187.13 dB [yes]
  take j=3 seed 11: peak 0.2017  arm1 hi -25.03 dB [yes]  arm2 lo -35.60 dB [yes]  arm3 late-sus +0.39 dB [yes]  arm4 tail -188.47 dB [yes]
  take j=0 d 4.4059
  take j=1 d 1.2024
  take j=2 d 6.2367
  take j=3 d 4.3809
===============================================================================
All tests passed (48 assertions in 1 test case)

exit=0 END 2026-10-07 09:37:57
