START 2026-10-08 11:52:00 combo_m4_minus6 tree=c351fe0f+combo kept VORAGO_PILOT_PRESET="Drifting Strata" env: VORAGO_PILOT_TAKES=4 VORAGO_PILOT_MASTER_TRIM=-6
Filters: "Vorago_PresetPilot_PrimaryProbe"
Randomness seeded to: 4856987
[probe] master trim -6 dB: kMasterGainId norm 0.5000 -> 0.2506
[probe] lever: none
[probe] Drifting Strata - primary M4 Movement (stored seed 3, 1 twin render(s))
  take: peak 0.5290  arm1 hi -20.33 dB [yes]  arm2 lo -27.85 dB [yes]  arm3 late-sus -1.71 dB [yes]  arm4 tail -168.19 dB [yes]
  arm1@44.1k: finite y peak 0.4717 hi -20.09 dB [PASS]
  primary d 0.8989  bar 4.0000  attribBase -1.0000  state ok  -> FAIL  loopsAlive -  lever: none
  levels: arms [y y y y] arm1@44.1k [y]
  take j=0 seed 3: peak 0.5290  arm1 hi -20.33 dB [yes]  arm2 lo -27.85 dB [yes]  arm3 late-sus -1.71 dB [yes]  arm4 tail -168.19 dB [yes]
  take j=1 seed 4: peak 0.4938  arm1 hi -21.06 dB [yes]  arm2 lo -28.05 dB [yes]  arm3 late-sus +2.16 dB [yes]  arm4 tail -191.15 dB [yes]
  take j=2 seed 5: peak 0.6689  arm1 hi -20.28 dB [yes]  arm2 lo -27.62 dB [yes]  arm3 late-sus +0.57 dB [yes]  arm4 tail -193.23 dB [yes]
  take j=3 seed 6: peak 0.7073  arm1 hi -19.64 dB [yes]  arm2 lo -27.17 dB [yes]  arm3 late-sus +0.90 dB [yes]  arm4 tail -187.46 dB [yes]
  take j=0 d 0.8989
  take j=1 d 7.5226
  take j=2 d 1.2081
  take j=3 d 2.1224
===============================================================================
All tests passed (19 assertions in 1 test case)

exit=0 END 2026-10-08 12:08:15
