START 2026-10-08 11:52:00 combo_m4_gate tree=c351fe0f+combo kept VORAGO_PILOT_PRESET="Drifting Strata" env: VORAGO_PILOT_TAKES=4
Filters: "Vorago_PresetPilot_PrimaryProbe"
Randomness seeded to: 1455960265
[probe] lever: none
[probe] Drifting Strata - primary M4 Movement (stored seed 3, 1 twin render(s))
  take: peak 0.9661  arm1 hi -14.40 dB [yes]  arm2 lo -21.86 dB [yes]  arm3 late-sus -1.72 dB [yes]  arm4 tail -162.19 dB [yes]
  arm1@44.1k: finite y peak 0.9197 hi -14.13 dB [PASS]
  primary d 0.8863  bar 4.0000  attribBase -1.0000  state ok  -> FAIL  loopsAlive -  lever: none
  levels: arms [y y y y] arm1@44.1k [y]
  take j=0 seed 3: peak 0.9661  arm1 hi -14.40 dB [yes]  arm2 lo -21.86 dB [yes]  arm3 late-sus -1.72 dB [yes]  arm4 tail -162.19 dB [yes]
  take j=1 seed 4: peak 0.9661  arm1 hi -15.10 dB [yes]  arm2 lo -22.06 dB [yes]  arm3 late-sus +2.15 dB [yes]  arm4 tail -185.15 dB [yes]
  take j=2 seed 5: peak 0.9661  arm1 hi -14.32 dB [yes]  arm2 lo -21.63 dB [yes]  arm3 late-sus +0.58 dB [yes]  arm4 tail -187.23 dB [yes]
  take j=3 seed 6: peak 0.9661  arm1 hi -13.79 dB [yes]  arm2 lo -21.18 dB [yes]  arm3 late-sus +0.90 dB [yes]  arm4 tail -181.46 dB [yes]
  take j=0 d 0.8863
  take j=1 d 7.5204
  take j=2 d 1.1700
  take j=3 d 2.1028
===============================================================================
All tests passed (19 assertions in 1 test case)

exit=0 END 2026-10-08 12:10:50
