START 2026-10-07 19:05:39 seven dsp_systems perf reds re-run alone, pinned, base binary, 60 s settle between cases
strays: 0
=== CharacterProcessor CPU performance benchmark 19:05:40
pin-perf-cores: performance-core mask 0xFFFF
Filters: "CharacterProcessor" "CPU" "performance" "benchmark"
Randomness seeded to: 4169692253
No test cases matched '"CharacterProcessor" "CPU" "performance" "benchmark"'
===============================================================================
No tests ran

=== exit=2 19:05:42
=== HarmonicCloud_CpuBudgetUnderAutomation 19:06:42
pin-perf-cores: performance-core mask 0xFFFF
Filters: "HarmonicCloud_CpuBudgetUnderAutomation"
Randomness seeded to: 354444937

~~~~~~~~~~~~~~~~~~~~~~~~~~~~~~~~~~~~~~~~~~~~~~~~~~~~~~~~~~~~~~~~~~~~~~~~~~~~~~~
dsp_systems_tests.exe is a Catch2 v3.4.0 host application.
Run with -? for options

-------------------------------------------------------------------------------
HarmonicCloud_CpuBudgetUnderAutomation
-------------------------------------------------------------------------------
F:\projects\iterum\dsp\tests\unit\systems\harmonic_cloud_perf_test.cpp(355)
...............................................................................

F:\projects\iterum\dsp\tests\unit\systems\harmonic_cloud_perf_test.cpp(394): warning:
  SC-007 (automated, GATING) HarmonicCloud: the static configuration plus the
  Phase-7 call pattern - five macros + setFundamentalHz stepped once per block.
    measured        : 32508.8 ns/block (512 samples @ 48 kHz)
    block budget    : 1.06667e+07 ns
    % of budget     : 0.30477 %  (roadmap headline: <= 0.5 %)
    reference figure: 53333.3 ns/block
    checked-in base : 26000 ns/block  (gate: x1.5 = 39000 ns/block)

F:\projects\iterum\dsp\tests\unit\systems\harmonic_cloud_perf_test.cpp(446): warning:
  SC-007 (quiescent, plan S4.1 early-out) HarmonicCloud:
    sounding        : 32508.8 ns/block
    quiescent       : 13758 ns/block
    ratio           : 0.423208  (expected: materially below 1 - the early-out
  advances both lane banks and fills silence, nothing else)

===============================================================================
All tests passed (6 assertions in 1 test case)

=== exit=0 19:06:44
=== SpectralMorph_CpuBudget 19:07:44
pin-perf-cores: performance-core mask 0xFFFF
Filters: "SpectralMorph_CpuBudget"
Randomness seeded to: 3494477034

~~~~~~~~~~~~~~~~~~~~~~~~~~~~~~~~~~~~~~~~~~~~~~~~~~~~~~~~~~~~~~~~~~~~~~~~~~~~~~~
dsp_systems_tests.exe is a Catch2 v3.4.0 host application.
Run with -? for options

-------------------------------------------------------------------------------
SpectralMorph_CpuBudget
-------------------------------------------------------------------------------
F:\projects\iterum\dsp\tests\unit\systems\spectral_morph_perf_test.cpp(522)
...............................................................................

F:\projects\iterum\dsp\tests\unit\systems\spectral_morph_perf_test.cpp(572): warning:
  SC-010 clause 1 (GATING) SpectralMorphEngine alone: 4 states, bloom 1.0,
  entropy 1.0, Spline travel at kDefaultInterval, 8 chunks/block.
    measured        : 9229.8 ns/block (512 samples @ 48 kHz)
    block budget    : 1.06667e+07 ns
    % of budget     : 0.0865294 %  (SC-010 clause 1: <= 0.15 %)
    reference figure: 16000 ns/block
    checked-in base : 9300 ns/block  (gate: x1.5 = 13950 ns/block)

F:\projects\iterum\dsp\tests\unit\systems\spectral_morph_perf_test.cpp(619): warning:
  SC-010 clause 2 target-table dirty coverage (both per-slot masks must move):
    ratio-dirty slots/chunk : min 63, mean 63.0156 of 64
    amp-dirty slots/chunk   : min 45, mean 49.4375 of 64

F:\projects\iterum\dsp\tests\unit\systems\spectral_morph_perf_test.cpp(747): warning:
  SC-010 clauses 2 and 3 - HarmonicCloud in the FR-086 slice cadence (8 x 64
  samples per 512-sample block), Phase 2 SC-007's static cloud configuration,
  differing only in whether and how a spectral target is supplied.
    no target       : 21746.2 ns/block
    unchanged target: 24061.4 ns/block  (ratio 1.10646, bound 1.1)
    changing target : 34230 ns/block  (0.320906 % of budget; Phase 2 envelope:
  <= 0.5 %)
    reference figure: 53333.3 ns/block
    checked-in base : 29200 ns/block  (gate: x1.5 = 43800 ns/block)
    injection cost  : 12483.8 ns/block  -- REPORTED ONLY, NEVER A GATE: the
  difference of two sampled
                      minima is a biased, possibly negative statistic that a
                      multiplicative regression factor cannot bound (spec.md:
  1864-1868).

F:\projects\iterum\dsp\tests\unit\systems\spectral_morph_perf_test.cpp(769): FAILED:
  REQUIRE( measuredUnchangedTargetNs <= measuredCloudBaselineNs * kUnchangedTargetRatioBound )
with expansion:
  24061.4 <= 23920.82

===============================================================================
test cases:  1 |  0 passed | 1 failed
assertions: 21 | 20 passed | 1 failed

=== exit=1 19:07:51
=== ContinuousBody_CpuBudget 19:08:51
pin-perf-cores: performance-core mask 0xFFFF
Filters: "ContinuousBody_CpuBudget"
Randomness seeded to: 969247782

~~~~~~~~~~~~~~~~~~~~~~~~~~~~~~~~~~~~~~~~~~~~~~~~~~~~~~~~~~~~~~~~~~~~~~~~~~~~~~~
dsp_systems_tests.exe is a Catch2 v3.4.0 host application.
Run with -? for options

-------------------------------------------------------------------------------
ContinuousBody_CpuBudget
-------------------------------------------------------------------------------
F:\projects\iterum\dsp\tests\unit\systems\continuous_body_perf_test.cpp(790)
...............................................................................

F:\projects\iterum\dsp\tests\unit\systems\continuous_body_perf_test.cpp(811): warning:
  SC-005 (steady state - one material, cloud active, no crossfade, static
  params) ContinuousBody, ns per 512-sample block @ 48 kHz
    block budget    : 1.06667e+07 ns
    reference       : 53333.3 ns/block  (0.5 % of one core)
    checked-in base : 35500 ns/block  (gate: x1.5 = 53250 ns/block)
    Glass : 35277.6 ns/block  (0.330728 % of one core)
    Strings : 49069.2 ns/block  (0.460024 % of one core)
    MetalPlate : 36100 ns/block  (0.338438 % of one core)
    Chamber : 45295.8 ns/block  (0.424648 % of one core)
    Ice : 38882.8 ns/block  (0.364526 % of one core)
    StoneChamber : 41970.2 ns/block  (0.393471 % of one core)
    SteelTank : 32807.2 ns/block  (0.307567 % of one core)
    WoodenHull : 32656.4 ns/block  (0.306154 % of one core)
    CathedralColumn : 33370.8 ns/block  (0.312851 % of one core)
    CavernWall : 35340.8 ns/block  (0.33132 % of one core)
    GlassSphere : 34905.6 ns/block  (0.32724 % of one core)
    worst material  : Strings at 49069.2 ns/block (this is what the baseline
  must be pinned to)

F:\projects\iterum\dsp\tests\unit\systems\continuous_body_perf_test.cpp(826): warning:
  SC-005 (operating point - every setter stepped per 64-sample chunk, note
  gliding) ContinuousBody, ns per 512-sample block @ 48 kHz
    block budget    : 1.06667e+07 ns
    reference       : 53333.3 ns/block  (0.5 % of one core)
    checked-in base : 35500 ns/block  (gate: x1.5 = 53250 ns/block)
    Glass : 42084.6 ns/block  (0.394543 % of one core)
    Strings : 52641.4 ns/block  (0.493513 % of one core)
    MetalPlate : 41022.6 ns/block  (0.384587 % of one core)
    Chamber : 49636 ns/block  (0.465338 % of one core)
    Ice : 37713.8 ns/block  (0.353567 % of one core)
    StoneChamber : 50048.8 ns/block  (0.469208 % of one core)
    SteelTank : 44731.8 ns/block  (0.419361 % of one core)
    WoodenHull : 38054.4 ns/block  (0.35676 % of one core)
    CathedralColumn : 41271.6 ns/block  (0.386921 % of one core)
    CavernWall : 45502 ns/block  (0.426581 % of one core)
    GlassSphere : 35200.2 ns/block  (0.330002 % of one core)
    worst material  : Strings at 52641.4 ns/block (this is what the baseline
  must be pinned to)

F:\projects\iterum\dsp\tests\unit\systems\continuous_body_perf_test.cpp(847): warning:
  SC-005 (crossfade window - material change, two engines advanced)
  ContinuousBody, ns per 512-sample block @ 48 kHz
    block budget    : 1.06667e+07 ns
    reference       : 106667 ns/block  (1 % of one core (the roadmap figure; no
  transient exemption))
    checked-in base : 54000 ns/block  (gate: x1.5 = 81000 ns/block)
    Glass : 65067.6 ns/block  (0.610009 % of one core)
    Strings : 66353 ns/block  (0.622059 % of one core)
    MetalPlate : 58275.2 ns/block  (0.54633 % of one core)
    Chamber : 51409.6 ns/block  (0.481965 % of one core)
    Ice : 46853.2 ns/block  (0.439249 % of one core)
    StoneChamber : 51924.4 ns/block  (0.486791 % of one core)
    SteelTank : 45153.8 ns/block  (0.423317 % of one core)
    WoodenHull : 54443.8 ns/block  (0.510411 % of one core)
    CathedralColumn : 54763.4 ns/block  (0.513407 % of one core)
    CavernWall : 47716 ns/block  (0.447338 % of one core)
    GlassSphere : 45138.2 ns/block  (0.423171 % of one core)
    worst material  : Strings at 66353 ns/block (this is what the baseline must
  be pinned to)

F:\projects\iterum\dsp\tests\unit\systems\continuous_body_perf_test.cpp(862): warning:
  SC-005 (cloud only - setResonatorBypass(true), cloudMix 1.0) ContinuousBody,
  ns per 512-sample block @ 48 kHz
    block budget    : 1.06667e+07 ns
    reference       : 53333.3 ns/block  (0.5 % of one core)
    checked-in base : 26500 ns/block  (gate: x1.5 = 39750 ns/block)
    Glass : 29471.6 ns/block  (0.276296 % of one core)
    Strings : 27457.4 ns/block  (0.257413 % of one core)
    MetalPlate : 26009.8 ns/block  (0.243842 % of one core)
    Chamber : 26330.6 ns/block  (0.246849 % of one core)
    Ice : 24011.4 ns/block  (0.225107 % of one core)
    StoneChamber : 26961.8 ns/block  (0.252767 % of one core)
    SteelTank : 26693.6 ns/block  (0.250253 % of one core)
    WoodenHull : 30375.6 ns/block  (0.284771 % of one core)
    CathedralColumn : 26987.8 ns/block  (0.253011 % of one core)
    CavernWall : 26986.6 ns/block  (0.252999 % of one core)
    GlassSphere : 27429.4 ns/block  (0.257151 % of one core)
    worst material  : WoodenHull at 30375.6 ns/block (this is what the baseline
  must be pinned to)

F:\projects\iterum\dsp\tests\unit\systems\continuous_body_perf_test.cpp(906): warning:
  SC-005 per-material spread, engine-attributable (steady state minus that
  material's own cloud-only figure):
    Glass : 5806 ns/block  (35277.6 - 29471.6)
    Strings : 21611.8 ns/block  (49069.2 - 27457.4)
    MetalPlate : 10090.2 ns/block  (36100 - 26009.8)
    Chamber : 18965.2 ns/block  (45295.8 - 26330.6)
    Ice : 14871.4 ns/block  (38882.8 - 24011.4)
    StoneChamber : 15008.4 ns/block  (41970.2 - 26961.8)
    SteelTank : 6113.6 ns/block  (32807.2 - 26693.6)
    WoodenHull : 2280.8 ns/block  (32656.4 - 30375.6)
    CathedralColumn : 6383 ns/block  (33370.8 - 26987.8)
    CavernWall : 8354.2 ns/block  (35340.8 - 26986.6)
    GlassSphere : 7476.2 ns/block  (34905.6 - 27429.4)
    cheapest 2280.8, most expensive 21611.8, ratio 0.105535 (required: <= 0.7)

F:\projects\iterum\dsp\tests\unit\systems\continuous_body_perf_test.cpp(1027): warning:
  SC-005 / risk R-6 (30 s tail, cloud only, material WoodenHull, cloudDecay 30
  s, silent input):
    early tail      : 29184 ns/block
    after 30 s      : 27664 ns/block
    ratio late/early: 0.947917  (a denormal stall is a 10-100x event; expected
  ~1)
    checked-in base : 26500 ns/block  (gate: x1.5 = 39750 ns/block)

===============================================================================
All tests passed (149 assertions in 1 test case)

=== exit=0 19:09:20
=== SeraphisEngine_FullPolyCpuBudget 19:10:20
pin-perf-cores: performance-core mask 0xFFFF
Filters: "SeraphisEngine_FullPolyCpuBudget"
Randomness seeded to: 1037563892

~~~~~~~~~~~~~~~~~~~~~~~~~~~~~~~~~~~~~~~~~~~~~~~~~~~~~~~~~~~~~~~~~~~~~~~~~~~~~~~
dsp_systems_tests.exe is a Catch2 v3.4.0 host application.
Run with -? for options

-------------------------------------------------------------------------------
SeraphisEngine_FullPolyCpuBudget
-------------------------------------------------------------------------------
F:\projects\iterum\dsp\tests\unit\systems\seraphis_perf_test.cpp(1222)
...............................................................................

F:\projects\iterum\dsp\tests\unit\systems\seraphis_perf_test.cpp(1239): warning:
  SC-001 body-material survey (standalone ContinuousBody, the phase-4 perf
  configuration):
    Glass : 32566.5 ns/block
    Strings : 37462 ns/block
    MetalPlate : 34143.5 ns/block
    Chamber : 39600.5 ns/block
    Ice : 38951.5 ns/block
    worst material  : Chamber  (the one SC-001 and SC-002 pin)

F:\projects\iterum\dsp\tests\unit\systems\seraphis_perf_test.cpp(1348): warning:
  SC-001 full-poly composed chain (polyphony 8, all sounding, atmosphere
  FROZEN,
          worst measured body material, 64 partials + drift, AetherReverb
  config (c)):
    block budget    : 1.06667e+07 ns  (512 samples @ 48 kHz)
    reference (25 %): 2.66667e+06 ns/block  (roadmap line 311, KEPT by RQ-1)
    measured        : 2.18316e+06 ns/block  (20.4671 % of one core)
    RA-1 prediction : 20.36 % of one core (before the voice sum, the spatial
  stage,
                      the output stage and the macro matrix)
    checked-in base : 2.24764e+06 ns/block  (MEASURED 2026-07-31; gate: x1.15 =
  2.58479e+06 ns/block)
    admissible base : 2.31884e+06 ns/block  (25 % / 1.15 = 21.74 %)
    headroom vs ref : 81.8685 % of the reference

===============================================================================
All tests passed (52 assertions in 1 test case)

=== exit=0 19:10:27
=== NoiseOrganism_CpuBudget 19:11:27
pin-perf-cores: performance-core mask 0xFFFF
Filters: "NoiseOrganism_CpuBudget"
Randomness seeded to: 4102696935

~~~~~~~~~~~~~~~~~~~~~~~~~~~~~~~~~~~~~~~~~~~~~~~~~~~~~~~~~~~~~~~~~~~~~~~~~~~~~~~
dsp_systems_tests.exe is a Catch2 v3.4.0 host application.
Run with -? for options

-------------------------------------------------------------------------------
NoiseOrganism_CpuBudget
-------------------------------------------------------------------------------
F:\projects\iterum\dsp\tests\unit\systems\noise_organism_perf_test.cpp(1803)
...............................................................................

F:\projects\iterum\dsp\tests\unit\systems\noise_organism_perf_test.cpp(1901): warning:
  
============================================================================
  =====
    NoiseOrganism SC-004 CPU BUDGET   (48 kHz, 512-sample blocks)
    specs/vorago-phase2-noise-organism, FR-095 / SC-004, tasks.md T020
    best-of-25 x 500 blocks after 400 warm-up, 200 settle blocks before each
  =============================================================================
  ====
  (a) 2 slots, Direct, 2 res + 2 combs               88784.0 ns/block      0.
  8324 % of one core
          baseline    62532.0   gate (x1.5)    93798.0   within baseline
  (b) 4 slots, Direct, 3 res + 2 combs              140268.8 ns/block      1.
  3150 % of one core
          baseline   124444.0   gate (x1.5)   186666.0   within baseline
  (c) ref: 4 slots, 4 models, 3 res + 2 combs       155229.2 ns/block      1.
  4553 % of one core
          baseline   124444.0   gate (x1.5)   186666.0   within baseline
  (d) max caps: 4 slots dust, 4 res + 4 combs       313317.0 ns/block      2.
  9373 % of one core
          baseline   282950.0   gate (x1.5)   424425.0   within baseline
  [out-of-region: own baseline only]
  (e) all dormant: (c) with every slot dormant       59113.0 ns/block      0.
  5542 % of one core
          baseline    56138.0   gate (x1.5)    84207.0   within baseline
  [out-of-region: own baseline only]
  -----------------------------------------------------------------------------
  ----
  FR-095 BUDGET (1.75 % of one core)                186666.0 ns/block      1.
  7500 % of one core
    FR-071 dormancy saving, (c) - (e)                  96116.2 ns/block   61.92
  % of (c)
  -----------------------------------------------------------------------------
  ----
    copy-pasteable baselines, MEASURED on this machine and this build:
        constexpr double kCpuBaselineNsA    =    88784.0;
        constexpr double kCpuBaselineNsB    =   140268.8;
        constexpr double kCpuBaselineNsC    =   155229.2;
        constexpr double kCpuBaselineNsD    =   313317.0;
        constexpr double kCpuBaselineNsE    =    59113.0;
    Transcribing a measured figure OVER a projection is always correct.
    RAISING one so a REQUIRE passes is forbidden (FR-095 / OQ-CPU-POLICY).
    A transcribed (a)/(b)/(c) baseline must still satisfy BOTH compile-time
    clauses; one that cannot is the stop-and-surface case, not a licence to
    weaken the clause.
  =============================================================================
  ====
    SC-004 (c) IS WITHIN BUDGET: 31436.8 ns of headroom (83.16 % of the FR-095
  ceiling).
  =============================================================================
  ====

===============================================================================
All tests passed (112 assertions in 1 test case)

=== exit=0 19:11:40
=== FeedbackEcology_CpuBudget 19:12:40
pin-perf-cores: performance-core mask 0xFFFF
Filters: "FeedbackEcology_CpuBudget"
Randomness seeded to: 405824296

~~~~~~~~~~~~~~~~~~~~~~~~~~~~~~~~~~~~~~~~~~~~~~~~~~~~~~~~~~~~~~~~~~~~~~~~~~~~~~~
dsp_systems_tests.exe is a Catch2 v3.4.0 host application.
Run with -? for options

-------------------------------------------------------------------------------
FeedbackEcology_CpuBudget
-------------------------------------------------------------------------------
F:\projects\iterum\dsp\tests\unit\systems\feedback_ecology_perf_test.cpp(1818)
...............................................................................

F:\projects\iterum\dsp\tests\unit\systems\feedback_ecology_perf_test.cpp(2050): warning:
  
============================================================================
  =====
    FeedbackEcology SC-004 CPU BUDGET   (48 kHz, 512-sample blocks)
    specs/vorago-phase5-feedback-ecology, SC-004 / FR-080, tasks.md T020
    best-of-25 x 500 blocks after 400 warm-up, 200 settle blocks before each
    reference patch: 6 loops, default tables, wander on, mix 1, wetGain 0 dB,
    drive white noise at -12.0 dBFS RMS on both channels, seed 0x5EED
  =============================================================================
  ====
  (a) reference: 6 loops awake, wander on, mix 1              119532.2 ns/block
  1.1206 % of one core
          baseline    94106.4   gate (x1.5)   141159.6   within baseline
  (b) wander off: (a) + setWanderEnabled(false)                93817.6 ns/block
  0.8795 % of one core
          baseline    77370.6   gate (x1.5)   116055.9   within baseline
  (c) all dormant: (a) + every loop dormant                    10677.4 ns/block
  0.1001 % of one core
          baseline     9873.0   gate (x1.5)    14809.5   within baseline
  (d) numLoops = 1: the per-loop marginal cost                 23347.8 ns/block
  0.2189 % of one core
          reported only - SC-004 (d) sets the per-loop marginal cost
  -----------------------------------------------------------------------------
  ----
    SC-004 GATED LINE (160 000 / 1.5)                         106666.7 ns/block
  1.0000 % of one core
    SC-004 ABSOLUTE CEILING (1.5 %/voice)                     160000.0 ns/block
  1.5000 % of one core
    (b) wander-off delta,       (b) - (a)         -25714.6 ns/block   -21.51 %
  of (a)   [SC-004 (b) band: <= +2.00 %]
    (c) dormancy saving,        (a) - (c)         108854.8 ns/block   91.07 %
  of (a)   [SC-004 (c) needs >= 40.00 %]
    (d) marginal cost per loop, ((a)-(d))/5        19236.9 ns/block
  [reported]
  -----------------------------------------------------------------------------
  ----
    audio preconditions, measured over 40 fully-scanned blocks per arm (both
  channels):
        (a) engine-active loops 6 / 6   RMS -56.06 dBFS   finite yes   clamps 0
  non-finite resets 0
        (b) engine-active loops 6 / 6   RMS -55.96 dBFS   finite yes
        (c) engine-active loops 0 / 6   exactly 0.0f on both channels
  throughout: yes
        (d) engine-active loops 1 / 6   RMS -56.09 dBFS   finite yes
        the measured reference level is expected near -56.7 dBFS: this patch is
        quiet BY DESIGN (six Q ~ 100 resonators, 3.3-18.8 Hz of noise bandwidth
        out of 24 kHz), so the precondition below is an ANTI-SILENCE floor at -
  80.0 dBFS,
        not a level assertion.
  =============================================================================
  ====
    SC-004 (f) - THE TRANSITION BLOCKS, gated at each rate against (1) the
  steady
    block in the same state x 1.1 (the O(buffer) detector) and (2) the same
  ABSOLUTE
    per-block ceiling as 48 kHz (NOT against kBaseline). Best of 25 trials,
    each re-established from 2.0 s of settled render. This is FR-019's O(1)
  detector.
  =============================================================================
  ====
    48 kHz  (f1) simultaneous 5-loop sleep edge, setNumLoops(6->1)
        transition block                                       89200.0 ns/block
  0.8363 % of one core   within ceiling
        steady block, same rate and state                     110400.0 ns/block
  1.0350 % of one core
        transition OVERHEAD (transition - steady)       -21200.0 ns
        ceiling 160000.0 ns   trials found 25 / 25   edge at block +4   active
  6 -> 1   non-finite resets in the block [0, 0]   finite yes
    48 kHz  (f2) rung-5 trap fire, FR-048 probe on loop 2
        transition block                                       90200.0 ns/block
  0.8456 % of one core   within ceiling
        steady block, same rate and state                      98900.0 ns/block
  0.9272 % of one core
        transition OVERHEAD (transition - steady)        -8700.0 ns
        ceiling 160000.0 ns   trials found 25 / 25   edge at block +0   active
  6 -> 6   non-finite resets in the block [1, 1]   finite yes
    192 kHz  (f1) simultaneous 5-loop sleep edge, setNumLoops(6->1)
        transition block                                       75300.0 ns/block
  2.8237 % of one core   within ceiling
        steady block, same rate and state                      93900.0 ns/block
  3.5213 % of one core
        transition OVERHEAD (transition - steady)       -18600.0 ns
        ceiling 160000.0 ns   trials found 25 / 25   edge at block +18   active
  6 -> 1   non-finite resets in the block [0, 0]   finite yes
    192 kHz  (f2) rung-5 trap fire, FR-048 probe on loop 2
        transition block                                       89200.0 ns/block
  3.3450 % of one core   within ceiling
        steady block, same rate and state                      93400.0 ns/block
  3.5025 % of one core
        transition OVERHEAD (transition - steady)        -4200.0 ns
        ceiling 160000.0 ns   trials found 25 / 25   edge at block +0   active
  6 -> 6   non-finite resets in the block [1, 1]   finite yes
  =============================================================================
  ====
    copy-pasteable baselines, MEASURED on this machine and this build:
        constexpr double kBaselineReferenceNs     =   119532.2;
        constexpr double kBaselineWanderOffNs     =    93817.6;
        constexpr double kBaselineAllDormantNs    =    10677.4;
    Transcribing a measured figure OVER a projection is always correct; take it
    from the LOWEST of several isolated runs, never from one sample. RAISING
  one
    so a REQUIRE passes is forbidden. A transcribed baseline must still satisfy
    BOTH compile-time clauses (x1.5 <= 160000.0 and >= 3200.0); one that
    cannot is the stop-and-surface case, not a licence to weaken a clause.
  =============================================================================
  ====
    *** SC-004 (a) IS OVER THE GATED LINE BY 12865.5 ns (1.12x). NO ADMISSIBLE
  BASELINE CAN BE
    *** TRANSCRIBED FROM THIS RUN: 119532.2 x 1.5 = 179298.3 exceeds the
  160000.0 ns ceiling.
    *** TAKE THE PRE-AUTHORISED LADDER IN ORDER (plan S14.3, tasks.md T020):
    ***   1. OQ-2 LEVER 1 - std::tanh -> FastMath::fastTanh (core/fast_math.h:
  65)
    ***      at feedback_ecology.h:1995, WITH its own error-bound test added to
    ***      this TU: |fastTanh(x) - std::tanh(x)| < 5e-4 over x in [-6, 6] on
  a
    ***      10 001-point grid, and |fastTanh(x)| <= 1 everywhere. FR-042's
    ***      bound is preserved EXACTLY, so rung 2 is unchanged.
    ***   2. Stepped resonator retunes - ALREADY the default (FR-076), banked.
    ***   3. The settled-coupling-smoother carve-out - already in
    ***      updateControl(). Compare the stage table above to see whether the
    ***      remaining cost is the tanh term, the delay term or the ramp bank.
    *** THEN STOP AND SURFACE. Levers 4 (resonator -> a second SVF in Bandpass,
    *** losing the RT60 surface, kMaxResonatorQ = 100 and SC-023 entirely) and
  5
    *** (default numLoops 6 -> 5) are USER DECISIONS taken from this table.
    *** NO AGENT MAY lower kMaxLoops, raise a budget, relax a threshold, or
  shrink
    *** a workload to make this fit. Reduce cost, never move the line
    *** (resonance_drift_network_perf_test.cpp:59-65, inherited verbatim).
    RUN IT ALONE: node tools/run-cpu-tests.js dsp_systems_tests. A verdict that
    flips between runs is measuring the machine, not the code.
    RECORD the whole table in the build transcript and in plan S14.2.
  =============================================================================
  ====

F:\projects\iterum\dsp\tests\unit\systems\feedback_ecology_perf_test.cpp(2102): FAILED:
  REQUIRE( nsRef * kRegressionFactor <= kAbsoluteCeilingNs )
with expansion:
  179298.3 <= 160000.0
with messages:
  refCheck.activeLoops := 6
  refRmsDb := -56.0592250099
  refCheck.allFinite := true
  refCheck.nonFiniteResets := 0
  wanderCheck.activeLoops := 6
  wanderRmsDb := -55.9593831414
  wanderCheck.allFinite := true
  dormantCheck.activeLoops := 0
  dormantCheck.allExactZero := true
  dormantCheck.allFinite := true
  oneLoopCheck.activeLoops := 1
  oneLoopRmsDb := -56.0924164641
  oneLoopCheck.allFinite := true
  nsRef := 119532.2
  cpu::kBaselineReferenceNs := 94106.4
  kGatedBaselineNs := 106666.6666666667
  kAbsoluteCeilingNs := 160000.0

===============================================================================
test cases:  1 |  0 passed | 1 failed
assertions: 26 | 25 passed | 1 failed

=== exit=1 19:12:50
END 2026-10-07 19:12:50
=== CharacterProcessor CPU performance benchmark (quoted as one spec) 19:14:19
pin-perf-cores: performance-core mask 0xFFFF
Filters: "CharacterProcessor CPU performance benchmark"
Randomness seeded to: 3862444617
===============================================================================
All tests passed (4 assertions in 1 test case)

=== exit=0 19:14:20
