START 2026-10-07 21:15:43 e1_b4_m000_gate tree=f376785f+G2 (relinked after the tidy fixes, build_g2_tidyfix.log) VORAGO_PILOT_PRESET="Bloom Colony" env: VORAGO_PILOT_TAKES=4 VORAGO_PILOT_BLOOM=1 VORAGO_PILOT_LEVER=partialBloomGain=2.0,partialMutationGain=0 VORAGO_PILOT_OVERRIDE=1300=0.2
Filters: "Vorago_PresetPilot_PrimaryProbe"
Randomness seeded to: 4000384410
[probe] override 1300 = 0.200000 (replaced)
[probe] lever: partialBloomGain=2.0,partialMutationGain=0
[probe] Bloom Colony - primary E1 partial -> bloom (stored seed 0, 4 twin render(s))
  take: peak 0.3297  arm1 hi -20.30 dB [yes]  arm2 lo -26.26 dB [yes]  arm3 late-sus +0.19 dB [yes]  arm4 tail -212.55 dB [yes]
  arm1@44.1k: finite y peak 0.3606 hi -20.05 dB [PASS]
  route arms: d(R_k, R_k0) 1.6579, attribBase d(R_0, R_00) 1.7272 (attributable iff d >= 3.2272)
  bloom R_k: spawn 1 discarded 0 spawned 0 refused 2 liveMean 5.984 depthMean 1.000
  bloom R_k0: spawn 0 discarded 0 spawned 0 refused 0 liveMean 2.000 depthMean 0.200
  primary d 1.6579  bar 4.0000  attribBase 1.7272  state ok  -> FAIL  loopsAlive -  lever: partialBloomGain=2.0,partialMutationGain=0
  levels: arms [y y y y] arm1@44.1k [y]
  take j=0 seed 0: peak 0.3297  arm1 hi -20.30 dB [yes]  arm2 lo -26.26 dB [yes]  arm3 late-sus +0.19 dB [yes]  arm4 tail -212.55 dB [yes]
  take j=1 seed 1: peak 0.3155  arm1 hi -21.05 dB [yes]  arm2 lo -24.80 dB [yes]  arm3 late-sus -0.00 dB [yes]  arm4 tail -208.39 dB [yes]
  take j=2 seed 2: peak 0.3660  arm1 hi -19.81 dB [yes]  arm2 lo -21.25 dB [yes]  arm3 late-sus +0.44 dB [yes]  arm4 tail -229.08 dB [yes]
  take j=3 seed 3: peak 0.3571  arm1 hi -20.03 dB [yes]  arm2 lo -24.80 dB [yes]  arm3 late-sus -1.90 dB [yes]  arm4 tail -222.12 dB [yes]
  take j=0 d 1.6579
  take j=1 d 3.0032
  take j=2 d 0.0005
  take j=3 d 1.7575
===============================================================================
All tests passed (52 assertions in 1 test case)

exit=0 END 2026-10-07 21:36:04
