START 2026-10-07 21:15:43 e1_c2_k4_gate tree=f376785f+G2 (relinked after the tidy fixes, build_g2_tidyfix.log) VORAGO_PILOT_PRESET="Bloom Colony" env: VORAGO_PILOT_TAKES=4 VORAGO_PILOT_BLOOM=1 VORAGO_PILOT_LEVER=partialBloomGain=2.0,partialMutationGain=2.0,childrenPerEvent=4 VORAGO_PILOT_OVERRIDE=1300=0.2
Filters: "Vorago_PresetPilot_PrimaryProbe"
Randomness seeded to: 770638217
[probe] override 1300 = 0.200000 (replaced)
[probe] lever: partialBloomGain=2.0,partialMutationGain=2.0,childrenPerEvent=4
[probe] Bloom Colony - primary E1 partial -> bloom (stored seed 0, 4 twin render(s))
  take: peak 0.3421  arm1 hi -20.34 dB [yes]  arm2 lo -24.92 dB [yes]  arm3 late-sus +1.52 dB [yes]  arm4 tail -217.58 dB [yes]
  arm1@44.1k: finite y peak 0.3565 hi -20.10 dB [PASS]
  route arms: d(R_k, R_k0) 0.6813, attribBase d(R_0, R_00) 0.7727 (attributable iff d >= 2.2727)
  bloom R_k: spawn 1 discarded 0 spawned 0 refused 4 liveMean 5.942 depthMean 1.000
  bloom R_k0: spawn 0 discarded 0 spawned 0 refused 0 liveMean 4.000 depthMean 0.200
  primary d 0.6813  bar 4.0000  attribBase 0.7727  state ok  -> FAIL  loopsAlive -  lever: partialBloomGain=2.0,partialMutationGain=2.0,childrenPerEvent=4
  levels: arms [y y y y] arm1@44.1k [y]
  take j=0 seed 0: peak 0.3421  arm1 hi -20.34 dB [yes]  arm2 lo -24.92 dB [yes]  arm3 late-sus +1.52 dB [yes]  arm4 tail -217.58 dB [yes]
  take j=1 seed 1: peak 0.3192  arm1 hi -20.70 dB [yes]  arm2 lo -24.84 dB [yes]  arm3 late-sus +0.56 dB [yes]  arm4 tail -210.33 dB [yes]
  take j=2 seed 2: peak 0.3664  arm1 hi -19.80 dB [yes]  arm2 lo -21.60 dB [yes]  arm3 late-sus +0.59 dB [yes]  arm4 tail -229.08 dB [yes]
  take j=3 seed 3: peak 0.3573  arm1 hi -20.03 dB [yes]  arm2 lo -25.49 dB [yes]  arm3 late-sus -1.50 dB [yes]  arm4 tail -217.21 dB [yes]
  take j=0 d 0.6813
  take j=1 d 2.6481
  take j=2 d 0.0737
  take j=3 d 2.6058
===============================================================================
All tests passed (52 assertions in 1 test case)

exit=0 END 2026-10-07 21:36:21
