START 2026-10-07 20:39:07 e1_companion_00 tree=f376785f+G2 (build_g2.log) VORAGO_PILOT_PRESET="Bloom Colony" env: VORAGO_PILOT_TAKES=4 VORAGO_PILOT_BLOOM=1 VORAGO_PILOT_OVERRIDE=1300=0.0 case: Vorago_PresetPilot_PrimaryProbe
Filters: "Vorago_PresetPilot_PrimaryProbe"
Randomness seeded to: 642493432
[probe] override 1300 = 0.000000 (replaced)
[probe] lever: none
[probe] Bloom Colony - primary E1 partial -> bloom (stored seed 0, 4 twin render(s))
  take: peak 0.3310  arm1 hi -20.34 dB [yes]  arm2 lo -25.00 dB [yes]  arm3 late-sus +0.35 dB [yes]  arm4 tail -214.03 dB [yes]
  arm1@44.1k: finite y peak 0.3565 hi -20.10 dB [PASS]
  route arms: d(R_k, R_k0) 1.1035, attribBase d(R_0, R_00) 1.1035 (attributable iff d >= 2.6035)
  bloom R_k: spawn 1 discarded 0 spawned 1 refused 1 liveMean 5.365 depthMean 0.767
  bloom R_k0: spawn 0 discarded 0 spawned 0 refused 0 liveMean 0.000 depthMean 0.000
  primary d 1.1035  bar 4.0000  attribBase 1.1035  state ok  -> FAIL  loopsAlive -  lever: none
  levels: arms [y y y y] arm1@44.1k [y]
  take j=0 seed 0: peak 0.3310  arm1 hi -20.34 dB [yes]  arm2 lo -25.00 dB [yes]  arm3 late-sus +0.35 dB [yes]  arm4 tail -214.03 dB [yes]
  take j=1 seed 1: peak 0.3189  arm1 hi -21.05 dB [yes]  arm2 lo -25.03 dB [yes]  arm3 late-sus +0.00 dB [yes]  arm4 tail -209.21 dB [yes]
  take j=2 seed 2: peak 0.3664  arm1 hi -19.80 dB [yes]  arm2 lo -21.60 dB [yes]  arm3 late-sus +0.59 dB [yes]  arm4 tail -229.08 dB [yes]
  take j=3 seed 3: peak 0.3573  arm1 hi -20.02 dB [yes]  arm2 lo -21.39 dB [yes]  arm3 late-sus -0.34 dB [yes]  arm4 tail -225.54 dB [yes]
  take j=0 d 1.1035
  take j=1 d 2.7353
  take j=2 d 0.0737
  take j=3 d 0.1051
===============================================================================
All tests passed (48 assertions in 1 test case)

exit=0 END 2026-10-07 21:14:06
