START 2026-10-07 21:18:00 e1_readback tree=f376785f+G2 Bloom Colony VORAGO_PILOT_READBACK=1 (the Life-row destinations behind the E1 spawn count)
Filters: "Vorago_PresetPilot_PrimaryProbe"
Randomness seeded to: 1415194907
[probe] lever: none
  readback life 0.00: EcosystemDepth dest 1.000000 rowsum 1.000000 [ok]
  readback life 0.00: EventRateScale dest 0.500000 rowsum 0.500000 [ok]
  readback life 0.00: BloomSpawnRateHz dest 0.010000 rowsum 0.010000 [ok]
  readback life 0.00: EcosystemDepth dest 1.000000 rowsum 1.000000 [ok]
  readback life 0.00: EventRateScale dest 0.500000 rowsum 0.500000 [ok]
  readback life 0.00: BloomSpawnRateHz dest 0.010000 rowsum 0.010000 [ok]
  readback life 1.00: EcosystemDepth dest 1.000000 rowsum 1.150000 [CLAMPED]
  readback life 1.00: EventRateScale dest 9.500000 rowsum 9.500000 [ok]
  readback life 1.00: BloomSpawnRateHz dest 0.030800 rowsum 0.030800 [ok]
[probe] Bloom Colony - primary E1 partial -> bloom (stored seed 0, 4 twin render(s))
  take: peak 0.3345  arm1 hi -20.34 dB [yes]  arm2 lo -26.05 dB [yes]  arm3 late-sus +0.22 dB [yes]  arm4 tail -211.98 dB [yes]
  arm1@44.1k: finite y peak 0.3565 hi -20.10 dB [PASS]
  route arms: d(R_k, R_k0) 1.1823, attribBase d(R_0, R_00) 1.1035 (attributable iff d >= 2.6035)
  primary d 1.1823  bar 4.0000  attribBase 1.1035  state ok  -> FAIL  loopsAlive -  lever: none
  levels: arms [y y y y] arm1@44.1k [y]
===============================================================================
All tests passed (29 assertions in 1 test case)

exit=0 END 2026-10-07 21:27:00
