START 2026-10-07 23:36:04 e4_r6_g15_gate tree=3a220d05+e4_r6_g15 VORAGO_PILOT_PRESET="Feeding Loops" env: VORAGO_PILOT_TAKES=4 VORAGO_PILOT_OVERRIDE=800=0.5 VORAGO_PILOT_LOOPBUS=1
Filters: "Vorago_PresetPilot_PrimaryProbe"
Randomness seeded to: 3250864017
[probe] override 800 = 0.500000 (replaced)
[probe] lever: none
[probe] Feeding Loops - primary E4 feedback -> loop wake (stored seed 8, 4 twin render(s))
  take: peak 0.1989  arm1 hi -25.69 dB [yes]  arm2 lo -38.19 dB [yes]  arm3 late-sus +5.01 dB [yes]  arm4 tail -202.84 dB [yes]
  loopbus take 0 seed 8: worst10s -60.98 dBFS [NO] windows 19
  looplife take 0:  [0] wake 0.9054 gate 0.5920 dormant n gain 0.7200  [1] wake 0.9741 gate 1.0000 dormant n gain 0.7200  [2] wake 0.5519 gate 0.4500 dormant n gain 0.6725  [3] wake 0.7980 gate 0.6692 dormant n gain 0.7200  [4] wake 0.8486 gate 0.5725 dormant n gain 0.7200  [5] wake 0.4500 gate 0.6664 dormant n gain 0.6461
  loopbus take 1 seed 9: worst10s -60.61 dBFS [NO] windows 19
  looplife take 1:  [0] wake 0.5147 gate 0.5208 dormant n gain 0.6635  [1] wake 0.9432 gate 1.0000 dormant n gain 0.7200  [2] wake 1.0000 gate 0.8442 dormant n gain 0.7200  [3] wake 0.4500 gate 0.6797 dormant n gain 0.6300  [4] wake 0.7846 gate 1.0000 dormant n gain 0.7200  [5] wake 0.4500 gate 0.4500 dormant n gain 0.6383
  loopbus take 2 seed 10: worst10s -56.89 dBFS [PASS] windows 19
  looplife take 2:  [0] wake 0.8325 gate 0.9730 dormant n gain 0.7200  [1] wake 0.4500 gate 0.4500 dormant n gain 0.6389  [2] wake 0.9729 gate 0.4500 dormant n gain 0.7200  [3] wake 1.0000 gate 0.8558 dormant n gain 0.7200  [4] wake 0.6126 gate 0.4771 dormant n gain 0.6870  [5] wake 0.8442 gate 0.8547 dormant n gain 0.7200
  loopbus take 3 seed 11: worst10s -53.61 dBFS [PASS] windows 19
  looplife take 3:  [0] wake 0.8273 gate 0.7244 dormant n gain 0.7200  [1] wake 0.6278 gate 0.6028 dormant n gain 0.6907  [2] wake 0.9460 gate 1.0000 dormant n gain 0.7200  [3] wake 0.5612 gate 0.4500 dormant n gain 0.6747  [4] wake 0.4500 gate 0.4500 dormant n gain 0.6335  [5] wake 0.7830 gate 0.6336 dormant n gain 0.7200
  arm1@44.1k: finite y peak 0.1692 hi -26.30 dB [PASS]
  route arms: d(R_k, R_k0) 5.1454, attribBase d(R_0, R_00) 3.6649 (attributable iff d >= 5.1649)
  primary d 5.1454  bar 4.0000  attribBase 3.6649  state ok  -> FAIL  loopsAlive n  lever: none
  levels: arms [y y y y] arm1@44.1k [y]
  take j=0 seed 8: peak 0.1989  arm1 hi -25.69 dB [yes]  arm2 lo -38.19 dB [yes]  arm3 late-sus +5.01 dB [yes]  arm4 tail -202.84 dB [yes]
  take j=1 seed 9: peak 0.2047  arm1 hi -26.01 dB [yes]  arm2 lo -35.55 dB [yes]  arm3 late-sus -3.65 dB [yes]  arm4 tail -199.29 dB [yes]
  take j=2 seed 10: peak 0.1840  arm1 hi -26.36 dB [yes]  arm2 lo -37.73 dB [yes]  arm3 late-sus +2.63 dB [yes]  arm4 tail -186.95 dB [yes]
  take j=3 seed 11: peak 0.2188  arm1 hi -25.23 dB [yes]  arm2 lo -35.48 dB [yes]  arm3 late-sus -0.61 dB [yes]  arm4 tail -186.91 dB [yes]
  take j=0 d 5.1454
  take j=1 d 2.6594
  take j=2 d 6.3859
  take j=3 d 5.1318
===============================================================================
All tests passed (56 assertions in 1 test case)

exit=0 END 2026-10-07 23:41:02
