START 2026-10-07 23:02:37 e67_f225_gate tree=3a220d05+e67_f225 VORAGO_PILOT_PRESET="Colony Pulse" env: VORAGO_PILOT_TAKES=4 VORAGO_PILOT_SECONDARY=1
Filters: "Vorago_PresetPilot_PrimaryProbe"
Randomness seeded to: 3951678787
[probe] lever: none
[probe] Colony Pulse - primary S7 ecosystem (stored seed 8, 1 twin render(s))
  take: peak 0.9661  arm1 hi -14.69 dB [yes]  arm2 lo -26.56 dB [yes]  arm3 late-sus -1.43 dB [yes]  arm4 tail -151.32 dB [yes]
  arm1@44.1k: finite y peak 0.9661 hi -16.56 dB [PASS]
  primary d 13.9142  bar 4.0000  attribBase -1.0000  state ok  -> PASS  loopsAlive -  lever: none
  levels: arms [y y y y] arm1@44.1k [y]
  secondary D13.2 event rate scale >= 3.0: d 0.1941 bar 1.5 state ok conjunct ok attribBase -1.0000 skip "" -> no
  secondary E6.hi ecosystem sync rate high: d 1.3700 bar 1.5 state ok conjunct ok attribBase -1.0000 skip "" -> no
  secondary E7.hi ecosystem self-affinity high: d 1.3430 bar 1.5 state ok conjunct ok attribBase -1.0000 skip "" -> no
  take j=0 seed 8: peak 0.9661  arm1 hi -14.69 dB [yes]  arm2 lo -26.56 dB [yes]  arm3 late-sus -1.43 dB [yes]  arm4 tail -151.32 dB [yes]
  take j=1 seed 9: peak 0.9661  arm1 hi -16.78 dB [yes]  arm2 lo -26.71 dB [yes]  arm3 late-sus +2.00 dB [yes]  arm4 tail -141.50 dB [yes]
  take j=2 seed 10: peak 0.7117  arm1 hi -18.21 dB [yes]  arm2 lo -24.15 dB [yes]  arm3 late-sus -1.77 dB [yes]  arm4 tail -144.21 dB [yes]
  take j=3 seed 11: peak 0.7497  arm1 hi -18.54 dB [yes]  arm2 lo -24.62 dB [yes]  arm3 late-sus +0.91 dB [yes]  arm4 tail -132.85 dB [yes]
  take j=0 d 13.9142
  take j=1 d 13.6701
  take j=2 d 16.5445
  take j=3 d 15.7594
===============================================================================
All tests passed (20 assertions in 1 test case)

exit=0 END 2026-10-07 23:12:59
