START 2026-10-07 22:50:48 e67_g200_gate tree=3a220d05+e67_g200 VORAGO_PILOT_PRESET="Colony Pulse" env: VORAGO_PILOT_TAKES=4 VORAGO_PILOT_SECONDARY=1
Filters: "Vorago_PresetPilot_PrimaryProbe"
Randomness seeded to: 608656724
[probe] lever: none
[probe] Colony Pulse - primary S7 ecosystem (stored seed 8, 1 twin render(s))
  take: peak 0.9661  arm1 hi -12.98 dB [yes]  arm2 lo -23.56 dB [yes]  arm3 late-sus -1.39 dB [yes]  arm4 tail -148.63 dB [yes]
  arm1@44.1k: finite y peak 0.9661 hi -14.34 dB [PASS]
  primary d 14.2866  bar 4.0000  attribBase -1.0000  state ok  -> PASS  loopsAlive -  lever: none
  levels: arms [y y y y] arm1@44.1k [y]
  secondary D13.2 event rate scale >= 3.0: d 0.2337 bar 1.5 state ok conjunct ok attribBase -1.0000 skip "" -> no
  secondary E6.hi ecosystem sync rate high: d 1.1353 bar 1.5 state ok conjunct ok attribBase -1.0000 skip "" -> no
  secondary E7.hi ecosystem self-affinity high: d 1.3515 bar 1.5 state ok conjunct ok attribBase -1.0000 skip "" -> no
  take j=0 seed 8: peak 0.9661  arm1 hi -12.98 dB [yes]  arm2 lo -23.56 dB [yes]  arm3 late-sus -1.39 dB [yes]  arm4 tail -148.63 dB [yes]
  take j=1 seed 9: peak 0.9661  arm1 hi -16.70 dB [yes]  arm2 lo -24.60 dB [yes]  arm3 late-sus +0.54 dB [yes]  arm4 tail -140.32 dB [yes]
  take j=2 seed 10: peak 0.9661  arm1 hi -16.88 dB [yes]  arm2 lo -23.28 dB [yes]  arm3 late-sus -0.66 dB [yes]  arm4 tail -141.41 dB [yes]
  take j=3 seed 11: peak 0.9341  arm1 hi -16.82 dB [yes]  arm2 lo -22.62 dB [yes]  arm3 late-sus -0.42 dB [yes]  arm4 tail -125.67 dB [yes]
  take j=0 d 14.2866
  take j=1 d 14.6675
  take j=2 d 16.6034
  take j=3 d 17.2734
===============================================================================
All tests passed (20 assertions in 1 test case)

exit=0 END 2026-10-07 23:01:46
