START 2026-10-08 14:33:25 final_minus6_E4 tree=c351fe0f+final (build_final.log) preset="Feeding Loops" env: VORAGO_PILOT_TAKES=4 VORAGO_PILOT_MASTER_TRIM=-6 VORAGO_PILOT_OVERRIDE=800=0.5 VORAGO_PILOT_LOOPBUS=1
Filters: "Vorago_PresetPilot_PrimaryProbe"
Randomness seeded to: 2978398928
[probe] override 800 = 0.500000 (replaced)
[probe] master trim -6 dB: kMasterGainId norm 0.5000 -> 0.2506
[probe] lever: none
[probe] Feeding Loops - primary E4 feedback -> loop wake (stored seed 8, 4 twin render(s))
  take: peak 0.0980  arm1 hi -31.33 dB [yes]  arm2 lo -42.50 dB [yes]  arm3 late-sus +5.06 dB [yes]  arm4 tail -203.94 dB [yes]
  loopbus take 0 seed 8: worst10s -58.83 dBFS [PASS] windows 19
  looplife take 0:  [0] wake 1.0000 gate 0.9174 dormant n gain 0.7200  [1] wake 1.0000 gate 1.0000 dormant n gain 0.7200  [2] wake 0.9199 gate 0.7452 dormant n gain 0.6725  [3] wake 1.0000 gate 1.0000 dormant n gain 0.7200  [4] wake 1.0000 gate 0.9790 dormant n gain 0.7200  [5] wake 0.7366 gate 1.0000 dormant n gain 0.6461
  loopbus take 1 seed 9: worst10s -59.38 dBFS [PASS] windows 19
  looplife take 1:  [0] wake 0.8579 gate 0.8328 dormant n gain 0.6635  [1] wake 1.0000 gate 1.0000 dormant n gain 0.7200  [2] wake 1.0000 gate 1.0000 dormant n gain 0.7200  [3] wake 0.6253 gate 1.0000 dormant n gain 0.6300  [4] wake 1.0000 gate 1.0000 dormant n gain 0.7200  [5] wake 0.6824 gate 0.5941 dormant n gain 0.6383
  loopbus take 2 seed 10: worst10s -54.51 dBFS [PASS] windows 19
  looplife take 2:  [0] wake 1.0000 gate 1.0000 dormant n gain 0.7200  [1] wake 0.6867 gate 0.5750 dormant n gain 0.6389  [2] wake 1.0000 gate 0.5885 dormant n gain 0.7200  [3] wake 1.0000 gate 1.0000 dormant n gain 0.7200  [4] wake 1.0000 gate 0.7949 dormant n gain 0.6870  [5] wake 1.0000 gate 1.0000 dormant n gain 0.7200
  loopbus take 3 seed 11: worst10s -50.57 dBFS [PASS] windows 19
  looplife take 3:  [0] wake 1.0000 gate 1.0000 dormant n gain 0.7200  [1] wake 1.0000 gate 0.9846 dormant n gain 0.6907  [2] wake 1.0000 gate 1.0000 dormant n gain 0.7200  [3] wake 0.9353 gate 0.6212 dormant n gain 0.6747  [4] wake 0.6496 gate 0.6432 dormant n gain 0.6335  [5] wake 1.0000 gate 1.0000 dormant n gain 0.7200
  arm1@44.1k: finite y peak 0.1180 hi -32.28 dB [PASS]
  route arms: d(R_k, R_k0) 5.9129, attribBase d(R_0, R_00) 3.6651 (attributable iff d >= 5.1651)
  primary d 5.9129  bar 4.0000  attribBase 3.6651  state ok  -> PASS  loopsAlive y  lever: none
  levels: arms [y y y y] arm1@44.1k [y]
  take j=0 seed 8: peak 0.0980  arm1 hi -31.33 dB [yes]  arm2 lo -42.50 dB [yes]  arm3 late-sus +5.06 dB [yes]  arm4 tail -203.94 dB [yes]
  take j=1 seed 9: peak 0.1086  arm1 hi -31.98 dB [yes]  arm2 lo -41.29 dB [yes]  arm3 late-sus -4.16 dB [yes]  arm4 tail -203.61 dB [yes]
  take j=2 seed 10: peak 0.1084  arm1 hi -30.91 dB [yes]  arm2 lo -40.91 dB [yes]  arm3 late-sus +0.83 dB [yes]  arm4 tail -192.71 dB [yes]
  take j=3 seed 11: peak 0.0829  arm1 hi -31.83 dB [yes]  arm2 lo -36.72 dB [yes]  arm3 late-sus +0.70 dB [yes]  arm4 tail -188.39 dB [yes]
  take j=0 d 5.9129
  take j=1 d 3.3859
  take j=2 d 6.6595
  take j=3 d 6.0257
===============================================================================
All tests passed (56 assertions in 1 test case)

exit=0 END 2026-10-08 14:48:47
