START 2026-10-08 14:32:51 final_gate1_lifemax tree=c351fe0f+final (build_final.log) preset="" env: VORAGO_PROBE_SEEDS=6 VORAGO_PROBE_KNOBS=- VORAGO_PROBE_SURFACE=109=1
Filters: "Vorago_EcosystemRuleProbe"
Randomness seeded to: 3055712984
[probe] surface overrides: 109=1; knob filter: -; reference: none; wake bases: shipped (vorago_voice.h kPeakWakeBase / kLoopWakeBase)
[probe] multi-seed gate: 6 seeds x (on + true-off) on surface 109=1
seed   d(on,off)  on M1 RMS    off M1 RMS  
[probe] seed 0: rendering on (340 s)...
[probe] seed 0: rendering true-off (340 s)...
0      5.6621     -27.02       -26.18      
[probe] seed 1: rendering on (340 s)...
[probe] seed 1: rendering true-off (340 s)...
1      2.4168     -28.87       -26.66      
[probe] seed 2: rendering on (340 s)...
[probe] seed 2: rendering true-off (340 s)...
2      3.5018     -27.63       -26.50      
[probe] seed 3: rendering on (340 s)...
[probe] seed 3: rendering true-off (340 s)...
3      2.5082     -28.07       -26.79      
[probe] seed 4: rendering on (340 s)...
[probe] seed 4: rendering true-off (340 s)...
4      2.9082     -29.72       -28.10      
[probe] seed 5: rendering on (340 s)...
[probe] seed 5: rendering true-off (340 s)...
5      2.8666     -28.15       -26.58      
off-reseed pairs (consecutive seeds): 4.5842 3.1600 4.4236 6.5246 5.2359
GATE1M surface=109=1 seeds=6 median_d(on,off)=2.8874 min_d(on,off)=2.4168 median_t0off=4.5842 ratio=0.630 verdict=PASS (threshold 0.50, ruling 2026-09-28; the threshold is ruled on this data)
===============================================================================
All tests passed (382640 assertions in 1 test case)

exit=0 END 2026-10-08 15:00:56
