START 2026-10-08 14:47:41 final_minus6_M2 tree=c351fe0f+final (build_final.log) preset="Erosion" env: VORAGO_PILOT_TAKES=4 VORAGO_PILOT_MASTER_TRIM=-6 VORAGO_PILOT_SECONDARY=1
Filters: "Vorago_PresetPilot_PrimaryProbe"
Randomness seeded to: 2706643595
[probe] master trim -6 dB: kMasterGainId norm 0.5000 -> 0.2506
[probe] lever: none
[probe] Erosion - primary M2 Age (stored seed 14, 1 twin render(s))
  take: peak 0.1203  arm1 hi -30.31 dB [yes]  arm2 lo -42.45 dB [yes]  arm3 late-sus -0.99 dB [yes]  arm4 tail -186.42 dB [yes]
  arm1@44.1k: finite y peak 0.1071 hi -32.23 dB [PASS]
  primary d 4.5038  bar 4.0000  attribBase -1.0000  state ok  -> PASS  loopsAlive -  lever: none
  levels: arms [y y y y] arm1@44.1k [y]
  secondary D3.3 noise model GranularDust: d 6.0843 bar 1.5 state ok conjunct ok attribBase -1.0000 skip "" -> VERIFIED
  secondary D4.4 noise type VinylCrackle: d 0.0000 bar 1.5 state ok conjunct ok attribBase -1.0000 skip "state-only kind" -> VERIFIED
  secondary D4.5 noise type Asperity: d 0.0000 bar 1.5 state ok conjunct ok attribBase -1.0000 skip "state-only kind" -> VERIFIED
  secondary D4.6 noise type Brown: d 0.0000 bar 1.5 state ok conjunct ok attribBase -1.0000 skip "state-only kind" -> VERIFIED
  take j=0 seed 14: peak 0.1203  arm1 hi -30.31 dB [yes]  arm2 lo -42.45 dB [yes]  arm3 late-sus -0.99 dB [yes]  arm4 tail -186.42 dB [yes]
  take j=1 seed 15: peak 0.1337  arm1 hi -28.64 dB [yes]  arm2 lo -44.29 dB [yes]  arm3 late-sus +1.38 dB [yes]  arm4 tail -185.04 dB [yes]
  take j=2 seed 0: peak 0.1178  arm1 hi -29.66 dB [yes]  arm2 lo -39.47 dB [yes]  arm3 late-sus +0.32 dB [yes]  arm4 tail -173.55 dB [yes]
  take j=3 seed 1: peak 0.1250  arm1 hi -29.59 dB [yes]  arm2 lo -40.43 dB [yes]  arm3 late-sus -1.24 dB [yes]  arm4 tail -150.25 dB [yes]
  take j=0 d 4.5038
  take j=1 d 4.2430
  take j=2 d 5.0529
  take j=3 d 3.9060
===============================================================================
All tests passed (20 assertions in 1 test case)

exit=0 END 2026-10-08 15:24:20
