START 2026-10-08 14:32:51 final_minus6_E1 tree=c351fe0f+final (build_final.log) preset="Bloom Colony" env: VORAGO_PILOT_TAKES=4 VORAGO_PILOT_MASTER_TRIM=-6 VORAGO_PILOT_BLOOM=1
Filters: "Vorago_PresetPilot_PrimaryProbe"
Randomness seeded to: 975448087
[probe] master trim -6 dB: kMasterGainId norm 0.5000 -> 0.2506
[probe] lever: none
[probe] Bloom Colony - primary E1 partial -> bloom (stored seed 0, 4 twin render(s))
  take: peak 0.1682  arm1 hi -26.33 dB [yes]  arm2 lo -32.04 dB [yes]  arm3 late-sus +0.21 dB [yes]  arm4 tail -217.98 dB [yes]
  arm1@44.1k: finite y peak 0.1793 hi -26.10 dB [PASS]
  route arms: d(R_k, R_k0) 1.1829, attribBase d(R_0, R_00) 1.1047 (attributable iff d >= 2.6047)
  bloom R_k: spawn 1 discarded 0 spawned 0 refused 2 liveMean 5.984 depthMean 0.999
  bloom R_k0: spawn 0 discarded 0 spawned 0 refused 0 liveMean 4.984 depthMean 0.500
  primary d 1.1829  bar 4.0000  attribBase 1.1047  state ok  -> FAIL  loopsAlive -  lever: none
  levels: arms [y y y y] arm1@44.1k [y]
  take j=0 seed 0: peak 0.1682  arm1 hi -26.33 dB [yes]  arm2 lo -32.04 dB [yes]  arm3 late-sus +0.21 dB [yes]  arm4 tail -217.98 dB [yes]
  take j=1 seed 1: peak 0.1599  arm1 hi -27.07 dB [yes]  arm2 lo -31.03 dB [yes]  arm3 late-sus -0.05 dB [yes]  arm4 tail -214.49 dB [yes]
  take j=2 seed 2: peak 0.1844  arm1 hi -25.79 dB [yes]  arm2 lo -27.60 dB [yes]  arm3 late-sus +0.59 dB [yes]  arm4 tail -235.08 dB [yes]
  take j=3 seed 3: peak 0.1797  arm1 hi -26.02 dB [yes]  arm2 lo -30.78 dB [yes]  arm3 late-sus -1.92 dB [yes]  arm4 tail -228.21 dB [yes]
  take j=0 d 1.1829
  take j=1 d 2.6174
  take j=2 d 0.0738
  take j=3 d 1.8890
===============================================================================
All tests passed (47 assertions in 1 test case)

exit=0 END 2026-10-08 14:47:40
