START 2026-10-08 15:01:00 final_minus6_M4 tree=c351fe0f+final (build_final.log) preset="Drifting Strata" env: VORAGO_PILOT_TAKES=4 VORAGO_PILOT_MASTER_TRIM=-6 
Filters: "Vorago_PresetPilot_PrimaryProbe"
Randomness seeded to: 164039044
[probe] master trim -6 dB: kMasterGainId norm 0.5000 -> 0.2506
[probe] lever: none
[probe] Drifting Strata - primary M4 Movement (stored seed 3, 1 twin render(s))
  take: peak 0.5495  arm1 hi -20.17 dB [yes]  arm2 lo -27.92 dB [yes]  arm3 late-sus -1.71 dB [yes]  arm4 tail -168.24 dB [yes]
  arm1@44.1k: finite y peak 0.4711 hi -20.11 dB [PASS]
  primary d 0.8977  bar 4.0000  attribBase -1.0000  state ok  -> FAIL  loopsAlive -  lever: none
  levels: arms [y y y y] arm1@44.1k [y]
  take j=0 seed 3: peak 0.5495  arm1 hi -20.17 dB [yes]  arm2 lo -27.92 dB [yes]  arm3 late-sus -1.71 dB [yes]  arm4 tail -168.24 dB [yes]
  take j=1 seed 4: peak 0.4959  arm1 hi -20.97 dB [yes]  arm2 lo -27.93 dB [yes]  arm3 late-sus +2.08 dB [yes]  arm4 tail -191.37 dB [yes]
  take j=2 seed 5: peak 0.6593  arm1 hi -20.28 dB [yes]  arm2 lo -27.60 dB [yes]  arm3 late-sus +0.60 dB [yes]  arm4 tail -193.20 dB [yes]
  take j=3 seed 6: peak 0.7334  arm1 hi -19.49 dB [yes]  arm2 lo -27.20 dB [yes]  arm3 late-sus +0.98 dB [yes]  arm4 tail -187.60 dB [yes]
  take j=0 d 0.8977
  take j=1 d 7.5173
  take j=2 d 1.2070
  take j=3 d 2.1304
===============================================================================
All tests passed (19 assertions in 1 test case)

exit=0 END 2026-10-08 15:13:37
