START 2026-10-08 15:08:30 final_minus6_M10 tree=c351fe0f+final (build_final.log) preset="Teeming" env: VORAGO_PILOT_TAKES=4 VORAGO_PILOT_MASTER_TRIM=-6 VORAGO_PILOT_OVERRIDE=900=0.15
Filters: "Vorago_PresetPilot_PrimaryProbe"
Randomness seeded to: 732781743
[probe] override 900 = 0.150000 (replaced)
[probe] master trim -6 dB: kMasterGainId norm 0.5000 -> 0.2506
[probe] lever: none
[probe] Teeming - primary M10 Life (stored seed 11, 1 twin render(s))
  take: peak 0.1085  arm1 hi -30.89 dB [yes]  arm2 lo -38.31 dB [yes]  arm3 late-sus +1.42 dB [yes]  arm4 tail -162.21 dB [yes]
  arm1@44.1k: finite y peak 0.1233 hi -30.10 dB [PASS]
  primary d 4.6259  bar 4.0000  attribBase -1.0000  state ok  -> PASS  loopsAlive -  lever: none
  levels: arms [y y y y] arm1@44.1k [y]
  take j=0 seed 11: peak 0.1085  arm1 hi -30.89 dB [yes]  arm2 lo -38.31 dB [yes]  arm3 late-sus +1.42 dB [yes]  arm4 tail -162.21 dB [yes]
  take j=1 seed 12: peak 0.1303  arm1 hi -30.77 dB [yes]  arm2 lo -37.12 dB [yes]  arm3 late-sus +0.82 dB [yes]  arm4 tail -164.88 dB [yes]
  take j=2 seed 13: peak 0.1359  arm1 hi -29.09 dB [yes]  arm2 lo -36.35 dB [yes]  arm3 late-sus -0.24 dB [yes]  arm4 tail -137.05 dB [yes]
  take j=3 seed 14: peak 0.1125  arm1 hi -30.00 dB [yes]  arm2 lo -33.04 dB [yes]  arm3 late-sus +0.79 dB [yes]  arm4 tail -177.68 dB [yes]
  take j=0 d 4.6259
  take j=1 d 4.3711
  take j=2 d 7.3914
  take j=3 d 4.7942
===============================================================================
All tests passed (20 assertions in 1 test case)

exit=0 END 2026-10-08 15:27:25
