START 2026-10-08 15:00:56 final_M4 tree=c351fe0f+final (build_final.log) preset="Drifting Strata" env: VORAGO_PILOT_TAKES=4 
Filters: "Vorago_PresetPilot_PrimaryProbe"
Randomness seeded to: 1895095867
[probe] lever: none
[probe] Drifting Strata - primary M4 Movement (stored seed 3, 1 twin render(s))
  take: peak 0.9661  arm1 hi -14.26 dB [yes]  arm2 lo -21.93 dB [yes]  arm3 late-sus -1.72 dB [yes]  arm4 tail -162.24 dB [yes]
  arm1@44.1k: finite y peak 0.9187 hi -14.15 dB [PASS]
  primary d 0.8804  bar 4.0000  attribBase -1.0000  state ok  -> FAIL  loopsAlive -  lever: none
  levels: arms [y y y y] arm1@44.1k [y]
  take j=0 seed 3: peak 0.9661  arm1 hi -14.26 dB [yes]  arm2 lo -21.93 dB [yes]  arm3 late-sus -1.72 dB [yes]  arm4 tail -162.24 dB [yes]
  take j=1 seed 4: peak 0.9661  arm1 hi -15.01 dB [yes]  arm2 lo -21.94 dB [yes]  arm3 late-sus +2.08 dB [yes]  arm4 tail -185.37 dB [yes]
  take j=2 seed 5: peak 0.9661  arm1 hi -14.32 dB [yes]  arm2 lo -21.61 dB [yes]  arm3 late-sus +0.61 dB [yes]  arm4 tail -187.20 dB [yes]
  take j=3 seed 6: peak 0.9661  arm1 hi -13.66 dB [yes]  arm2 lo -21.21 dB [yes]  arm3 late-sus +0.97 dB [yes]  arm4 tail -181.60 dB [yes]
  take j=0 d 0.8804
  take j=1 d 7.5150
  take j=2 d 1.1697
  take j=3 d 2.1116
===============================================================================
All tests passed (19 assertions in 1 test case)

exit=0 END 2026-10-08 15:13:32
