START 2026-10-08 14:48:15 final_M5 tree=c351fe0f+final (build_final.log) preset="Stone Gravity" env: VORAGO_PILOT_TAKES=4 VORAGO_PILOT_SECONDARY=1
Filters: "Vorago_PresetPilot_PrimaryProbe"
Randomness seeded to: 4184110668
[probe] lever: none
[probe] Stone Gravity - primary M5 Gravity (stored seed 1, 1 twin render(s))
  take: peak 0.9661  arm1 hi -7.20 dB [yes]  arm2 lo -22.86 dB [yes]  arm3 late-sus +1.12 dB [yes]  arm4 tail -219.24 dB [yes]
  arm1@44.1k: finite y peak 0.9661 hi -7.28 dB [PASS]
  primary d 3.1908  bar 4.0000  attribBase -1.0000  state ok  -> FAIL  loopsAlive -  lever: none
  levels: arms [y y y y] arm1@44.1k [y]
  secondary D5.3 anchor Hybrid: d 0.0000 bar 1.5 state ok conjunct ok attribBase -1.0000 skip "state-only kind" -> VERIFIED
  take j=0 seed 1: peak 0.9661  arm1 hi -7.20 dB [yes]  arm2 lo -22.86 dB [yes]  arm3 late-sus +1.12 dB [yes]  arm4 tail -219.24 dB [yes]
  take j=1 seed 2: peak 0.9661  arm1 hi -6.20 dB [yes]  arm2 lo -26.65 dB [yes]  arm3 late-sus +2.26 dB [yes]  arm4 tail -226.36 dB [yes]
  take j=2 seed 3: peak 0.9661  arm1 hi -10.43 dB [yes]  arm2 lo -25.15 dB [yes]  arm3 late-sus +3.90 dB [yes]  arm4 tail -221.86 dB [yes]
  take j=3 seed 4: peak 0.9661  arm1 hi -6.95 dB [yes]  arm2 lo -16.90 dB [yes]  arm3 late-sus +2.14 dB [yes]  arm4 tail -223.89 dB [yes]
  take j=0 d 3.1908
  take j=1 d 1.7571
  take j=2 d 2.5760
  take j=3 d 0.8524
===============================================================================
All tests passed (20 assertions in 1 test case)

exit=0 END 2026-10-08 15:24:58
