START 2026-10-08 14:32:51 final_ghost_harvest_1 tree=c351fe0f+final (build_final.log) preset="" env: P13D_NOENV=1
Filters: "VoragoEngine_GhostExtensionWiring"
Randomness seeded to: 191483881

~~~~~~~~~~~~~~~~~~~~~~~~~~~~~~~~~~~~~~~~~~~~~~~~~~~~~~~~~~~~~~~~~~~~~~~~~~~~~~~
dsp_systems_tests.exe is a Catch2 v3.4.0 host application.
Run with -? for options

-------------------------------------------------------------------------------
VoragoEngine_GhostExtensionWiring
  clause (a) - the 60 s default render is unchanged from the base commit
-------------------------------------------------------------------------------
F:\projects\iterum\dsp\tests\unit\systems\vorago_ghost_ext_test.cpp(461)
...............................................................................

F:\projects\iterum\dsp\tests\unit\systems\vorago_ghost_ext_test.cpp(512): warning:
  SC-010 (a) fingerprint arm ran in 10.6019 s

-------------------------------------------------------------------------------
VoragoEngine_GhostExtensionWiring
  clause (c) - the closed gate spawns nothing while the events still fire
-------------------------------------------------------------------------------
F:\projects\iterum\dsp\tests\unit\systems\vorago_ghost_ext_test.cpp(525)
...............................................................................

F:\projects\iterum\dsp\tests\unit\systems\vorago_ghost_ext_test.cpp(560): warning:
  SC-010 (c) closed-gate arm: 600 s at 8000 Hz ran in 20.017 s; max ghost
  request 0.992646

-------------------------------------------------------------------------------
VoragoEngine_GhostExtensionWiring
  clause (e) - atmosGhostReverseProbability reaches the component
-------------------------------------------------------------------------------
F:\projects\iterum\dsp\tests\unit\systems\vorago_ghost_ext_test.cpp(580)
...............................................................................

F:\projects\iterum\dsp\tests\unit\systems\vorago_ghost_ext_test.cpp(612): warning:
  SC-010 (e) reverse-wire arm: 25 grains born, all reverse; ran in 2.92683 s

===============================================================================
All tests passed (27 assertions in 1 test case)

exit=0 END 2026-10-08 14:33:25
