START 2026-10-08 14:32:51 final_gate1_default tree=c351fe0f+final (build_final.log) preset="" env: VORAGO_PROBE_SEEDS=6 VORAGO_PROBE_KNOBS=-
Filters: "Vorago_EcosystemRuleProbe"
Randomness seeded to: 217355360
[probe] surface overrides: none; knob filter: -; reference: none; wake bases: shipped (vorago_voice.h kPeakWakeBase / kLoopWakeBase)
[probe] multi-seed gate: 6 seeds x (on + true-off) on surface default
seed   d(on,off)  on M1 RMS    off M1 RMS  
[probe] seed 0: rendering on (340 s)...
[probe] seed 0: rendering true-off (340 s)...
0      2.9080     -26.97       -26.32      
[probe] seed 1: rendering on (340 s)...
[probe] seed 1: rendering true-off (340 s)...
1      1.9659     -27.64       -26.13      
[probe] seed 2: rendering on (340 s)...
[probe] seed 2: rendering true-off (340 s)...
2      2.5432     -26.91       -25.44      
[probe] seed 3: rendering on (340 s)...
[probe] seed 3: rendering true-off (340 s)...
3      1.4465     -26.35       -25.61      
[probe] seed 4: rendering on (340 s)...
[probe] seed 4: rendering true-off (340 s)...
4      2.4307     -29.68       -26.93      
[probe] seed 5: rendering on (340 s)...
[probe] seed 5: rendering true-off (340 s)...
5      1.8187     -27.24       -26.18      
off-reseed pairs (consecutive seeds): 2.0376 1.0794 4.2171 5.9901 2.2102
GATE1M surface=default seeds=6 median_d(on,off)=2.1983 min_d(on,off)=1.4465 median_t0off=2.2102 ratio=0.995 verdict=PASS (threshold 0.50, ruling 2026-09-28; the threshold is ruled on this data)
===============================================================================
All tests passed (382640 assertions in 1 test case)

exit=0 END 2026-10-08 15:01:00
