START 2026-10-07 09:46:36 table-lifemax-base t0=4.5842 tree=5bda20c1 binary=base as-compiled env: VORAGO_PROBE_SURFACE=109=1 VORAGO_PROBE_T0=4.5842
Filters: "Vorago_EcosystemRuleProbe"
Randomness seeded to: 2218555706
[probe] surface overrides: 109=1; knob filter: all; reference: none + true-off; wake bases: shipped (vorago_voice.h kPeakWakeBase / kLoopWakeBase)
[probe] rendering default surface (340 s)...
[probe] rendering seed twin (340 s)...
[probe] rendering true-off reference (340 s)...
[probe] rendering true-off seed twin (340 s)...
t0 pinned by VORAGO_PROBE_T0 = 4.5842 (six-seed median off-reseed); this run's own off pair = 4.5842
[probe] rendering predation = 0 (340 s)...
[probe] rendering predation = 1 (340 s)...
[probe] rendering syncRate = 0.5 (340 s)...
[probe] rendering exchangeRate = 0 (340 s)...
[probe] rendering exchangeRate = 3 (340 s)...
[probe] rendering crowding = 0 (340 s)...
[probe] rendering crowding = 0.2 (340 s)...
[probe] rendering forageRate = 0 (340 s)...
[probe] rendering forageRate = 0.05 (340 s)...
[probe] rendering feedRate = 1 (340 s)...
[probe] rendering grazeRate = 0 (340 s)...
[probe] rendering grazeRate = 3 (340 s)...
[probe] rendering leakRate = 0 (340 s)...
[probe] rendering leakRate = 1 (340 s)...
[probe] rendering moveRate = 0 (340 s)...
[probe] rendering moveRate = 0.5 (340 s)...
[probe] rendering maxSpeed = 0.001 (340 s)...
[probe] rendering maxSpeed = 0.05 (340 s)...
[probe] rendering kernelSigma = 0.01 (340 s)...
[probe] rendering kernelSigma = 0.35 (340 s)...
[probe] rendering freqDrift = 0 (340 s)...
[probe] rendering freqDrift = 0.0002 (340 s)...
[probe] rendering selfAffinity = -2 (340 s)...
[probe] rendering selfAffinity = 2 (340 s)...
[probe] rendering crossAffinity = -2 (340 s)...
[probe] rendering crossAffinity = 2 (340 s)...

=== Vorago_EcosystemRuleProbe (FR-070) ===
renders: 28 (default + seed twin + 26 extremes), 340 s each, 48 kHz, block 512
surface overrides: 109=1; wake bases: shipped (vorago_voice.h kPeakWakeBase / kLoopWakeBase)
default M1 stereo RMS: -27.04 dBFS
default per-minute: M1 RMS -27.04 dBFS colony 0.483648 | M2 RMS -26.64 dBFS colony 0.481807 | M3 RMS -25.86 dBFS colony 0.482763
t0on = d(default, seed twin) = 3.8242   (ecosystem on; informational since 2026-09-28)
t0 = d(true-off, true-off seed twin) = 4.5842   INAUDIBLE threshold f*t0 = 2.2921   (f = 0.50; the yardstick: non-ecosystem randomness, rulings 2026-09-28)
DESCRIPTOR default band=7.454268,-0.176038,-4.727607,-4.383020,-10.006136,-13.097335,-15.933588,-17.120991,-17.858808 motion=0.163099 flux=-2.222865 corr=-3.531840 energySpread=1.375500 crest=3.925752
DESCRIPTOR trueoff band=7.625347,-0.031576,-5.742881,-8.913213,-12.072790,-13.735241,-14.830431,-15.798554,-16.515536 motion=0.185432 flux=-2.312226 corr=-3.528602 energySpread=0.621603 crest=3.161628
true-off reference (FR-007, offValid): d(default, true-off) = 5.6756   d/t0 = 1.238   M1 RMS -26.18 dBFS
GATE1 surface=109=1 t0=4.5842 t0on=3.8242 d(on,off)=5.6756 d/t0=1.238 verdict=PASS

knob           range              default    extreme      d         d/t0      dOff/t0   flags / E cells (P-4)
kernelSigma    [0.01, 0.35]       0.03       0.01         0.4178    0.091     1.198     INAUDIBLE .lo,.hi
                 M1 rms -26.61 dBFS  dRMS +0.42 dB  colony 0.447559  colony/base 0.925
                 M2 rms -26.52 dBFS  dRMS +0.12 dB  colony 0.443083  colony/base 0.920
                 M3 rms -26.04 dBFS  dRMS -0.19 dB  colony 0.443810  colony/base 0.919
                                             0.35         3.0923    0.675     0.621     counted 
                 M1 rms -25.19 dBFS  dRMS +1.85 dB  colony 0.257574  colony/base 0.533
                 M2 rms -25.28 dBFS  dRMS +1.35 dB  colony 0.251649  colony/base 0.522
                 M3 rms -25.31 dBFS  dRMS +0.54 dB  colony 0.256891  colony/base 0.532
               best counted d 3.0923 (d/t0 0.675)   max d 3.0923 (d/t0 0.675)
leakRate       [0, 1]             0.06       0            2.7773    0.606     0.843     counted .lo,.hi
                 M1 rms -25.90 dBFS  dRMS +1.14 dB  colony 0.481558  colony/base 0.996
                 M2 rms -26.84 dBFS  dRMS -0.20 dB  colony 0.464615  colony/base 0.964
                 M3 rms -26.56 dBFS  dRMS -0.70 dB  colony 0.455870  colony/base 0.944
                                             1            5.6153    1.225     0.062     OFF-LIKE 
                 M1 rms -26.33 dBFS  dRMS +0.70 dB  colony 0.077918  colony/base 0.161
                 M2 rms -26.09 dBFS  dRMS +0.55 dB  colony 0.077459  colony/base 0.161
                 M3 rms -25.77 dBFS  dRMS +0.08 dB  colony 0.077976  colony/base 0.162
               best counted d 2.7773 (d/t0 0.606)   max d 5.6153 (d/t0 1.225)
moveRate       [0, 0.5]           0.2        0            0.3542    0.077     1.213     INAUDIBLE .lo,.hi
                 M1 rms -26.93 dBFS  dRMS +0.11 dB  colony 0.483756  colony/base 1.000
                 M2 rms -26.75 dBFS  dRMS -0.12 dB  colony 0.481989  colony/base 1.000
                 M3 rms -25.80 dBFS  dRMS +0.05 dB  colony 0.482784  colony/base 1.000
                                             0.5          2.4927    0.544     1.065     counted 
                 M1 rms -26.41 dBFS  dRMS +0.62 dB  colony 0.480482  colony/base 0.993
                 M2 rms -26.79 dBFS  dRMS -0.16 dB  colony 0.480353  colony/base 0.997
                 M3 rms -25.90 dBFS  dRMS -0.04 dB  colony 0.482240  colony/base 0.999
               best counted d 2.4927 (d/t0 0.544)   max d 2.4927 (d/t0 0.544)
grazeRate      [0, 3]             0.75       0            5.6708    1.237     0.002     OFF-LIKE .lo,.hi
                 M1 rms -26.19 dBFS  dRMS +0.85 dB  colony 0.000004  colony/base 0.000
                 M2 rms -25.94 dBFS  dRMS +0.70 dB  colony 0.000000  colony/base 0.000
                 M3 rms -25.67 dBFS  dRMS +0.18 dB  colony 0.000000  colony/base 0.000
                                             3            0.3331    0.073     1.287     INAUDIBLE 
                 M1 rms -27.11 dBFS  dRMS -0.07 dB  colony 0.495508  colony/base 1.025
                 M2 rms -26.71 dBFS  dRMS -0.07 dB  colony 0.494287  colony/base 1.026
                 M3 rms -25.79 dBFS  dRMS +0.06 dB  colony 0.494776  colony/base 1.025
               best counted d 0.0000 (d/t0 0.000) [none counted]   max d 5.6708 (d/t0 1.237)
syncRate       [0, 0.5]           0          0.5          1.8915    0.413     1.180     INAUDIBLE .hi
                 M1 rms -26.84 dBFS  dRMS +0.20 dB  colony 0.478464  colony/base 0.989
                 M2 rms -26.49 dBFS  dRMS +0.15 dB  colony 0.483353  colony/base 1.003
                 M3 rms -25.94 dBFS  dRMS -0.09 dB  colony 0.482871  colony/base 1.000
               best counted d 0.0000 (d/t0 0.000) [none counted]   max d 1.8915 (d/t0 0.413)
exchangeRate   [0, 3]             0.35       0            0.2516    0.055     1.191     INAUDIBLE .lo,.hi
                 M1 rms -26.77 dBFS  dRMS +0.27 dB  colony 0.483680  colony/base 1.000
                 M2 rms -26.63 dBFS  dRMS +0.00 dB  colony 0.481860  colony/base 1.000
                 M3 rms -25.78 dBFS  dRMS +0.08 dB  colony 0.482674  colony/base 1.000
                                             3            1.8294    0.399     1.014     INAUDIBLE 
                 M1 rms -27.38 dBFS  dRMS -0.34 dB  colony 0.478820  colony/base 0.990
                 M2 rms -26.31 dBFS  dRMS +0.33 dB  colony 0.471728  colony/base 0.979
                 M3 rms -26.04 dBFS  dRMS -0.18 dB  colony 0.477065  colony/base 0.988
               best counted d 0.0000 (d/t0 0.000) [none counted]   max d 1.8294 (d/t0 0.399)
freqDrift      [0, 0.0002]        4e-05      0            0.3235    0.071     1.190     INAUDIBLE .lo,.hi
                 M1 rms -27.05 dBFS  dRMS -0.01 dB  colony 0.483215  colony/base 0.999
                 M2 rms -26.58 dBFS  dRMS +0.06 dB  colony 0.482106  colony/base 1.001
                 M3 rms -25.74 dBFS  dRMS +0.11 dB  colony 0.483391  colony/base 1.001
                                             0.0002       1.7747    0.387     1.037     INAUDIBLE 
                 M1 rms -26.66 dBFS  dRMS +0.38 dB  colony 0.484365  colony/base 1.001
                 M2 rms -26.75 dBFS  dRMS -0.11 dB  colony 0.479770  colony/base 0.996
                 M3 rms -26.22 dBFS  dRMS -0.37 dB  colony 0.482296  colony/base 0.999
               best counted d 0.0000 (d/t0 0.000) [none counted]   max d 1.7747 (d/t0 0.387)
predation      [0, 1]             0.55       0            0.5830    0.127     1.267     INAUDIBLE .lo,.hi
                 M1 rms -26.82 dBFS  dRMS +0.22 dB  colony 0.483628  colony/base 1.000
                 M2 rms -26.36 dBFS  dRMS +0.28 dB  colony 0.481813  colony/base 1.000
                 M3 rms -25.91 dBFS  dRMS -0.05 dB  colony 0.482589  colony/base 1.000
                                             1            1.7143    0.374     0.979     INAUDIBLE 
                 M1 rms -27.45 dBFS  dRMS -0.41 dB  colony 0.481935  colony/base 0.996
                 M2 rms -26.28 dBFS  dRMS +0.36 dB  colony 0.477264  colony/base 0.991
                 M3 rms -26.08 dBFS  dRMS -0.23 dB  colony 0.479259  colony/base 0.993
               best counted d 0.0000 (d/t0 0.000) [none counted]   max d 1.7143 (d/t0 0.374)
selfAffinity   [-2, 2]            -1         -2           0.0163    0.004     1.236     INAUDIBLE .lo,.hi
                 M1 rms -27.02 dBFS  dRMS +0.01 dB  colony 0.483648  colony/base 1.000
                 M2 rms -26.63 dBFS  dRMS +0.00 dB  colony 0.481804  colony/base 1.000
                 M3 rms -25.84 dBFS  dRMS +0.02 dB  colony 0.482762  colony/base 1.000
                                             2            0.8142    0.178     1.364     INAUDIBLE 
                 M1 rms -27.20 dBFS  dRMS -0.16 dB  colony 0.483607  colony/base 1.000
                 M2 rms -27.08 dBFS  dRMS -0.44 dB  colony 0.479787  colony/base 0.996
                 M3 rms -25.86 dBFS  dRMS -0.00 dB  colony 0.481917  colony/base 0.998
               best counted d 0.0000 (d/t0 0.000) [none counted]   max d 0.8142 (d/t0 0.178)
forageRate     [0, 0.05]          0.01       0            0.7980    0.174     1.357     INAUDIBLE .lo,.hi
                 M1 rms -27.28 dBFS  dRMS -0.25 dB  colony 0.477793  colony/base 0.988
                 M2 rms -26.73 dBFS  dRMS -0.09 dB  colony 0.474865  colony/base 0.986
                 M3 rms -25.91 dBFS  dRMS -0.06 dB  colony 0.479307  colony/base 0.993
                                             0.05         0.5168    0.113     1.145     INAUDIBLE 
                 M1 rms -26.69 dBFS  dRMS +0.35 dB  colony 0.483601  colony/base 1.000
                 M2 rms -26.60 dBFS  dRMS +0.04 dB  colony 0.482452  colony/base 1.001
                 M3 rms -25.88 dBFS  dRMS -0.02 dB  colony 0.483212  colony/base 1.001
               best counted d 0.0000 (d/t0 0.000) [none counted]   max d 0.7980 (d/t0 0.174)
crowding       [0, 0.2]           0.05       0            0.4092    0.089     1.190     INAUDIBLE .lo,.hi
                 M1 rms -26.77 dBFS  dRMS +0.27 dB  colony 0.482656  colony/base 0.998
                 M2 rms -26.57 dBFS  dRMS +0.07 dB  colony 0.481773  colony/base 1.000
                 M3 rms -25.90 dBFS  dRMS -0.04 dB  colony 0.482547  colony/base 1.000
                                             0.2          0.1195    0.026     1.242     INAUDIBLE 
                 M1 rms -26.96 dBFS  dRMS +0.08 dB  colony 0.483631  colony/base 1.000
                 M2 rms -26.65 dBFS  dRMS -0.01 dB  colony 0.481823  colony/base 1.000
                 M3 rms -25.84 dBFS  dRMS +0.01 dB  colony 0.482764  colony/base 1.000
               best counted d 0.0000 (d/t0 0.000) [none counted]   max d 0.4092 (d/t0 0.089)
crossAffinity  [-2, 2]            0.45       -2           0.2850    0.062     1.189     INAUDIBLE .lo,.hi
                 M1 rms -26.81 dBFS  dRMS +0.22 dB  colony 0.483851  colony/base 1.000
                 M2 rms -26.79 dBFS  dRMS -0.15 dB  colony 0.482050  colony/base 1.001
                 M3 rms -25.84 dBFS  dRMS +0.02 dB  colony 0.482839  colony/base 1.000
                                             2            0.2872    0.063     1.230     INAUDIBLE 
                 M1 rms -27.03 dBFS  dRMS +0.01 dB  colony 0.483315  colony/base 0.999
                 M2 rms -26.59 dBFS  dRMS +0.05 dB  colony 0.481531  colony/base 0.999
                 M3 rms -25.96 dBFS  dRMS -0.11 dB  colony 0.482449  colony/base 0.999
               best counted d 0.0000 (d/t0 0.000) [none counted]   max d 0.2872 (d/t0 0.063)
maxSpeed       [0.001, 0.05]      0.03       0.001        0.1704    0.037     1.261     INAUDIBLE .lo,.hi
                 M1 rms -26.99 dBFS  dRMS +0.05 dB  colony 0.483064  colony/base 0.999
                 M2 rms -26.61 dBFS  dRMS +0.03 dB  colony 0.481045  colony/base 0.998
                 M3 rms -25.83 dBFS  dRMS +0.03 dB  colony 0.482379  colony/base 0.999
                                             0.05         0.0037    0.001     1.238     INAUDIBLE 
                 M1 rms -27.04 dBFS  dRMS +0.00 dB  colony 0.483648  colony/base 1.000
                 M2 rms -26.64 dBFS  dRMS -0.00 dB  colony 0.481807  colony/base 1.000
                 M3 rms -25.86 dBFS  dRMS -0.00 dB  colony 0.482763  colony/base 1.000
               best counted d 0.0000 (d/t0 0.000) [none counted]   max d 0.1704 (d/t0 0.037)
feedRate       [0, 1]             0          1            0.0572    0.012     1.234     INAUDIBLE .hi
                 M1 rms -27.04 dBFS  dRMS -0.01 dB  colony 0.483637  colony/base 1.000
                 M2 rms -26.63 dBFS  dRMS +0.00 dB  colony 0.481808  colony/base 1.000
                 M3 rms -25.85 dBFS  dRMS +0.00 dB  colony 0.482763  colony/base 1.000
               best counted d 0.0000 (d/t0 0.000) [none counted]   max d 0.0572 (d/t0 0.012)

audible non-kill knobs: 3 of 14
table for Phase 14 Q2 — no roster named here
===============================================================================
All tests passed (956583 assertions in 1 test case)

exit=0 END 2026-10-07 10:25:06
