START 2026-10-07 19:55:46 ie67_lanes_lifemax tree=f376785f+G2 working copy (build_g2.log) env: VORAGO_PROBE_SEEDS=6 VORAGO_PROBE_KNOBS=- VORAGO_PROBE_SURFACE=109=1 VORAGO_PROBE_LANES=1 case: Vorago_EcosystemRuleProbe
Filters: "Vorago_EcosystemRuleProbe"
Randomness seeded to: 3029045321
[probe] surface overrides: 109=1; knob filter: -; reference: none; wake bases: shipped (vorago_voice.h kPeakWakeBase / kLoopWakeBase)
[probe] multi-seed gate: 6 seeds x (on + true-off) on surface 109=1
seed   d(on,off)  on M1 RMS    off M1 RMS  
[probe] seed 0: rendering on (340 s)...
[probe] seed 0: rendering true-off (340 s)...
0      5.6756     -27.04       -26.18      
[probe] seed 1: rendering on (340 s)...
[probe] seed 1: rendering true-off (340 s)...
1      2.4239     -28.88       -26.66      
[probe] seed 2: rendering on (340 s)...
[probe] seed 2: rendering true-off (340 s)...
2      3.5039     -27.64       -26.50      
[probe] seed 3: rendering on (340 s)...
[probe] seed 3: rendering true-off (340 s)...
3      2.5075     -28.07       -26.79      
[probe] seed 4: rendering on (340 s)...
[probe] seed 4: rendering true-off (340 s)...
4      2.9038     -29.72       -28.10      
[probe] seed 5: rendering on (340 s)...
[probe] seed 5: rendering true-off (340 s)...
5      2.8659     -28.16       -26.58      
off-reseed pairs (consecutive seeds): 4.5842 3.1601 4.4232 6.5244 5.2359
GATE1M surface=109=1 seeds=6 median_d(on,off)=2.8849 min_d(on,off)=2.4239 median_t0off=4.5842 ratio=0.629 verdict=PASS (threshold 0.50, ruling 2026-09-28; the threshold is ruled on this data)
===============================================================================
All tests passed (382640 assertions in 1 test case)

exit=0 END 2026-10-07 20:25:46
