START 2026-10-07 20:06:11 ie67_readback tree=f376785f+G2 working copy (build_g2.log) VORAGO_PILOT_PRESET="Colony Pulse" env: VORAGO_PILOT_READBACK=1 case: Vorago_PresetPilot_PrimaryProbe
Filters: "Vorago_PresetPilot_PrimaryProbe"
Randomness seeded to: 958873441
[probe] lever: none
  readback life 0.45: EcosystemDepth dest 1.000000 rowsum 1.067500 [CLAMPED]
  readback life 0.45: EventRateScale dest 8.049999 rowsum 8.050000 [ok]
  readback life 0.45: BloomSpawnRateHz dest 0.008379 rowsum 0.008379 [ok]
  readback life 0.00: EcosystemDepth dest 1.000000 rowsum 1.000000 [ok]
  readback life 0.00: EventRateScale dest 4.000000 rowsum 4.000000 [ok]
  readback life 0.00: BloomSpawnRateHz dest 0.004167 rowsum 0.004167 [ok]
  readback life 1.00: EcosystemDepth dest 1.000000 rowsum 1.150000 [CLAMPED]
  readback life 1.00: EventRateScale dest 10.000000 rowsum 13.000000 [CLAMPED]
  readback life 1.00: BloomSpawnRateHz dest 0.024967 rowsum 0.024967 [ok]
[probe] Colony Pulse - primary S7 ecosystem (stored seed 8, 1 twin render(s))
  take: peak 0.9661  arm1 hi -14.69 dB [yes]  arm2 lo -26.56 dB [yes]  arm3 late-sus -1.43 dB [yes]  arm4 tail -151.31 dB [yes]
  arm1@44.1k: finite y peak 0.9661 hi -16.56 dB [PASS]
  primary d 13.9144  bar 4.0000  attribBase -1.0000  state ok  -> PASS  loopsAlive -  lever: none
  levels: arms [y y y y] arm1@44.1k [y]
===============================================================================
All tests passed (22 assertions in 1 test case)

exit=0 END 2026-10-07 20:14:21
