T022 step 6a: Movement members cancelled one at a time (VORAGO_ROWPROBE negative amount = shipped row amount), G2 binary

######## cancel CloudDriftDepthCents
START 2026-10-07 19:56:42 im4_cancel_CloudDriftDepthCents tree=f376785f+G2 working copy (build_g2.log) env: VORAGO_ROWPROBE=Movement:CloudDriftDepthCents:-42:Linear VORAGO_ROWPROBE_ROWS=Movement case: VoragoMacro_Phase13dRowProbe
Filters: "VoragoMacro_Phase13dRowProbe"
Randomness seeded to: 1232318913
Phase 13d row-emulation probe (SweepAxes fixture: seeds 101/202/303 x points 0/.25/.5/.75/1 x 60 s @ 48 kHz; window samples [480000, 2880000); polyphony 1; fast attack; macros after noteOn; Life 210 s, edges over [90 s, 210 s])
Delta entries (1):
  Movement -> CloudDriftDepthCents  delta=-42.0000 Linear  (shipped amount on this row=42.0000, target base=8.0000)
ROW Movement  per-band total variation
    seed 101 [0, .25, .5, .75, 1]: [1.3810, 1.4585, 1.7116, 1.7305, 1.6017]  rho=0.7000  endpoint=0.1598
    seed 202 [0, .25, .5, .75, 1]: [1.3130, 1.3089, 1.2980, 1.4865, 1.5913]  rho=0.6000  endpoint=0.2120
    seed 303 [0, .25, .5, .75, 1]: [1.1656, 1.2305, 1.2894, 1.2877, 1.3627]  rho=0.9000  endpoint=0.1691
    mean metric [0, .25, .5, .75, 1]: [1.2865, 1.3327, 1.4330, 1.5016, 1.5186]
    mean rho=0.7333 (need >= 0.9, MISS)  mean endpoint=0.1804 (need >= 0.2000, MISS)  -> FAIL

==== ROWPROBE SUMMARY (row | mean rho | mean endpoint | threshold | verdict) ====
  Movement  per-band total variation                  rho=  0.7333  endpoint=   0.1804  threshold=0.2000  FAIL
===============================================================================
test cases: 1 | 1 passed
assertions: - none -

exit=0 END 2026-10-07 20:02:06

######## cancel ResonanceWanderRate
START 2026-10-07 19:56:42 im4_cancel_ResonanceWanderRate tree=f376785f+G2 working copy (build_g2.log) env: VORAGO_ROWPROBE=Movement:ResonanceWanderRate:-0.97:Exponential VORAGO_ROWPROBE_ROWS=Movement case: VoragoMacro_Phase13dRowProbe
Filters: "VoragoMacro_Phase13dRowProbe"
Randomness seeded to: 2476337329
Phase 13d row-emulation probe (SweepAxes fixture: seeds 101/202/303 x points 0/.25/.5/.75/1 x 60 s @ 48 kHz; window samples [480000, 2880000); polyphony 1; fast attack; macros after noteOn; Life 210 s, edges over [90 s, 210 s])
Delta entries (1):
  Movement -> ResonanceWanderRate  delta=-0.9700 Exponential  (shipped amount on this row=0.9700, target base=0.0300)
ROW Movement  per-band total variation
    seed 101 [0, .25, .5, .75, 1]: [1.3810, 1.5189, 1.5567, 1.5200, 1.5794]  rho=0.9000  endpoint=0.1437
    seed 202 [0, .25, .5, .75, 1]: [1.3130, 1.7425, 1.7244, 1.7192, 1.7384]  rho=0.3000  endpoint=0.3240
    seed 303 [0, .25, .5, .75, 1]: [1.1656, 1.2070, 1.2462, 1.2986, 1.3550]  rho=1.0000  endpoint=0.1625
    mean metric [0, .25, .5, .75, 1]: [1.2865, 1.4895, 1.5091, 1.5126, 1.5576]
    mean rho=0.7333 (need >= 0.9, MISS)  mean endpoint=0.2107 (need >= 0.2000, ok)  -> FAIL

==== ROWPROBE SUMMARY (row | mean rho | mean endpoint | threshold | verdict) ====
  Movement  per-band total variation                  rho=  0.7333  endpoint=   0.2107  threshold=0.2000  FAIL
===============================================================================
test cases: 1 | 1 passed
assertions: - none -

exit=0 END 2026-10-07 20:02:05

######## cancel NoiseWanderRate
START 2026-10-07 19:56:42 im4_cancel_NoiseWanderRate tree=f376785f+G2 working copy (build_g2.log) env: VORAGO_ROWPROBE=Movement:NoiseWanderRate:-0.97:Exponential VORAGO_ROWPROBE_ROWS=Movement case: VoragoMacro_Phase13dRowProbe
Filters: "VoragoMacro_Phase13dRowProbe"
Randomness seeded to: 3788121586
Phase 13d row-emulation probe (SweepAxes fixture: seeds 101/202/303 x points 0/.25/.5/.75/1 x 60 s @ 48 kHz; window samples [480000, 2880000); polyphony 1; fast attack; macros after noteOn; Life 210 s, edges over [90 s, 210 s])
Delta entries (1):
  Movement -> NoiseWanderRate  delta=-0.9700 Exponential  (shipped amount on this row=0.9700, target base=0.0300)
ROW Movement  per-band total variation
    seed 101 [0, .25, .5, .75, 1]: [1.3810, 1.4241, 1.5352, 1.6334, 1.6670]  rho=1.0000  endpoint=0.2071
    seed 202 [0, .25, .5, .75, 1]: [1.3130, 1.3349, 1.3388, 1.6567, 1.5811]  rho=0.9000  endpoint=0.2042
    seed 303 [0, .25, .5, .75, 1]: [1.1656, 1.2891, 1.2813, 1.2970, 1.3135]  rho=0.9000  endpoint=0.1269
    mean metric [0, .25, .5, .75, 1]: [1.2865, 1.3494, 1.3851, 1.5290, 1.5205]
    mean rho=0.9333 (need >= 0.9, ok)  mean endpoint=0.1819 (need >= 0.2000, MISS)  -> FAIL

==== ROWPROBE SUMMARY (row | mean rho | mean endpoint | threshold | verdict) ====
  Movement  per-band total variation                  rho=  0.9333  endpoint=   0.1819  threshold=0.2000  FAIL
===============================================================================
test cases: 1 | 1 passed
assertions: - none -

exit=0 END 2026-10-07 20:02:03

######## cancel BreathingDepth
START 2026-10-07 19:56:42 im4_cancel_BreathingDepth tree=f376785f+G2 working copy (build_g2.log) env: VORAGO_ROWPROBE=Movement:BreathingDepth:-0.70:Linear VORAGO_ROWPROBE_ROWS=Movement case: VoragoMacro_Phase13dRowProbe
Filters: "VoragoMacro_Phase13dRowProbe"
Randomness seeded to: 2658615169
Phase 13d row-emulation probe (SweepAxes fixture: seeds 101/202/303 x points 0/.25/.5/.75/1 x 60 s @ 48 kHz; window samples [480000, 2880000); polyphony 1; fast attack; macros after noteOn; Life 210 s, edges over [90 s, 210 s])
Delta entries (1):
  Movement -> BreathingDepth  delta=-0.7000 Linear  (shipped amount on this row=0.7000, target base=0.3000)
ROW Movement  per-band total variation
    seed 101 [0, .25, .5, .75, 1]: [1.3810, 1.4444, 1.5521, 1.5220, 1.5527]  rho=0.9000  endpoint=0.1244
    seed 202 [0, .25, .5, .75, 1]: [1.3130, 1.3090, 1.3337, 1.3434, 1.4444]  rho=0.9000  endpoint=0.1001
    seed 303 [0, .25, .5, .75, 1]: [1.1656, 1.2457, 1.3102, 1.3537, 1.3907]  rho=1.0000  endpoint=0.1931
    mean metric [0, .25, .5, .75, 1]: [1.2865, 1.3330, 1.3987, 1.4063, 1.4626]
    mean rho=0.9333 (need >= 0.9, ok)  mean endpoint=0.1369 (need >= 0.2000, MISS)  -> FAIL

==== ROWPROBE SUMMARY (row | mean rho | mean endpoint | threshold | verdict) ====
  Movement  per-band total variation                  rho=  0.9333  endpoint=   0.1369  threshold=0.2000  FAIL
===============================================================================
test cases: 1 | 1 passed
assertions: - none -

exit=0 END 2026-10-07 20:02:04

######## cancel CavernDamperDepth
START 2026-10-07 19:56:42 im4_cancel_CavernDamperDepth tree=f376785f+G2 working copy (build_g2.log) env: VORAGO_ROWPROBE=Movement:CavernDamperDepth:-0.45:Linear VORAGO_ROWPROBE_ROWS=Movement case: VoragoMacro_Phase13dRowProbe
Filters: "VoragoMacro_Phase13dRowProbe"
Randomness seeded to: 894682756
Phase 13d row-emulation probe (SweepAxes fixture: seeds 101/202/303 x points 0/.25/.5/.75/1 x 60 s @ 48 kHz; window samples [480000, 2880000); polyphony 1; fast attack; macros after noteOn; Life 210 s, edges over [90 s, 210 s])
Delta entries (1):
  Movement -> CavernDamperDepth  delta=-0.4500 Linear  (shipped amount on this row=0.4500, target base=0.3500)
ROW Movement  per-band total variation
    seed 101 [0, .25, .5, .75, 1]: [1.3810, 1.4632, 1.6335, 1.7119, 1.7116]  rho=0.9000  endpoint=0.2394
    seed 202 [0, .25, .5, .75, 1]: [1.3130, 1.3475, 1.3129, 1.6616, 1.5924]  rho=0.6000  endpoint=0.2128
    seed 303 [0, .25, .5, .75, 1]: [1.1656, 1.2266, 1.2723, 1.3091, 1.4099]  rho=1.0000  endpoint=0.2096
    mean metric [0, .25, .5, .75, 1]: [1.2865, 1.3458, 1.4062, 1.5608, 1.5713]
    mean rho=0.8333 (need >= 0.9, MISS)  mean endpoint=0.2213 (need >= 0.2000, ok)  -> FAIL

==== ROWPROBE SUMMARY (row | mean rho | mean endpoint | threshold | verdict) ====
  Movement  per-band total variation                  rho=  0.8333  endpoint=   0.2213  threshold=0.2000  FAIL
===============================================================================
test cases: 1 | 1 passed
assertions: - none -

exit=0 END 2026-10-07 20:02:02
