START 2026-10-07 19:57:24 im4_member_override_1104 tree=f376785f+G2 Drifting Strata, Movement (103) at 0 and member 1104=0.80 Damper=0.80 at its Movement-1 value; VORAGO_PILOT_TAKES=4 VORAGO_PILOT_OVERRIDE=103=0,1104=0.80
Filters: "Vorago_PresetPilot_PrimaryProbe"
Randomness seeded to: 1122050128
[probe] override 103 = 0.000000 (replaced)
[probe] override 1104 = 0.800000 (replaced)
[probe] lever: none
[probe] Drifting Strata - primary M4 Movement (stored seed 3, 0 twin render(s))
  take: peak 0.9661  arm1 hi -15.35 dB [yes]  arm2 lo -22.14 dB [yes]  arm3 late-sus +0.28 dB [yes]  arm4 tail -199.30 dB [yes]
  arm1@44.1k: finite y peak 0.7066 hi -15.95 dB [PASS]
  primary d 0.0000  bar 4.0000  attribBase -1.0000  state false  -> FAIL  skip: M displacement  loopsAlive -  lever: none
  levels: arms [y y y y] arm1@44.1k [y]
  take j=0 seed 3: peak 0.9661  arm1 hi -15.35 dB [yes]  arm2 lo -22.14 dB [yes]  arm3 late-sus +0.28 dB [yes]  arm4 tail -199.30 dB [yes]
  take j=1 seed 4: peak 0.9556  arm1 hi -16.01 dB [yes]  arm2 lo -23.04 dB [yes]  arm3 late-sus +4.06 dB [yes]  arm4 tail -187.79 dB [yes]
  take j=2 seed 5: peak 0.9618  arm1 hi -15.53 dB [yes]  arm2 lo -24.08 dB [yes]  arm3 late-sus -2.32 dB [yes]  arm4 tail -193.71 dB [yes]
  take j=3 seed 6: peak 0.9661  arm1 hi -13.28 dB [yes]  arm2 lo -22.36 dB [yes]  arm3 late-sus +4.62 dB [yes]  arm4 tail -174.20 dB [yes]
  take j=0 d 0.0000  skip: M displacement
  take j=1 d 0.0000  skip: M displacement
  take j=2 d 0.0000  skip: M displacement
  take j=3 d 0.0000  skip: M displacement
===============================================================================
All tests passed (13 assertions in 1 test case)

exit=0 END 2026-10-07 20:02:22
