START 2026-10-08 00:15:35 m2_r1b_gate tree=3a220d05+m2_r1b VORAGO_PILOT_PRESET="Erosion" env: VORAGO_PILOT_TAKES=4
Filters: "Vorago_PresetPilot_PrimaryProbe"
Randomness seeded to: 163668147
[probe] lever: none
[probe] Erosion - primary M2 Age (stored seed 14, 1 twin render(s))
  take: peak 0.2396  arm1 hi -24.32 dB [yes]  arm2 lo -36.42 dB [yes]  arm3 late-sus -0.99 dB [yes]  arm4 tail -192.71 dB [yes]
  arm1@44.1k: finite y peak 0.2157 hi -26.20 dB [PASS]
  primary d 3.2390  bar 4.0000  attribBase -1.0000  state ok  -> FAIL  loopsAlive -  lever: none
  levels: arms [y y y y] arm1@44.1k [y]
  take j=0 seed 14: peak 0.2396  arm1 hi -24.32 dB [yes]  arm2 lo -36.42 dB [yes]  arm3 late-sus -0.99 dB [yes]  arm4 tail -192.71 dB [yes]
  take j=1 seed 15: peak 0.2691  arm1 hi -22.60 dB [yes]  arm2 lo -38.29 dB [yes]  arm3 late-sus +1.37 dB [yes]  arm4 tail -191.18 dB [yes]
  take j=2 seed 0: peak 0.2348  arm1 hi -23.70 dB [yes]  arm2 lo -33.46 dB [yes]  arm3 late-sus +0.36 dB [yes]  arm4 tail -180.01 dB [yes]
  take j=3 seed 1: peak 0.2495  arm1 hi -23.59 dB [yes]  arm2 lo -34.42 dB [yes]  arm3 late-sus -1.27 dB [yes]  arm4 tail -172.77 dB [yes]
  take j=0 d 3.2390
  take j=1 d 3.0438
  take j=2 d 3.7317
  take j=3 d 2.8996
===============================================================================
All tests passed (19 assertions in 1 test case)

exit=0 END 2026-10-08 00:19:01
