START 2026-10-08 00:44:06 m2_r2a_gate tree=3a220d05+m2_r2a VORAGO_PILOT_PRESET="Erosion" env: VORAGO_PILOT_TAKES=4
Filters: "Vorago_PresetPilot_PrimaryProbe"
Randomness seeded to: 3789151096
[probe] lever: none
[probe] Erosion - primary M2 Age (stored seed 14, 1 twin render(s))
  take: peak 0.2394  arm1 hi -24.33 dB [yes]  arm2 lo -36.43 dB [yes]  arm3 late-sus -0.94 dB [yes]  arm4 tail -192.55 dB [yes]
  arm1@44.1k: finite y peak 0.2148 hi -26.31 dB [PASS]
  primary d 3.2137  bar 4.0000  attribBase -1.0000  state ok  -> FAIL  loopsAlive -  lever: none
  levels: arms [y y y y] arm1@44.1k [y]
  take j=0 seed 14: peak 0.2394  arm1 hi -24.33 dB [yes]  arm2 lo -36.43 dB [yes]  arm3 late-sus -0.94 dB [yes]  arm4 tail -192.55 dB [yes]
  take j=1 seed 15: peak 0.2689  arm1 hi -22.59 dB [yes]  arm2 lo -38.42 dB [yes]  arm3 late-sus +1.39 dB [yes]  arm4 tail -191.21 dB [yes]
  take j=2 seed 0: peak 0.2351  arm1 hi -23.68 dB [yes]  arm2 lo -33.45 dB [yes]  arm3 late-sus +0.38 dB [yes]  arm4 tail -180.01 dB [yes]
  take j=3 seed 1: peak 0.2505  arm1 hi -23.61 dB [yes]  arm2 lo -34.35 dB [yes]  arm3 late-sus -1.26 dB [yes]  arm4 tail -172.77 dB [yes]
  take j=0 d 3.2137
  take j=1 d 3.0332
  take j=2 d 3.7079
  take j=3 d 2.9069
===============================================================================
All tests passed (19 assertions in 1 test case)

exit=0 END 2026-10-08 00:47:18
