START 2026-10-08 02:17:40 m4_r1_scurve_gate tree=3a220d05+m4_r1_scurve VORAGO_PILOT_PRESET="Drifting Strata" env: VORAGO_PILOT_TAKES=4
Filters: "Vorago_PresetPilot_PrimaryProbe"
Randomness seeded to: 542647919
[probe] lever: none
[probe] Drifting Strata - primary M4 Movement (stored seed 3, 1 twin render(s))
  take: peak 0.9661  arm1 hi -14.29 dB [yes]  arm2 lo -21.93 dB [yes]  arm3 late-sus -1.70 dB [yes]  arm4 tail -162.31 dB [yes]
  arm1@44.1k: finite y peak 0.9164 hi -14.16 dB [PASS]
  primary d 0.8745  bar 4.0000  attribBase -1.0000  state ok  -> FAIL  loopsAlive -  lever: none
  levels: arms [y y y y] arm1@44.1k [y]
  take j=0 seed 3: peak 0.9661  arm1 hi -14.29 dB [yes]  arm2 lo -21.93 dB [yes]  arm3 late-sus -1.70 dB [yes]  arm4 tail -162.31 dB [yes]
  take j=1 seed 4: peak 0.9661  arm1 hi -15.01 dB [yes]  arm2 lo -21.92 dB [yes]  arm3 late-sus +2.08 dB [yes]  arm4 tail -185.35 dB [yes]
  take j=2 seed 5: peak 0.9661  arm1 hi -14.32 dB [yes]  arm2 lo -21.61 dB [yes]  arm3 late-sus +0.61 dB [yes]  arm4 tail -187.02 dB [yes]
  take j=3 seed 6: peak 0.9661  arm1 hi -13.71 dB [yes]  arm2 lo -21.22 dB [yes]  arm3 late-sus +0.98 dB [yes]  arm4 tail -181.59 dB [yes]
  take j=0 d 0.8745
  take j=1 d 7.5134
  take j=2 d 1.1654
  take j=3 d 2.1137
===============================================================================
All tests passed (19 assertions in 1 test case)

exit=0 END 2026-10-08 02:20:47
