START 2026-10-08 03:21:54 m4_r3a_gate tree=3a220d05+m4_r3a VORAGO_PILOT_PRESET="Drifting Strata" env: VORAGO_PILOT_TAKES=4
Filters: "Vorago_PresetPilot_PrimaryProbe"
Randomness seeded to: 469592838
[probe] lever: none
[probe] Drifting Strata - primary M4 Movement (stored seed 3, 1 twin render(s))
  take: peak 0.9661  arm1 hi -15.22 dB [yes]  arm2 lo -21.44 dB [yes]  arm3 late-sus -1.43 dB [yes]  arm4 tail -163.00 dB [yes]
  arm1@44.1k: finite y peak 0.9178 hi -14.18 dB [PASS]
  primary d 0.9602  bar 4.0000  attribBase -1.0000  state ok  -> FAIL  loopsAlive -  lever: none
  levels: arms [y y y y] arm1@44.1k [y]
  take j=0 seed 3: peak 0.9661  arm1 hi -15.22 dB [yes]  arm2 lo -21.44 dB [yes]  arm3 late-sus -1.43 dB [yes]  arm4 tail -163.00 dB [yes]
  take j=1 seed 4: peak 0.9661  arm1 hi -14.84 dB [yes]  arm2 lo -22.07 dB [yes]  arm3 late-sus +2.95 dB [yes]  arm4 tail -184.58 dB [yes]
  take j=2 seed 5: peak 0.9661  arm1 hi -14.36 dB [yes]  arm2 lo -22.11 dB [yes]  arm3 late-sus -0.44 dB [yes]  arm4 tail -190.55 dB [yes]
  take j=3 seed 6: peak 0.9661  arm1 hi -13.17 dB [yes]  arm2 lo -20.94 dB [yes]  arm3 late-sus +2.22 dB [yes]  arm4 tail -183.26 dB [yes]
  take j=0 d 0.9602
  take j=1 d 7.4985
  take j=2 d 1.3659
  take j=3 d 2.5638
===============================================================================
All tests passed (19 assertions in 1 test case)

exit=0 END 2026-10-08 03:25:02
