START 2026-10-08 04:02:56 m4_r3c_gate tree=3a220d05+m4_r3c VORAGO_PILOT_PRESET="Drifting Strata" env: VORAGO_PILOT_TAKES=4
Filters: "Vorago_PresetPilot_PrimaryProbe"
Randomness seeded to: 2095792771
[probe] lever: none
[probe] Drifting Strata - primary M4 Movement (stored seed 3, 1 twin render(s))
  take: peak 0.9661  arm1 hi -13.73 dB [yes]  arm2 lo -21.87 dB [yes]  arm3 late-sus -1.62 dB [yes]  arm4 tail -164.03 dB [yes]
  arm1@44.1k: finite y peak 0.9661 hi -14.23 dB [PASS]
  primary d 1.4940  bar 4.0000  attribBase -1.0000  state ok  -> FAIL  loopsAlive -  lever: none
  levels: arms [y y y y] arm1@44.1k [y]
  take j=0 seed 3: peak 0.9661  arm1 hi -13.73 dB [yes]  arm2 lo -21.87 dB [yes]  arm3 late-sus -1.62 dB [yes]  arm4 tail -164.03 dB [yes]
  take j=1 seed 4: peak 0.9614  arm1 hi -14.03 dB [yes]  arm2 lo -22.55 dB [yes]  arm3 late-sus +1.84 dB [yes]  arm4 tail -179.28 dB [yes]
  take j=2 seed 5: peak 0.9661  arm1 hi -15.06 dB [yes]  arm2 lo -21.25 dB [yes]  arm3 late-sus +0.06 dB [yes]  arm4 tail -190.81 dB [yes]
  take j=3 seed 6: peak 0.9661  arm1 hi -13.69 dB [yes]  arm2 lo -21.28 dB [yes]  arm3 late-sus +0.47 dB [yes]  arm4 tail -181.16 dB [yes]
  take j=0 d 1.4940
  take j=1 d 6.8558
  take j=2 d 1.3551
  take j=3 d 2.4872
===============================================================================
All tests passed (19 assertions in 1 test case)

exit=0 END 2026-10-08 04:05:49
