START 2026-10-08 03:00:19 m4_r2_090_gate tree=3a220d05+m4_r2_090 VORAGO_PILOT_PRESET="Drifting Strata" env: VORAGO_PILOT_TAKES=4
Filters: "Vorago_PresetPilot_PrimaryProbe"
Randomness seeded to: 449259003
[probe] lever: none
[probe] Drifting Strata - primary M4 Movement (stored seed 3, 1 twin render(s))
  take: peak 0.9661  arm1 hi -14.36 dB [yes]  arm2 lo -21.90 dB [yes]  arm3 late-sus -1.72 dB [yes]  arm4 tail -162.24 dB [yes]
  arm1@44.1k: finite y peak 0.9186 hi -14.13 dB [PASS]
  primary d 0.8861  bar 4.0000  attribBase -1.0000  state ok  -> FAIL  loopsAlive -  lever: none
  levels: arms [y y y y] arm1@44.1k [y]
  take j=0 seed 3: peak 0.9661  arm1 hi -14.36 dB [yes]  arm2 lo -21.90 dB [yes]  arm3 late-sus -1.72 dB [yes]  arm4 tail -162.24 dB [yes]
  take j=1 seed 4: peak 0.9661  arm1 hi -15.10 dB [yes]  arm2 lo -22.06 dB [yes]  arm3 late-sus +2.16 dB [yes]  arm4 tail -185.15 dB [yes]
  take j=2 seed 5: peak 0.9661  arm1 hi -14.33 dB [yes]  arm2 lo -21.63 dB [yes]  arm3 late-sus +0.58 dB [yes]  arm4 tail -187.05 dB [yes]
  take j=3 seed 6: peak 0.9661  arm1 hi -13.79 dB [yes]  arm2 lo -21.18 dB [yes]  arm3 late-sus +0.89 dB [yes]  arm4 tail -181.37 dB [yes]
  take j=0 d 0.8861
  take j=1 d 7.5171
  take j=2 d 1.1666
  take j=3 d 2.1030
===============================================================================
All tests passed (19 assertions in 1 test case)

exit=0 END 2026-10-08 03:03:27
