START 2026-10-08 02:38:51 m4_r2_080_gate tree=3a220d05+m4_r2_080 VORAGO_PILOT_PRESET="Drifting Strata" env: VORAGO_PILOT_TAKES=4
Filters: "Vorago_PresetPilot_PrimaryProbe"
Randomness seeded to: 129821767
[probe] lever: none
[probe] Drifting Strata - primary M4 Movement (stored seed 3, 1 twin render(s))
  take: peak 0.9661  arm1 hi -14.31 dB [yes]  arm2 lo -21.86 dB [yes]  arm3 late-sus -1.68 dB [yes]  arm4 tail -162.23 dB [yes]
  arm1@44.1k: finite y peak 0.9172 hi -14.15 dB [PASS]
  primary d 0.8781  bar 4.0000  attribBase -1.0000  state ok  -> FAIL  loopsAlive -  lever: none
  levels: arms [y y y y] arm1@44.1k [y]
  take j=0 seed 3: peak 0.9661  arm1 hi -14.31 dB [yes]  arm2 lo -21.86 dB [yes]  arm3 late-sus -1.68 dB [yes]  arm4 tail -162.23 dB [yes]
  take j=1 seed 4: peak 0.9661  arm1 hi -15.05 dB [yes]  arm2 lo -22.02 dB [yes]  arm3 late-sus +2.13 dB [yes]  arm4 tail -185.33 dB [yes]
  take j=2 seed 5: peak 0.9661  arm1 hi -14.36 dB [yes]  arm2 lo -21.59 dB [yes]  arm3 late-sus +0.59 dB [yes]  arm4 tail -187.04 dB [yes]
  take j=3 seed 6: peak 0.9661  arm1 hi -13.72 dB [yes]  arm2 lo -21.19 dB [yes]  arm3 late-sus +0.93 dB [yes]  arm4 tail -181.51 dB [yes]
  take j=0 d 0.8781
  take j=1 d 7.4978
  take j=2 d 1.1639
  take j=3 d 2.0986
===============================================================================
All tests passed (19 assertions in 1 test case)

exit=0 END 2026-10-08 02:41:58
