START 2026-10-08 03:42:41 m4_r3b_gate tree=3a220d05+m4_r3b VORAGO_PILOT_PRESET="Drifting Strata" env: VORAGO_PILOT_TAKES=4
Filters: "Vorago_PresetPilot_PrimaryProbe"
Randomness seeded to: 2546847200
[probe] lever: none
[probe] Drifting Strata - primary M4 Movement (stored seed 3, 1 twin render(s))
  take: peak 0.9661  arm1 hi -13.79 dB [yes]  arm2 lo -21.48 dB [yes]  arm3 late-sus -2.06 dB [yes]  arm4 tail -162.42 dB [yes]
  arm1@44.1k: finite y peak 0.8855 hi -14.24 dB [PASS]
  primary d 1.0954  bar 4.0000  attribBase -1.0000  state ok  -> FAIL  loopsAlive -  lever: none
  levels: arms [y y y y] arm1@44.1k [y]
  take j=0 seed 3: peak 0.9661  arm1 hi -13.79 dB [yes]  arm2 lo -21.48 dB [yes]  arm3 late-sus -2.06 dB [yes]  arm4 tail -162.42 dB [yes]
  take j=1 seed 4: peak 0.9661  arm1 hi -15.32 dB [yes]  arm2 lo -22.80 dB [yes]  arm3 late-sus +2.22 dB [yes]  arm4 tail -184.56 dB [yes]
  take j=2 seed 5: peak 0.9661  arm1 hi -14.81 dB [yes]  arm2 lo -21.21 dB [yes]  arm3 late-sus -0.39 dB [yes]  arm4 tail -189.60 dB [yes]
  take j=3 seed 6: peak 0.9661  arm1 hi -12.26 dB [yes]  arm2 lo -22.58 dB [yes]  arm3 late-sus +1.64 dB [yes]  arm4 tail -184.38 dB [yes]
  take j=0 d 1.0954
  take j=1 d 7.2706
  take j=2 d 1.2396
  take j=3 d 2.5479
===============================================================================
All tests passed (19 assertions in 1 test case)

exit=0 END 2026-10-08 03:45:37
