START 2026-10-08 01:36:10 m5_r3a_gate tree=3a220d05+m5_r3a VORAGO_PILOT_PRESET="Stone Gravity" env: VORAGO_PILOT_TAKES=4
Filters: "Vorago_PresetPilot_PrimaryProbe"
Randomness seeded to: 1408789126
[probe] lever: none
[probe] Stone Gravity - primary M5 Gravity (stored seed 1, 1 twin render(s))
  take: peak 0.9661  arm1 hi -7.20 dB [yes]  arm2 lo -22.87 dB [yes]  arm3 late-sus +1.12 dB [yes]  arm4 tail -221.81 dB [yes]
  arm1@44.1k: finite y peak 0.9661 hi -7.28 dB [PASS]
  primary d 3.0498  bar 4.0000  attribBase -1.0000  state ok  -> FAIL  loopsAlive -  lever: none
  levels: arms [y y y y] arm1@44.1k [y]
  take j=0 seed 1: peak 0.9661  arm1 hi -7.20 dB [yes]  arm2 lo -22.87 dB [yes]  arm3 late-sus +1.12 dB [yes]  arm4 tail -221.81 dB [yes]
  take j=1 seed 2: peak 0.9661  arm1 hi -6.19 dB [yes]  arm2 lo -26.67 dB [yes]  arm3 late-sus +2.26 dB [yes]  arm4 tail -227.55 dB [yes]
  take j=2 seed 3: peak 0.9661  arm1 hi -10.42 dB [yes]  arm2 lo -25.15 dB [yes]  arm3 late-sus +3.90 dB [yes]  arm4 tail -223.60 dB [yes]
  take j=3 seed 4: peak 0.9661  arm1 hi -6.95 dB [yes]  arm2 lo -16.90 dB [yes]  arm3 late-sus +2.14 dB [yes]  arm4 tail -225.41 dB [yes]
  take j=0 d 3.0498
  take j=1 d 1.6695
  take j=2 d 2.6349
  take j=3 d 0.8274
===============================================================================
All tests passed (19 assertions in 1 test case)

exit=0 END 2026-10-08 01:38:58
