START 2026-10-08 16:38:27 reauthor_minus6_haunted_colony tree=9f42b500 final binary VORAGO_PILOT_PRESET="Haunted Colony" VORAGO_PILOT_OVERRIDE=1403=1 VORAGO_PILOT_SECONDARY=1 VORAGO_PILOT_CELLS="D12.1 ghost event triggers on" VORAGO_PILOT_MASTER_TRIM=-6
Filters: "Vorago_PresetPilot_PrimaryProbe"
Randomness seeded to: 3920403157
[probe] override 1403 = 1.000000 (appended)
[probe] master trim -6 dB: kMasterGainId norm 0.5000 -> 0.2506
[probe] lever: none
[probe] Haunted Colony - primary E5 ghost -> ghost bursts (stored seed 12, 4 twin render(s))
  take: peak 0.2103  arm1 hi -25.77 dB [yes]  arm2 lo -29.69 dB [yes]  arm3 late-sus -0.71 dB [yes]  arm4 tail -168.84 dB [yes]
  arm1@44.1k: finite y peak 0.2667 hi -23.74 dB [PASS]
  route arms: d(R_k, R_k0) 5.0781, attribBase d(R_0, R_00) 0.8836 (attributable iff d >= 2.3836)
  primary d 5.0781  bar 4.0000  attribBase 0.8836  state ok  -> PASS  loopsAlive -  lever: none
  levels: arms [y y y y] arm1@44.1k [y]
  secondary D12.1 ghost event triggers on: d 0.0000 bar 1.5 state ok conjunct ok attribBase -1.0000 skip "state-only kind" -> VERIFIED
  take j=0 seed 12: peak 0.2103  arm1 hi -25.77 dB [yes]  arm2 lo -29.69 dB [yes]  arm3 late-sus -0.71 dB [yes]  arm4 tail -168.84 dB [yes]
  take j=1 seed 13: peak 0.2650  arm1 hi -24.26 dB [yes]  arm2 lo -29.15 dB [yes]  arm3 late-sus -0.74 dB [yes]  arm4 tail -169.02 dB [yes]
  take j=2 seed 14: peak 0.2385  arm1 hi -24.33 dB [yes]  arm2 lo -29.90 dB [yes]  arm3 late-sus +2.07 dB [yes]  arm4 tail -177.58 dB [yes]
  take j=3 seed 15: peak 0.1879  arm1 hi -26.22 dB [yes]  arm2 lo -30.73 dB [yes]  arm3 late-sus +0.30 dB [yes]  arm4 tail -174.92 dB [yes]
  take j=0 d 5.0781
  take j=1 d 6.8483
  take j=2 d 3.4223
  take j=3 d 2.5131
===============================================================================
All tests passed (49 assertions in 1 test case)

exit=0 END 2026-10-08 17:11:03
