START 2026-10-08 16:38:26 reauthor_confirm_smeared_horizon tree=9f42b500 final binary VORAGO_PILOT_PRESET="Smeared Horizon" VORAGO_PILOT_OVERRIDE=1500=0.70,1105=0.10,701=1.0 VORAGO_PILOT_SECONDARY=1 VORAGO_PILOT_CELLS="D14.1 breathing depth >= 0.7" 
Filters: "Vorago_PresetPilot_PrimaryProbe"
Randomness seeded to: 1722358120
[probe] override 1500 = 0.700000 (appended)
[probe] override 1105 = 0.100000 (replaced)
[probe] override 701 = 1.000000 (replaced)
[probe] lever: none
[probe] Smeared Horizon - primary S3 spectral smear (stored seed 4, 1 twin render(s))
  take: peak 0.9661  arm1 hi -7.55 dB [yes]  arm2 lo -17.89 dB [yes]  arm3 late-sus +3.42 dB [yes]  arm4 tail -139.46 dB [yes]
  arm1@44.1k: finite y peak 0.9661 hi -8.05 dB [PASS]
  primary d 4.3290  bar 4.0000  attribBase -1.0000  state ok  -> PASS  loopsAlive -  lever: none
  levels: arms [y y y y] arm1@44.1k [y]
  secondary D8.1 envelope Standard: d 0.0000 bar 1.5 state ok conjunct ok attribBase -1.0000 skip "state-only kind" -> VERIFIED
  secondary D10.2 freeze off: d 0.0000 bar 1.5 state ok conjunct ok attribBase -1.0000 skip "state-only kind" -> VERIFIED
  secondary D14.1 breathing depth >= 0.7: d 2.1320 bar 1.5 state ok conjunct ok attribBase -1.0000 skip "" -> VERIFIED
  take j=0 seed 4: peak 0.9661  arm1 hi -7.55 dB [yes]  arm2 lo -17.89 dB [yes]  arm3 late-sus +3.42 dB [yes]  arm4 tail -139.46 dB [yes]
  take j=1 seed 5: peak 0.9661  arm1 hi -10.48 dB [yes]  arm2 lo -16.25 dB [yes]  arm3 late-sus +1.05 dB [yes]  arm4 tail -142.13 dB [yes]
  take j=2 seed 6: peak 0.9661  arm1 hi -10.40 dB [yes]  arm2 lo -19.63 dB [yes]  arm3 late-sus -1.94 dB [yes]  arm4 tail -122.88 dB [yes]
  take j=3 seed 7: peak 0.9661  arm1 hi -12.02 dB [yes]  arm2 lo -18.61 dB [yes]  arm3 late-sus +2.07 dB [yes]  arm4 tail -140.31 dB [yes]
  take j=0 d 4.3290
  take j=1 d 4.1425
  take j=2 d 3.5312
  take j=3 d 3.4684
===============================================================================
All tests passed (23 assertions in 1 test case)

exit=0 END 2026-10-08 17:08:48
