START 2026-10-08 16:38:26 reauthor_minus6_hull_resonance tree=9f42b500 final binary VORAGO_PILOT_PRESET="Hull Resonance" VORAGO_PILOT_OVERRIDE=107=1.0 VORAGO_PILOT_SECONDARY=1 VORAGO_PILOT_CELLS="M8 Weight" VORAGO_PILOT_MASTER_TRIM=-6
Filters: "Vorago_PresetPilot_PrimaryProbe"
Randomness seeded to: 3577344592
[probe] override 107 = 1.000000 (appended)
[probe] master trim -6 dB: kMasterGainId norm 0.5000 -> 0.2506
[probe] lever: none
[probe] Hull Resonance - primary S10 acoustic body (stored seed 11, 1 twin render(s))
  take: peak 0.2732  arm1 hi -23.67 dB [yes]  arm2 lo -28.08 dB [yes]  arm3 late-sus -0.24 dB [yes]  arm4 tail -142.06 dB [yes]
  arm1@44.1k: finite y peak 0.2691 hi -24.70 dB [PASS]
  primary d 9.8615  bar 4.0000  attribBase -1.0000  state ok  -> PASS  loopsAlive -  lever: none
  levels: arms [y y y y] arm1@44.1k [y]
  secondary D2 body blend both heard: d 0.0000 bar 1.5 state ok conjunct ok attribBase -1.0000 skip "state-only kind" -> VERIFIED
  secondary D1.6 material StoneChamber: d 0.0000 bar 1.5 state ok conjunct ok attribBase -1.0000 skip "state-only kind" -> VERIFIED
  secondary D1.7 material SteelTank: d 0.0000 bar 1.5 state ok conjunct ok attribBase -1.0000 skip "state-only kind" -> VERIFIED
  secondary M8 Weight: d 1.9642 bar 1.5 state ok conjunct ok attribBase -1.0000 skip "" -> VERIFIED
  take j=0 seed 11: peak 0.2732  arm1 hi -23.67 dB [yes]  arm2 lo -28.08 dB [yes]  arm3 late-sus -0.24 dB [yes]  arm4 tail -142.06 dB [yes]
  take j=1 seed 12: peak 0.3033  arm1 hi -22.59 dB [yes]  arm2 lo -28.32 dB [yes]  arm3 late-sus +0.98 dB [yes]  arm4 tail -134.72 dB [yes]
  take j=2 seed 13: peak 0.3156  arm1 hi -22.44 dB [yes]  arm2 lo -28.43 dB [yes]  arm3 late-sus +1.27 dB [yes]  arm4 tail -129.16 dB [yes]
  take j=3 seed 14: peak 0.2820  arm1 hi -23.41 dB [yes]  arm2 lo -29.50 dB [yes]  arm3 late-sus +1.40 dB [yes]  arm4 tail -158.19 dB [yes]
  take j=0 d 9.8615
  take j=1 d 8.5292
  take j=2 d 10.8731
  take j=3 d 12.5976
===============================================================================
All tests passed (21 assertions in 1 test case)

exit=0 END 2026-10-08 17:08:07
