START 2026-10-08 16:38:26 reauthor_minus6_smeared_horizon tree=9f42b500 final binary VORAGO_PILOT_PRESET="Smeared Horizon" VORAGO_PILOT_OVERRIDE=1500=0.70,1105=0.10,701=1.0 VORAGO_PILOT_SECONDARY=1 VORAGO_PILOT_CELLS="D14.1 breathing depth >= 0.7" VORAGO_PILOT_MASTER_TRIM=-6
Filters: "Vorago_PresetPilot_PrimaryProbe"
Randomness seeded to: 329951773
[probe] override 1500 = 0.700000 (appended)
[probe] override 1105 = 0.100000 (replaced)
[probe] override 701 = 1.000000 (replaced)
[probe] master trim -6 dB: kMasterGainId norm 0.5000 -> 0.2506
[probe] lever: none
[probe] Smeared Horizon - primary S3 spectral smear (stored seed 4, 1 twin render(s))
  take: peak 0.9580  arm1 hi -11.84 dB [yes]  arm2 lo -23.87 dB [yes]  arm3 late-sus +3.45 dB [yes]  arm4 tail -145.46 dB [yes]
  arm1@44.1k: finite y peak 0.8846 hi -12.94 dB [PASS]
  primary d 4.3772  bar 4.0000  attribBase -1.0000  state ok  -> PASS  loopsAlive -  lever: none
  levels: arms [y y y y] arm1@44.1k [y]
  secondary D8.1 envelope Standard: d 0.0000 bar 1.5 state ok conjunct ok attribBase -1.0000 skip "state-only kind" -> VERIFIED
  secondary D10.2 freeze off: d 0.0000 bar 1.5 state ok conjunct ok attribBase -1.0000 skip "state-only kind" -> VERIFIED
  secondary D14.1 breathing depth >= 0.7: d 2.2648 bar 1.5 state ok conjunct ok attribBase -1.0000 skip "" -> VERIFIED
  take j=0 seed 4: peak 0.9580  arm1 hi -11.84 dB [yes]  arm2 lo -23.87 dB [yes]  arm3 late-sus +3.45 dB [yes]  arm4 tail -145.46 dB [yes]
  take j=1 seed 5: peak 0.5978  arm1 hi -16.35 dB [yes]  arm2 lo -22.23 dB [yes]  arm3 late-sus +1.07 dB [yes]  arm4 tail -148.13 dB [yes]
  take j=2 seed 6: peak 0.6190  arm1 hi -16.16 dB [yes]  arm2 lo -25.62 dB [yes]  arm3 late-sus -1.97 dB [yes]  arm4 tail -128.88 dB [yes]
  take j=3 seed 7: peak 0.5924  arm1 hi -17.90 dB [yes]  arm2 lo -24.59 dB [yes]  arm3 late-sus +2.11 dB [yes]  arm4 tail -146.31 dB [yes]
  take j=0 d 4.3772
  take j=1 d 4.1278
  take j=2 d 3.5423
  take j=3 d 3.4665
===============================================================================
All tests passed (23 assertions in 1 test case)

exit=0 END 2026-10-08 17:08:44
