START 2026-10-08 14:37:05 reauthor_smeared_horizon_A tree=9f42b500 final binary VORAGO_PILOT_PRESET="Smeared Horizon" env: VORAGO_PILOT_OVERRIDE=1500=0.75 VORAGO_PILOT_SECONDARY=1 VORAGO_PILOT_CELLS=D14.1_breathing_depth_>=_0.7
Filters: "Vorago_PresetPilot_PrimaryProbe"
Randomness seeded to: 67375933
[probe] override 1500 = 0.750000 (appended)
[probe] lever: none
[probe] Smeared Horizon - primary S3 spectral smear (stored seed 4, 1 twin render(s))
  take: peak 0.9661  arm1 hi -7.60 dB [yes]  arm2 lo -18.27 dB [yes]  arm3 late-sus +3.46 dB [yes]  arm4 tail -140.33 dB [yes]
  arm1@44.1k: finite y peak 0.9661 hi -8.25 dB [PASS]
  primary d 3.8750  bar 4.0000  attribBase -1.0000  state ok  -> FAIL  loopsAlive -  lever: none
  levels: arms [y y y y] arm1@44.1k [y]

~~~~~~~~~~~~~~~~~~~~~~~~~~~~~~~~~~~~~~~~~~~~~~~~~~~~~~~~~~~~~~~~~~~~~~~~~~~~~~~
vorago_tests.exe is a Catch2 v3.4.0 host application.
Run with -? for options

-------------------------------------------------------------------------------
Vorago_PresetPilot_PrimaryProbe
-------------------------------------------------------------------------------
F:\projects\iterum\plugins\vorago\tests\integration\preset_pilot_test.cpp(2042)
...............................................................................

F:\projects\iterum\plugins\vorago\tests\integration\preset_pilot_test.cpp(1568): FAILED:
explicitly with message:
  unknown cell label D14.1_breathing_depth_>=_0.7

===============================================================================
test cases:  1 |  0 passed | 1 failed
assertions: 11 | 10 passed | 1 failed

exit=1 END 2026-10-08 14:44:19
