START 2026-10-08 15:51:46 reauthor_smeared_horizon_G tree=9f42b500 final binary VORAGO_PILOT_PRESET="Smeared Horizon" VORAGO_PILOT_OVERRIDE=1500=0.70,1105=0.10,1003=0.30,1400=0.0,401=0.10 VORAGO_PILOT_SECONDARY=1 VORAGO_PILOT_CELLS="D14.1 breathing depth >= 0.7"
Filters: "Vorago_PresetPilot_PrimaryProbe"
Randomness seeded to: 2522050365
[probe] override 1500 = 0.700000 (appended)
[probe] override 1105 = 0.100000 (replaced)
[probe] override 1003 = 0.300000 (replaced)
[probe] override 1400 = 0.000000 (replaced)
[probe] override 401 = 0.100000 (replaced)
[probe] lever: none
[probe] Smeared Horizon - primary S3 spectral smear (stored seed 4, 1 twin render(s))
  take: peak 0.9661  arm1 hi -8.56 dB [yes]  arm2 lo -18.50 dB [yes]  arm3 late-sus +2.57 dB [yes]  arm4 tail -151.90 dB [yes]
  arm1@44.1k: finite y peak 0.9661 hi -9.45 dB [PASS]
  primary d 4.5285  bar 4.0000  attribBase -1.0000  state ok  -> PASS  loopsAlive -  lever: none
  levels: arms [y y y y] arm1@44.1k [y]
  secondary D8.1 envelope Standard: d 0.0000 bar 1.5 state ok conjunct ok attribBase -1.0000 skip "state-only kind" -> VERIFIED
  secondary D10.2 freeze off: d 0.0000 bar 1.5 state ok conjunct ok attribBase -1.0000 skip "state-only kind" -> VERIFIED
  secondary D14.1 breathing depth >= 0.7: d 1.5384 bar 1.5 state ok conjunct ok attribBase -1.0000 skip "" -> VERIFIED
===============================================================================
All tests passed (15 assertions in 1 test case)

exit=0 END 2026-10-08 16:37:18
