START 2026-10-08 19:54:47 reauthor_confirm_hull_resonance_090 tree=579eefa3+Hull 0.90 VORAGO_PILOT_PRESET="Hull Resonance" (transcribed: no override) VORAGO_PILOT_SECONDARY=1 VORAGO_PILOT_TAKES=4 
Filters: "Vorago_PresetPilot_PrimaryProbe"
Randomness seeded to: 2467524013
[probe] lever: none
[probe] Hull Resonance - primary S10 acoustic body (stored seed 11, 1 twin render(s))
  take: peak 0.5158  arm1 hi -18.26 dB [yes]  arm2 lo -22.66 dB [yes]  arm3 late-sus -0.24 dB [yes]  arm4 tail -136.51 dB [yes]
  arm1@44.1k: finite y peak 0.5071 hi -19.30 dB [PASS]
  primary d 9.9512  bar 4.0000  attribBase -1.0000  state ok  -> PASS  loopsAlive -  lever: none
  levels: arms [y y y y] arm1@44.1k [y]
  secondary D2 body blend both heard: d 0.0000 bar 1.5 state ok conjunct ok attribBase -1.0000 skip "state-only kind" -> VERIFIED
  secondary D1.6 material StoneChamber: d 0.0000 bar 1.5 state ok conjunct ok attribBase -1.0000 skip "state-only kind" -> VERIFIED
  secondary D1.7 material SteelTank: d 0.0000 bar 1.5 state ok conjunct ok attribBase -1.0000 skip "state-only kind" -> VERIFIED
  secondary M8 Weight: d 1.6422 bar 1.5 state ok conjunct ok attribBase -1.0000 skip "" -> VERIFIED
  take j=0 seed 11: peak 0.5158  arm1 hi -18.26 dB [yes]  arm2 lo -22.66 dB [yes]  arm3 late-sus -0.24 dB [yes]  arm4 tail -136.51 dB [yes]
  take j=1 seed 12: peak 0.5695  arm1 hi -17.18 dB [yes]  arm2 lo -22.93 dB [yes]  arm3 late-sus +0.99 dB [yes]  arm4 tail -129.33 dB [yes]
  take j=2 seed 13: peak 0.5993  arm1 hi -17.00 dB [yes]  arm2 lo -22.99 dB [yes]  arm3 late-sus +1.28 dB [yes]  arm4 tail -123.85 dB [yes]
  take j=3 seed 14: peak 0.5276  arm1 hi -18.03 dB [yes]  arm2 lo -24.05 dB [yes]  arm3 late-sus +1.40 dB [yes]  arm4 tail -152.95 dB [yes]
  take j=0 d 9.9512
  take j=1 d 8.7014
  take j=2 d 10.7282
  take j=3 d 12.5613
===============================================================================
All tests passed (20 assertions in 1 test case)

exit=0 END 2026-10-08 20:09:32
