START 2026-10-08_19:12:29 shard 40/42 tree=08d95072+T054 transcribed VORAGO_SWEEP_OUT=/f/tmp/p13d/sweep6-out
Filters: [vorago-sweep] ~[vorago-aggregate]
Randomness seeded to: 4081995002
shard 40/42: 1 of 42 indices (N = 42)

=== Vorago_PresetSweep_LongRender (FR-033, SC-012; K = 4) ===
[sweep] index 40: computing / loading record...

Spore Drift (index 40): A 155.00 s  Rel 45.00 s  RT60 5.00 s  H 340.00 s  Tail [395.00, 405.00]  Total 405.00 s  freeze tail Off
  take 0 seed  9: finite yes  peak 0.1937  arm1 hi -26.17 dB [yes]  arm2 lo -31.94 dB [yes]  arm3 late-sus -1.20 dB [yes]  arm4 tail -133.37 dB [yes]
  take 1 seed 10: finite yes  peak 0.2747  arm1 hi -25.46 dB [yes]  arm2 lo -31.15 dB [yes]  arm3 late-sus +0.29 dB [yes]  arm4 tail -125.76 dB [yes]
  take 2 seed 11: finite yes  peak 0.2078  arm1 hi -26.32 dB [yes]  arm2 lo -30.90 dB [yes]  arm3 late-sus -0.48 dB [yes]  arm4 tail -111.81 dB [yes]
  take 3 seed 12: finite yes  peak 0.2349  arm1 hi -24.95 dB [yes]  arm2 lo -30.71 dB [yes]  arm3 late-sus +0.10 dB [yes]  arm4 tail -125.81 dB [yes]
shard 40/42: 1 of 42 indices (N = 42)

=== Vorago_PresetSweep_FreezeGesture (FR-033, SC-024) ===
Cathedral Void (index 7): not in this shard, skipped
shard 40/42: 1 of 42 indices (N = 42)

=== Vorago_PresetSweep_SustainAtAllRates (FR-033a, SC-022) ===
[sweep] index 40: computing / loading record...
Spore Drift (index 40): [0, 220.00 s]  44.1 kHz finite yes peak 0.1819 hi -27.45 dB  |  96 kHz finite yes peak 0.2000 hi -27.04 dB
shard 40/42: 1 of 43 indices (N = 42, index N = default surface)

=== Vorago_PresetSweep_AblationVerifiesClaims (FR-012, FR-037, SC-011) ===
[sweep] index 40: computing / loading record...

Spore Drift (index 40): primary D3.3 noise model GranularDust, 2 secondaries, s(P) 2.7893
  cell                         claim state conj rend           d      2s(P)     attrib  sec pri  skip
  S1 noise organism                  yes   yes  yes       4.2809     5.5786    -1.0000  yes yes  
  S2 resonance drift                 yes   yes  yes       1.0366     5.5786    -1.0000  NO  NO   
  S3 spectral smear                  yes   yes  yes       0.4092     5.5786    -1.0000  NO  NO   
  S4 feedback ecology                yes   yes  yes       0.0455     5.5786    -1.0000  NO  NO   
  S5 subharmonic                     yes   yes  yes       0.4055     5.5786    -1.0000  NO  NO   
  S6 harmonic bloom                  yes   yes  NO        0.0000     5.5786    -1.0000  NO  NO   override equals stored
  S7 ecosystem                       yes   yes  NO        0.0000     5.5786    -1.0000  NO  NO   override equals stored
  S8 cavern space                    yes   yes  yes       7.1223     5.5786    -1.0000  yes yes  
  S9 ghost / atmosphere              yes   yes  yes       1.8714     5.5786    -1.0000  yes NO   
  S10 acoustic body                  yes   yes  yes      11.0787     5.5786    -1.0000  yes yes  
  M1 Darkness                        NO    yes  NO        0.0000     5.5786    -1.0000  NO  NO   M displacement
  M2 Age                             NO    yes  NO        0.0000     5.5786    -1.0000  NO  NO   M displacement
  M3 Density                         NO    yes  NO        0.0000     5.5786    -1.0000  NO  NO   M displacement
  M4 Movement                        NO    yes  NO        0.0000     5.5786    -1.0000  NO  NO   M displacement
  M5 Gravity                         NO    yes  NO        0.0000     5.5786    -1.0000  NO  NO   M displacement
  M6 Entropy                         NO    yes  NO        0.0000     5.5786    -1.0000  NO  NO   M displacement
  M7 Pressure                        NO    yes  NO        0.0000     5.5786    -1.0000  NO  NO   M displacement
  M8 Weight                          NO    yes  NO        0.0000     5.5786    -1.0000  NO  NO   M displacement
  M9 Fog                             NO    yes  NO        0.0000     5.5786    -1.0000  NO  NO   M displacement
  M10 Life                           NO    yes  NO        0.0000     5.5786    -1.0000  NO  NO   M displacement
  M11 Depth                          NO    yes  NO        0.0000     5.5786    -1.0000  NO  NO   M displacement
  M12 Mass                           NO    yes  NO        0.0000     5.5786    -1.0000  NO  NO   M displacement
  E1 partial -> bloom                yes   yes  NO        0.0000     5.5786    -1.0000  NO  NO   ecosystem depth 0
  E2 resonator -> resonance peaks       yes   yes  NO        0.0000     5.5786    -1.0000  NO  NO   ecosystem depth 0
  E3 noise -> noise wake             yes   yes  NO        0.0000     5.5786    -1.0000  NO  NO   ecosystem depth 0
  E4 feedback -> loop wake           yes   yes  NO        0.0000     5.5786    -1.0000  NO  NO   ecosystem depth 0
  E5 ghost -> ghost bursts           yes   yes  NO        0.0000     5.5786    -1.0000  NO  NO   ecosystem depth 0
  E6.hi ecosystem sync rate high       NO    yes  NO        0.0000     5.5786    -1.0000  NO  NO   side predicate
  E7.hi ecosystem self-affinity high       NO    yes  NO        0.0000     5.5786    -1.0000  NO  NO   side predicate
  D1.1 material Glass                NO    yes  NO        0.0000     0.0000    -1.0000  NO  NO   state-only kind
  D1.2 material Strings              NO    yes  NO        0.0000     0.0000    -1.0000  NO  NO   state-only kind
  D1.3 material MetalPlate           NO    yes  NO        0.0000     0.0000    -1.0000  NO  NO   state-only kind
  D1.4 material Chamber              NO    yes  NO        0.0000     0.0000    -1.0000  NO  NO   state-only kind
  D1.5 material Ice                  NO    yes  NO        0.0000     0.0000    -1.0000  NO  NO   state-only kind
  D1.6 material StoneChamber         yes   yes  NO        0.0000     0.0000    -1.0000  yes NO   state-only kind
  D1.7 material SteelTank            yes   yes  NO        0.0000     0.0000    -1.0000  yes NO   state-only kind
  D1.8 material WoodenHull           NO    yes  NO        0.0000     0.0000    -1.0000  NO  NO   state-only kind
  D1.9 material CathedralColumn       NO    yes  NO        0.0000     0.0000    -1.0000  NO  NO   state-only kind
  D1.10 material CavernWall          NO    yes  NO        0.0000     0.0000    -1.0000  NO  NO   state-only kind
  D1.11 material GlassSphere         NO    yes  NO        0.0000     0.0000    -1.0000  NO  NO   state-only kind
  D2 body blend both heard           yes   yes  NO        0.0000     0.0000    -1.0000  yes NO   state-only kind
  D3.1 noise model Direct            NO    yes  yes       4.2809     0.0000    -1.0000  NO  NO   
  D3.2 noise model FilteredWind       NO    yes  yes       4.2809     0.0000    -1.0000  NO  NO   
  D3.3 noise model GranularDust PRI   yes   yes  yes       4.2809     0.0000    -1.0000  yes yes  
  D3.4 noise model MetallicHiss       NO    yes  yes       4.2809     0.0000    -1.0000  NO  NO   
  D4.1 noise type White              NO    yes  NO        0.0000     0.0000    -1.0000  NO  NO   state-only kind
  D4.2 noise type Pink               NO    yes  NO        0.0000     0.0000    -1.0000  NO  NO   state-only kind
  D4.3 noise type TapeHiss           NO    yes  NO        0.0000     0.0000    -1.0000  NO  NO   state-only kind
  D4.4 noise type VinylCrackle       NO    yes  NO        0.0000     0.0000    -1.0000  NO  NO   state-only kind
  D4.5 noise type Asperity           NO    yes  NO        0.0000     0.0000    -1.0000  NO  NO   state-only kind
  D4.6 noise type Brown              NO    yes  NO        0.0000     0.0000    -1.0000  NO  NO   state-only kind
  D4.7 noise type Blue               NO    yes  NO        0.0000     0.0000    -1.0000  NO  NO   state-only kind
  D4.8 noise type Violet             NO    yes  NO        0.0000     0.0000    -1.0000  NO  NO   state-only kind
  D4.9 noise type Grey               NO    yes  NO        0.0000     0.0000    -1.0000  NO  NO   state-only kind
  D4.10 noise type Velvet            NO    yes  NO        0.0000     0.0000    -1.0000  NO  NO   state-only kind
  D4.11 noise type VinylRumble       NO    yes  NO        0.0000     0.0000    -1.0000  NO  NO   state-only kind
  D4.12 noise type RadioStatic       NO    yes  NO        0.0000     0.0000    -1.0000  NO  NO   state-only kind
  D5.1 anchor Free                   NO    NO   NO        0.0000     0.0000    -1.0000  NO  NO   state-only kind
  D5.2 anchor Keyed                  NO    NO   NO        0.0000     0.0000    -1.0000  NO  NO   state-only kind
  D5.3 anchor Hybrid                 yes   NO   NO        0.0000     0.0000    -1.0000  NO  NO   state-only kind
  D6.1 loop filter Lowpass           yes   NO   NO        0.0000     0.0000    -1.0000  NO  NO   state-only kind
  D6.2 loop filter Bandpass    sec   yes   NO   NO        0.0000     0.0000    -1.0000  NO  NO   state-only kind
  D6.3 loop filter Highpass          NO    NO   NO        0.0000     0.0000    -1.0000  NO  NO   state-only kind
  D7.1 loudest sub f/2               yes   NO   NO        0.0000     0.0000    -1.0000  NO  NO   state-only kind
  D7.2 loudest sub f/4               NO    NO   NO        0.0000     0.0000    -1.0000  NO  NO   state-only kind
  D7.3 loudest sub fifth below       NO    NO   NO        0.0000     0.0000    -1.0000  NO  NO   state-only kind
  D8.1 envelope Standard             yes   yes  NO        0.0000     0.0000    -1.0000  yes NO   state-only kind
  D8.2 envelope Growth               NO    yes  NO        0.0000     0.0000    -1.0000  NO  NO   state-only kind
  D9.1 attack span <= 10 s           NO    yes  NO        0.0000     0.0000    -1.0000  NO  NO   state-only kind
  D9.2 attack span >= 90 s           yes   yes  NO        0.0000     0.0000    -1.0000  yes NO   state-only kind
  D10.1 freeze holds a field         NO    NO   NO        0.0000     0.0000    -1.0000  NO  NO   state-only kind
  D10.2 freeze off                   yes   yes  NO        0.0000     0.0000    -1.0000  yes NO   state-only kind
  D11 ghost reverse >= 0.5     sec   yes   yes  NO        0.0000     0.0000    -1.0000  yes NO   state-only kind
  D12.1 ghost event triggers on       NO    yes  NO        0.0000     0.0000    -1.0000  NO  NO   state-only kind
  D12.2 ghost event triggers off       yes   yes  NO        0.0000     0.0000    -1.0000  yes NO   state-only kind
  D13.1 event rate scale <= 0.3       NO    NO   NO        0.0000     5.5786    -1.0000  NO  NO   state false
  D13.2 event rate scale >= 3.0       NO    NO   NO        0.0000     5.5786    -1.0000  NO  NO   state false
  D14.1 breathing depth >= 0.7       NO    yes  NO        0.0000     5.5786    -1.0000  NO  NO   state false
  D14.2 tidal depth >= 0.7           NO    yes  NO        0.0000     5.5786    -1.0000  NO  NO   state false

~~~~~~~~~~~~~~~~~~~~~~~~~~~~~~~~~~~~~~~~~~~~~~~~~~~~~~~~~~~~~~~~~~~~~~~~~~~~~~~
vorago_tests.exe is a Catch2 v3.4.0 host application.
Run with -? for options

-------------------------------------------------------------------------------
Vorago_PresetSweep_AblationVerifiesClaims
-------------------------------------------------------------------------------
F:\projects\iterum\plugins\vorago\tests\integration\preset_sweep_test.cpp(1150)
...............................................................................

F:\projects\iterum\plugins\vorago\tests\integration\preset_sweep_test.cpp(1210): FAILED:
  CHECK( VoragoTest::verifiedAt(o, c, ClaimRole::Secondary) )
with expansion:
  false
with message:
  Spore Drift secondary D6.2 loop filter Bandpass: d 0, 2s(P) 0, attrib -1,
  skip [state-only kind]

shard 40/42: 1 of 42 indices (N = 42)

=== Vorago_PresetSweep_RendersAreReproducible (FR-038, SC-015) ===
[sweep] index 40: computing / loading record...
Spore Drift (index 40): two fresh hosts over [0, 220.00 s], withinTolerance per channel: yes
===============================================================================
test cases:  5 |  4 passed | 1 failed
assertions: 42 | 41 passed | 1 failed

exit=1 END 2026-10-08_19:19:47
