START 2026-10-08_17:27:00 shard 0/42 tree=08d95072+T054 transcribed VORAGO_SWEEP_OUT=/f/tmp/p13d/sweep6-out
Filters: [vorago-sweep] ~[vorago-aggregate]
Randomness seeded to: 17732847
shard 0/42: 1 of 42 indices (N = 42)

=== Vorago_PresetSweep_LongRender (FR-033, SC-012; K = 4) ===
[sweep] index 0: computing / loading record...

Wind Through Basalt (index 0): A 155.00 s  Rel 45.00 s  RT60 6.00 s  H 340.00 s  Tail [396.00, 406.00]  Total 406.00 s  freeze tail Off
  take 0 seed  2: finite yes  peak 0.3659  arm1 hi -21.70 dB [yes]  arm2 lo -27.55 dB [yes]  arm3 late-sus +0.45 dB [yes]  arm4 tail -131.06 dB [yes]
  take 1 seed  3: finite yes  peak 0.3420  arm1 hi -21.35 dB [yes]  arm2 lo -30.39 dB [yes]  arm3 late-sus -0.25 dB [yes]  arm4 tail -125.05 dB [yes]
  take 2 seed  4: finite yes  peak 0.3324  arm1 hi -22.25 dB [yes]  arm2 lo -27.50 dB [yes]  arm3 late-sus +1.71 dB [yes]  arm4 tail -133.68 dB [yes]
  take 3 seed  5: finite yes  peak 0.3639  arm1 hi -21.81 dB [yes]  arm2 lo -28.84 dB [yes]  arm3 late-sus +1.71 dB [yes]  arm4 tail -133.22 dB [yes]
shard 0/42: 1 of 42 indices (N = 42)

=== Vorago_PresetSweep_FreezeGesture (FR-033, SC-024) ===
Cathedral Void (index 7): not in this shard, skipped
shard 0/42: 1 of 42 indices (N = 42)

=== Vorago_PresetSweep_SustainAtAllRates (FR-033a, SC-022) ===
[sweep] index 0: computing / loading record...
Wind Through Basalt (index 0): [0, 220.00 s]  44.1 kHz finite yes peak 0.3319 hi -21.32 dB  |  96 kHz finite yes peak 0.3607 hi -21.81 dB
shard 0/42: 2 of 43 indices (N = 42, index N = default surface)

=== Vorago_PresetSweep_AblationVerifiesClaims (FR-012, FR-037, SC-011) ===
[sweep] index 0: computing / loading record...

Wind Through Basalt (index 0): primary S1 noise organism, 5 secondaries, s(P) 2.1606
  cell                         claim state conj rend           d      2s(P)     attrib  sec pri  skip
  S1 noise organism            PRI   yes   yes  yes       4.9912     4.3212    -1.0000  yes yes  
  S2 resonance drift                 yes   yes  yes       0.5556     4.3212    -1.0000  NO  NO   
  S3 spectral smear                  yes   yes  yes       3.2118     4.3212    -1.0000  yes NO   
  S4 feedback ecology                yes   yes  yes       0.0189     4.3212    -1.0000  NO  NO   
  S5 subharmonic                     yes   yes  yes       2.6865     4.3212    -1.0000  yes NO   
  S6 harmonic bloom                  yes   yes  yes       0.5498     4.3212    -1.0000  NO  NO   
  S7 ecosystem                       yes   yes  yes       3.5510     4.3212    -1.0000  yes NO   
  S8 cavern space                    yes   yes  yes       1.2163     4.3212    -1.0000  NO  NO   
  S9 ghost / atmosphere              yes   yes  yes       1.4708     4.3212    -1.0000  NO  NO   
  S10 acoustic body                  yes   yes  yes       8.1938     4.3212    -1.0000  yes yes  
  M1 Darkness                        NO    yes  NO        0.0000     4.3212    -1.0000  NO  NO   M displacement
  M2 Age                             NO    yes  NO        0.0000     4.3212    -1.0000  NO  NO   M displacement
  M3 Density                         NO    yes  NO        0.0000     4.3212    -1.0000  NO  NO   M displacement
  M4 Movement                        NO    yes  NO        0.0000     4.3212    -1.0000  NO  NO   M displacement
  M5 Gravity                         NO    yes  NO        0.0000     4.3212    -1.0000  NO  NO   M displacement
  M6 Entropy                         NO    yes  NO        0.0000     4.3212    -1.0000  NO  NO   M displacement
  M7 Pressure                        NO    yes  NO        0.0000     4.3212    -1.0000  NO  NO   M displacement
  M8 Weight                          NO    yes  NO        0.0000     4.3212    -1.0000  NO  NO   M displacement
  M9 Fog                             NO    yes  NO        0.0000     4.3212    -1.0000  NO  NO   M displacement
  M10 Life                           NO    yes  NO        0.0000     4.3212    -1.0000  NO  NO   M displacement
  M11 Depth                          NO    yes  NO        0.0000     4.3212    -1.0000  NO  NO   M displacement
  M12 Mass                           NO    yes  NO        0.0000     4.3212    -1.0000  NO  NO   M displacement
  E1 partial -> bloom                yes   yes  yes       0.2815     6.7649     0.3493  NO  NO   
  E2 resonator -> resonance peaks       yes   yes  yes       1.0535     2.2891     0.3493  NO  NO   
  E3 noise -> noise wake             yes   yes  yes       2.5181    11.0854     0.3493  yes NO   
  E4 feedback -> loop wake           yes   yes  yes       0.3554     6.2627     0.3493  NO  NO   
  E5 ghost -> ghost bursts           yes   yes  yes       2.4758     7.7625     0.3493  yes NO   
  E6.hi ecosystem sync rate high       NO    yes  NO        0.0000     4.3212    -1.0000  NO  NO   side predicate
  E7.hi ecosystem self-affinity high       NO    yes  NO        0.0000     4.3212    -1.0000  NO  NO   side predicate
  D1.1 material Glass                NO    yes  NO        0.0000     0.0000    -1.0000  NO  NO   state-only kind
  D1.2 material Strings              NO    yes  NO        0.0000     0.0000    -1.0000  NO  NO   state-only kind
  D1.3 material MetalPlate           NO    yes  NO        0.0000     0.0000    -1.0000  NO  NO   state-only kind
  D1.4 material Chamber              NO    yes  NO        0.0000     0.0000    -1.0000  NO  NO   state-only kind
  D1.5 material Ice                  NO    yes  NO        0.0000     0.0000    -1.0000  NO  NO   state-only kind
  D1.6 material StoneChamber         yes   yes  NO        0.0000     0.0000    -1.0000  yes NO   state-only kind
  D1.7 material SteelTank            yes   yes  NO        0.0000     0.0000    -1.0000  yes NO   state-only kind
  D1.8 material WoodenHull           NO    yes  NO        0.0000     0.0000    -1.0000  NO  NO   state-only kind
  D1.9 material CathedralColumn       NO    yes  NO        0.0000     0.0000    -1.0000  NO  NO   state-only kind
  D1.10 material CavernWall          NO    yes  NO        0.0000     0.0000    -1.0000  NO  NO   state-only kind
  D1.11 material GlassSphere         NO    yes  NO        0.0000     0.0000    -1.0000  NO  NO   state-only kind
  D2 body blend both heard           yes   yes  NO        0.0000     0.0000    -1.0000  yes NO   state-only kind
  D3.1 noise model Direct      sec   yes   yes  yes       4.9912     0.0000    -1.0000  yes yes  
  D3.2 noise model FilteredWind       NO    yes  yes       4.9912     0.0000    -1.0000  NO  NO   
  D3.3 noise model GranularDust       NO    yes  yes       4.9912     0.0000    -1.0000  NO  NO   
  D3.4 noise model MetallicHiss       NO    yes  yes       4.9912     0.0000    -1.0000  NO  NO   
  D4.1 noise type White        sec   yes   yes  NO        0.0000     0.0000    -1.0000  yes NO   state-only kind
  D4.2 noise type Pink         sec   yes   yes  NO        0.0000     0.0000    -1.0000  yes NO   state-only kind
  D4.3 noise type TapeHiss     sec   yes   yes  NO        0.0000     0.0000    -1.0000  yes NO   state-only kind
  D4.4 noise type VinylCrackle       NO    yes  NO        0.0000     0.0000    -1.0000  NO  NO   state-only kind
  D4.5 noise type Asperity           NO    yes  NO        0.0000     0.0000    -1.0000  NO  NO   state-only kind
  D4.6 noise type Brown              NO    yes  NO        0.0000     0.0000    -1.0000  NO  NO   state-only kind
  D4.7 noise type Blue         sec   yes   yes  NO        0.0000     0.0000    -1.0000  yes NO   state-only kind
  D4.8 noise type Violet             NO    yes  NO        0.0000     0.0000    -1.0000  NO  NO   state-only kind
  D4.9 noise type Grey               NO    yes  NO        0.0000     0.0000    -1.0000  NO  NO   state-only kind
  D4.10 noise type Velvet            NO    yes  NO        0.0000     0.0000    -1.0000  NO  NO   state-only kind
  D4.11 noise type VinylRumble       NO    yes  NO        0.0000     0.0000    -1.0000  NO  NO   state-only kind
  D4.12 noise type RadioStatic       NO    yes  NO        0.0000     0.0000    -1.0000  NO  NO   state-only kind
  D5.1 anchor Free                   NO    NO   NO        0.0000     0.0000    -1.0000  NO  NO   state-only kind
  D5.2 anchor Keyed                  NO    NO   NO        0.0000     0.0000    -1.0000  NO  NO   state-only kind
  D5.3 anchor Hybrid                 yes   NO   NO        0.0000     0.0000    -1.0000  NO  NO   state-only kind
  D6.1 loop filter Lowpass           yes   NO   NO        0.0000     0.0000    -1.0000  NO  NO   state-only kind
  D6.2 loop filter Bandpass          NO    NO   NO        0.0000     0.0000    -1.0000  NO  NO   state-only kind
  D6.3 loop filter Highpass          NO    NO   NO        0.0000     0.0000    -1.0000  NO  NO   state-only kind
  D7.1 loudest sub f/2               yes   yes  NO        0.0000     0.0000    -1.0000  yes NO   state-only kind
  D7.2 loudest sub f/4               NO    yes  NO        0.0000     0.0000    -1.0000  NO  NO   state-only kind
  D7.3 loudest sub fifth below       NO    yes  NO        0.0000     0.0000    -1.0000  NO  NO   state-only kind
  D8.1 envelope Standard             yes   yes  NO        0.0000     0.0000    -1.0000  yes NO   state-only kind
  D8.2 envelope Growth               NO    yes  NO        0.0000     0.0000    -1.0000  NO  NO   state-only kind
  D9.1 attack span <= 10 s           NO    yes  NO        0.0000     0.0000    -1.0000  NO  NO   state-only kind
  D9.2 attack span >= 90 s           yes   yes  NO        0.0000     0.0000    -1.0000  yes NO   state-only kind
  D10.1 freeze holds a field         NO    NO   NO        0.0000     0.0000    -1.0000  NO  NO   state-only kind
  D10.2 freeze off                   yes   yes  NO        0.0000     0.0000    -1.0000  yes NO   state-only kind
  D11 ghost reverse >= 0.5           NO    NO   NO        0.0000     0.0000    -1.0000  NO  NO   state-only kind
  D12.1 ghost event triggers on       NO    NO   NO        0.0000     0.0000    -1.0000  NO  NO   state-only kind
  D12.2 ghost event triggers off       yes   yes  NO        0.0000     0.0000    -1.0000  yes NO   state-only kind
  D13.1 event rate scale <= 0.3       NO    yes  NO        0.0000     4.3212    -1.0000  NO  NO   state false
  D13.2 event rate scale >= 3.0       NO    yes  NO        0.0000     4.3212    -1.0000  NO  NO   state false
  D14.1 breathing depth >= 0.7       NO    yes  NO        0.0000     4.3212    -1.0000  NO  NO   state false
  D14.2 tidal depth >= 0.7           NO    yes  NO        0.0000     4.3212    -1.0000  NO  NO   state false
[sweep] index 42: computing / loading record...

<default surface> (index 42): primary <none>, 0 secondaries, s(P) 1.7935
  cell                         claim state conj rend           d      2s(P)     attrib  sec pri  skip
  S1 noise organism                  yes   yes  yes       1.0535     3.5871    -1.0000  NO  NO   
  S2 resonance drift                 yes   yes  yes       3.3525     3.5871    -1.0000  yes NO   
  S3 spectral smear                  yes   yes  yes       1.3970     3.5871    -1.0000  NO  NO   
  S4 feedback ecology                yes   yes  yes       0.0230     3.5871    -1.0000  NO  NO   
  S5 subharmonic                     yes   yes  yes       0.5573     3.5871    -1.0000  NO  NO   
  S6 harmonic bloom                  yes   yes  yes       1.1950     3.5871    -1.0000  NO  NO   
  S7 ecosystem                       yes   yes  yes       2.9078     3.5871    -1.0000  yes NO   
  S8 cavern space                    yes   yes  yes       9.0516     3.5871    -1.0000  yes yes  
  S9 ghost / atmosphere              yes   yes  NO        0.0000     3.5871    -1.0000  NO  NO   override equals stored
  S10 acoustic body                  yes   yes  yes      11.3137     3.5871    -1.0000  yes yes  
  M1 Darkness                        NO    yes  NO        0.0000     3.5871    -1.0000  NO  NO   M displacement
  M2 Age                             NO    yes  NO        0.0000     3.5871    -1.0000  NO  NO   M displacement
  M3 Density                         NO    yes  NO        0.0000     3.5871    -1.0000  NO  NO   M displacement
  M4 Movement                        NO    yes  NO        0.0000     3.5871    -1.0000  NO  NO   M displacement
  M5 Gravity                         NO    yes  NO        0.0000     3.5871    -1.0000  NO  NO   M displacement
  M6 Entropy                         NO    yes  NO        0.0000     3.5871    -1.0000  NO  NO   M displacement
  M7 Pressure                        NO    yes  NO        0.0000     3.5871    -1.0000  NO  NO   M displacement
  M8 Weight                          NO    yes  NO        0.0000     3.5871    -1.0000  NO  NO   M displacement
  M9 Fog                             NO    yes  NO        0.0000     3.5871    -1.0000  NO  NO   M displacement
  M10 Life                           NO    yes  NO        0.0000     3.5871    -1.0000  NO  NO   M displacement
  M11 Depth                          NO    yes  NO        0.0000     3.5871    -1.0000  NO  NO   M displacement
  M12 Mass                           NO    yes  NO        0.0000     3.5871    -1.0000  NO  NO   M displacement
  E1 partial -> bloom                yes   yes  yes       1.2698     7.0629     0.2869  NO  NO   
  E2 resonator -> resonance peaks       yes   yes  yes       1.9479     5.7973     0.2869  yes NO   
  E3 noise -> noise wake             yes   yes  yes       0.4121     6.9632     0.2869  NO  NO   
  E4 feedback -> loop wake           yes   yes  yes       0.2857     5.9939     0.2869  NO  NO   
  E5 ghost -> ghost bursts           yes   yes  yes       0.2869     6.0971     0.2869  NO  NO   
  E6.hi ecosystem sync rate high       NO    yes  NO        0.0000     3.5871    -1.0000  NO  NO   side predicate
  E7.hi ecosystem self-affinity high       NO    yes  NO        0.0000     3.5871    -1.0000  NO  NO   side predicate
  D1.1 material Glass                NO    yes  NO        0.0000     0.0000    -1.0000  NO  NO   state-only kind
  D1.2 material Strings              NO    yes  NO        0.0000     0.0000    -1.0000  NO  NO   state-only kind
  D1.3 material MetalPlate           NO    yes  NO        0.0000     0.0000    -1.0000  NO  NO   state-only kind
  D1.4 material Chamber              NO    yes  NO        0.0000     0.0000    -1.0000  NO  NO   state-only kind
  D1.5 material Ice                  NO    yes  NO        0.0000     0.0000    -1.0000  NO  NO   state-only kind
  D1.6 material StoneChamber         yes   yes  NO        0.0000     0.0000    -1.0000  yes NO   state-only kind
  D1.7 material SteelTank            yes   yes  NO        0.0000     0.0000    -1.0000  yes NO   state-only kind
  D1.8 material WoodenHull           NO    yes  NO        0.0000     0.0000    -1.0000  NO  NO   state-only kind
  D1.9 material CathedralColumn       NO    yes  NO        0.0000     0.0000    -1.0000  NO  NO   state-only kind
  D1.10 material CavernWall          NO    yes  NO        0.0000     0.0000    -1.0000  NO  NO   state-only kind
  D1.11 material GlassSphere         NO    yes  NO        0.0000     0.0000    -1.0000  NO  NO   state-only kind
  D2 body blend both heard           yes   yes  NO        0.0000     0.0000    -1.0000  yes NO   state-only kind
  D3.1 noise model Direct            yes   NO   yes       1.0535     0.0000    -1.0000  NO  NO   
  D3.2 noise model FilteredWind       yes   NO   yes       1.0535     0.0000    -1.0000  NO  NO   
  D3.3 noise model GranularDust       yes   NO   yes       1.0535     0.0000    -1.0000  NO  NO   
  D3.4 noise model MetallicHiss       yes   NO   yes       1.0535     0.0000    -1.0000  NO  NO   
  D4.1 noise type White              NO    NO   NO        0.0000     0.0000    -1.0000  NO  NO   state-only kind
  D4.2 noise type Pink               NO    NO   NO        0.0000     0.0000    -1.0000  NO  NO   state-only kind
  D4.3 noise type TapeHiss           NO    NO   NO        0.0000     0.0000    -1.0000  NO  NO   state-only kind
  D4.4 noise type VinylCrackle       NO    NO   NO        0.0000     0.0000    -1.0000  NO  NO   state-only kind
  D4.5 noise type Asperity           NO    NO   NO        0.0000     0.0000    -1.0000  NO  NO   state-only kind
  D4.6 noise type Brown              yes   NO   NO        0.0000     0.0000    -1.0000  NO  NO   state-only kind
  D4.7 noise type Blue               NO    NO   NO        0.0000     0.0000    -1.0000  NO  NO   state-only kind
  D4.8 noise type Violet             NO    NO   NO        0.0000     0.0000    -1.0000  NO  NO   state-only kind
  D4.9 noise type Grey               NO    NO   NO        0.0000     0.0000    -1.0000  NO  NO   state-only kind
  D4.10 noise type Velvet            NO    NO   NO        0.0000     0.0000    -1.0000  NO  NO   state-only kind
  D4.11 noise type VinylRumble       NO    NO   NO        0.0000     0.0000    -1.0000  NO  NO   state-only kind
  D4.12 noise type RadioStatic       NO    NO   NO        0.0000     0.0000    -1.0000  NO  NO   state-only kind
  D5.1 anchor Free                   NO    yes  NO        0.0000     0.0000    -1.0000  NO  NO   state-only kind
  D5.2 anchor Keyed                  NO    yes  NO        0.0000     0.0000    -1.0000  NO  NO   state-only kind
  D5.3 anchor Hybrid                 yes   yes  NO        0.0000     0.0000    -1.0000  yes NO   state-only kind
  D6.1 loop filter Lowpass           yes   NO   NO        0.0000     0.0000    -1.0000  NO  NO   state-only kind
  D6.2 loop filter Bandpass          NO    NO   NO        0.0000     0.0000    -1.0000  NO  NO   state-only kind
  D6.3 loop filter Highpass          NO    NO   NO        0.0000     0.0000    -1.0000  NO  NO   state-only kind
  D7.1 loudest sub f/2               yes   NO   NO        0.0000     0.0000    -1.0000  NO  NO   state-only kind
  D7.2 loudest sub f/4               NO    NO   NO        0.0000     0.0000    -1.0000  NO  NO   state-only kind
  D7.3 loudest sub fifth below       NO    NO   NO        0.0000     0.0000    -1.0000  NO  NO   state-only kind
  D8.1 envelope Standard             yes   yes  NO        0.0000     0.0000    -1.0000  yes NO   state-only kind
  D8.2 envelope Growth               NO    yes  NO        0.0000     0.0000    -1.0000  NO  NO   state-only kind
  D9.1 attack span <= 10 s           NO    yes  NO        0.0000     0.0000    -1.0000  NO  NO   state-only kind
  D9.2 attack span >= 90 s           yes   yes  NO        0.0000     0.0000    -1.0000  yes NO   state-only kind
  D10.1 freeze holds a field         NO    NO   NO        0.0000     0.0000    -1.0000  NO  NO   state-only kind
  D10.2 freeze off                   yes   yes  NO        0.0000     0.0000    -1.0000  yes NO   state-only kind
  D11 ghost reverse >= 0.5           NO    NO   NO        0.0000     0.0000    -1.0000  NO  NO   state-only kind
  D12.1 ghost event triggers on       NO    NO   NO        0.0000     0.0000    -1.0000  NO  NO   state-only kind
  D12.2 ghost event triggers off       yes   yes  NO        0.0000     0.0000    -1.0000  yes NO   state-only kind
  D13.1 event rate scale <= 0.3       NO    yes  NO        0.0000     3.5871    -1.0000  NO  NO   state false
  D13.2 event rate scale >= 3.0       NO    yes  NO        0.0000     3.5871    -1.0000  NO  NO   state false
  D14.1 breathing depth >= 0.7       NO    yes  NO        0.0000     3.5871    -1.0000  NO  NO   state false
  D14.2 tidal depth >= 0.7           NO    yes  NO        0.0000     3.5871    -1.0000  NO  NO   state false
  (default surface: vector recorded, no claims)
shard 0/42: 1 of 42 indices (N = 42)

=== Vorago_PresetSweep_RendersAreReproducible (FR-038, SC-015) ===
[sweep] index 0: computing / loading record...
Wind Through Basalt (index 0): two fresh hosts over [0, 220.00 s], withinTolerance per channel: yes
===============================================================================
All tests passed (46 assertions in 5 test cases)

exit=0 END 2026-10-08_18:19:30
