START 2026-10-08_17:27:00 shard 3/42 tree=08d95072+T054 transcribed VORAGO_SWEEP_OUT=/f/tmp/p13d/sweep6-out
Filters: [vorago-sweep] ~[vorago-aggregate]
Randomness seeded to: 1826222959
shard 3/42: 1 of 42 indices (N = 42)

=== Vorago_PresetSweep_LongRender (FR-033, SC-012; K = 4) ===
[sweep] index 3: computing / loading record...

Feedback Mire (index 3): A 155.00 s  Rel 45.00 s  RT60 3.00 s  H 340.00 s  Tail [393.00, 403.00]  Total 403.00 s  freeze tail Off
  take 0 seed  6: finite yes  peak 0.5880  arm1 hi -19.37 dB [yes]  arm2 lo -29.89 dB [yes]  arm3 late-sus -0.06 dB [yes]  arm4 tail -129.05 dB [yes]
  take 1 seed  7: finite yes  peak 0.5058  arm1 hi -19.56 dB [yes]  arm2 lo -32.95 dB [yes]  arm3 late-sus +0.11 dB [yes]  arm4 tail -135.56 dB [yes]
  take 2 seed  8: finite yes  peak 0.4348  arm1 hi -20.01 dB [yes]  arm2 lo -35.56 dB [yes]  arm3 late-sus +1.94 dB [yes]  arm4 tail -141.71 dB [yes]
  take 3 seed  9: finite yes  peak 0.3436  arm1 hi -23.55 dB [yes]  arm2 lo -37.80 dB [yes]  arm3 late-sus -2.43 dB [yes]  arm4 tail -157.52 dB [yes]
shard 3/42: 1 of 42 indices (N = 42)

=== Vorago_PresetSweep_FreezeGesture (FR-033, SC-024) ===
Cathedral Void (index 7): not in this shard, skipped
shard 3/42: 1 of 42 indices (N = 42)

=== Vorago_PresetSweep_SustainAtAllRates (FR-033a, SC-022) ===
[sweep] index 3: computing / loading record...
Feedback Mire (index 3): [0, 220.00 s]  44.1 kHz finite yes peak 0.6420 hi -19.52 dB  |  96 kHz finite yes peak 0.2912 hi -23.39 dB
shard 3/42: 1 of 43 indices (N = 42, index N = default surface)

=== Vorago_PresetSweep_AblationVerifiesClaims (FR-012, FR-037, SC-011) ===
[sweep] index 3: computing / loading record...

Feedback Mire (index 3): primary S4 feedback ecology, 3 secondaries, s(P) 3.7945
  cell                         claim state conj rend           d      2s(P)     attrib  sec pri  skip
  S1 noise organism                  yes   yes  yes       3.4365     7.5890    -1.0000  yes NO   
  S2 resonance drift                 yes   yes  yes       4.3504     7.5890    -1.0000  yes yes  
  S3 spectral smear                  yes   yes  yes       1.6441     7.5890    -1.0000  yes NO   
  S4 feedback ecology          PRI   yes   yes  yes       5.3236     7.5890    -1.0000  yes yes  
  S5 subharmonic                     yes   yes  yes       0.8999     7.5890    -1.0000  NO  NO   
  S6 harmonic bloom                  yes   yes  yes       0.5203     7.5890    -1.0000  NO  NO   
  S7 ecosystem                       yes   yes  yes       5.0703     7.5890    -1.0000  yes yes  
  S8 cavern space                    yes   yes  yes       0.4584     7.5890    -1.0000  NO  NO   
  S9 ghost / atmosphere              yes   yes  yes       0.5434     7.5890    -1.0000  NO  NO   
  S10 acoustic body                  yes   yes  yes       8.0954     7.5890    -1.0000  yes yes  
  M1 Darkness                        NO    yes  NO        0.0000     7.5890    -1.0000  NO  NO   M displacement
  M2 Age                             NO    yes  NO        0.0000     7.5890    -1.0000  NO  NO   M displacement
  M3 Density                         NO    yes  NO        0.0000     7.5890    -1.0000  NO  NO   M displacement
  M4 Movement                        NO    yes  NO        0.0000     7.5890    -1.0000  NO  NO   M displacement
  M5 Gravity                         NO    yes  NO        0.0000     7.5890    -1.0000  NO  NO   M displacement
  M6 Entropy                         NO    yes  NO        0.0000     7.5890    -1.0000  NO  NO   M displacement
  M7 Pressure                        NO    yes  NO        0.0000     7.5890    -1.0000  NO  NO   M displacement
  M8 Weight                          NO    yes  NO        0.0000     7.5890    -1.0000  NO  NO   M displacement
  M9 Fog                             NO    yes  NO        0.0000     7.5890    -1.0000  NO  NO   M displacement
  M10 Life                           NO    yes  NO        0.0000     7.5890    -1.0000  NO  NO   M displacement
  M11 Depth                          NO    yes  NO        0.0000     7.5890    -1.0000  NO  NO   M displacement
  M12 Mass                           NO    yes  NO        0.0000     7.5890    -1.0000  NO  NO   M displacement
  E1 partial -> bloom                yes   yes  yes       3.5805     4.1550     6.0181  NO  NO   
  E2 resonator -> resonance peaks       yes   yes  yes       6.3527     8.5446     6.0181  NO  NO   
  E3 noise -> noise wake             yes   yes  yes       4.7188    10.6582     6.0181  NO  NO   
  E4 feedback -> loop wake           yes   yes  yes       6.7986    20.6101     6.0181  NO  NO   
  E5 ghost -> ghost bursts           yes   yes  yes       5.4386     8.1302     6.0181  NO  NO   
  E6.hi ecosystem sync rate high       NO    yes  NO        0.0000     7.5890    -1.0000  NO  NO   side predicate
  E7.hi ecosystem self-affinity high       NO    yes  NO        0.0000     7.5890    -1.0000  NO  NO   side predicate
  D1.1 material Glass                NO    yes  NO        0.0000     0.0000    -1.0000  NO  NO   state-only kind
  D1.2 material Strings              NO    yes  NO        0.0000     0.0000    -1.0000  NO  NO   state-only kind
  D1.3 material MetalPlate           NO    yes  NO        0.0000     0.0000    -1.0000  NO  NO   state-only kind
  D1.4 material Chamber              NO    yes  NO        0.0000     0.0000    -1.0000  NO  NO   state-only kind
  D1.5 material Ice                  NO    yes  NO        0.0000     0.0000    -1.0000  NO  NO   state-only kind
  D1.6 material StoneChamber         yes   yes  NO        0.0000     0.0000    -1.0000  yes NO   state-only kind
  D1.7 material SteelTank            yes   yes  NO        0.0000     0.0000    -1.0000  yes NO   state-only kind
  D1.8 material WoodenHull           NO    yes  NO        0.0000     0.0000    -1.0000  NO  NO   state-only kind
  D1.9 material CathedralColumn       NO    yes  NO        0.0000     0.0000    -1.0000  NO  NO   state-only kind
  D1.10 material CavernWall          NO    yes  NO        0.0000     0.0000    -1.0000  NO  NO   state-only kind
  D1.11 material GlassSphere         NO    yes  NO        0.0000     0.0000    -1.0000  NO  NO   state-only kind
  D2 body blend both heard           yes   yes  NO        0.0000     0.0000    -1.0000  yes NO   state-only kind
  D3.1 noise model Direct            yes   yes  yes       3.4365     0.0000    -1.0000  yes NO   
  D3.2 noise model FilteredWind       yes   yes  yes       3.4365     0.0000    -1.0000  yes NO   
  D3.3 noise model GranularDust       yes   yes  yes       3.4365     0.0000    -1.0000  yes NO   
  D3.4 noise model MetallicHiss       yes   yes  yes       3.4365     0.0000    -1.0000  yes NO   
  D4.1 noise type White              NO    yes  NO        0.0000     0.0000    -1.0000  NO  NO   state-only kind
  D4.2 noise type Pink               NO    yes  NO        0.0000     0.0000    -1.0000  NO  NO   state-only kind
  D4.3 noise type TapeHiss           NO    yes  NO        0.0000     0.0000    -1.0000  NO  NO   state-only kind
  D4.4 noise type VinylCrackle       NO    yes  NO        0.0000     0.0000    -1.0000  NO  NO   state-only kind
  D4.5 noise type Asperity           NO    yes  NO        0.0000     0.0000    -1.0000  NO  NO   state-only kind
  D4.6 noise type Brown              yes   yes  NO        0.0000     0.0000    -1.0000  yes NO   state-only kind
  D4.7 noise type Blue               NO    yes  NO        0.0000     0.0000    -1.0000  NO  NO   state-only kind
  D4.8 noise type Violet             NO    yes  NO        0.0000     0.0000    -1.0000  NO  NO   state-only kind
  D4.9 noise type Grey               NO    yes  NO        0.0000     0.0000    -1.0000  NO  NO   state-only kind
  D4.10 noise type Velvet            NO    yes  NO        0.0000     0.0000    -1.0000  NO  NO   state-only kind
  D4.11 noise type VinylRumble       NO    yes  NO        0.0000     0.0000    -1.0000  NO  NO   state-only kind
  D4.12 noise type RadioStatic       NO    yes  NO        0.0000     0.0000    -1.0000  NO  NO   state-only kind
  D5.1 anchor Free                   NO    yes  NO        0.0000     0.0000    -1.0000  NO  NO   state-only kind
  D5.2 anchor Keyed                  NO    yes  NO        0.0000     0.0000    -1.0000  NO  NO   state-only kind
  D5.3 anchor Hybrid                 yes   yes  NO        0.0000     0.0000    -1.0000  yes NO   state-only kind
  D6.1 loop filter Lowpass     sec   yes   yes  NO        0.0000     0.0000    -1.0000  yes NO   state-only kind
  D6.2 loop filter Bandpass    sec   yes   yes  NO        0.0000     0.0000    -1.0000  yes NO   state-only kind
  D6.3 loop filter Highpass    sec   yes   yes  NO        0.0000     0.0000    -1.0000  yes NO   state-only kind
  D7.1 loudest sub f/2               yes   NO   NO        0.0000     0.0000    -1.0000  NO  NO   state-only kind
  D7.2 loudest sub f/4               NO    NO   NO        0.0000     0.0000    -1.0000  NO  NO   state-only kind
  D7.3 loudest sub fifth below       NO    NO   NO        0.0000     0.0000    -1.0000  NO  NO   state-only kind
  D8.1 envelope Standard             yes   yes  NO        0.0000     0.0000    -1.0000  yes NO   state-only kind
  D8.2 envelope Growth               NO    yes  NO        0.0000     0.0000    -1.0000  NO  NO   state-only kind
  D9.1 attack span <= 10 s           NO    yes  NO        0.0000     0.0000    -1.0000  NO  NO   state-only kind
  D9.2 attack span >= 90 s           yes   yes  NO        0.0000     0.0000    -1.0000  yes NO   state-only kind
  D10.1 freeze holds a field         NO    NO   NO        0.0000     0.0000    -1.0000  NO  NO   state-only kind
  D10.2 freeze off                   yes   yes  NO        0.0000     0.0000    -1.0000  yes NO   state-only kind
  D11 ghost reverse >= 0.5           NO    NO   NO        0.0000     0.0000    -1.0000  NO  NO   state-only kind
  D12.1 ghost event triggers on       NO    NO   NO        0.0000     0.0000    -1.0000  NO  NO   state-only kind
  D12.2 ghost event triggers off       yes   yes  NO        0.0000     0.0000    -1.0000  yes NO   state-only kind
  D13.1 event rate scale <= 0.3       NO    yes  NO        0.0000     7.5890    -1.0000  NO  NO   state false
  D13.2 event rate scale >= 3.0       NO    yes  NO        0.0000     7.5890    -1.0000  NO  NO   state false
  D14.1 breathing depth >= 0.7       NO    yes  NO        0.0000     7.5890    -1.0000  NO  NO   state false
  D14.2 tidal depth >= 0.7           NO    yes  NO        0.0000     7.5890    -1.0000  NO  NO   state false
shard 3/42: 1 of 42 indices (N = 42)

=== Vorago_PresetSweep_RendersAreReproducible (FR-038, SC-015) ===
[sweep] index 3: computing / loading record...
Feedback Mire (index 3): two fresh hosts over [0, 220.00 s], withinTolerance per channel: yes
===============================================================================
All tests passed (43 assertions in 5 test cases)

exit=0 END 2026-10-08_17:54:39
