START 2026-10-08_18:40:47 shard 24/42 tree=08d95072+T054 transcribed VORAGO_SWEEP_OUT=/f/tmp/p13d/sweep6-out
Filters: [vorago-sweep] ~[vorago-aggregate]
Randomness seeded to: 287385023
shard 24/42: 1 of 42 indices (N = 42)

=== Vorago_PresetSweep_LongRender (FR-033, SC-012; K = 4) ===
[sweep] index 24: computing / loading record...

Swarm Breath (index 24): A 155.00 s  Rel 45.00 s  RT60 2.10 s  H 340.00 s  Tail [392.10, 402.10]  Total 402.10 s  freeze tail Off
  take 0 seed  5: finite yes  peak 0.5478  arm1 hi -18.08 dB [yes]  arm2 lo -24.31 dB [yes]  arm3 late-sus +0.73 dB [yes]  arm4 tail -120.54 dB [yes]
  take 1 seed  6: finite yes  peak 0.4986  arm1 hi -18.85 dB [yes]  arm2 lo -24.56 dB [yes]  arm3 late-sus +1.32 dB [yes]  arm4 tail -118.75 dB [yes]
  take 2 seed  7: finite yes  peak 0.4929  arm1 hi -17.62 dB [yes]  arm2 lo -24.16 dB [yes]  arm3 late-sus -2.78 dB [yes]  arm4 tail -135.02 dB [yes]
  take 3 seed  8: finite yes  peak 0.5855  arm1 hi -17.78 dB [yes]  arm2 lo -24.25 dB [yes]  arm3 late-sus -0.14 dB [yes]  arm4 tail -118.85 dB [yes]
shard 24/42: 1 of 42 indices (N = 42)

=== Vorago_PresetSweep_FreezeGesture (FR-033, SC-024) ===
Cathedral Void (index 7): not in this shard, skipped
shard 24/42: 1 of 42 indices (N = 42)

=== Vorago_PresetSweep_SustainAtAllRates (FR-033a, SC-022) ===
[sweep] index 24: computing / loading record...
Swarm Breath (index 24): [0, 220.00 s]  44.1 kHz finite yes peak 0.4882 hi -18.17 dB  |  96 kHz finite yes peak 0.4469 hi -18.24 dB
shard 24/42: 1 of 43 indices (N = 42, index N = default surface)

=== Vorago_PresetSweep_AblationVerifiesClaims (FR-012, FR-037, SC-011) ===
[sweep] index 24: computing / loading record...

Swarm Breath (index 24): primary E3 noise -> noise wake, 4 secondaries, s(P) 2.2375
  cell                         claim state conj rend           d      2s(P)     attrib  sec pri  skip
  S1 noise organism                  yes   yes  yes       2.4391     4.4750    -1.0000  yes NO   
  S2 resonance drift                 yes   yes  yes       3.1204     4.4750    -1.0000  yes NO   
  S3 spectral smear                  yes   yes  yes       3.9671     4.4750    -1.0000  yes NO   
  S4 feedback ecology                yes   yes  yes       0.0021     4.4750    -1.0000  NO  NO   
  S5 subharmonic                     yes   yes  yes       2.4506     4.4750    -1.0000  yes NO   
  S6 harmonic bloom                  yes   yes  NO        0.0000     4.4750    -1.0000  NO  NO   override equals stored
  S7 ecosystem                       yes   yes  yes       5.2586     4.4750    -1.0000  yes yes  
  S8 cavern space                    yes   yes  yes       0.5982     4.4750    -1.0000  NO  NO   
  S9 ghost / atmosphere              yes   yes  yes       0.6283     4.4750    -1.0000  NO  NO   
  S10 acoustic body                  yes   yes  yes      12.9153     4.4750    -1.0000  yes yes  
  M1 Darkness                        NO    yes  NO        0.0000     4.4750    -1.0000  NO  NO   M displacement
  M2 Age                             NO    yes  NO        0.0000     4.4750    -1.0000  NO  NO   M displacement
  M3 Density                         NO    yes  NO        0.0000     4.4750    -1.0000  NO  NO   M displacement
  M4 Movement                        NO    yes  NO        0.0000     4.4750    -1.0000  NO  NO   M displacement
  M5 Gravity                         NO    yes  NO        0.0000     4.4750    -1.0000  NO  NO   M displacement
  M6 Entropy                         NO    yes  NO        0.0000     4.4750    -1.0000  NO  NO   M displacement
  M7 Pressure                        NO    yes  NO        0.0000     4.4750    -1.0000  NO  NO   M displacement
  M8 Weight                          NO    yes  NO        0.0000     4.4750    -1.0000  NO  NO   M displacement
  M9 Fog                             NO    yes  NO        0.0000     4.4750    -1.0000  NO  NO   M displacement
  M10 Life                           NO    yes  NO        0.0000     4.4750    -1.0000  NO  NO   M displacement
  M11 Depth                          NO    yes  NO        0.0000     4.4750    -1.0000  NO  NO   M displacement
  M12 Mass                           NO    yes  NO        0.0000     4.4750    -1.0000  NO  NO   M displacement
  E1 partial -> bloom                yes   yes  yes       0.9760     8.2681     0.9760  NO  NO   
  E2 resonator -> resonance peaks       yes   yes  yes       2.1447     7.4359     0.9760  NO  NO   
  E3 noise -> noise wake       PRI   yes   yes  yes       4.2219     4.5588     0.9760  yes yes  
  E4 feedback -> loop wake           yes   yes  yes       0.9772     8.2366     0.9760  NO  NO   
  E5 ghost -> ghost bursts           yes   yes  yes       2.1566     6.8687     0.9760  NO  NO   
  E6.hi ecosystem sync rate high       NO    yes  NO        0.0000     4.4750    -1.0000  NO  NO   side predicate
  E7.hi ecosystem self-affinity high       NO    yes  NO        0.0000     4.4750    -1.0000  NO  NO   side predicate
  D1.1 material Glass                NO    yes  NO        0.0000     0.0000    -1.0000  NO  NO   state-only kind
  D1.2 material Strings              NO    yes  NO        0.0000     0.0000    -1.0000  NO  NO   state-only kind
  D1.3 material MetalPlate           NO    yes  NO        0.0000     0.0000    -1.0000  NO  NO   state-only kind
  D1.4 material Chamber              NO    yes  NO        0.0000     0.0000    -1.0000  NO  NO   state-only kind
  D1.5 material Ice                  NO    yes  NO        0.0000     0.0000    -1.0000  NO  NO   state-only kind
  D1.6 material StoneChamber         yes   yes  NO        0.0000     0.0000    -1.0000  yes NO   state-only kind
  D1.7 material SteelTank            yes   yes  NO        0.0000     0.0000    -1.0000  yes NO   state-only kind
  D1.8 material WoodenHull           NO    yes  NO        0.0000     0.0000    -1.0000  NO  NO   state-only kind
  D1.9 material CathedralColumn       NO    yes  NO        0.0000     0.0000    -1.0000  NO  NO   state-only kind
  D1.10 material CavernWall          NO    yes  NO        0.0000     0.0000    -1.0000  NO  NO   state-only kind
  D1.11 material GlassSphere         NO    yes  NO        0.0000     0.0000    -1.0000  NO  NO   state-only kind
  D2 body blend both heard           yes   yes  NO        0.0000     0.0000    -1.0000  yes NO   state-only kind
  D3.1 noise model Direct            yes   yes  yes       2.4391     0.0000    -1.0000  yes NO   
  D3.2 noise model FilteredWind       NO    yes  yes       2.4391     0.0000    -1.0000  NO  NO   
  D3.3 noise model GranularDust       NO    yes  yes       2.4391     0.0000    -1.0000  NO  NO   
  D3.4 noise model MetallicHiss sec   yes   yes  yes       2.4391     0.0000    -1.0000  yes NO   
  D4.1 noise type White              NO    yes  NO        0.0000     0.0000    -1.0000  NO  NO   state-only kind
  D4.2 noise type Pink               NO    yes  NO        0.0000     0.0000    -1.0000  NO  NO   state-only kind
  D4.3 noise type TapeHiss           NO    yes  NO        0.0000     0.0000    -1.0000  NO  NO   state-only kind
  D4.4 noise type VinylCrackle       NO    yes  NO        0.0000     0.0000    -1.0000  NO  NO   state-only kind
  D4.5 noise type Asperity           NO    yes  NO        0.0000     0.0000    -1.0000  NO  NO   state-only kind
  D4.6 noise type Brown              NO    yes  NO        0.0000     0.0000    -1.0000  NO  NO   state-only kind
  D4.7 noise type Blue         sec   yes   yes  NO        0.0000     0.0000    -1.0000  yes NO   state-only kind
  D4.8 noise type Violet       sec   yes   yes  NO        0.0000     0.0000    -1.0000  yes NO   state-only kind
  D4.9 noise type Grey         sec   yes   yes  NO        0.0000     0.0000    -1.0000  yes NO   state-only kind
  D4.10 noise type Velvet            NO    yes  NO        0.0000     0.0000    -1.0000  NO  NO   state-only kind
  D4.11 noise type VinylRumble       NO    yes  NO        0.0000     0.0000    -1.0000  NO  NO   state-only kind
  D4.12 noise type RadioStatic       NO    yes  NO        0.0000     0.0000    -1.0000  NO  NO   state-only kind
  D5.1 anchor Free                   NO    yes  NO        0.0000     0.0000    -1.0000  NO  NO   state-only kind
  D5.2 anchor Keyed                  NO    yes  NO        0.0000     0.0000    -1.0000  NO  NO   state-only kind
  D5.3 anchor Hybrid                 yes   yes  NO        0.0000     0.0000    -1.0000  yes NO   state-only kind
  D6.1 loop filter Lowpass           yes   NO   NO        0.0000     0.0000    -1.0000  NO  NO   state-only kind
  D6.2 loop filter Bandpass          NO    NO   NO        0.0000     0.0000    -1.0000  NO  NO   state-only kind
  D6.3 loop filter Highpass          NO    NO   NO        0.0000     0.0000    -1.0000  NO  NO   state-only kind
  D7.1 loudest sub f/2               yes   yes  NO        0.0000     0.0000    -1.0000  yes NO   state-only kind
  D7.2 loudest sub f/4               NO    yes  NO        0.0000     0.0000    -1.0000  NO  NO   state-only kind
  D7.3 loudest sub fifth below       NO    yes  NO        0.0000     0.0000    -1.0000  NO  NO   state-only kind
  D8.1 envelope Standard             yes   yes  NO        0.0000     0.0000    -1.0000  yes NO   state-only kind
  D8.2 envelope Growth               NO    yes  NO        0.0000     0.0000    -1.0000  NO  NO   state-only kind
  D9.1 attack span <= 10 s           NO    yes  NO        0.0000     0.0000    -1.0000  NO  NO   state-only kind
  D9.2 attack span >= 90 s           yes   yes  NO        0.0000     0.0000    -1.0000  yes NO   state-only kind
  D10.1 freeze holds a field         NO    NO   NO        0.0000     0.0000    -1.0000  NO  NO   state-only kind
  D10.2 freeze off                   yes   yes  NO        0.0000     0.0000    -1.0000  yes NO   state-only kind
  D11 ghost reverse >= 0.5           NO    NO   NO        0.0000     0.0000    -1.0000  NO  NO   state-only kind
  D12.1 ghost event triggers on       NO    NO   NO        0.0000     0.0000    -1.0000  NO  NO   state-only kind
  D12.2 ghost event triggers off       yes   yes  NO        0.0000     0.0000    -1.0000  yes NO   state-only kind
  D13.1 event rate scale <= 0.3       NO    yes  NO        0.0000     4.4750    -1.0000  NO  NO   state false
  D13.2 event rate scale >= 3.0       NO    yes  NO        0.0000     4.4750    -1.0000  NO  NO   state false
  D14.1 breathing depth >= 0.7       NO    yes  NO        0.0000     4.4750    -1.0000  NO  NO   state false
  D14.2 tidal depth >= 0.7           NO    yes  NO        0.0000     4.4750    -1.0000  NO  NO   state false
shard 24/42: 1 of 42 indices (N = 42)

=== Vorago_PresetSweep_RendersAreReproducible (FR-038, SC-015) ===
[sweep] index 24: computing / loading record...
Swarm Breath (index 24): two fresh hosts over [0, 220.00 s], withinTolerance per channel: yes
===============================================================================
All tests passed (44 assertions in 5 test cases)

exit=0 END 2026-10-08_19:01:38
