START 2026-10-08_17:53:58 shard 8/42 tree=08d95072+T054 transcribed VORAGO_SWEEP_OUT=/f/tmp/p13d/sweep6-out
Filters: [vorago-sweep] ~[vorago-aggregate]
Randomness seeded to: 2201646780
shard 8/42: 1 of 42 indices (N = 42)

=== Vorago_PresetSweep_LongRender (FR-033, SC-012; K = 4) ===
[sweep] index 8: computing / loading record...

Choir of Absence (index 8): A 155.00 s  Rel 45.00 s  RT60 20.00 s  H 340.00 s  Tail [410.00, 420.00]  Total 420.00 s  freeze tail Off
  take 0 seed 10: finite yes  peak 0.9661  arm1 hi -6.56 dB [yes]  arm2 lo -10.86 dB [yes]  arm3 late-sus -0.86 dB [yes]  arm4 tail -153.91 dB [yes]
  take 1 seed 11: finite yes  peak 0.9661  arm1 hi -6.80 dB [yes]  arm2 lo -14.34 dB [yes]  arm3 late-sus +1.77 dB [yes]  arm4 tail -144.67 dB [yes]
  take 2 seed 12: finite yes  peak 0.9661  arm1 hi -6.27 dB [yes]  arm2 lo -11.50 dB [yes]  arm3 late-sus -1.28 dB [yes]  arm4 tail -154.65 dB [yes]
  take 3 seed 13: finite yes  peak 0.9661  arm1 hi -5.57 dB [NO]  arm2 lo -8.62 dB [yes]  arm3 late-sus -0.41 dB [yes]  arm4 tail -156.80 dB [yes]

~~~~~~~~~~~~~~~~~~~~~~~~~~~~~~~~~~~~~~~~~~~~~~~~~~~~~~~~~~~~~~~~~~~~~~~~~~~~~~~
vorago_tests.exe is a Catch2 v3.4.0 host application.
Run with -? for options

-------------------------------------------------------------------------------
Vorago_PresetSweep_LongRender
-------------------------------------------------------------------------------
F:\projects\iterum\plugins\vorago\tests\integration\preset_sweep_test.cpp(1047)
...............................................................................

F:\projects\iterum\plugins\vorago\tests\integration\preset_sweep_test.cpp(1070): FAILED:
  CHECK( t.armPass[0] )
with expansion:
  false
with message:
  Choir of Absence take 3 (seed 13): peak 0.966051, hi -5.57474, lo -8.61575,
  late-sus -0.407889, tail -156.8

shard 8/42: 1 of 42 indices (N = 42)

=== Vorago_PresetSweep_FreezeGesture (FR-033, SC-024) ===
Cathedral Void (index 7): not in this shard, skipped
shard 8/42: 1 of 42 indices (N = 42)

=== Vorago_PresetSweep_SustainAtAllRates (FR-033a, SC-022) ===
[sweep] index 8: computing / loading record...
Choir of Absence (index 8): [0, 220.00 s]  44.1 kHz finite yes peak 0.9661 hi -6.40 dB  |  96 kHz finite yes peak 0.9661 hi -7.20 dB
shard 8/42: 1 of 43 indices (N = 42, index N = default surface)

=== Vorago_PresetSweep_AblationVerifiesClaims (FR-012, FR-037, SC-011) ===
[sweep] index 8: computing / loading record...

Choir of Absence (index 8): primary S9 ghost / atmosphere, 2 secondaries, s(P) 3.4100
  cell                         claim state conj rend           d      2s(P)     attrib  sec pri  skip
  S1 noise organism                  yes   yes  yes       0.5548     6.8199    -1.0000  NO  NO   
  S2 resonance drift                 yes   yes  yes       5.4984     6.8199    -1.0000  yes yes  
  S3 spectral smear                  yes   yes  yes       0.1632     6.8199    -1.0000  NO  NO   
  S4 feedback ecology                yes   yes  yes       0.2621     6.8199    -1.0000  NO  NO   
  S5 subharmonic                     yes   yes  yes       0.0770     6.8199    -1.0000  NO  NO   
  S6 harmonic bloom                  yes   yes  yes       0.1068     6.8199    -1.0000  NO  NO   
  S7 ecosystem                       yes   yes  yes       8.6428     6.8199    -1.0000  yes yes  
  S8 cavern space                    yes   yes  yes       0.7988     6.8199    -1.0000  NO  NO   
  S9 ghost / atmosphere        PRI   yes   yes  yes       4.3367     6.8199    -1.0000  yes yes  
  S10 acoustic body                  yes   yes  yes       0.9782     6.8199    -1.0000  NO  NO   
  M1 Darkness                        NO    yes  NO        0.0000     6.8199    -1.0000  NO  NO   M displacement
  M2 Age                             NO    yes  NO        0.0000     6.8199    -1.0000  NO  NO   M displacement
  M3 Density                         NO    yes  NO        0.0000     6.8199    -1.0000  NO  NO   M displacement
  M4 Movement                        NO    yes  NO        0.0000     6.8199    -1.0000  NO  NO   M displacement
  M5 Gravity                         NO    yes  NO        0.0000     6.8199    -1.0000  NO  NO   M displacement
  M6 Entropy                         NO    yes  NO        0.0000     6.8199    -1.0000  NO  NO   M displacement
  M7 Pressure                        NO    yes  NO        0.0000     6.8199    -1.0000  NO  NO   M displacement
  M8 Weight                          NO    yes  NO        0.0000     6.8199    -1.0000  NO  NO   M displacement
  M9 Fog                             NO    yes  NO        0.0000     6.8199    -1.0000  NO  NO   M displacement
  M10 Life                           NO    yes  NO        0.0000     6.8199    -1.0000  NO  NO   M displacement
  M11 Depth                          NO    yes  NO        0.0000     6.8199    -1.0000  NO  NO   M displacement
  M12 Mass                           NO    yes  NO        0.0000     6.8199    -1.0000  NO  NO   M displacement
  E1 partial -> bloom                yes   yes  yes       2.3587    10.3634     8.3886  NO  NO   
  E2 resonator -> resonance peaks       yes   yes  yes      11.2620    19.2884     8.3886  yes yes  
  E3 noise -> noise wake             yes   yes  yes       8.2283     9.5258     8.3886  NO  NO   
  E4 feedback -> loop wake           yes   yes  yes       8.2803    10.3551     8.3886  NO  NO   
  E5 ghost -> ghost bursts           yes   yes  yes       9.6414    10.5049     8.3886  NO  NO   
  E6.hi ecosystem sync rate high       NO    yes  NO        0.0000     6.8199    -1.0000  NO  NO   side predicate
  E7.hi ecosystem self-affinity high       NO    yes  NO        0.0000     6.8199    -1.0000  NO  NO   side predicate
  D1.1 material Glass                NO    NO   NO        0.0000     0.0000    -1.0000  NO  NO   state-only kind
  D1.2 material Strings              NO    NO   NO        0.0000     0.0000    -1.0000  NO  NO   state-only kind
  D1.3 material MetalPlate           NO    NO   NO        0.0000     0.0000    -1.0000  NO  NO   state-only kind
  D1.4 material Chamber              NO    NO   NO        0.0000     0.0000    -1.0000  NO  NO   state-only kind
  D1.5 material Ice                  NO    NO   NO        0.0000     0.0000    -1.0000  NO  NO   state-only kind
  D1.6 material StoneChamber         yes   NO   NO        0.0000     0.0000    -1.0000  NO  NO   state-only kind
  D1.7 material SteelTank            yes   NO   NO        0.0000     0.0000    -1.0000  NO  NO   state-only kind
  D1.8 material WoodenHull           NO    NO   NO        0.0000     0.0000    -1.0000  NO  NO   state-only kind
  D1.9 material CathedralColumn       NO    NO   NO        0.0000     0.0000    -1.0000  NO  NO   state-only kind
  D1.10 material CavernWall          NO    NO   NO        0.0000     0.0000    -1.0000  NO  NO   state-only kind
  D1.11 material GlassSphere         NO    NO   NO        0.0000     0.0000    -1.0000  NO  NO   state-only kind
  D2 body blend both heard           yes   NO   NO        0.0000     0.0000    -1.0000  NO  NO   state-only kind
  D3.1 noise model Direct            yes   NO   yes       0.5548     0.0000    -1.0000  NO  NO   
  D3.2 noise model FilteredWind       yes   NO   yes       0.5548     0.0000    -1.0000  NO  NO   
  D3.3 noise model GranularDust       yes   NO   yes       0.5548     0.0000    -1.0000  NO  NO   
  D3.4 noise model MetallicHiss       yes   NO   yes       0.5548     0.0000    -1.0000  NO  NO   
  D4.1 noise type White              NO    NO   NO        0.0000     0.0000    -1.0000  NO  NO   state-only kind
  D4.2 noise type Pink               NO    NO   NO        0.0000     0.0000    -1.0000  NO  NO   state-only kind
  D4.3 noise type TapeHiss           NO    NO   NO        0.0000     0.0000    -1.0000  NO  NO   state-only kind
  D4.4 noise type VinylCrackle       NO    NO   NO        0.0000     0.0000    -1.0000  NO  NO   state-only kind
  D4.5 noise type Asperity           NO    NO   NO        0.0000     0.0000    -1.0000  NO  NO   state-only kind
  D4.6 noise type Brown              yes   NO   NO        0.0000     0.0000    -1.0000  NO  NO   state-only kind
  D4.7 noise type Blue               NO    NO   NO        0.0000     0.0000    -1.0000  NO  NO   state-only kind
  D4.8 noise type Violet             NO    NO   NO        0.0000     0.0000    -1.0000  NO  NO   state-only kind
  D4.9 noise type Grey               NO    NO   NO        0.0000     0.0000    -1.0000  NO  NO   state-only kind
  D4.10 noise type Velvet            NO    NO   NO        0.0000     0.0000    -1.0000  NO  NO   state-only kind
  D4.11 noise type VinylRumble       NO    NO   NO        0.0000     0.0000    -1.0000  NO  NO   state-only kind
  D4.12 noise type RadioStatic       NO    NO   NO        0.0000     0.0000    -1.0000  NO  NO   state-only kind
  D5.1 anchor Free                   NO    yes  NO        0.0000     0.0000    -1.0000  NO  NO   state-only kind
  D5.2 anchor Keyed                  NO    yes  NO        0.0000     0.0000    -1.0000  NO  NO   state-only kind
  D5.3 anchor Hybrid                 yes   yes  NO        0.0000     0.0000    -1.0000  yes NO   state-only kind
  D6.1 loop filter Lowpass           yes   NO   NO        0.0000     0.0000    -1.0000  NO  NO   state-only kind
  D6.2 loop filter Bandpass          NO    NO   NO        0.0000     0.0000    -1.0000  NO  NO   state-only kind
  D6.3 loop filter Highpass          NO    NO   NO        0.0000     0.0000    -1.0000  NO  NO   state-only kind
  D7.1 loudest sub f/2               yes   NO   NO        0.0000     0.0000    -1.0000  NO  NO   state-only kind
  D7.2 loudest sub f/4               NO    NO   NO        0.0000     0.0000    -1.0000  NO  NO   state-only kind
  D7.3 loudest sub fifth below       NO    NO   NO        0.0000     0.0000    -1.0000  NO  NO   state-only kind
  D8.1 envelope Standard             yes   yes  NO        0.0000     0.0000    -1.0000  yes NO   state-only kind
  D8.2 envelope Growth               NO    yes  NO        0.0000     0.0000    -1.0000  NO  NO   state-only kind
  D9.1 attack span <= 10 s           NO    yes  NO        0.0000     0.0000    -1.0000  NO  NO   state-only kind
  D9.2 attack span >= 90 s           yes   yes  NO        0.0000     0.0000    -1.0000  yes NO   state-only kind
  D10.1 freeze holds a field         NO    NO   NO        0.0000     0.0000    -1.0000  NO  NO   state-only kind
  D10.2 freeze off                   yes   yes  NO        0.0000     0.0000    -1.0000  yes NO   state-only kind
  D11 ghost reverse >= 0.5     sec   yes   yes  NO        0.0000     0.0000    -1.0000  yes NO   state-only kind
  D12.1 ghost event triggers on sec   yes   yes  NO        0.0000     0.0000    -1.0000  yes NO   state-only kind
  D12.2 ghost event triggers off       NO    yes  NO        0.0000     0.0000    -1.0000  NO  NO   state-only kind
  D13.1 event rate scale <= 0.3       NO    yes  NO        0.0000     6.8199    -1.0000  NO  NO   state false
  D13.2 event rate scale >= 3.0       NO    yes  NO        0.0000     6.8199    -1.0000  NO  NO   state false
  D14.1 breathing depth >= 0.7       NO    yes  NO        0.0000     6.8199    -1.0000  NO  NO   state false
  D14.2 tidal depth >= 0.7           NO    yes  NO        0.0000     6.8199    -1.0000  NO  NO   state false
shard 8/42: 1 of 42 indices (N = 42)

=== Vorago_PresetSweep_RendersAreReproducible (FR-038, SC-015) ===
[sweep] index 8: computing / loading record...
Choir of Absence (index 8): two fresh hosts over [0, 220.00 s], withinTolerance per channel: yes
===============================================================================
test cases:  5 |  4 passed | 1 failed
assertions: 42 | 41 passed | 1 failed

exit=1 END 2026-10-08_18:19:07
