START 2026-10-08_19:04:54 shard 37/42 tree=08d95072+T054 transcribed VORAGO_SWEEP_OUT=/f/tmp/p13d/sweep6-out
Filters: [vorago-sweep] ~[vorago-aggregate]
Randomness seeded to: 345811271
shard 37/42: 1 of 42 indices (N = 42)

=== Vorago_PresetSweep_LongRender (FR-033, SC-012; K = 4) ===
[sweep] index 37: computing / loading record...
  attack window (D9.1 attack span <= 10 s primary, W_end registered 25.0 s, measured 23.0 s): d_att 9.6066, d_Sus 4.3035
    P: first reaches RMS(Sus) - 6 dB at 4 s
    P_rev: first reaches RMS(Sus) - 6 dB at 18 s

Sudden Chasm (index 37): A 9.00 s  Rel 20.00 s  RT60 20.00 s  H 194.00 s  Tail [239.00, 249.00]  Total 249.00 s  freeze tail Off
  take 0 seed  5: finite yes  peak 0.2510  arm1 hi -20.68 dB [yes]  arm2 lo -22.19 dB [yes]  arm3 late-sus -0.37 dB [yes]  arm4 tail -234.28 dB [yes]
  take 1 seed  6: finite yes  peak 0.2576  arm1 hi -20.79 dB [yes]  arm2 lo -22.64 dB [yes]  arm3 late-sus -0.44 dB [yes]  arm4 tail -240.00 dB [yes]
  take 2 seed  7: finite yes  peak 0.2537  arm1 hi -20.74 dB [yes]  arm2 lo -22.10 dB [yes]  arm3 late-sus -0.10 dB [yes]  arm4 tail -240.00 dB [yes]
  take 3 seed  8: finite yes  peak 0.2607  arm1 hi -20.76 dB [yes]  arm2 lo -22.04 dB [yes]  arm3 late-sus -0.07 dB [yes]  arm4 tail -240.00 dB [yes]
shard 37/42: 1 of 42 indices (N = 42)

=== Vorago_PresetSweep_FreezeGesture (FR-033, SC-024) ===
Cathedral Void (index 7): not in this shard, skipped
shard 37/42: 1 of 42 indices (N = 42)

=== Vorago_PresetSweep_SustainAtAllRates (FR-033a, SC-022) ===
[sweep] index 37: computing / loading record...
Sudden Chasm (index 37): [0, 74.00 s]  44.1 kHz finite yes peak 0.2544 hi -20.62 dB  |  96 kHz finite yes peak 0.2254 hi -21.70 dB
shard 37/42: 1 of 43 indices (N = 42, index N = default surface)

=== Vorago_PresetSweep_AblationVerifiesClaims (FR-012, FR-037, SC-011) ===
[sweep] index 37: computing / loading record...

Sudden Chasm (index 37): primary D9.1 attack span <= 10 s, 0 secondaries, s(P) 2.0921
  cell                         claim state conj rend           d      2s(P)     attrib  sec pri  skip
  S1 noise organism                  yes   yes  yes       0.0101     4.1841    -1.0000  NO  NO   
  S2 resonance drift                 yes   yes  yes       0.2011     4.1841    -1.0000  NO  NO   
  S3 spectral smear                  yes   yes  yes       0.8547     4.1841    -1.0000  NO  NO   
  S4 feedback ecology                yes   yes  yes       0.0085     4.1841    -1.0000  NO  NO   
  S5 subharmonic                     yes   yes  yes       1.7389     4.1841    -1.0000  yes NO   
  S6 harmonic bloom                  yes   yes  yes       0.1250     4.1841    -1.0000  NO  NO   
  S7 ecosystem                       yes   yes  NO        0.0000     4.1841    -1.0000  NO  NO   override equals stored
  S8 cavern space                    yes   yes  yes       7.6275     4.1841    -1.0000  yes yes  
  S9 ghost / atmosphere              yes   yes  yes       0.0000     4.1841    -1.0000  NO  NO   
  S10 acoustic body                  yes   yes  yes       6.5324     4.1841    -1.0000  yes yes  
  M1 Darkness                        NO    yes  NO        0.0000     4.1841    -1.0000  NO  NO   M displacement
  M2 Age                             NO    yes  NO        0.0000     4.1841    -1.0000  NO  NO   M displacement
  M3 Density                         NO    yes  NO        0.0000     4.1841    -1.0000  NO  NO   M displacement
  M4 Movement                        NO    yes  NO        0.0000     4.1841    -1.0000  NO  NO   M displacement
  M5 Gravity                         NO    yes  NO        0.0000     4.1841    -1.0000  NO  NO   M displacement
  M6 Entropy                         NO    yes  NO        0.0000     4.1841    -1.0000  NO  NO   M displacement
  M7 Pressure                        NO    yes  NO        0.0000     4.1841    -1.0000  NO  NO   M displacement
  M8 Weight                          NO    yes  NO        0.0000     4.1841    -1.0000  NO  NO   M displacement
  M9 Fog                             NO    yes  NO        0.0000     4.1841    -1.0000  NO  NO   M displacement
  M10 Life                           NO    yes  NO        0.0000     4.1841    -1.0000  NO  NO   M displacement
  M11 Depth                          NO    yes  NO        0.0000     4.1841    -1.0000  NO  NO   M displacement
  M12 Mass                           NO    yes  NO        0.0000     4.1841    -1.0000  NO  NO   M displacement
  E1 partial -> bloom                yes   yes  NO        0.0000     4.1841    -1.0000  NO  NO   ecosystem depth 0
  E2 resonator -> resonance peaks       yes   yes  NO        0.0000     4.1841    -1.0000  NO  NO   ecosystem depth 0
  E3 noise -> noise wake             yes   yes  NO        0.0000     4.1841    -1.0000  NO  NO   ecosystem depth 0
  E4 feedback -> loop wake           yes   yes  NO        0.0000     4.1841    -1.0000  NO  NO   ecosystem depth 0
  E5 ghost -> ghost bursts           yes   yes  NO        0.0000     4.1841    -1.0000  NO  NO   ecosystem depth 0
  E6.hi ecosystem sync rate high       NO    yes  NO        0.0000     4.1841    -1.0000  NO  NO   side predicate
  E7.hi ecosystem self-affinity high       NO    yes  NO        0.0000     4.1841    -1.0000  NO  NO   side predicate
  D1.1 material Glass                NO    yes  NO        0.0000     0.0000    -1.0000  NO  NO   state-only kind
  D1.2 material Strings              NO    yes  NO        0.0000     0.0000    -1.0000  NO  NO   state-only kind
  D1.3 material MetalPlate           NO    yes  NO        0.0000     0.0000    -1.0000  NO  NO   state-only kind
  D1.4 material Chamber              NO    yes  NO        0.0000     0.0000    -1.0000  NO  NO   state-only kind
  D1.5 material Ice                  NO    yes  NO        0.0000     0.0000    -1.0000  NO  NO   state-only kind
  D1.6 material StoneChamber         yes   yes  NO        0.0000     0.0000    -1.0000  yes NO   state-only kind
  D1.7 material SteelTank            yes   yes  NO        0.0000     0.0000    -1.0000  yes NO   state-only kind
  D1.8 material WoodenHull           NO    yes  NO        0.0000     0.0000    -1.0000  NO  NO   state-only kind
  D1.9 material CathedralColumn       NO    yes  NO        0.0000     0.0000    -1.0000  NO  NO   state-only kind
  D1.10 material CavernWall          NO    yes  NO        0.0000     0.0000    -1.0000  NO  NO   state-only kind
  D1.11 material GlassSphere         NO    yes  NO        0.0000     0.0000    -1.0000  NO  NO   state-only kind
  D2 body blend both heard           yes   yes  NO        0.0000     0.0000    -1.0000  yes NO   state-only kind
  D3.1 noise model Direct            yes   NO   yes       0.0101     0.0000    -1.0000  NO  NO   
  D3.2 noise model FilteredWind       yes   NO   yes       0.0101     0.0000    -1.0000  NO  NO   
  D3.3 noise model GranularDust       yes   NO   yes       0.0101     0.0000    -1.0000  NO  NO   
  D3.4 noise model MetallicHiss       yes   NO   yes       0.0101     0.0000    -1.0000  NO  NO   
  D4.1 noise type White              NO    NO   NO        0.0000     0.0000    -1.0000  NO  NO   state-only kind
  D4.2 noise type Pink               NO    NO   NO        0.0000     0.0000    -1.0000  NO  NO   state-only kind
  D4.3 noise type TapeHiss           NO    NO   NO        0.0000     0.0000    -1.0000  NO  NO   state-only kind
  D4.4 noise type VinylCrackle       NO    NO   NO        0.0000     0.0000    -1.0000  NO  NO   state-only kind
  D4.5 noise type Asperity           NO    NO   NO        0.0000     0.0000    -1.0000  NO  NO   state-only kind
  D4.6 noise type Brown              yes   NO   NO        0.0000     0.0000    -1.0000  NO  NO   state-only kind
  D4.7 noise type Blue               NO    NO   NO        0.0000     0.0000    -1.0000  NO  NO   state-only kind
  D4.8 noise type Violet             NO    NO   NO        0.0000     0.0000    -1.0000  NO  NO   state-only kind
  D4.9 noise type Grey               NO    NO   NO        0.0000     0.0000    -1.0000  NO  NO   state-only kind
  D4.10 noise type Velvet            NO    NO   NO        0.0000     0.0000    -1.0000  NO  NO   state-only kind
  D4.11 noise type VinylRumble       NO    NO   NO        0.0000     0.0000    -1.0000  NO  NO   state-only kind
  D4.12 noise type RadioStatic       NO    NO   NO        0.0000     0.0000    -1.0000  NO  NO   state-only kind
  D5.1 anchor Free                   NO    NO   NO        0.0000     0.0000    -1.0000  NO  NO   state-only kind
  D5.2 anchor Keyed                  NO    NO   NO        0.0000     0.0000    -1.0000  NO  NO   state-only kind
  D5.3 anchor Hybrid                 yes   NO   NO        0.0000     0.0000    -1.0000  NO  NO   state-only kind
  D6.1 loop filter Lowpass           yes   NO   NO        0.0000     0.0000    -1.0000  NO  NO   state-only kind
  D6.2 loop filter Bandpass          NO    NO   NO        0.0000     0.0000    -1.0000  NO  NO   state-only kind
  D6.3 loop filter Highpass          NO    NO   NO        0.0000     0.0000    -1.0000  NO  NO   state-only kind
  D7.1 loudest sub f/2               yes   yes  NO        0.0000     0.0000    -1.0000  yes NO   state-only kind
  D7.2 loudest sub f/4               NO    yes  NO        0.0000     0.0000    -1.0000  NO  NO   state-only kind
  D7.3 loudest sub fifth below       NO    yes  NO        0.0000     0.0000    -1.0000  NO  NO   state-only kind
  D8.1 envelope Standard             yes   yes  NO        0.0000     0.0000    -1.0000  yes NO   state-only kind
  D8.2 envelope Growth               NO    yes  NO        0.0000     0.0000    -1.0000  NO  NO   state-only kind
  D9.1 attack span <= 10 s     PRI   yes   yes  yes       9.6066     4.1841     4.3035  yes yes  
  D9.2 attack span >= 90 s           NO    yes  NO        0.0000     0.0000    -1.0000  NO  NO   state-only kind
  D10.1 freeze holds a field         NO    NO   NO        0.0000     0.0000    -1.0000  NO  NO   state-only kind
  D10.2 freeze off                   yes   yes  NO        0.0000     0.0000    -1.0000  yes NO   state-only kind
  D11 ghost reverse >= 0.5           NO    NO   NO        0.0000     0.0000    -1.0000  NO  NO   state-only kind
  D12.1 ghost event triggers on       NO    NO   NO        0.0000     0.0000    -1.0000  NO  NO   state-only kind
  D12.2 ghost event triggers off       yes   yes  NO        0.0000     0.0000    -1.0000  yes NO   state-only kind
  D13.1 event rate scale <= 0.3       NO    NO   NO        0.0000     4.1841    -1.0000  NO  NO   state false
  D13.2 event rate scale >= 3.0       NO    NO   NO        0.0000     4.1841    -1.0000  NO  NO   state false
  D14.1 breathing depth >= 0.7       NO    yes  NO        0.0000     4.1841    -1.0000  NO  NO   state false
  D14.2 tidal depth >= 0.7           NO    yes  NO        0.0000     4.1841    -1.0000  NO  NO   state false
shard 37/42: 1 of 42 indices (N = 42)

=== Vorago_PresetSweep_RendersAreReproducible (FR-038, SC-015) ===
[sweep] index 37: computing / loading record...
Sudden Chasm (index 37): two fresh hosts over [0, 74.00 s], withinTolerance per channel: yes
===============================================================================
All tests passed (40 assertions in 5 test cases)

exit=0 END 2026-10-08_19:12:29
