START 2026-10-08_18:20:09 shard 19/42 tree=08d95072+T054 transcribed VORAGO_SWEEP_OUT=/f/tmp/p13d/sweep6-out
Filters: [vorago-sweep] ~[vorago-aggregate]
Randomness seeded to: 3807614988
shard 19/42: 1 of 42 indices (N = 42)

=== Vorago_PresetSweep_LongRender (FR-033, SC-012; K = 4) ===
[sweep] index 19: computing / loading record...

Teeming (index 19): A 155.00 s  Rel 45.00 s  RT60 6.00 s  H 340.00 s  Tail [396.00, 406.00]  Total 406.00 s  freeze tail Off
  take 0 seed 11: finite yes  peak 0.2160  arm1 hi -24.89 dB [yes]  arm2 lo -32.31 dB [yes]  arm3 late-sus +1.42 dB [yes]  arm4 tail -156.21 dB [yes]
  take 1 seed 12: finite yes  peak 0.2595  arm1 hi -24.77 dB [yes]  arm2 lo -31.12 dB [yes]  arm3 late-sus +0.82 dB [yes]  arm4 tail -158.88 dB [yes]
  take 2 seed 13: finite yes  peak 0.2706  arm1 hi -23.10 dB [yes]  arm2 lo -30.35 dB [yes]  arm3 late-sus -0.24 dB [yes]  arm4 tail -131.05 dB [yes]
  take 3 seed 14: finite yes  peak 0.2242  arm1 hi -24.01 dB [yes]  arm2 lo -27.04 dB [yes]  arm3 late-sus +0.79 dB [yes]  arm4 tail -171.68 dB [yes]
shard 19/42: 1 of 42 indices (N = 42)

=== Vorago_PresetSweep_FreezeGesture (FR-033, SC-024) ===
Cathedral Void (index 7): not in this shard, skipped
shard 19/42: 1 of 42 indices (N = 42)

=== Vorago_PresetSweep_SustainAtAllRates (FR-033a, SC-022) ===
[sweep] index 19: computing / loading record...
Teeming (index 19): [0, 220.00 s]  44.1 kHz finite yes peak 0.2454 hi -24.10 dB  |  96 kHz finite yes peak 0.2017 hi -25.99 dB
shard 19/42: 1 of 43 indices (N = 42, index N = default surface)

=== Vorago_PresetSweep_AblationVerifiesClaims (FR-012, FR-037, SC-011) ===
[sweep] index 19: computing / loading record...

Teeming (index 19): primary M10 Life, 1 secondaries, s(P) 4.8917
  cell                         claim state conj rend           d      2s(P)     attrib  sec pri  skip
  S1 noise organism                  yes   yes  yes       0.6284     9.7833    -1.0000  NO  NO   
  S2 resonance drift                 yes   yes  yes       1.1961     9.7833    -1.0000  NO  NO   
  S3 spectral smear                  yes   yes  yes       0.4817     9.7833    -1.0000  NO  NO   
  S4 feedback ecology                yes   yes  yes       0.0314     9.7833    -1.0000  NO  NO   
  S5 subharmonic                     yes   yes  yes       0.9471     9.7833    -1.0000  NO  NO   
  S6 harmonic bloom                  yes   yes  yes       1.9863     9.7833    -1.0000  yes NO   
  S7 ecosystem                       yes   yes  yes       1.3127     9.7833    -1.0000  NO  NO   
  S8 cavern space                    yes   yes  yes       8.6313     9.7833    -1.0000  yes yes  
  S9 ghost / atmosphere              yes   yes  yes       4.7531     9.7833    -1.0000  yes yes  
  S10 acoustic body                  yes   yes  yes      13.8092     9.7833    -1.0000  yes yes  
  M1 Darkness                        NO    yes  NO        0.0000     9.7833    -1.0000  NO  NO   M displacement
  M2 Age                             NO    yes  NO        0.0000     9.7833    -1.0000  NO  NO   M displacement
  M3 Density                         NO    yes  NO        0.0000     9.7833    -1.0000  NO  NO   M displacement
  M4 Movement                        NO    yes  NO        0.0000     9.7833    -1.0000  NO  NO   M displacement
  M5 Gravity                         NO    yes  NO        0.0000     9.7833    -1.0000  NO  NO   M displacement
  M6 Entropy                         NO    yes  NO        0.0000     9.7833    -1.0000  NO  NO   M displacement
  M7 Pressure                        NO    yes  NO        0.0000     9.7833    -1.0000  NO  NO   M displacement
  M8 Weight                          NO    yes  NO        0.0000     9.7833    -1.0000  NO  NO   M displacement
  M9 Fog                             NO    yes  NO        0.0000     9.7833    -1.0000  NO  NO   M displacement
  M10 Life                     PRI   yes   yes  yes       4.6265     9.7833    -1.0000  yes yes  
  M11 Depth                          NO    yes  NO        0.0000     9.7833    -1.0000  NO  NO   M displacement
  M12 Mass                           NO    yes  NO        0.0000     9.7833    -1.0000  NO  NO   M displacement
  E1 partial -> bloom                yes   yes  yes       0.1186     2.8127     0.6877  NO  NO   
  E2 resonator -> resonance peaks       yes   yes  yes       1.1394     8.1832     0.6877  NO  NO   
  E3 noise -> noise wake             yes   yes  yes       0.6899    10.5447     0.6877  NO  NO   
  E4 feedback -> loop wake           yes   yes  yes       0.6800     2.4246     0.6877  NO  NO   
  E5 ghost -> ghost bursts           yes   yes  yes       0.7766     7.4894     0.6877  NO  NO   
  E6.hi ecosystem sync rate high       NO    yes  NO        0.0000     9.7833    -1.0000  NO  NO   side predicate
  E7.hi ecosystem self-affinity high       NO    yes  NO        0.0000     9.7833    -1.0000  NO  NO   side predicate
  D1.1 material Glass                NO    yes  NO        0.0000     0.0000    -1.0000  NO  NO   state-only kind
  D1.2 material Strings              NO    yes  NO        0.0000     0.0000    -1.0000  NO  NO   state-only kind
  D1.3 material MetalPlate           NO    yes  NO        0.0000     0.0000    -1.0000  NO  NO   state-only kind
  D1.4 material Chamber              NO    yes  NO        0.0000     0.0000    -1.0000  NO  NO   state-only kind
  D1.5 material Ice                  NO    yes  NO        0.0000     0.0000    -1.0000  NO  NO   state-only kind
  D1.6 material StoneChamber         yes   yes  NO        0.0000     0.0000    -1.0000  yes NO   state-only kind
  D1.7 material SteelTank            yes   yes  NO        0.0000     0.0000    -1.0000  yes NO   state-only kind
  D1.8 material WoodenHull           NO    yes  NO        0.0000     0.0000    -1.0000  NO  NO   state-only kind
  D1.9 material CathedralColumn       NO    yes  NO        0.0000     0.0000    -1.0000  NO  NO   state-only kind
  D1.10 material CavernWall          NO    yes  NO        0.0000     0.0000    -1.0000  NO  NO   state-only kind
  D1.11 material GlassSphere         NO    yes  NO        0.0000     0.0000    -1.0000  NO  NO   state-only kind
  D2 body blend both heard           yes   yes  NO        0.0000     0.0000    -1.0000  yes NO   state-only kind
  D3.1 noise model Direct            yes   NO   yes       0.6284     0.0000    -1.0000  NO  NO   
  D3.2 noise model FilteredWind       yes   NO   yes       0.6284     0.0000    -1.0000  NO  NO   
  D3.3 noise model GranularDust       yes   NO   yes       0.6284     0.0000    -1.0000  NO  NO   
  D3.4 noise model MetallicHiss       yes   NO   yes       0.6284     0.0000    -1.0000  NO  NO   
  D4.1 noise type White              NO    NO   NO        0.0000     0.0000    -1.0000  NO  NO   state-only kind
  D4.2 noise type Pink               NO    NO   NO        0.0000     0.0000    -1.0000  NO  NO   state-only kind
  D4.3 noise type TapeHiss           NO    NO   NO        0.0000     0.0000    -1.0000  NO  NO   state-only kind
  D4.4 noise type VinylCrackle       NO    NO   NO        0.0000     0.0000    -1.0000  NO  NO   state-only kind
  D4.5 noise type Asperity           NO    NO   NO        0.0000     0.0000    -1.0000  NO  NO   state-only kind
  D4.6 noise type Brown              yes   NO   NO        0.0000     0.0000    -1.0000  NO  NO   state-only kind
  D4.7 noise type Blue               NO    NO   NO        0.0000     0.0000    -1.0000  NO  NO   state-only kind
  D4.8 noise type Violet             NO    NO   NO        0.0000     0.0000    -1.0000  NO  NO   state-only kind
  D4.9 noise type Grey               NO    NO   NO        0.0000     0.0000    -1.0000  NO  NO   state-only kind
  D4.10 noise type Velvet            NO    NO   NO        0.0000     0.0000    -1.0000  NO  NO   state-only kind
  D4.11 noise type VinylRumble       NO    NO   NO        0.0000     0.0000    -1.0000  NO  NO   state-only kind
  D4.12 noise type RadioStatic       NO    NO   NO        0.0000     0.0000    -1.0000  NO  NO   state-only kind
  D5.1 anchor Free                   NO    NO   NO        0.0000     0.0000    -1.0000  NO  NO   state-only kind
  D5.2 anchor Keyed                  NO    NO   NO        0.0000     0.0000    -1.0000  NO  NO   state-only kind
  D5.3 anchor Hybrid                 yes   NO   NO        0.0000     0.0000    -1.0000  NO  NO   state-only kind
  D6.1 loop filter Lowpass           yes   NO   NO        0.0000     0.0000    -1.0000  NO  NO   state-only kind
  D6.2 loop filter Bandpass          NO    NO   NO        0.0000     0.0000    -1.0000  NO  NO   state-only kind
  D6.3 loop filter Highpass          NO    NO   NO        0.0000     0.0000    -1.0000  NO  NO   state-only kind
  D7.1 loudest sub f/2               yes   NO   NO        0.0000     0.0000    -1.0000  NO  NO   state-only kind
  D7.2 loudest sub f/4               NO    NO   NO        0.0000     0.0000    -1.0000  NO  NO   state-only kind
  D7.3 loudest sub fifth below       NO    NO   NO        0.0000     0.0000    -1.0000  NO  NO   state-only kind
  D8.1 envelope Standard             yes   yes  NO        0.0000     0.0000    -1.0000  yes NO   state-only kind
  D8.2 envelope Growth               NO    yes  NO        0.0000     0.0000    -1.0000  NO  NO   state-only kind
  D9.1 attack span <= 10 s           NO    yes  NO        0.0000     0.0000    -1.0000  NO  NO   state-only kind
  D9.2 attack span >= 90 s           yes   yes  NO        0.0000     0.0000    -1.0000  yes NO   state-only kind
  D10.1 freeze holds a field         NO    NO   NO        0.0000     0.0000    -1.0000  NO  NO   state-only kind
  D10.2 freeze off                   yes   yes  NO        0.0000     0.0000    -1.0000  yes NO   state-only kind
  D11 ghost reverse >= 0.5           NO    yes  NO        0.0000     0.0000    -1.0000  NO  NO   state-only kind
  D12.1 ghost event triggers on       NO    yes  NO        0.0000     0.0000    -1.0000  NO  NO   state-only kind
  D12.2 ghost event triggers off       yes   yes  NO        0.0000     0.0000    -1.0000  yes NO   state-only kind
  D13.1 event rate scale <= 0.3 sec   yes   NO   yes       1.3750     9.7833    -1.0000  NO  NO   
  D13.2 event rate scale >= 3.0       NO    NO   NO        0.0000     9.7833    -1.0000  NO  NO   state false
  D14.1 breathing depth >= 0.7       NO    yes  NO        0.0000     9.7833    -1.0000  NO  NO   state false
  D14.2 tidal depth >= 0.7           NO    yes  NO        0.0000     9.7833    -1.0000  NO  NO   state false

~~~~~~~~~~~~~~~~~~~~~~~~~~~~~~~~~~~~~~~~~~~~~~~~~~~~~~~~~~~~~~~~~~~~~~~~~~~~~~~
vorago_tests.exe is a Catch2 v3.4.0 host application.
Run with -? for options

-------------------------------------------------------------------------------
Vorago_PresetSweep_AblationVerifiesClaims
-------------------------------------------------------------------------------
F:\projects\iterum\plugins\vorago\tests\integration\preset_sweep_test.cpp(1150)
...............................................................................

F:\projects\iterum\plugins\vorago\tests\integration\preset_sweep_test.cpp(1210): FAILED:
  CHECK( VoragoTest::verifiedAt(o, c, ClaimRole::Secondary) )
with expansion:
  false
with message:
  Teeming secondary D13.1 event rate scale <= 0.3: d 1.37498, 2s(P) 9.78332,
  attrib -1, skip []

shard 19/42: 1 of 42 indices (N = 42)

=== Vorago_PresetSweep_RendersAreReproducible (FR-038, SC-015) ===
[sweep] index 19: computing / loading record...
Teeming (index 19): two fresh hosts over [0, 220.00 s], withinTolerance per channel: yes
===============================================================================
test cases:  5 |  4 passed | 1 failed
assertions: 41 | 40 passed | 1 failed

exit=1 END 2026-10-08_18:43:11
