START 2026-10-08_19:13:36 shard 41/42 tree=08d95072+T054 transcribed VORAGO_SWEEP_OUT=/f/tmp/p13d/sweep6-out
Filters: [vorago-sweep] ~[vorago-aggregate]
Randomness seeded to: 3680508232
shard 41/42: 1 of 42 indices (N = 42)

=== Vorago_PresetSweep_LongRender (FR-033, SC-012; K = 4) ===
[sweep] index 41: computing / loading record...

Steam Vent (index 41): A 155.00 s  Rel 45.00 s  RT60 20.00 s  H 340.00 s  Tail [410.00, 420.00]  Total 420.00 s  freeze tail Off
  take 0 seed 11: finite yes  peak 0.5891  arm1 hi -18.10 dB [yes]  arm2 lo -23.14 dB [yes]  arm3 late-sus +1.45 dB [yes]  arm4 tail -193.99 dB [yes]
  take 1 seed 12: finite yes  peak 0.6503  arm1 hi -15.83 dB [yes]  arm2 lo -28.11 dB [yes]  arm3 late-sus +1.30 dB [yes]  arm4 tail -204.52 dB [yes]
  take 2 seed 13: finite yes  peak 0.5037  arm1 hi -16.97 dB [yes]  arm2 lo -23.94 dB [yes]  arm3 late-sus -0.47 dB [yes]  arm4 tail -200.40 dB [yes]
  take 3 seed 14: finite yes  peak 0.4457  arm1 hi -18.48 dB [yes]  arm2 lo -24.04 dB [yes]  arm3 late-sus -0.11 dB [yes]  arm4 tail -211.22 dB [yes]
shard 41/42: 1 of 42 indices (N = 42)

=== Vorago_PresetSweep_FreezeGesture (FR-033, SC-024) ===
Cathedral Void (index 7): not in this shard, skipped
shard 41/42: 1 of 42 indices (N = 42)

=== Vorago_PresetSweep_SustainAtAllRates (FR-033a, SC-022) ===
[sweep] index 41: computing / loading record...
Steam Vent (index 41): [0, 220.00 s]  44.1 kHz finite yes peak 0.7226 hi -16.77 dB  |  96 kHz finite yes peak 0.6458 hi -17.55 dB
shard 41/42: 1 of 43 indices (N = 42, index N = default surface)

=== Vorago_PresetSweep_AblationVerifiesClaims (FR-012, FR-037, SC-011) ===
[sweep] index 41: computing / loading record...

Steam Vent (index 41): primary D3.4 noise model MetallicHiss, 2 secondaries, s(P) 1.9035
  cell                         claim state conj rend           d      2s(P)     attrib  sec pri  skip
  S1 noise organism                  yes   yes  yes       5.8003     3.8070    -1.0000  yes yes  
  S2 resonance drift                 yes   yes  yes       0.9820     3.8070    -1.0000  NO  NO   
  S3 spectral smear                  yes   yes  yes       2.1605     3.8070    -1.0000  yes NO   
  S4 feedback ecology                yes   yes  yes       0.4261     3.8070    -1.0000  NO  NO   
  S5 subharmonic                     yes   yes  yes       1.3380     3.8070    -1.0000  NO  NO   
  S6 harmonic bloom                  yes   yes  yes       0.2649     3.8070    -1.0000  NO  NO   
  S7 ecosystem                       yes   yes  NO        0.0000     3.8070    -1.0000  NO  NO   override equals stored
  S8 cavern space                    yes   yes  yes       0.8865     3.8070    -1.0000  NO  NO   
  S9 ghost / atmosphere              yes   yes  yes       0.8945     3.8070    -1.0000  NO  NO   
  S10 acoustic body                  yes   yes  yes      11.8413     3.8070    -1.0000  yes yes  
  M1 Darkness                        NO    yes  NO        0.0000     3.8070    -1.0000  NO  NO   M displacement
  M2 Age                             NO    yes  NO        0.0000     3.8070    -1.0000  NO  NO   M displacement
  M3 Density                         NO    yes  NO        0.0000     3.8070    -1.0000  NO  NO   M displacement
  M4 Movement                        NO    yes  NO        0.0000     3.8070    -1.0000  NO  NO   M displacement
  M5 Gravity                         NO    yes  NO        0.0000     3.8070    -1.0000  NO  NO   M displacement
  M6 Entropy                         NO    yes  NO        0.0000     3.8070    -1.0000  NO  NO   M displacement
  M7 Pressure                        NO    yes  NO        0.0000     3.8070    -1.0000  NO  NO   M displacement
  M8 Weight                          NO    yes  NO        0.0000     3.8070    -1.0000  NO  NO   M displacement
  M9 Fog                             NO    yes  NO        0.0000     3.8070    -1.0000  NO  NO   M displacement
  M10 Life                           NO    yes  NO        0.0000     3.8070    -1.0000  NO  NO   M displacement
  M11 Depth                          NO    yes  NO        0.0000     3.8070    -1.0000  NO  NO   M displacement
  M12 Mass                           NO    yes  NO        0.0000     3.8070    -1.0000  NO  NO   M displacement
  E1 partial -> bloom                yes   yes  NO        0.0000     3.8070    -1.0000  NO  NO   ecosystem depth 0
  E2 resonator -> resonance peaks       yes   yes  NO        0.0000     3.8070    -1.0000  NO  NO   ecosystem depth 0
  E3 noise -> noise wake             yes   yes  NO        0.0000     3.8070    -1.0000  NO  NO   ecosystem depth 0
  E4 feedback -> loop wake           yes   yes  NO        0.0000     3.8070    -1.0000  NO  NO   ecosystem depth 0
  E5 ghost -> ghost bursts           yes   yes  NO        0.0000     3.8070    -1.0000  NO  NO   ecosystem depth 0
  E6.hi ecosystem sync rate high       NO    yes  NO        0.0000     3.8070    -1.0000  NO  NO   side predicate
  E7.hi ecosystem self-affinity high       NO    yes  NO        0.0000     3.8070    -1.0000  NO  NO   side predicate
  D1.1 material Glass                NO    yes  NO        0.0000     0.0000    -1.0000  NO  NO   state-only kind
  D1.2 material Strings              NO    yes  NO        0.0000     0.0000    -1.0000  NO  NO   state-only kind
  D1.3 material MetalPlate           NO    yes  NO        0.0000     0.0000    -1.0000  NO  NO   state-only kind
  D1.4 material Chamber              NO    yes  NO        0.0000     0.0000    -1.0000  NO  NO   state-only kind
  D1.5 material Ice                  NO    yes  NO        0.0000     0.0000    -1.0000  NO  NO   state-only kind
  D1.6 material StoneChamber         yes   yes  NO        0.0000     0.0000    -1.0000  yes NO   state-only kind
  D1.7 material SteelTank            yes   yes  NO        0.0000     0.0000    -1.0000  yes NO   state-only kind
  D1.8 material WoodenHull           NO    yes  NO        0.0000     0.0000    -1.0000  NO  NO   state-only kind
  D1.9 material CathedralColumn       NO    yes  NO        0.0000     0.0000    -1.0000  NO  NO   state-only kind
  D1.10 material CavernWall          NO    yes  NO        0.0000     0.0000    -1.0000  NO  NO   state-only kind
  D1.11 material GlassSphere         NO    yes  NO        0.0000     0.0000    -1.0000  NO  NO   state-only kind
  D2 body blend both heard           yes   yes  NO        0.0000     0.0000    -1.0000  yes NO   state-only kind
  D3.1 noise model Direct            NO    yes  yes       5.8003     0.0000    -1.0000  NO  NO   
  D3.2 noise model FilteredWind       NO    yes  yes       5.8003     0.0000    -1.0000  NO  NO   
  D3.3 noise model GranularDust       NO    yes  yes       5.8003     0.0000    -1.0000  NO  NO   
  D3.4 noise model MetallicHiss PRI   yes   yes  yes       5.8003     0.0000    -1.0000  yes yes  
  D4.1 noise type White              NO    yes  NO        0.0000     0.0000    -1.0000  NO  NO   state-only kind
  D4.2 noise type Pink               NO    yes  NO        0.0000     0.0000    -1.0000  NO  NO   state-only kind
  D4.3 noise type TapeHiss           NO    yes  NO        0.0000     0.0000    -1.0000  NO  NO   state-only kind
  D4.4 noise type VinylCrackle       NO    yes  NO        0.0000     0.0000    -1.0000  NO  NO   state-only kind
  D4.5 noise type Asperity           NO    yes  NO        0.0000     0.0000    -1.0000  NO  NO   state-only kind
  D4.6 noise type Brown              NO    yes  NO        0.0000     0.0000    -1.0000  NO  NO   state-only kind
  D4.7 noise type Blue               NO    yes  NO        0.0000     0.0000    -1.0000  NO  NO   state-only kind
  D4.8 noise type Violet             NO    yes  NO        0.0000     0.0000    -1.0000  NO  NO   state-only kind
  D4.9 noise type Grey               NO    yes  NO        0.0000     0.0000    -1.0000  NO  NO   state-only kind
  D4.10 noise type Velvet            NO    yes  NO        0.0000     0.0000    -1.0000  NO  NO   state-only kind
  D4.11 noise type VinylRumble       NO    yes  NO        0.0000     0.0000    -1.0000  NO  NO   state-only kind
  D4.12 noise type RadioStatic       NO    yes  NO        0.0000     0.0000    -1.0000  NO  NO   state-only kind
  D5.1 anchor Free                   NO    NO   NO        0.0000     0.0000    -1.0000  NO  NO   state-only kind
  D5.2 anchor Keyed                  NO    NO   NO        0.0000     0.0000    -1.0000  NO  NO   state-only kind
  D5.3 anchor Hybrid                 yes   NO   NO        0.0000     0.0000    -1.0000  NO  NO   state-only kind
  D6.1 loop filter Lowpass           yes   NO   NO        0.0000     0.0000    -1.0000  NO  NO   state-only kind
  D6.2 loop filter Bandpass          NO    NO   NO        0.0000     0.0000    -1.0000  NO  NO   state-only kind
  D6.3 loop filter Highpass    sec   yes   NO   NO        0.0000     0.0000    -1.0000  NO  NO   state-only kind
  D7.1 loudest sub f/2               NO    NO   NO        0.0000     0.0000    -1.0000  NO  NO   state-only kind
  D7.2 loudest sub f/4         sec   yes   NO   NO        0.0000     0.0000    -1.0000  NO  NO   state-only kind
  D7.3 loudest sub fifth below       NO    NO   NO        0.0000     0.0000    -1.0000  NO  NO   state-only kind
  D8.1 envelope Standard             yes   yes  NO        0.0000     0.0000    -1.0000  yes NO   state-only kind
  D8.2 envelope Growth               NO    yes  NO        0.0000     0.0000    -1.0000  NO  NO   state-only kind
  D9.1 attack span <= 10 s           NO    yes  NO        0.0000     0.0000    -1.0000  NO  NO   state-only kind
  D9.2 attack span >= 90 s           yes   yes  NO        0.0000     0.0000    -1.0000  yes NO   state-only kind
  D10.1 freeze holds a field         NO    NO   NO        0.0000     0.0000    -1.0000  NO  NO   state-only kind
  D10.2 freeze off                   yes   yes  NO        0.0000     0.0000    -1.0000  yes NO   state-only kind
  D11 ghost reverse >= 0.5           NO    NO   NO        0.0000     0.0000    -1.0000  NO  NO   state-only kind
  D12.1 ghost event triggers on       NO    NO   NO        0.0000     0.0000    -1.0000  NO  NO   state-only kind
  D12.2 ghost event triggers off       yes   yes  NO        0.0000     0.0000    -1.0000  yes NO   state-only kind
  D13.1 event rate scale <= 0.3       NO    NO   NO        0.0000     3.8070    -1.0000  NO  NO   state false
  D13.2 event rate scale >= 3.0       NO    NO   NO        0.0000     3.8070    -1.0000  NO  NO   state false
  D14.1 breathing depth >= 0.7       NO    yes  NO        0.0000     3.8070    -1.0000  NO  NO   state false
  D14.2 tidal depth >= 0.7           NO    yes  NO        0.0000     3.8070    -1.0000  NO  NO   state false

~~~~~~~~~~~~~~~~~~~~~~~~~~~~~~~~~~~~~~~~~~~~~~~~~~~~~~~~~~~~~~~~~~~~~~~~~~~~~~~
vorago_tests.exe is a Catch2 v3.4.0 host application.
Run with -? for options

-------------------------------------------------------------------------------
Vorago_PresetSweep_AblationVerifiesClaims
-------------------------------------------------------------------------------
F:\projects\iterum\plugins\vorago\tests\integration\preset_sweep_test.cpp(1150)
...............................................................................

F:\projects\iterum\plugins\vorago\tests\integration\preset_sweep_test.cpp(1210): FAILED:
  CHECK( VoragoTest::verifiedAt(o, c, ClaimRole::Secondary) )
with expansion:
  false
with message:
  Steam Vent secondary D6.3 loop filter Highpass: d 0, 2s(P) 0, attrib -1, skip
  [state-only kind]

F:\projects\iterum\plugins\vorago\tests\integration\preset_sweep_test.cpp(1210): FAILED:
  CHECK( VoragoTest::verifiedAt(o, c, ClaimRole::Secondary) )
with expansion:
  false
with message:
  Steam Vent secondary D7.2 loudest sub f/4: d 0, 2s(P) 0, attrib -1, skip
  [state-only kind]

shard 41/42: 1 of 42 indices (N = 42)

=== Vorago_PresetSweep_RendersAreReproducible (FR-038, SC-015) ===
[sweep] index 41: computing / loading record...
Steam Vent (index 41): two fresh hosts over [0, 220.00 s], withinTolerance per channel: yes
===============================================================================
test cases:  5 |  4 passed | 1 failed
assertions: 42 | 40 passed | 2 failed

exit=2 END 2026-10-08_19:21:16
