START 2026-10-08_19:06:29 shard 38/42 tree=08d95072+T054 transcribed VORAGO_SWEEP_OUT=/f/tmp/p13d/sweep6-out
Filters: [vorago-sweep] ~[vorago-aggregate]
Randomness seeded to: 2240673874
shard 38/42: 1 of 42 indices (N = 42)

=== Vorago_PresetSweep_LongRender (FR-033, SC-012; K = 4) ===
[sweep] index 38: computing / loading record...

Dead Air (index 38): A 155.00 s  Rel 45.00 s  RT60 20.00 s  H 340.00 s  Tail [410.00, 420.00]  Total 420.00 s  freeze tail Off
  take 0 seed  4: finite yes  peak 0.9661  arm1 hi -11.85 dB [yes]  arm2 lo -14.34 dB [yes]  arm3 late-sus +0.19 dB [yes]  arm4 tail -206.09 dB [yes]
  take 1 seed  5: finite yes  peak 0.9661  arm1 hi -9.51 dB [yes]  arm2 lo -13.87 dB [yes]  arm3 late-sus -0.90 dB [yes]  arm4 tail -206.26 dB [yes]
  take 2 seed  6: finite yes  peak 0.9661  arm1 hi -8.86 dB [yes]  arm2 lo -14.51 dB [yes]  arm3 late-sus +0.36 dB [yes]  arm4 tail -201.14 dB [yes]
  take 3 seed  7: finite yes  peak 0.9661  arm1 hi -9.81 dB [yes]  arm2 lo -14.22 dB [yes]  arm3 late-sus -0.54 dB [yes]  arm4 tail -203.92 dB [yes]
shard 38/42: 1 of 42 indices (N = 42)

=== Vorago_PresetSweep_FreezeGesture (FR-033, SC-024) ===
Cathedral Void (index 7): not in this shard, skipped
shard 38/42: 1 of 42 indices (N = 42)

=== Vorago_PresetSweep_SustainAtAllRates (FR-033a, SC-022) ===
[sweep] index 38: computing / loading record...
Dead Air (index 38): [0, 220.00 s]  44.1 kHz finite yes peak 0.9661 hi -12.15 dB  |  96 kHz finite yes peak 0.9661 hi -12.84 dB
shard 38/42: 1 of 43 indices (N = 42, index N = default surface)

=== Vorago_PresetSweep_AblationVerifiesClaims (FR-012, FR-037, SC-011) ===
[sweep] index 38: computing / loading record...

Dead Air (index 38): primary D3.1 noise model Direct, 4 secondaries, s(P) 0.7047
  cell                         claim state conj rend           d      2s(P)     attrib  sec pri  skip
  S1 noise organism                  yes   yes  yes       5.0994     1.4094    -1.0000  yes yes  
  S2 resonance drift                 yes   yes  yes       0.2139     1.4094    -1.0000  NO  NO   
  S3 spectral smear                  yes   yes  yes       0.2382     1.4094    -1.0000  NO  NO   
  S4 feedback ecology                yes   yes  yes       0.2511     1.4094    -1.0000  NO  NO   
  S5 subharmonic                     yes   yes  yes       0.1633     1.4094    -1.0000  NO  NO   
  S6 harmonic bloom                  yes   yes  yes       0.3990     1.4094    -1.0000  NO  NO   
  S7 ecosystem                       yes   yes  NO        0.0000     1.4094    -1.0000  NO  NO   override equals stored
  S8 cavern space                    yes   yes  yes       2.3765     1.4094    -1.0000  yes NO   
  S9 ghost / atmosphere              yes   yes  yes       0.0000     1.4094    -1.0000  NO  NO   
  S10 acoustic body                  yes   yes  yes       0.1472     1.4094    -1.0000  NO  NO   
  M1 Darkness                        NO    yes  NO        0.0000     1.4094    -1.0000  NO  NO   M displacement
  M2 Age                             NO    yes  NO        0.0000     1.4094    -1.0000  NO  NO   M displacement
  M3 Density                         NO    yes  NO        0.0000     1.4094    -1.0000  NO  NO   M displacement
  M4 Movement                        NO    yes  NO        0.0000     1.4094    -1.0000  NO  NO   M displacement
  M5 Gravity                         NO    yes  NO        0.0000     1.4094    -1.0000  NO  NO   M displacement
  M6 Entropy                         NO    yes  NO        0.0000     1.4094    -1.0000  NO  NO   M displacement
  M7 Pressure                        NO    yes  NO        0.0000     1.4094    -1.0000  NO  NO   M displacement
  M8 Weight                          NO    yes  NO        0.0000     1.4094    -1.0000  NO  NO   M displacement
  M9 Fog                             NO    yes  NO        0.0000     1.4094    -1.0000  NO  NO   M displacement
  M10 Life                           NO    yes  NO        0.0000     1.4094    -1.0000  NO  NO   M displacement
  M11 Depth                          NO    yes  NO        0.0000     1.4094    -1.0000  NO  NO   M displacement
  M12 Mass                           NO    yes  NO        0.0000     1.4094    -1.0000  NO  NO   M displacement
  E1 partial -> bloom                yes   yes  NO        0.0000     1.4094    -1.0000  NO  NO   ecosystem depth 0
  E2 resonator -> resonance peaks       yes   yes  NO        0.0000     1.4094    -1.0000  NO  NO   ecosystem depth 0
  E3 noise -> noise wake             yes   yes  NO        0.0000     1.4094    -1.0000  NO  NO   ecosystem depth 0
  E4 feedback -> loop wake           yes   yes  NO        0.0000     1.4094    -1.0000  NO  NO   ecosystem depth 0
  E5 ghost -> ghost bursts           yes   yes  NO        0.0000     1.4094    -1.0000  NO  NO   ecosystem depth 0
  E6.hi ecosystem sync rate high       NO    yes  NO        0.0000     1.4094    -1.0000  NO  NO   side predicate
  E7.hi ecosystem self-affinity high       NO    yes  NO        0.0000     1.4094    -1.0000  NO  NO   side predicate
  D1.1 material Glass                NO    NO   NO        0.0000     0.0000    -1.0000  NO  NO   state-only kind
  D1.2 material Strings              NO    NO   NO        0.0000     0.0000    -1.0000  NO  NO   state-only kind
  D1.3 material MetalPlate           NO    NO   NO        0.0000     0.0000    -1.0000  NO  NO   state-only kind
  D1.4 material Chamber              NO    NO   NO        0.0000     0.0000    -1.0000  NO  NO   state-only kind
  D1.5 material Ice                  NO    NO   NO        0.0000     0.0000    -1.0000  NO  NO   state-only kind
  D1.6 material StoneChamber         yes   NO   NO        0.0000     0.0000    -1.0000  NO  NO   state-only kind
  D1.7 material SteelTank            yes   NO   NO        0.0000     0.0000    -1.0000  NO  NO   state-only kind
  D1.8 material WoodenHull           NO    NO   NO        0.0000     0.0000    -1.0000  NO  NO   state-only kind
  D1.9 material CathedralColumn       NO    NO   NO        0.0000     0.0000    -1.0000  NO  NO   state-only kind
  D1.10 material CavernWall          NO    NO   NO        0.0000     0.0000    -1.0000  NO  NO   state-only kind
  D1.11 material GlassSphere         NO    NO   NO        0.0000     0.0000    -1.0000  NO  NO   state-only kind
  D2 body blend both heard           yes   NO   NO        0.0000     0.0000    -1.0000  NO  NO   state-only kind
  D3.1 noise model Direct      PRI   yes   yes  yes       5.0994     0.0000    -1.0000  yes yes  
  D3.2 noise model FilteredWind       NO    yes  yes       5.0994     0.0000    -1.0000  NO  NO   
  D3.3 noise model GranularDust       NO    yes  yes       5.0994     0.0000    -1.0000  NO  NO   
  D3.4 noise model MetallicHiss       NO    yes  yes       5.0994     0.0000    -1.0000  NO  NO   
  D4.1 noise type White        sec   yes   yes  NO        0.0000     0.0000    -1.0000  yes NO   state-only kind
  D4.2 noise type Pink         sec   yes   yes  NO        0.0000     0.0000    -1.0000  yes NO   state-only kind
  D4.3 noise type TapeHiss     sec   yes   yes  NO        0.0000     0.0000    -1.0000  yes NO   state-only kind
  D4.4 noise type VinylCrackle       NO    yes  NO        0.0000     0.0000    -1.0000  NO  NO   state-only kind
  D4.5 noise type Asperity           NO    yes  NO        0.0000     0.0000    -1.0000  NO  NO   state-only kind
  D4.6 noise type Brown              NO    yes  NO        0.0000     0.0000    -1.0000  NO  NO   state-only kind
  D4.7 noise type Blue               NO    yes  NO        0.0000     0.0000    -1.0000  NO  NO   state-only kind
  D4.8 noise type Violet             NO    yes  NO        0.0000     0.0000    -1.0000  NO  NO   state-only kind
  D4.9 noise type Grey         sec   yes   yes  NO        0.0000     0.0000    -1.0000  yes NO   state-only kind
  D4.10 noise type Velvet            NO    yes  NO        0.0000     0.0000    -1.0000  NO  NO   state-only kind
  D4.11 noise type VinylRumble       NO    yes  NO        0.0000     0.0000    -1.0000  NO  NO   state-only kind
  D4.12 noise type RadioStatic       NO    yes  NO        0.0000     0.0000    -1.0000  NO  NO   state-only kind
  D5.1 anchor Free                   NO    NO   NO        0.0000     0.0000    -1.0000  NO  NO   state-only kind
  D5.2 anchor Keyed                  NO    NO   NO        0.0000     0.0000    -1.0000  NO  NO   state-only kind
  D5.3 anchor Hybrid                 yes   NO   NO        0.0000     0.0000    -1.0000  NO  NO   state-only kind
  D6.1 loop filter Lowpass           yes   NO   NO        0.0000     0.0000    -1.0000  NO  NO   state-only kind
  D6.2 loop filter Bandpass          NO    NO   NO        0.0000     0.0000    -1.0000  NO  NO   state-only kind
  D6.3 loop filter Highpass          NO    NO   NO        0.0000     0.0000    -1.0000  NO  NO   state-only kind
  D7.1 loudest sub f/2               yes   NO   NO        0.0000     0.0000    -1.0000  NO  NO   state-only kind
  D7.2 loudest sub f/4               NO    NO   NO        0.0000     0.0000    -1.0000  NO  NO   state-only kind
  D7.3 loudest sub fifth below       NO    NO   NO        0.0000     0.0000    -1.0000  NO  NO   state-only kind
  D8.1 envelope Standard             yes   yes  NO        0.0000     0.0000    -1.0000  yes NO   state-only kind
  D8.2 envelope Growth               NO    yes  NO        0.0000     0.0000    -1.0000  NO  NO   state-only kind
  D9.1 attack span <= 10 s           NO    yes  NO        0.0000     0.0000    -1.0000  NO  NO   state-only kind
  D9.2 attack span >= 90 s           yes   yes  NO        0.0000     0.0000    -1.0000  yes NO   state-only kind
  D10.1 freeze holds a field         NO    NO   NO        0.0000     0.0000    -1.0000  NO  NO   state-only kind
  D10.2 freeze off                   yes   yes  NO        0.0000     0.0000    -1.0000  yes NO   state-only kind
  D11 ghost reverse >= 0.5           NO    NO   NO        0.0000     0.0000    -1.0000  NO  NO   state-only kind
  D12.1 ghost event triggers on       NO    NO   NO        0.0000     0.0000    -1.0000  NO  NO   state-only kind
  D12.2 ghost event triggers off       yes   yes  NO        0.0000     0.0000    -1.0000  yes NO   state-only kind
  D13.1 event rate scale <= 0.3       NO    NO   NO        0.0000     1.4094    -1.0000  NO  NO   state false
  D13.2 event rate scale >= 3.0       NO    NO   NO        0.0000     1.4094    -1.0000  NO  NO   state false
  D14.1 breathing depth >= 0.7       NO    yes  NO        0.0000     1.4094    -1.0000  NO  NO   state false
  D14.2 tidal depth >= 0.7           NO    yes  NO        0.0000     1.4094    -1.0000  NO  NO   state false
shard 38/42: 1 of 42 indices (N = 42)

=== Vorago_PresetSweep_RendersAreReproducible (FR-038, SC-015) ===
[sweep] index 38: computing / loading record...
Dead Air (index 38): two fresh hosts over [0, 220.00 s], withinTolerance per channel: yes
===============================================================================
All tests passed (44 assertions in 5 test cases)

exit=0 END 2026-10-08_19:17:45
