START 2026-10-08_18:19:30 shard 18/42 tree=08d95072+T054 transcribed VORAGO_SWEEP_OUT=/f/tmp/p13d/sweep6-out
Filters: [vorago-sweep] ~[vorago-aggregate]
Randomness seeded to: 3972490783
shard 18/42: 1 of 42 indices (N = 42)

=== Vorago_PresetSweep_LongRender (FR-033, SC-012; K = 4) ===
[sweep] index 18: computing / loading record...

Fogbound (index 18): A 155.00 s  Rel 45.00 s  RT60 20.00 s  H 340.00 s  Tail [410.00, 420.00]  Total 420.00 s  freeze tail Off
  take 0 seed  9: finite yes  peak 0.2177  arm1 hi -26.28 dB [yes]  arm2 lo -32.46 dB [yes]  arm3 late-sus -0.91 dB [yes]  arm4 tail -160.91 dB [yes]
  take 1 seed 10: finite yes  peak 0.2342  arm1 hi -25.02 dB [yes]  arm2 lo -30.35 dB [yes]  arm3 late-sus -0.41 dB [yes]  arm4 tail -154.92 dB [yes]
  take 2 seed 11: finite yes  peak 0.1888  arm1 hi -27.04 dB [yes]  arm2 lo -33.42 dB [yes]  arm3 late-sus +2.57 dB [yes]  arm4 tail -146.44 dB [yes]
  take 3 seed 12: finite yes  peak 0.2338  arm1 hi -23.98 dB [yes]  arm2 lo -33.65 dB [yes]  arm3 late-sus -0.96 dB [yes]  arm4 tail -157.67 dB [yes]
shard 18/42: 1 of 42 indices (N = 42)

=== Vorago_PresetSweep_FreezeGesture (FR-033, SC-024) ===
Cathedral Void (index 7): not in this shard, skipped
shard 18/42: 1 of 42 indices (N = 42)

=== Vorago_PresetSweep_SustainAtAllRates (FR-033a, SC-022) ===
[sweep] index 18: computing / loading record...
Fogbound (index 18): [0, 220.00 s]  44.1 kHz finite yes peak 0.2063 hi -24.99 dB  |  96 kHz finite yes peak 0.2639 hi -24.63 dB
shard 18/42: 1 of 43 indices (N = 42, index N = default surface)

=== Vorago_PresetSweep_AblationVerifiesClaims (FR-012, FR-037, SC-011) ===
[sweep] index 18: computing / loading record...

Fogbound (index 18): primary M9 Fog, 5 secondaries, s(P) 1.9513
  cell                         claim state conj rend           d      2s(P)     attrib  sec pri  skip
  S1 noise organism            sec   yes   yes  yes       1.5588     3.9027    -1.0000  yes NO   
  S2 resonance drift                 yes   yes  yes       2.0372     3.9027    -1.0000  yes NO   
  S3 spectral smear                  yes   yes  yes       1.5838     3.9027    -1.0000  yes NO   
  S4 feedback ecology                yes   yes  yes       0.0074     3.9027    -1.0000  NO  NO   
  S5 subharmonic                     yes   yes  yes       0.7507     3.9027    -1.0000  NO  NO   
  S6 harmonic bloom                  yes   yes  yes       0.0147     3.9027    -1.0000  NO  NO   
  S7 ecosystem                       yes   yes  yes       2.2595     3.9027    -1.0000  yes NO   
  S8 cavern space                    yes   yes  yes       8.8355     3.9027    -1.0000  yes yes  
  S9 ghost / atmosphere              yes   yes  NO        0.0000     3.9027    -1.0000  NO  NO   override equals stored
  S10 acoustic body                  yes   yes  yes       6.5495     3.9027    -1.0000  yes yes  
  M1 Darkness                        NO    yes  NO        0.0000     3.9027    -1.0000  NO  NO   M displacement
  M2 Age                             NO    yes  NO        0.0000     3.9027    -1.0000  NO  NO   M displacement
  M3 Density                         NO    yes  NO        0.0000     3.9027    -1.0000  NO  NO   M displacement
  M4 Movement                        NO    yes  NO        0.0000     3.9027    -1.0000  NO  NO   M displacement
  M5 Gravity                         NO    yes  NO        0.0000     3.9027    -1.0000  NO  NO   M displacement
  M6 Entropy                         NO    yes  NO        0.0000     3.9027    -1.0000  NO  NO   M displacement
  M7 Pressure                        NO    yes  NO        0.0000     3.9027    -1.0000  NO  NO   M displacement
  M8 Weight                          NO    yes  NO        0.0000     3.9027    -1.0000  NO  NO   M displacement
  M9 Fog                       PRI   yes   yes  yes       5.0671     3.9027    -1.0000  yes yes  
  M10 Life                           NO    yes  NO        0.0000     3.9027    -1.0000  NO  NO   M displacement
  M11 Depth                          NO    yes  NO        0.0000     3.9027    -1.0000  NO  NO   M displacement
  M12 Mass                           NO    yes  NO        0.0000     3.9027    -1.0000  NO  NO   M displacement
  E1 partial -> bloom                yes   yes  yes       0.8532     2.3493     0.8517  NO  NO   
  E2 resonator -> resonance peaks       yes   yes  yes       0.8301     2.5738     0.8517  NO  NO   
  E3 noise -> noise wake             yes   yes  yes       1.3689     4.8011     0.8517  NO  NO   
  E4 feedback -> loop wake           yes   yes  yes       0.8455     2.3276     0.8517  NO  NO   
  E5 ghost -> ghost bursts           yes   yes  yes       0.8517     2.3493     0.8517  NO  NO   
  E6.hi ecosystem sync rate high       NO    yes  NO        0.0000     3.9027    -1.0000  NO  NO   side predicate
  E7.hi ecosystem self-affinity high       NO    yes  NO        0.0000     3.9027    -1.0000  NO  NO   side predicate
  D1.1 material Glass                NO    yes  NO        0.0000     0.0000    -1.0000  NO  NO   state-only kind
  D1.2 material Strings              NO    yes  NO        0.0000     0.0000    -1.0000  NO  NO   state-only kind
  D1.3 material MetalPlate           NO    yes  NO        0.0000     0.0000    -1.0000  NO  NO   state-only kind
  D1.4 material Chamber              NO    yes  NO        0.0000     0.0000    -1.0000  NO  NO   state-only kind
  D1.5 material Ice                  NO    yes  NO        0.0000     0.0000    -1.0000  NO  NO   state-only kind
  D1.6 material StoneChamber         yes   yes  NO        0.0000     0.0000    -1.0000  yes NO   state-only kind
  D1.7 material SteelTank            yes   yes  NO        0.0000     0.0000    -1.0000  yes NO   state-only kind
  D1.8 material WoodenHull           NO    yes  NO        0.0000     0.0000    -1.0000  NO  NO   state-only kind
  D1.9 material CathedralColumn       NO    yes  NO        0.0000     0.0000    -1.0000  NO  NO   state-only kind
  D1.10 material CavernWall          NO    yes  NO        0.0000     0.0000    -1.0000  NO  NO   state-only kind
  D1.11 material GlassSphere         NO    yes  NO        0.0000     0.0000    -1.0000  NO  NO   state-only kind
  D2 body blend both heard           yes   yes  NO        0.0000     0.0000    -1.0000  yes NO   state-only kind
  D3.1 noise model Direct            yes   yes  yes       1.5588     0.0000    -1.0000  yes NO   
  D3.2 noise model FilteredWind       NO    yes  yes       1.5588     0.0000    -1.0000  NO  NO   
  D3.3 noise model GranularDust       NO    yes  yes       1.5588     0.0000    -1.0000  NO  NO   
  D3.4 noise model MetallicHiss       NO    yes  yes       1.5588     0.0000    -1.0000  NO  NO   
  D4.1 noise type White              NO    yes  NO        0.0000     0.0000    -1.0000  NO  NO   state-only kind
  D4.2 noise type Pink               NO    yes  NO        0.0000     0.0000    -1.0000  NO  NO   state-only kind
  D4.3 noise type TapeHiss           NO    yes  NO        0.0000     0.0000    -1.0000  NO  NO   state-only kind
  D4.4 noise type VinylCrackle       NO    yes  NO        0.0000     0.0000    -1.0000  NO  NO   state-only kind
  D4.5 noise type Asperity           NO    yes  NO        0.0000     0.0000    -1.0000  NO  NO   state-only kind
  D4.6 noise type Brown              NO    yes  NO        0.0000     0.0000    -1.0000  NO  NO   state-only kind
  D4.7 noise type Blue               NO    yes  NO        0.0000     0.0000    -1.0000  NO  NO   state-only kind
  D4.8 noise type Violet       sec   yes   yes  NO        0.0000     0.0000    -1.0000  yes NO   state-only kind
  D4.9 noise type Grey               NO    yes  NO        0.0000     0.0000    -1.0000  NO  NO   state-only kind
  D4.10 noise type Velvet      sec   yes   yes  NO        0.0000     0.0000    -1.0000  yes NO   state-only kind
  D4.11 noise type VinylRumble sec   yes   yes  NO        0.0000     0.0000    -1.0000  yes NO   state-only kind
  D4.12 noise type RadioStatic sec   yes   yes  NO        0.0000     0.0000    -1.0000  yes NO   state-only kind
  D5.1 anchor Free                   NO    yes  NO        0.0000     0.0000    -1.0000  NO  NO   state-only kind
  D5.2 anchor Keyed                  NO    yes  NO        0.0000     0.0000    -1.0000  NO  NO   state-only kind
  D5.3 anchor Hybrid                 yes   yes  NO        0.0000     0.0000    -1.0000  yes NO   state-only kind
  D6.1 loop filter Lowpass           yes   NO   NO        0.0000     0.0000    -1.0000  NO  NO   state-only kind
  D6.2 loop filter Bandpass          NO    NO   NO        0.0000     0.0000    -1.0000  NO  NO   state-only kind
  D6.3 loop filter Highpass          NO    NO   NO        0.0000     0.0000    -1.0000  NO  NO   state-only kind
  D7.1 loudest sub f/2               yes   NO   NO        0.0000     0.0000    -1.0000  NO  NO   state-only kind
  D7.2 loudest sub f/4               NO    NO   NO        0.0000     0.0000    -1.0000  NO  NO   state-only kind
  D7.3 loudest sub fifth below       NO    NO   NO        0.0000     0.0000    -1.0000  NO  NO   state-only kind
  D8.1 envelope Standard             yes   yes  NO        0.0000     0.0000    -1.0000  yes NO   state-only kind
  D8.2 envelope Growth               NO    yes  NO        0.0000     0.0000    -1.0000  NO  NO   state-only kind
  D9.1 attack span <= 10 s           NO    yes  NO        0.0000     0.0000    -1.0000  NO  NO   state-only kind
  D9.2 attack span >= 90 s           yes   yes  NO        0.0000     0.0000    -1.0000  yes NO   state-only kind
  D10.1 freeze holds a field         NO    NO   NO        0.0000     0.0000    -1.0000  NO  NO   state-only kind
  D10.2 freeze off                   yes   yes  NO        0.0000     0.0000    -1.0000  yes NO   state-only kind
  D11 ghost reverse >= 0.5           NO    NO   NO        0.0000     0.0000    -1.0000  NO  NO   state-only kind
  D12.1 ghost event triggers on       NO    NO   NO        0.0000     0.0000    -1.0000  NO  NO   state-only kind
  D12.2 ghost event triggers off       yes   yes  NO        0.0000     0.0000    -1.0000  yes NO   state-only kind
  D13.1 event rate scale <= 0.3       NO    yes  NO        0.0000     3.9027    -1.0000  NO  NO   state false
  D13.2 event rate scale >= 3.0       NO    yes  NO        0.0000     3.9027    -1.0000  NO  NO   state false
  D14.1 breathing depth >= 0.7       NO    yes  NO        0.0000     3.9027    -1.0000  NO  NO   state false
  D14.2 tidal depth >= 0.7           NO    yes  NO        0.0000     3.9027    -1.0000  NO  NO   state false
shard 18/42: 1 of 42 indices (N = 42)

=== Vorago_PresetSweep_RendersAreReproducible (FR-038, SC-015) ===
[sweep] index 18: computing / loading record...
Fogbound (index 18): two fresh hosts over [0, 220.00 s], withinTolerance per channel: yes
===============================================================================
All tests passed (45 assertions in 5 test cases)

exit=0 END 2026-10-08_18:40:46
