START 2026-10-07 20:06:10 t017_check tree=f376785f+G2 working copy (build_g2.log) VORAGO_PILOT_PRESET="Colony Pulse" env: VORAGO_PILOT_LANES=1 case: Vorago_PresetPilot_PrimaryProbe
Filters: "Vorago_PresetPilot_PrimaryProbe"
Randomness seeded to: 3355297412
[probe] lever: none
[probe] Colony Pulse - primary S7 ecosystem (stored seed 8, 1 twin render(s))
  take: peak 0.9661  arm1 hi -14.69 dB [yes]  arm2 lo -26.56 dB [yes]  arm3 late-sus -1.43 dB [yes]  arm4 tail -151.31 dB [yes]
  arm1@44.1k: finite y peak 0.9661 hi -16.56 dB [PASS]
  primary d 13.9144  bar 4.0000  attribBase -1.0000  state ok  -> PASS  loopsAlive -  lever: none
  levels: arms [y y y y] arm1@44.1k [y]
  lanes P Partial: mean 0.7790 p10 0.6214 p90 0.9811 dabs 0.00012 (blocks 17343)
  lanes P Resonator: mean 0.2573 p10 0.2069 p90 0.2980 dabs 0.00002 (blocks 17343)
  lanes P Noise: mean 0.5409 p10 0.4342 p90 0.6526 dabs 0.00006 (blocks 17343)
  lanes P Feedback: mean 0.4927 p10 0.4603 p90 0.5418 dabs 0.00003 (blocks 17343)
  lanes P Ghost: mean 0.7750 p10 0.6685 p90 0.8721 dabs 0.00007 (blocks 17343)
  lanes E6.hi.twin Partial: mean 0.9071 p10 0.6984 p90 1.0000 dabs 0.00004 (blocks 17343)
  lanes E6.hi.twin Resonator: mean 0.2615 p10 0.1862 p90 0.3297 dabs 0.00002 (blocks 17343)
  lanes E6.hi.twin Noise: mean 0.4849 p10 0.3895 p90 0.5993 dabs 0.00006 (blocks 17343)
  lanes E6.hi.twin Feedback: mean 0.5380 p10 0.4831 p90 0.6214 dabs 0.00003 (blocks 17343)
  lanes E6.hi.twin Ghost: mean 0.7390 p10 0.5870 p90 0.9051 dabs 0.00010 (blocks 17343)
  lanes E7.hi.twin Partial: mean 0.7828 p10 0.5958 p90 1.0000 dabs 0.00010 (blocks 17343)
  lanes E7.hi.twin Resonator: mean 0.2571 p10 0.2134 p90 0.3071 dabs 0.00002 (blocks 17343)
  lanes E7.hi.twin Noise: mean 0.5518 p10 0.4563 p90 0.7168 dabs 0.00006 (blocks 17343)
  lanes E7.hi.twin Feedback: mean 0.4831 p10 0.4211 p90 0.5623 dabs 0.00003 (blocks 17343)
  lanes E7.hi.twin Ghost: mean 0.7726 p10 0.6384 p90 0.9054 dabs 0.00009 (blocks 17343)
  lanes rank E6.hi: Partial=0.1862 Ghost=0.1504 Feedback=0.1021 Noise=0.0647 Resonator=0.0566
  lanes rank E7.hi: Feedback=0.0692 Ghost=0.0657 Noise=0.0530 Partial=0.0484 Resonator=0.0029
===============================================================================
All tests passed (18 assertions in 1 test case)

exit=0 END 2026-10-07 20:19:22
