Filters: "Vorago_ParameterStepsAreContinuous"
Randomness seeded to: 532453623
SC-011 continuity (B-6 geometry): 110 IDs, 64 steps every 13824 samples, windows +-480 at step + {0, 1024, 3072} and the same three at the midpoint, bound 1.50 x max(ref), ceiling 0.9661
    id cl    max(test)     max(ref)    ratio finite      peak verdict
     0  A   0.00135841   0.00153953   0.8824    yes  0.212326 PASS
     1  C   0.00120793   0.00123386   0.9790    yes  0.171583 PASS
     2  C    0.0102284   0.00580311   1.7626    yes  0.159706 PASS
     3  A  0.000790653  0.000769655   1.0273    yes  0.110524 PASS
     4  C  0.000791281  0.000769846   1.0278    yes  0.110833 PASS
     5  A  0.000716709  0.000715062   1.0023    yes  0.081894 PASS
   100  A  0.000820921  0.000800804   1.0251    yes  0.115944 PASS
   101  A  0.000782298  0.000789409   0.9910    yes  0.115386 PASS
   102  A  0.000533842  0.000532448   1.0026    yes  0.074894 PASS
   103  A   0.00126258   0.00124754   1.0121    yes  0.173835 PASS
   104  A   0.00120702   0.00112291   1.0749    yes  0.169408 PASS
   105  A  0.000311404  0.000301032   1.0345    yes  0.039347 PASS
   106  A  0.000716709  0.000715062   1.0023    yes  0.081894 PASS
   107  A  0.000832576  0.000789771   1.0542    yes  0.138675 PASS
   108  A  0.000790863  0.000759775   1.0409    yes  0.099652 PASS
   109  A  0.000736048  0.000722077   1.0193    yes  0.104765 PASS
   110  A  0.000769736  0.000727383   1.0582    yes  0.103839 PASS
   111  A  0.000557175  0.000500077   1.1142    yes  0.083359 PASS
   200  A  0.000713909  0.000650456   1.0976    yes  0.101400 PASS
   201  A  0.000493156  0.000564269   0.8740    yes  0.075833 PASS
   202  A  0.000799947  0.000754069   1.0608    yes  0.111996 PASS
   203  A  0.000419389  0.000463926   0.9040    yes  0.061128 PASS
   204  A  0.000802404  0.000782338   1.0256    yes  0.113115 PASS
   205  A  0.000779899  0.000754689   1.0334    yes  0.109442 PASS
   206  A  0.000767896  0.000821856   0.9343    yes  0.113236 PASS
   300  A   0.00103366   0.00093076   1.1106    yes  0.130412 PASS
   301  A  0.000751539  0.000691648   1.0866    yes  0.105241 PASS
   302  A  0.000880579  0.000788926   1.1162    yes  0.110725 PASS
   310  B  0.000698143   0.00075318   0.9269    yes  0.104983 PASS
   311  B  0.000653164  0.000676484   0.9655    yes  0.098607 PASS
   312  B  0.000772345  0.000721068   1.0711    yes  0.114220 PASS
   313  B  0.000640156  0.000709805   0.9019    yes  0.099221 PASS
   320  B  0.000789545    0.0007847   1.0062    yes  0.111358 PASS
   321  B  0.000922565  0.000835964   1.1036    yes  0.130067 PASS
   322  B  0.000831935  0.000771742   1.0780    yes  0.116619 PASS
   323  B  0.000778135  0.000802544   0.9696    yes  0.113647 PASS
   330  A  0.000805031  0.000798663   1.0080    yes  0.112474 PASS
   331  A  0.000796495  0.000765915   1.0399    yes  0.112483 PASS
   332  A  0.000782777  0.000819361   0.9553    yes  0.112553 PASS
   333  A  0.000798127  0.000784287   1.0176    yes  0.112236 PASS
   340  A  0.000798522   0.00077096   1.0358    yes  0.111729 PASS
   341  A  0.000819112  0.000780373   1.0496    yes  0.113535 PASS
   342  A  0.000821047   0.00081235   1.0107    yes  0.114897 PASS
   343  A   0.00078384  0.000792647   0.9889    yes  0.111326 PASS
   350  A  0.000785035  0.000761156   1.0314    yes  0.110113 PASS
   351  A  0.000823497  0.000815061   1.0104    yes  0.116118 PASS
   352  A  0.000794808  0.000754867   1.0529    yes  0.111355 PASS
   353  A  0.000804438  0.000775078   1.0379    yes  0.112813 PASS
   400  A   0.00110596   0.00102083   1.0834    yes  0.156231 PASS
   401  A   0.00078927  0.000691815   1.1409    yes  0.109509 PASS
   402  A   0.00086535  0.000841819   1.0280    yes  0.120260 PASS
   403  B  0.000763505  0.000880895   0.8667    yes  0.118034 PASS
   500  A   0.00078456  0.000682627   1.1493    yes  0.110085 PASS
   501  A  0.000791248   0.00076982   1.0278    yes  0.110836 PASS
   510  C  0.000791287  0.000769844   1.0279    yes  0.110841 PASS
   511  C  0.000791285  0.000769804   1.0279    yes  0.110836 PASS
   512  C  0.000791279  0.000769803   1.0279    yes  0.110840 PASS
   513  C  0.000791271  0.000769819   1.0279    yes  0.110841 PASS
   514  C  0.000791265  0.000769793   1.0279    yes  0.110850 PASS
   515  C  0.000791295   0.00076976   1.0280    yes  0.110844 PASS
   600  A   0.00270495   0.00253446   1.0673    yes  0.288895 PASS
   601  A   0.00080577  0.000771707   1.0441    yes  0.114598 PASS
   610  A   0.00165622   0.00239534   0.6914    yes  0.291884 PASS
   611  A   0.00086163   0.00111817   0.7706    yes  0.222475 PASS
   612  A   0.00286447    0.0025166   1.1382    yes  0.365386 PASS
   700  A  0.000686913  0.000648758   1.0588    yes  0.093537 PASS
   701  A  0.000661599  0.000896813   0.7377    yes  0.121456 PASS
   702  A  0.000788826  0.000768432   1.0265    yes  0.110497 PASS
   800  A  0.000791281  0.000769846   1.0278    yes  0.110833 PASS
   900  A  0.000883386  0.000758249   1.1650    yes  0.122952 PASS
   901  A  0.000790321  0.000793996   0.9954    yes  0.114284 PASS
   902  A  0.000787302  0.000771299   1.0207    yes  0.110250 PASS
  1000  A  0.000658939  0.000595922   1.1057    yes  0.092839 PASS
  1001  A  0.000804186  0.000786125   1.0230    yes  0.112837 PASS
  1002  A  0.000983413   0.00102472   0.9597    yes  0.137138 PASS
  1003  A   0.00535191   0.00499364   1.0717    yes  0.481056 PASS
  1004  B  0.000429101  0.000649329   0.6608    yes  0.061027 PASS
  1005  B  0.000644565  0.000647813   0.9950    yes  0.095477 PASS
  1100  A  0.000787033  0.000767801   1.0250    yes  0.112173 PASS
  1101  A  0.000791864  0.000768384   1.0306    yes  0.110798 PASS
  1102  A   0.00078788  0.000781168   1.0086    yes  0.111014 PASS
  1103  A  0.000860386  0.000733473   1.1730    yes  0.110193 PASS
  1104  A  0.000790809  0.000762313   1.0374    yes  0.110843 PASS
  1105  A   0.00115513   0.00125713   0.9189    yes  0.190760 PASS
  1106  A  0.000776353  0.000769846   1.0085    yes  0.108675 PASS
  1107  A  0.000698194  0.000692563   1.0081    yes  0.108177 PASS
  1108  A  0.000816687  0.000746664   1.0938    yes  0.108324 PASS
  1109  A  0.000865562  0.000814831   1.0623    yes  0.096345 PASS
  1110  A   0.00079013  0.000814825   0.9697    yes  0.117041 PASS
  1111  A  0.000817233  0.000932415   0.8765    yes  0.129860 PASS
  1112  A  0.000790512  0.000768319   1.0289    yes  0.110791 PASS
  1113  A  0.000812084  0.000814809   0.9967    yes  0.112209 PASS
  1114  A  0.000791313  0.000770422   1.0271    yes  0.110833 PASS
  1115  B  0.000848767  0.000864747   0.9815    yes  0.109245 PASS
  1200  C  0.000192192  0.000195849   0.9813    yes  0.028935 PASS
  1201  A   0.00083324  0.000798519   1.0435    yes  0.117138 PASS
  1202  A  0.000791281  0.000769846   1.0278    yes  0.110833 PASS
  1203  A  0.000791281  0.000769846   1.0278    yes  0.110833 PASS
  1204  A  0.000791281  0.000769846   1.0278    yes  0.110833 PASS
  1205  A  0.000791281  0.000769846   1.0278    yes  0.110833 PASS
  1206  A  0.000791281  0.000769846   1.0278    yes  0.110833 PASS
  1300  A  0.000791281  0.000769846   1.0278    yes  0.110833 PASS
  1301  A  0.000791281  0.000769846   1.0278    yes  0.110833 PASS
  1400  A  0.000809745  0.000821366   0.9859    yes  0.119911 PASS
  1401  A  0.000792068   0.00075815   1.0447    yes  0.112000 PASS
  1402  A   0.00079405  0.000771847   1.0288    yes  0.109466 PASS
  1403  C  0.000809686  0.000750643   1.0787    yes  0.110458 PASS
  1500  A   0.00107435   0.00110885   0.9689    yes  0.167615 PASS
  1501  A  0.000791281  0.000769846   1.0278    yes  0.110833 PASS
  1502  A  0.000791281  0.000769846   1.0278    yes  0.110833 PASS
failing IDs (hand to T048): none
control (a): window own=0.00153953 injected=0.00335304 bound=0.00230929 -> exceeds (OK)
control (b): snapped master gain max(test)=0.125581 max(ref)=0.00143419 ratio=87.5627 -> fails clause 3 (OK)
===============================================================================
All tests passed (1215119 assertions in 1 test case)

