10:52:15
Filters: "Vorago_EcosystemRuleProbe"
Randomness seeded to: 3980166495
[probe] surface overrides: 109=1; knob filter: all; reference: 900=0
[probe] rendering default surface (340 s)...
[probe] rendering seed twin (340 s)...
[probe] rendering reference (340 s)...
[probe] rendering predation = 0 (340 s)...
[probe] rendering predation = 1 (340 s)...
[probe] rendering syncRate = 0.5 (340 s)...
[probe] rendering exchangeRate = 0 (340 s)...
[probe] rendering exchangeRate = 3 (340 s)...
[probe] rendering crowding = 0 (340 s)...
[probe] rendering crowding = 0.2 (340 s)...
[probe] rendering forageRate = 0 (340 s)...
[probe] rendering forageRate = 0.05 (340 s)...
[probe] rendering feedRate = 1 (340 s)...
[probe] rendering grazeRate = 0 (340 s)...
[probe] rendering grazeRate = 3 (340 s)...
[probe] rendering leakRate = 0 (340 s)...
[probe] rendering leakRate = 1 (340 s)...
[probe] rendering moveRate = 0 (340 s)...
[probe] rendering moveRate = 0.5 (340 s)...
[probe] rendering maxSpeed = 0.001 (340 s)...
[probe] rendering maxSpeed = 0.05 (340 s)...
[probe] rendering kernelSigma = 0.01 (340 s)...
[probe] rendering kernelSigma = 0.35 (340 s)...
[probe] rendering freqDrift = 0 (340 s)...
[probe] rendering freqDrift = 0.0002 (340 s)...
[probe] rendering selfAffinity = -2 (340 s)...
[probe] rendering selfAffinity = 2 (340 s)...
[probe] rendering crossAffinity = -2 (340 s)...
[probe] rendering crossAffinity = 2 (340 s)...

=== Vorago_EcosystemRuleProbe (FR-070) ===
renders: 28 (default + seed twin + 26 extremes), 340 s each, 48 kHz, block 512
surface overrides: 109=1
default M1 stereo RMS: -25.84 dBFS
t0 = d(default, seed twin) = 2.1601   INAUDIBLE threshold 2*t0 = 4.3202
reference (900=0): d(default, reference) = 2.1248   d/t0 = 0.984   M1 RMS -25.70 dBFS

knob           range              default    extreme      d         d/t0      flag       E cells (P-4)
grazeRate      [0, 3]             0.75       0            2.1321    0.987     INAUDIBLE  .lo,.hi
                                             3            0.2625    0.122                
                                                          2.1321    0.987       (best)
leakRate       [0, 1]             0.06       0            0.8236    0.381     INAUDIBLE  .lo,.hi
                                             1            2.1242    0.983                
                                                          2.1242    0.983       (best)
kernelSigma    [0.01, 0.35]       0.03       0.01         0.4088    0.189     INAUDIBLE  .lo,.hi
                                             0.35         1.1194    0.518                
                                                          1.1194    0.518       (best)
moveRate       [0, 0.5]           0.2        0            0.0621    0.029     INAUDIBLE  .lo,.hi
                                             0.5          0.3705    0.172                
                                                          0.3705    0.172       (best)
freqDrift      [0, 0.0002]        4e-05      0            0.0398    0.018     INAUDIBLE  .lo,.hi
                                             0.0002       0.1989    0.092                
                                                          0.1989    0.092       (best)
syncRate       [0, 0.5]           0          0.5          0.1921    0.089     INAUDIBLE  .hi
                                                          0.1921    0.089       (best)
predation      [0, 1]             0.55       0            0.0653    0.030     INAUDIBLE  .lo,.hi
                                             1            0.1888    0.087                
                                                          0.1888    0.087       (best)
forageRate     [0, 0.05]          0.01       0            0.1480    0.068     INAUDIBLE  .lo,.hi
                                             0.05         0.0533    0.025                
                                                          0.1480    0.068       (best)
exchangeRate   [0, 3]             0.35       0            0.1174    0.054     INAUDIBLE  .lo,.hi
                                             3            0.1303    0.060                
                                                          0.1303    0.060       (best)
selfAffinity   [-2, 2]            -1         -2           0.0075    0.003     INAUDIBLE  .lo,.hi
                                             2            0.1283    0.059                
                                                          0.1283    0.059       (best)
crossAffinity  [-2, 2]            0.45       -2           0.0655    0.030     INAUDIBLE  .lo,.hi
                                             2            0.0748    0.035                
                                                          0.0748    0.035       (best)
crowding       [0, 0.2]           0.05       0            0.0602    0.028     INAUDIBLE  .lo,.hi
                                             0.2          0.0532    0.025                
                                                          0.0602    0.028       (best)
maxSpeed       [0.001, 0.05]      0.03       0.001        0.0340    0.016     INAUDIBLE  .lo,.hi
                                             0.05         0.0003    0.000                
                                                          0.0340    0.016       (best)
feedRate       [0, 1]             0          1            0.0017    0.001     INAUDIBLE  .hi
                                                          0.0017    0.001       (best)

audible knobs: 0 of 14
WARNING: fewer than 4 audible knobs - a 4-6 roster cannot be proposed from audible knobs alone (surface at G1)
=== STOP: gate G1 - ratify R with the user (FR-071) ===
===============================================================================
All tests passed (924663 assertions in 1 test case)

exit=0
11:10:52
