Filters: "Vorago_EcosystemRuleProbe"
Randomness seeded to: 1340693029
[probe] rendering default surface (340 s)...
[probe] rendering seed twin (340 s)...
[probe] rendering predation = 0 (340 s)...
[probe] rendering predation = 1 (340 s)...
[probe] rendering syncRate = 0.5 (340 s)...
[probe] rendering exchangeRate = 0 (340 s)...
[probe] rendering exchangeRate = 3 (340 s)...
[probe] rendering crowding = 0 (340 s)...
[probe] rendering crowding = 0.2 (340 s)...
[probe] rendering forageRate = 0 (340 s)...
[probe] rendering forageRate = 0.05 (340 s)...
[probe] rendering feedRate = 1 (340 s)...
[probe] rendering grazeRate = 0 (340 s)...
[probe] rendering grazeRate = 3 (340 s)...
[probe] rendering leakRate = 0 (340 s)...
[probe] rendering leakRate = 1 (340 s)...
[probe] rendering moveRate = 0 (340 s)...
[probe] rendering moveRate = 0.5 (340 s)...
[probe] rendering maxSpeed = 0.001 (340 s)...
[probe] rendering maxSpeed = 0.05 (340 s)...
[probe] rendering kernelSigma = 0.01 (340 s)...
[probe] rendering kernelSigma = 0.35 (340 s)...
[probe] rendering freqDrift = 0 (340 s)...
[probe] rendering freqDrift = 0.0002 (340 s)...
[probe] rendering selfAffinity = -2 (340 s)...
[probe] rendering selfAffinity = 2 (340 s)...
[probe] rendering crossAffinity = -2 (340 s)...
[probe] rendering crossAffinity = 2 (340 s)...

=== Vorago_EcosystemRuleProbe (FR-070) ===
renders: 28 (default + seed twin + 26 extremes), 340 s each, 48 kHz, block 512
default M1 stereo RMS: -26.10 dBFS
t0 = d(default, seed twin) = 1.7128   INAUDIBLE threshold 2*t0 = 3.4256

knob           range              default    extreme      d         d/t0      flag       E cells (P-4)
grazeRate      [0, 3]             0.75       0            0.6311    0.368     INAUDIBLE  .lo,.hi
                                             3            0.2338    0.137                
                                                          0.6311    0.368       (best)
leakRate       [0, 1]             0.06       0            0.4976    0.291     INAUDIBLE  .lo,.hi
                                             1            0.6071    0.354                
                                                          0.6071    0.354       (best)
kernelSigma    [0.01, 0.35]       0.03       0.01         0.3551    0.207     INAUDIBLE  .lo,.hi
                                             0.35         0.5761    0.336                
                                                          0.5761    0.336       (best)
moveRate       [0, 0.5]           0.2        0            0.0194    0.011     INAUDIBLE  .lo,.hi
                                             0.5          0.3265    0.191                
                                                          0.3265    0.191       (best)
freqDrift      [0, 0.0002]        4e-05      0            0.0556    0.032     INAUDIBLE  .lo,.hi
                                             0.0002       0.2975    0.174                
                                                          0.2975    0.174       (best)
forageRate     [0, 0.05]          0.01       0            0.2530    0.148     INAUDIBLE  .lo,.hi
                                             0.05         0.1409    0.082                
                                                          0.2530    0.148       (best)
syncRate       [0, 0.5]           0          0.5          0.2150    0.126     INAUDIBLE  .hi
                                                          0.2150    0.126       (best)
exchangeRate   [0, 3]             0.35       0            0.1511    0.088     INAUDIBLE  .lo,.hi
                                             3            0.1329    0.078                
                                                          0.1511    0.088       (best)
crossAffinity  [-2, 2]            0.45       -2           0.1231    0.072     INAUDIBLE  .lo,.hi
                                             2            0.0190    0.011                
                                                          0.1231    0.072       (best)
predation      [0, 1]             0.55       0            0.0581    0.034     INAUDIBLE  .lo,.hi
                                             1            0.1046    0.061                
                                                          0.1046    0.061       (best)
crowding       [0, 0.2]           0.05       0            0.0879    0.051     INAUDIBLE  .lo,.hi
                                             0.2          0.0545    0.032                
                                                          0.0879    0.051       (best)
selfAffinity   [-2, 2]            -1         -2           0.0066    0.004     INAUDIBLE  .lo,.hi
                                             2            0.0715    0.042                
                                                          0.0715    0.042       (best)
maxSpeed       [0.001, 0.05]      0.03       0.001        0.0684    0.040     INAUDIBLE  .lo,.hi
                                             0.05         0.0001    0.000                
                                                          0.0684    0.040       (best)
feedRate       [0, 1]             0          1            0.0074    0.004     INAUDIBLE  .hi
                                                          0.0074    0.004       (best)

audible knobs: 0 of 14
WARNING: fewer than 4 audible knobs - a 4-6 roster cannot be proposed from audible knobs alone (surface at G1)
=== STOP: gate G1 - ratify R with the user (FR-071) ===
===============================================================================
All tests passed (892779 assertions in 1 test case)

exit=0
10:47:21
