11:20:46
Filters: "Vorago_EcosystemRuleProbe"
Randomness seeded to: 740275682
[probe] surface overrides: 301=0; knob filter: -; reference: 900=0; wake bases: 0
[probe] rendering default surface (340 s)...
[probe] rendering seed twin (340 s)...
[probe] rendering reference (340 s)...

=== Vorago_EcosystemRuleProbe (FR-070) ===
renders: 2 (default + seed twin + 0 extremes), 340 s each, 48 kHz, block 512
surface overrides: 301=0; wake bases: 0
default M1 stereo RMS: -26.12 dBFS
t0 = d(default, seed twin) = 2.1534   INAUDIBLE threshold 2*t0 = 4.3068
reference (900=0): d(default, reference) = 1.9267   d/t0 = 0.895   M1 RMS -25.52 dBFS

knob           range              default    extreme      d         d/t0      flag       E cells (P-4)

audible knobs: 0 of 0
WARNING: fewer than 4 audible knobs - a 4-6 roster cannot be proposed from audible knobs alone (surface at G1)
=== STOP: gate G1 - ratify R with the user (FR-071) ===
===============================================================================
All tests passed (95656 assertions in 1 test case)

exit=0
11:22:28
