START 2026-09-29 17:14:53 13b probe on the P2 Clotting Colony surface, knob selfAffinity (lo = the E7.hi reversion side), M1-M3 mean descriptor
Filters: "Vorago_EcosystemRuleProbe"
Randomness seeded to: 1100196933
[probe] surface overrides: 902=1, 109=1, 900=1, 300=0.814815, 301=0.55, 310=0.666667, 313=0.333333, 401=0.75, 500=0.5, 510=0.5, 512=0.5, 700=0.45, 701=0.5, 201=0.208333, 1100=0.35, 1502=0.6, 2=0.466667; knob filter: selfAffinity; reference: none + true-off; wake bases: shipped (vorago_voice.h kPeakWakeBase / kLoopWakeBase)
[probe] rendering default surface (340 s)...
[probe] rendering seed twin (340 s)...
[probe] rendering true-off reference (340 s)...
[probe] rendering true-off seed twin (340 s)...
[probe] rendering selfAffinity = -2 (340 s)...
[probe] rendering selfAffinity = 2 (340 s)...

=== Vorago_EcosystemRuleProbe (FR-070) ===
renders: 4 (default + seed twin + 2 extremes), 340 s each, 48 kHz, block 512
surface overrides: 902=1, 109=1, 900=1, 300=0.814815, 301=0.55, 310=0.666667, 313=0.333333, 401=0.75, 500=0.5, 510=0.5, 512=0.5, 700=0.45, 701=0.5, 201=0.208333, 1100=0.35, 1502=0.6, 2=0.466667; wake bases: shipped (vorago_voice.h kPeakWakeBase / kLoopWakeBase)
default M1 stereo RMS: -27.11 dBFS
default per-minute: M1 RMS -27.11 dBFS colony 0.483308 | M2 RMS -26.67 dBFS colony 0.482023 | M3 RMS -27.07 dBFS colony 0.481458
t0on = d(default, seed twin) = 0.0000   (ecosystem on; informational since 2026-09-28)
t0 = d(true-off, true-off seed twin) = 0.0000   INAUDIBLE threshold f*t0 = 0.0000   (f = 0.50; the yardstick: non-ecosystem randomness, rulings 2026-09-28)
DESCRIPTOR default band=5.501079,-0.043666,-5.374711,-9.120676,-12.592522,-15.347893,-16.888160,-17.898105,-18.636714 motion=0.374713 flux=-1.492791 corr=-3.118120 energySpread=1.401510 crest=3.726206
DESCRIPTOR trueoff band=5.512677,-0.022914,-6.162277,-9.610756,-12.648831,-14.997644,-16.053534,-17.016364,-17.732183 motion=0.347505 flux=-1.519264 corr=-3.120771 energySpread=0.307044 crest=3.267649
true-off reference (FR-007, offValid): d(default, true-off) = 2.1653   d/t0 = 1000000000000000052504760255204420248704468581108159154915854115511802457988908195786371375080447864043704443832883878176942523235360430575644792184786706982848387200926575803737830233794788090059368953234970799945081119038967640880074652742780142494579258788820056842838115669472196386865459400540160.000   M1 RMS -27.01 dBFS
GATE1 surface=902=1,109=1,900=1,300=0.814815,301=0.55,310=0.666667,313=0.333333,401=0.75,500=0.5,510=0.5,512=0.5,700=0.45,701=0.5,201=0.208333,1100=0.35,1502=0.6,2=0.466667 t0=0.0000 t0on=0.0000 d(on,off)=2.1653 d/t0=1000000000000000052504760255204420248704468581108159154915854115511802457988908195786371375080447864043704443832883878176942523235360430575644792184786706982848387200926575803737830233794788090059368953234970799945081119038967640880074652742780142494579258788820056842838115669472196386865459400540160.000 verdict=PASS

knob           range              default    extreme      d         d/t0      dOff/t0   flags / E cells (P-4)
selfAffinity   [-2, 2]            -1         -2           0.0000    1000000000000000052504760255204420248704468581108159154915854115511802457988908195786371375080447864043704443832883878176942523235360430575644792184786706982848387200926575803737830233794788090059368953234970799945081119038967640880074652742780142494579258788820056842838115669472196386865459400540160.000 1000000000000000052504760255204420248704468581108159154915854115511802457988908195786371375080447864043704443832883878176942523235360430575644792184786706982848387200926575803737830233794788090059368953234970799945081119038967640880074652742780142494579258788820056842838115669472196386865459400540160.000 counted .lo,.hi
                 M1 rms -27.11 dBFS  dRMS +0.00 dB  colony 0.483308  colony/base 1.000
                 M2 rms -26.67 dBFS  dRMS +0.00 dB  colony 0.482023  colony/base 1.000
                 M3 rms -27.07 dBFS  dRMS +0.00 dB  colony 0.481458  colony/base 1.000
                                             2            0.0000    1000000000000000052504760255204420248704468581108159154915854115511802457988908195786371375080447864043704443832883878176942523235360430575644792184786706982848387200926575803737830233794788090059368953234970799945081119038967640880074652742780142494579258788820056842838115669472196386865459400540160.000 1000000000000000052504760255204420248704468581108159154915854115511802457988908195786371375080447864043704443832883878176942523235360430575644792184786706982848387200926575803737830233794788090059368953234970799945081119038967640880074652742780142494579258788820056842838115669472196386865459400540160.000 counted 
                 M1 rms -27.11 dBFS  dRMS +0.00 dB  colony 0.483308  colony/base 1.000
                 M2 rms -26.67 dBFS  dRMS +0.00 dB  colony 0.482023  colony/base 1.000
                 M3 rms -27.07 dBFS  dRMS +0.00 dB  colony 0.481458  colony/base 1.000
               best counted d 0.0000 (d/t0 1000000000000000052504760255204420248704468581108159154915854115511802457988908195786371375080447864043704443832883878176942523235360430575644792184786706982848387200926575803737830233794788090059368953234970799945081119038967640880074652742780142494579258788820056842838115669472196386865459400540160.000)   max d 0.0000 (d/t0 1000000000000000052504760255204420248704468581108159154915854115511802457988908195786371375080447864043704443832883878176942523235360430575644792184786706982848387200926575803737830233794788090059368953234970799945081119038967640880074652742780142494579258788820056842838115669472196386865459400540160.000)

audible non-kill knobs: 1 of 14 (filtered table: 1 rows)
table for Phase 14 Q2 — no roster named here
===============================================================================
All tests passed (191319 assertions in 1 test case)

exit=0 END 2026-09-29 17:19:49
