START 2026-09-29 17:14:32 13b probe on the P1 Locked Choir surface, knob syncRate (lo = the E6.hi reversion twin), M1-M3 mean descriptor
Filters: "Vorago_EcosystemRuleProbe"
Randomness seeded to: 3494348553
[probe] surface overrides: 901=1, 109=1, 900=1, 300=0.814815, 301=0.6, 401=0.8, 403=0.5, 500=0.45, 200=0.45, 202=0.05, 205=0.7, 1300=0.4, 1500=0.5, 1102=0.855217, 2=0.2; knob filter: syncRate; reference: none + true-off; wake bases: shipped (vorago_voice.h kPeakWakeBase / kLoopWakeBase)
[probe] rendering default surface (340 s)...
[probe] rendering seed twin (340 s)...
[probe] rendering true-off reference (340 s)...
[probe] rendering true-off seed twin (340 s)...
[probe] rendering syncRate = 0.5 (340 s)...

=== Vorago_EcosystemRuleProbe (FR-070) ===
renders: 3 (default + seed twin + 1 extremes), 340 s each, 48 kHz, block 512
surface overrides: 901=1, 109=1, 900=1, 300=0.814815, 301=0.6, 401=0.8, 403=0.5, 500=0.45, 200=0.45, 202=0.05, 205=0.7, 1300=0.4, 1500=0.5, 1102=0.855217, 2=0.2; wake bases: shipped (vorago_voice.h kPeakWakeBase / kLoopWakeBase)
default M1 stereo RMS: -25.59 dBFS
default per-minute: M1 RMS -25.59 dBFS colony 0.483874 | M2 RMS -25.53 dBFS colony 0.482313 | M3 RMS -26.08 dBFS colony 0.482117
t0on = d(default, seed twin) = 0.0000   (ecosystem on; informational since 2026-09-28)
t0 = d(true-off, true-off seed twin) = 0.0000   INAUDIBLE threshold f*t0 = 0.0000   (f = 0.50; the yardstick: non-ecosystem randomness, rulings 2026-09-28)
DESCRIPTOR default band=7.223169,-0.049903,-5.131259,-7.897794,-12.003642,-13.850826,-14.892671,-15.868946,-16.597112 motion=0.248294 flux=-2.185861 corr=-3.491783 energySpread=0.619761 crest=3.287969
DESCRIPTOR trueoff band=7.333350,-0.046688,-5.227703,-7.979543,-11.822552,-13.317578,-14.332005,-15.303502,-16.032762 motion=0.278582 flux=-2.246512 corr=-3.502494 energySpread=0.322475 crest=3.082581
true-off reference (FR-007, offValid): d(default, true-off) = 1.1971   d/t0 = 1000000000000000052504760255204420248704468581108159154915854115511802457988908195786371375080447864043704443832883878176942523235360430575644792184786706982848387200926575803737830233794788090059368953234970799945081119038967640880074652742780142494579258788820056842838115669472196386865459400540160.000   M1 RMS -25.34 dBFS
GATE1 surface=901=1,109=1,900=1,300=0.814815,301=0.6,401=0.8,403=0.5,500=0.45,200=0.45,202=0.05,205=0.7,1300=0.4,1500=0.5,1102=0.855217,2=0.2 t0=0.0000 t0on=0.0000 d(on,off)=1.1971 d/t0=1000000000000000052504760255204420248704468581108159154915854115511802457988908195786371375080447864043704443832883878176942523235360430575644792184786706982848387200926575803737830233794788090059368953234970799945081119038967640880074652742780142494579258788820056842838115669472196386865459400540160.000 verdict=PASS

knob           range              default    extreme      d         d/t0      dOff/t0   flags / E cells (P-4)
syncRate       [0, 0.5]           0          0.5          0.0000    1000000000000000052504760255204420248704468581108159154915854115511802457988908195786371375080447864043704443832883878176942523235360430575644792184786706982848387200926575803737830233794788090059368953234970799945081119038967640880074652742780142494579258788820056842838115669472196386865459400540160.000 1000000000000000052504760255204420248704468581108159154915854115511802457988908195786371375080447864043704443832883878176942523235360430575644792184786706982848387200926575803737830233794788090059368953234970799945081119038967640880074652742780142494579258788820056842838115669472196386865459400540160.000 counted .hi
                 M1 rms -25.59 dBFS  dRMS +0.00 dB  colony 0.483874  colony/base 1.000
                 M2 rms -25.53 dBFS  dRMS +0.00 dB  colony 0.482313  colony/base 1.000
                 M3 rms -26.08 dBFS  dRMS +0.00 dB  colony 0.482117  colony/base 1.000
               best counted d 0.0000 (d/t0 1000000000000000052504760255204420248704468581108159154915854115511802457988908195786371375080447864043704443832883878176942523235360430575644792184786706982848387200926575803737830233794788090059368953234970799945081119038967640880074652742780142494579258788820056842838115669472196386865459400540160.000)   max d 0.0000 (d/t0 1000000000000000052504760255204420248704468581108159154915854115511802457988908195786371375080447864043704443832883878176942523235360430575644792184786706982848387200926575803737830233794788090059368953234970799945081119038967640880074652742780142494579258788820056842838115669472196386865459400540160.000)

audible non-kill knobs: 1 of 14 (filtered table: 1 rows)
table for Phase 14 Q2 — no roster named here
===============================================================================
All tests passed (159433 assertions in 1 test case)

exit=0 END 2026-09-29 17:17:50
