START 2026-09-29 17:18:27 13b probe on the P1 surface, REF=901=0 (the E6.hi reversion twin) - d over the M1-M3 mean descriptor
Filters: "Vorago_EcosystemRuleProbe"
Randomness seeded to: 1344647879
[probe] surface overrides: 901=1, 109=1, 900=1, 300=0.814815, 301=0.6, 401=0.8, 403=0.5, 500=0.45, 200=0.45, 202=0.05, 205=0.7, 1300=0.4, 1500=0.5, 1102=0.855217, 2=0.2; knob filter: -; reference: 901=0; wake bases: shipped (vorago_voice.h kPeakWakeBase / kLoopWakeBase)
[probe] rendering default surface (340 s)...
[probe] rendering seed twin (340 s)...
[probe] rendering reference (340 s)...

=== Vorago_EcosystemRuleProbe (FR-070) ===
renders: 2 (default + seed twin + 0 extremes), 340 s each, 48 kHz, block 512
surface overrides: 901=1, 109=1, 900=1, 300=0.814815, 301=0.6, 401=0.8, 403=0.5, 500=0.45, 200=0.45, 202=0.05, 205=0.7, 1300=0.4, 1500=0.5, 1102=0.855217, 2=0.2; wake bases: shipped (vorago_voice.h kPeakWakeBase / kLoopWakeBase)
default M1 stereo RMS: -25.59 dBFS
default per-minute: M1 RMS -25.59 dBFS colony 0.483874 | M2 RMS -25.53 dBFS colony 0.482313 | M3 RMS -26.08 dBFS colony 0.482117
t0on = d(default, seed twin) = 0.0000   (ecosystem on; informational since 2026-09-28)
t0 = t0on = 0.0000   INAUDIBLE threshold f*t0 = 0.0000   (no true-off reference rendered: diagnostic mode, not a gate run)
DESCRIPTOR default band=7.223169,-0.049903,-5.131259,-7.897794,-12.003642,-13.850826,-14.892671,-15.868946,-16.597112 motion=0.248294 flux=-2.185861 corr=-3.491783 energySpread=0.619761 crest=3.287969
DESCRIPTOR trueoff n/a (true-off reference not rendered)
reference (901=0): d(default, reference) = 0.8486   d/t0 = 1000000000000000052504760255204420248704468581108159154915854115511802457988908195786371375080447864043704443832883878176942523235360430575644792184786706982848387200926575803737830233794788090059368953234970799945081119038967640880074652742780142494579258788820056842838115669472196386865459400540160.000   M1 RMS -25.83 dBFS
===============================================================================
All tests passed (95658 assertions in 1 test case)

exit=0 END 2026-09-29 17:21:00
