START 2026-10-06 15:47:51 Glass Well VORAGO_PILOT_TAKES=4 VORAGO_PILOT_OVERRIDE=1502=0
Filters: "Vorago_PresetPilot_PrimaryProbe"
Randomness seeded to: 1211761840
[probe] override 1502 = 0.000000 (replaced)
[probe] lever: none
[probe] Glass Well - primary D1.1 material Glass (stored seed 12, 2 twin render(s))
  take: peak 0.4032  arm1 hi -21.15 dB [yes]  arm2 lo -27.93 dB [yes]  arm3 late-sus -0.71 dB [yes]  arm4 tail -173.62 dB [yes]
  arm1@44.1k: finite y peak 0.3059 hi -21.96 dB [PASS]
  conjunct S10 acoustic body: d 12.8009, bar 1.5 -> ok
  primary d 6.2549  bar 4.0000  attribBase -1.0000  state ok  -> PASS  lever: none
  levels: arms [y y y y] arm1@44.1k [y]
  take j=0 seed 12: peak 0.4032  arm1 hi -21.15 dB [yes]  arm2 lo -27.93 dB [yes]  arm3 late-sus -0.71 dB [yes]  arm4 tail -173.62 dB [yes]
  take j=1 seed 13: peak 0.3963  arm1 hi -21.04 dB [yes]  arm2 lo -29.54 dB [yes]  arm3 late-sus +2.56 dB [yes]  arm4 tail -166.15 dB [yes]
  take j=2 seed 14: peak 0.3271  arm1 hi -22.31 dB [yes]  arm2 lo -28.53 dB [yes]  arm3 late-sus -0.36 dB [yes]  arm4 tail -186.26 dB [yes]
  take j=3 seed 15: peak 0.3314  arm1 hi -21.75 dB [yes]  arm2 lo -31.55 dB [yes]  arm3 late-sus +0.25 dB [yes]  arm4 tail -177.90 dB [yes]
  take j=0 d 6.2549
  take j=1 d 10.2016
  take j=2 d 3.4831
  take j=3 d 5.0434
===============================================================================
All tests passed (28 assertions in 1 test case)

exit=0 END 2026-10-06 15:56:11
