START 2026-10-06 15:40:03 Glass Well VORAGO_PILOT_TAKES=4 VORAGO_PILOT_OVERRIDE=
Filters: "Vorago_PresetPilot_PrimaryProbe"
Randomness seeded to: 2039202976
[probe] lever: none
[probe] Glass Well - primary D1.1 material Glass (stored seed 12, 2 twin render(s))
  take: peak 0.4032  arm1 hi -21.16 dB [yes]  arm2 lo -27.93 dB [yes]  arm3 late-sus -0.70 dB [yes]  arm4 tail -173.62 dB [yes]
  arm1@44.1k: finite y peak 0.3059 hi -21.96 dB [PASS]
  conjunct S10 acoustic body: d 12.7939, bar 1.5 -> ok
  primary d 6.2513  bar 4.0000  attribBase -1.0000  state ok  -> PASS  lever: none
  levels: arms [y y y y] arm1@44.1k [y]
  take j=0 seed 12: peak 0.4032  arm1 hi -21.16 dB [yes]  arm2 lo -27.93 dB [yes]  arm3 late-sus -0.70 dB [yes]  arm4 tail -173.62 dB [yes]
  take j=1 seed 13: peak 0.3957  arm1 hi -21.04 dB [yes]  arm2 lo -29.55 dB [yes]  arm3 late-sus +2.57 dB [yes]  arm4 tail -166.15 dB [yes]
  take j=2 seed 14: peak 0.3186  arm1 hi -22.31 dB [yes]  arm2 lo -28.55 dB [yes]  arm3 late-sus -0.40 dB [yes]  arm4 tail -186.26 dB [yes]
  take j=3 seed 15: peak 0.3310  arm1 hi -21.75 dB [yes]  arm2 lo -31.55 dB [yes]  arm3 late-sus +0.27 dB [yes]  arm4 tail -177.90 dB [yes]
  take j=0 d 6.2513
  take j=1 d 10.2000
  take j=2 d 3.4914
  take j=3 d 5.0450
===============================================================================
All tests passed (27 assertions in 1 test case)

exit=0 END 2026-10-06 15:47:51
