START 2026-10-06 15:56:12 Glass Well VORAGO_PILOT_TAKES=4 VORAGO_PILOT_OVERRIDE=1500=0
Filters: "Vorago_PresetPilot_PrimaryProbe"
Randomness seeded to: 1155198185
[probe] override 1500 = 0.000000 (appended)
[probe] lever: none
[probe] Glass Well - primary D1.1 material Glass (stored seed 12, 2 twin render(s))
  take: peak 0.3271  arm1 hi -22.35 dB [yes]  arm2 lo -28.56 dB [yes]  arm3 late-sus -0.45 dB [yes]  arm4 tail -176.15 dB [yes]
  arm1@44.1k: finite y peak 0.3492 hi -20.98 dB [PASS]
  conjunct S10 acoustic body: d 13.1957, bar 1.5 -> ok
  primary d 5.7456  bar 4.0000  attribBase -1.0000  state ok  -> PASS  lever: none
  levels: arms [y y y y] arm1@44.1k [y]
  take j=0 seed 12: peak 0.3271  arm1 hi -22.35 dB [yes]  arm2 lo -28.56 dB [yes]  arm3 late-sus -0.45 dB [yes]  arm4 tail -176.15 dB [yes]
  take j=1 seed 13: peak 0.3686  arm1 hi -20.38 dB [yes]  arm2 lo -28.19 dB [yes]  arm3 late-sus +1.16 dB [yes]  arm4 tail -172.23 dB [yes]
  take j=2 seed 14: peak 0.3366  arm1 hi -21.80 dB [yes]  arm2 lo -26.71 dB [yes]  arm3 late-sus +0.26 dB [yes]  arm4 tail -176.32 dB [yes]
  take j=3 seed 15: peak 0.3037  arm1 hi -22.05 dB [yes]  arm2 lo -28.32 dB [yes]  arm3 late-sus +1.38 dB [yes]  arm4 tail -178.36 dB [yes]
  take j=0 d 5.7456
  take j=1 d 9.1078
  take j=2 d 3.3099
  take j=3 d 5.3005
===============================================================================
All tests passed (28 assertions in 1 test case)

exit=0 END 2026-10-06 16:04:22
