Filters: "Vorago_PresetPilot_Calibrate"
Randomness seeded to: 4069805585

=== Vorago_PresetPilot_Calibrate (FR-017a, plan 6.16 steps 2-5, G2) ===
P0 default surface + P1..P6 (T037), 16 seed indices each, 48 kHz, block 512, pool width 4
timeline cross-check: makeTimeline(default) A = 155.000  M1 = [160.000, 220.000]  M2 = [220.000, 280.000]  M3 = [280.000, 340.000]  H = 340.000  (E0: 155 / 340)
[pilot] P0 <default surface>: stored seed 0, A = 155.0 s, H = 340.0 s, total = 420.0 s, rendering 16 takes...
[pilot] P1 Locked Choir: stored seed 3, A = 155.0 s, H = 340.0 s, total = 430.0 s, rendering 16 takes...
[pilot] P2 Clotting Colony: stored seed 7, A = 155.0 s, H = 340.0 s, total = 420.0 s, rendering 16 takes...
[pilot] P3 Tectonic Floor: stored seed 1, A = 155.0 s, H = 340.0 s, total = 412.0 s, rendering 16 takes...
[pilot] P4 Cathedral Void: stored seed 5, A = 155.0 s, H = 340.0 s, total = 440.0 s, rendering 16 takes...
[pilot] P5 Growth Ring: stored seed 9, A = 60.0 s, H = 245.0 s, total = 325.0 s, rendering 16 takes...
[pilot] P6 Glass Well: stored seed 12, A = 155.0 s, H = 340.0 s, total = 425.0 s, rendering 16 takes...

t_K curve (2*t_K <= 4.0 ?)         K=1             K=2             K=4             K=8            
P0 <default surface>               5.9515   no     3.2013   no     0.7293   yes    0.8423   yes   
P1 Locked Choir                    2.1376   no     1.0624   yes    0.6494   yes    0.2152   yes   
P2 Clotting Colony                 1.2254   yes    1.2278   yes    0.7310   yes    0.7372   yes   
P3 Tectonic Floor                  0.7428   yes    1.3691   yes    0.3344   yes    0.7175   yes   
P4 Cathedral Void                  1.9224   yes    0.8153   yes    0.6223   yes    0.3963   yes   
P5 Growth Ring                     3.1493   no     2.0829   no     0.5176   yes    0.9437   yes   
P6 Glass Well                      5.4401   no     2.4883   no     1.5595   yes    1.3427   yes   

ruled K = 4
[pilot] P3' (600 +0.125, 700 +0.05 normalized): stored seed 1, rendering 4 takes...

d(P3, P3') over A_4 = 4.8057 -> STOP (Q6)
[pilot] rendering 7 primary twin(s)...

preset                             s(P)    
P0 <default surface>               1.9207   (no primary)
P1 Locked Choir - primary E6.hi ecosystem sync rate high
  s(P) 4.2818  primary d 0.1476  bar 8.5636  state ok  -> FAIL
P2 Clotting Colony - primary E7.hi ecosystem self-affinity high
  s(P) 3.4558  primary d 0.0721  bar 6.9117  state ok  -> FAIL
P3 Tectonic Floor - primary S5 subharmonic
  s(P) 4.9473  primary d 6.9068  bar 9.8946  state ok  -> FAIL
P4 Cathedral Void - primary S8 cavern space
  s(P) 1.8587  primary d 9.4813  bar 4.0000  state ok  -> PASS
P5 Growth Ring - primary D8.2 envelope Growth
  attack window (W_end 160.0 s): d_att 4.4348, d_Sus 8.4347 (attributable iff d_att >= 9.9347)
    P: first reaches RMS(Sus) - 6 dB at 20 s
    P_rev: first reaches RMS(Sus) - 6 dB at 5 s
  s(P) 1.4590  primary d 4.4348  bar 4.0000  state ok  -> FAIL
P6 Glass Well - primary D1.1 material Glass
  conjunct S10 acoustic body: d 10.4043, bar max(1.5, 8.7058) -> ok
  s(P) 4.3529  primary d 3.5381  bar 8.7058  state ok  -> FAIL

wall clock: 2229.0 s (37.2 min)
G2: STOP (d(P3, P3') >= 4.0 (Q6); P1 Locked Choir primary E6.hi ecosystem sync rate high below its bar (Q5, FR-017); P2 Clotting Colony primary E7.hi ecosystem self-affinity high below its bar (Q5, FR-017); P3 Tectonic Floor primary S5 subharmonic below its bar (C-2.2: re-author and re-run the pilot); P5 Growth Ring primary D8.2 envelope Growth below its bar (C-2.2: re-author and re-run the pilot); P6 Glass Well primary D1.1 material Glass below its bar (C-2.2: re-author and re-run the pilot))
===============================================================================
All tests passed (256 assertions in 1 test case)

