START 2026-10-06 14:23:12 Spore Drift TAKES=4 OVERRIDE=1500=0,1300=0,200=0.30,500=0.50
Filters: "Vorago_PresetPilot_PrimaryProbe"
Randomness seeded to: 4128761850
[probe] override 1500 = 0.000000 (appended)
[probe] override 1300 = 0.000000 (replaced)
[probe] override 200 = 0.300000 (replaced)
[probe] override 500 = 0.500000 (replaced)
[probe] lever: none
[probe] Spore Drift - primary D3.3 noise model GranularDust (stored seed 9, 2 twin render(s))
  take: peak 0.1924  arm1 hi -27.71 dB [yes]  arm2 lo -30.57 dB [yes]  arm3 late-sus -0.70 dB [yes]  arm4 tail -159.23 dB [yes]
  arm1@44.1k: finite y peak 0.1603 hi -27.67 dB [PASS]
  conjunct S1 noise organism: d 4.1033, bar 1.5 -> ok
  primary d 4.1033  bar 4.0000  attribBase -1.0000  state ok  -> PASS  lever: none
  levels: arms [y y y y] arm1@44.1k [y]
  take j=0 seed 9: peak 0.1924  arm1 hi -27.71 dB [yes]  arm2 lo -30.57 dB [yes]  arm3 late-sus -0.70 dB [yes]  arm4 tail -159.23 dB [yes]
  take j=1 seed 10: peak 0.1930  arm1 hi -26.45 dB [yes]  arm2 lo -30.49 dB [yes]  arm3 late-sus +0.28 dB [yes]  arm4 tail -164.95 dB [yes]
  take j=2 seed 11: peak 0.2595  arm1 hi -26.07 dB [yes]  arm2 lo -30.55 dB [yes]  arm3 late-sus +0.13 dB [yes]  arm4 tail -127.30 dB [yes]
  take j=3 seed 12: peak 0.2430  arm1 hi -26.03 dB [yes]  arm2 lo -30.21 dB [yes]  arm3 late-sus -0.21 dB [yes]  arm4 tail -167.10 dB [yes]
  take j=0 d 4.1033
  take j=1 d 4.8185
  take j=2 d 5.0444
  take j=3 d 2.5047
===============================================================================
All tests passed (31 assertions in 1 test case)

exit=0 END 2026-10-06 14:29:31
