START 2026-10-06 09:49:30 Lightless VORAGO_PILOT_OVERRIDE=1400=0,1500=0,1300=0,201=0.8333,1101=0.20,200=1.0,702=1.0,205=0.85
Filters: "Vorago_PresetPilot_PrimaryProbe"
Randomness seeded to: 3821183970
[probe] override 1400 = 0.000000 (replaced)
[probe] override 1500 = 0.000000 (replaced)
[probe] override 1300 = 0.000000 (appended)
[probe] override 201 = 0.833300 (replaced)
[probe] override 1101 = 0.200000 (replaced)
[probe] override 200 = 1.000000 (replaced)
[probe] override 702 = 1.000000 (replaced)
[probe] override 205 = 0.850000 (replaced)
[probe] lever: none
[probe] Lightless - primary M1 Darkness (stored seed 13, 1 twin render(s))
  take: peak 0.1582  arm1 hi -26.18 dB [yes]  arm2 lo -33.04 dB [yes]  arm3 late-sus -1.99 dB [yes]  arm4 tail -148.91 dB [yes]
  arm1@44.1k: finite y peak 0.1842 hi -26.46 dB [PASS]
  primary d 3.9306  bar 4.0000  attribBase -1.0000  state ok  -> FAIL  lever: none
  levels: arms [y y y y] arm1@44.1k [y]
===============================================================================
All tests passed (17 assertions in 1 test case)

exit=0 END 2026-10-06 09:51:24
