START 2026-10-06 12:53:04 Resonant Shaft TAKES=4 OVERRIDE=401=1.0,1300=0,1301=0,1500=0,200=0.80,0=0.5
Filters: "Vorago_PresetPilot_PrimaryProbe"
Randomness seeded to: 3028644945
[probe] override 401 = 1.000000 (replaced)
[probe] override 1300 = 0.000000 (replaced)
[probe] override 1301 = 0.000000 (appended)
[probe] override 1500 = 0.000000 (appended)
[probe] override 200 = 0.800000 (replaced)
[probe] override 0 = 0.500000 (replaced)
[probe] lever: none
[probe] Resonant Shaft - primary S2 resonance drift (stored seed 3, 1 twin render(s))
  take: peak 0.9661  arm1 hi -5.86 dB [NO]  arm2 lo -18.01 dB [yes]  arm3 late-sus +6.14 dB [yes]  arm4 tail -199.47 dB [yes]
  arm1@44.1k: finite y peak 0.9661 hi -7.43 dB [PASS]
  primary d 7.4733  bar 4.0000  attribBase -1.0000  state ok  -> PASS  lever: none
  levels: arms [n y y y] arm1@44.1k [y]
  take j=0 seed 3: peak 0.9661  arm1 hi -5.86 dB [NO]  arm2 lo -18.01 dB [yes]  arm3 late-sus +6.14 dB [yes]  arm4 tail -199.47 dB [yes]
  take j=1 seed 4: peak 0.9661  arm1 hi -4.41 dB [NO]  arm2 lo -7.65 dB [yes]  arm3 late-sus -0.68 dB [yes]  arm4 tail -209.54 dB [yes]
  take j=2 seed 5: peak 0.9661  arm1 hi -5.31 dB [NO]  arm2 lo -14.44 dB [yes]  arm3 late-sus -0.93 dB [yes]  arm4 tail -206.95 dB [yes]
  take j=3 seed 6: peak 0.9661  arm1 hi -5.55 dB [NO]  arm2 lo -13.93 dB [yes]  arm3 late-sus -1.40 dB [yes]  arm4 tail -208.64 dB [yes]
  take j=0 d 7.4733
  take j=1 d 7.4522
  take j=2 d 6.4795
  take j=3 d 7.5409
===============================================================================
All tests passed (25 assertions in 1 test case)

exit=0 END 2026-10-06 12:59:01
