START 2026-10-06 12:16:13 Erosion VORAGO_PILOT_OVERRIDE=1400=0,1500=0,201=0.75,1002=0.98,300=0.8889,1003=1.0,1105=0.60,1102=1.0
Filters: "Vorago_PresetPilot_PrimaryProbe"
Randomness seeded to: 1731961887
[probe] override 1400 = 0.000000 (replaced)
[probe] override 1500 = 0.000000 (appended)
[probe] override 201 = 0.750000 (replaced)
[probe] override 1002 = 0.980000 (replaced)
[probe] override 300 = 0.888900 (replaced)
[probe] override 1003 = 1.000000 (appended)
[probe] override 1105 = 0.600000 (appended)
[probe] override 1102 = 1.000000 (replaced)
[probe] lever: none
[probe] Erosion - primary M2 Age (stored seed 14, 1 twin render(s))
  take: peak 0.2795  arm1 hi -24.02 dB [yes]  arm2 lo -31.75 dB [yes]  arm3 late-sus +0.64 dB [yes]  arm4 tail -226.44 dB [yes]
  arm1@44.1k: finite y peak 0.3647 hi -21.07 dB [PASS]
  primary d 1.1596  bar 4.0000  attribBase -1.0000  state ok  -> FAIL  lever: none
  levels: arms [y y y y] arm1@44.1k [y]
===============================================================================
All tests passed (17 assertions in 1 test case)

exit=0 END 2026-10-06 12:20:29
