START 2026-10-06 10:02:02 Singing Colony VORAGO_PILOT_OVERRIDE=401=1.0,1300=0,1400=0,1003=0.35,200=0.45,300=0.4444,800=0.650515
Filters: "Vorago_PresetPilot_PrimaryProbe"
Randomness seeded to: 1309666424
[probe] override 401 = 1.000000 (replaced)
[probe] override 1300 = 0.000000 (replaced)
[probe] override 1400 = 0.000000 (replaced)
[probe] override 1003 = 0.350000 (replaced)
[probe] override 200 = 0.450000 (replaced)
[probe] override 300 = 0.444400 (replaced)
[probe] override 800 = 0.650515 (replaced)
[probe] lever: none
[probe] Singing Colony - primary E2 resonator -> resonance peaks (stored seed 2, 4 twin render(s))
  take: peak 0.9661  arm1 hi -6.75 dB [yes]  arm2 lo -22.66 dB [yes]  arm3 late-sus +4.80 dB [yes]  arm4 tail -240.00 dB [yes]
  arm1@44.1k: finite y peak 0.9661 hi -6.57 dB [PASS]
  route arms: d(R_k, R_k0) 9.6445, attribBase d(R_0, R_00) 8.8837 (attributable iff d >= 10.3837)
  primary d 9.6445  bar 4.0000  attribBase 8.8837  state ok  -> FAIL  lever: none
  levels: arms [y y y y] arm1@44.1k [y]
===============================================================================
All tests passed (23 assertions in 1 test case)

exit=0 END 2026-10-06 10:04:53
