START 2026-10-06 12:05:34 Lightless TAKES=4 OVERRIDE=1400=0,1500=0,1300=0,201=1.0,1101=0.0,200=1.0,702=1.0,205=0.85,700=0.80,401=0
Filters: "Vorago_PresetPilot_PrimaryProbe"
Randomness seeded to: 2610489549
[probe] override 1400 = 0.000000 (replaced)
[probe] override 1500 = 0.000000 (replaced)
[probe] override 1300 = 0.000000 (appended)
[probe] override 201 = 1.000000 (replaced)
[probe] override 1101 = 0.000000 (replaced)
[probe] override 200 = 1.000000 (replaced)
[probe] override 702 = 1.000000 (replaced)
[probe] override 205 = 0.850000 (replaced)
[probe] override 700 = 0.800000 (replaced)
[probe] override 401 = 0.000000 (replaced)
[probe] lever: none
[probe] Lightless - primary M1 Darkness (stored seed 13, 1 twin render(s))
  take: peak 0.1873  arm1 hi -25.38 dB [yes]  arm2 lo -30.53 dB [yes]  arm3 late-sus +1.50 dB [yes]  arm4 tail -149.46 dB [yes]
  arm1@44.1k: finite y peak 0.1578 hi -26.09 dB [PASS]
  primary d 5.5696  bar 4.0000  attribBase -1.0000  state ok  -> PASS  lever: none
  levels: arms [y y y y] arm1@44.1k [y]
  take j=0 seed 13: peak 0.1873  arm1 hi -25.38 dB [yes]  arm2 lo -30.53 dB [yes]  arm3 late-sus +1.50 dB [yes]  arm4 tail -149.46 dB [yes]
  take j=1 seed 14: peak 0.1730  arm1 hi -26.02 dB [yes]  arm2 lo -32.58 dB [yes]  arm3 late-sus +0.54 dB [yes]  arm4 tail -154.16 dB [yes]
  take j=2 seed 15: peak 0.1800  arm1 hi -24.96 dB [yes]  arm2 lo -33.31 dB [yes]  arm3 late-sus +0.32 dB [yes]  arm4 tail -146.78 dB [yes]
  take j=3 seed 0: peak 0.1542  arm1 hi -25.47 dB [yes]  arm2 lo -31.15 dB [yes]  arm3 late-sus -0.20 dB [yes]  arm4 tail -141.09 dB [yes]
  take j=0 d 5.5696
  take j=1 d 6.2025
  take j=2 d 7.3036
  take j=3 d 7.8823
===============================================================================
All tests passed (29 assertions in 1 test case)

exit=0 END 2026-10-06 12:12:00
