START 15:05:51
== Teeming | 109=1.0,900=0.0
[probe] override 109 = 1.000000 (replaced)
[probe] override 900 = 0.000000 (replaced)
[probe] Teeming - primary M10 Life (stored seed 11, 1 twin render(s))
  primary d 0.5896  bar 4.0000  attribBase -1.0000  state ok  -> FAIL
   15:08:55
== Teeming | 109=1.0,900=0.2
[probe] override 109 = 1.000000 (replaced)
[probe] override 900 = 0.200000 (replaced)
[probe] Teeming - primary M10 Life (stored seed 11, 1 twin render(s))
  primary d 0.6252  bar 4.0000  attribBase -1.0000  state ok  -> FAIL
   15:11:53
== Colony Pulse | 301=0.2
[probe] override 301 = 0.200000 (replaced)
[probe] Colony Pulse - primary S7 ecosystem (stored seed 8, 1 twin render(s))
  primary d 2.6117  bar 4.0000  attribBase -1.0000  state ok  -> FAIL
   15:14:50
== Colony Pulse | 301=0.2,901=1.0,902=1.0
[probe] override 301 = 0.200000 (replaced)
[probe] override 901 = 1.000000 (appended)
[probe] override 902 = 1.000000 (appended)
[probe] Colony Pulse - primary S7 ecosystem (stored seed 8, 1 twin render(s))
  primary d 3.8908  bar 4.0000  attribBase -1.0000  state ok  -> FAIL
   15:17:49
== Hull Ark | 1002=0.95,1001=0.10
[probe] override 1002 = 0.950000 (replaced)
[probe] override 1001 = 0.100000 (replaced)
[probe] Hull Ark - primary D1.8 material WoodenHull (stored seed 14, 2 twin render(s))
  conjunct S10 acoustic body: d 12.8770, bar 1.5 -> ok
  primary d 0.3821  bar 4.0000  attribBase -1.0000  state ok  -> FAIL
   15:20:40
== Cavern Wall | 1002=0.95,1001=0.05
[probe] override 1002 = 0.950000 (replaced)
[probe] override 1001 = 0.050000 (replaced)
[probe] Cavern Wall - primary D1.10 material CavernWall (stored seed 7, 2 twin render(s))
  conjunct S10 acoustic body: d 7.3577, bar 1.5 -> ok
  primary d 1.2459  bar 4.0000  attribBase -1.0000  state ok  -> FAIL
   15:23:29
== Strung Abyss | 1002=0.99,1001=0.02
[probe] override 1002 = 0.990000 (replaced)
[probe] override 1001 = 0.020000 (replaced)
[probe] Strung Abyss - primary D1.2 material Strings (stored seed 3, 2 twin render(s))
  conjunct S10 acoustic body: d 12.8070, bar 1.5 -> ok
  primary d 2.1003  bar 4.0000  attribBase -1.0000  state ok  -> FAIL
   15:26:09
== Feedback Mire | 1105=0.2
[probe] override 1105 = 0.200000 (replaced)
[probe] Feedback Mire - primary S4 feedback ecology (stored seed 6, 1 twin render(s))
  primary d 1.7579  bar 4.0000  attribBase -1.0000  state ok  -> FAIL
   15:28:40
== Feedback Mire | 501=1.0,1105=0.2
[probe] override 501 = 1.000000 (replaced)
[probe] override 1105 = 0.200000 (replaced)
[probe] Feedback Mire - primary S4 feedback ecology (stored seed 6, 1 twin render(s))
  primary d 1.7563  bar 4.0000  attribBase -1.0000  state ok  -> FAIL
   15:31:22
== Sudden Chasm | 
[probe] Sudden Chasm - primary D9.1 attack span <= 10 s (stored seed 5, 1 twin render(s))
  attack window (W_end 160.0 s): d_att 1.2451, d_Sus 3.3268 (attributable iff d_att >= 4.8268)
    P: first reaches RMS(Sus) - 6 dB at 4 s
    P_rev: first reaches RMS(Sus) - 6 dB at 6 s
  primary d 1.2451  bar 4.0000  attribBase 3.3268  state ok  -> FAIL
   15:33:40
== Glass Sphere | 1002=0.995,1001=0.01,201=1.0,1105=0.05,200=0.9
[probe] override 1002 = 0.995000 (replaced)
[probe] override 1001 = 0.010000 (replaced)
[probe] override 201 = 1.000000 (replaced)
[probe] override 1105 = 0.050000 (replaced)
[probe] override 200 = 0.900000 (replaced)
[probe] Glass Sphere - primary D1.11 material GlassSphere (stored seed 2, 2 twin render(s))
  conjunct S10 acoustic body: d 16.6256, bar 1.5 -> ok
  primary d 2.6870  bar 4.0000  attribBase -1.0000  state ok  -> FAIL
   15:36:41
END 15:36:41
