START 2026-10-06 11:46:55 Lightless MASTER_TRIM=-6 OVERRIDE=1400=0,1500=0,1300=0,201=1.0,1101=0.0,200=1.0,702=1.0,205=0.85
Filters: "Vorago_PresetPilot_PrimaryProbe"
Randomness seeded to: 1520923099
[probe] override 1400 = 0.000000 (replaced)
[probe] override 1500 = 0.000000 (replaced)
[probe] override 1300 = 0.000000 (appended)
[probe] override 201 = 1.000000 (replaced)
[probe] override 1101 = 0.000000 (replaced)
[probe] override 200 = 1.000000 (replaced)
[probe] override 702 = 1.000000 (replaced)
[probe] override 205 = 0.850000 (replaced)
[probe] master trim -6 dB: kMasterGainId norm 0.5000 -> 0.2506
[probe] lever: none
[probe] Lightless - primary M1 Darkness (stored seed 13, 1 twin render(s))
  take: peak 0.0877  arm1 hi -32.64 dB [yes]  arm2 lo -38.97 dB [yes]  arm3 late-sus -0.47 dB [yes]  arm4 tail -152.33 dB [yes]
  arm1@44.1k: finite y peak 0.0969 hi -31.86 dB [PASS]
  primary d 4.4889  bar 4.0000  attribBase -1.0000  state ok  -> PASS  lever: none
  levels: arms [y y y y] arm1@44.1k [y]
===============================================================================
All tests passed (17 assertions in 1 test case)

exit=0 END 2026-10-06 11:50:17
