START 2026-10-06 13:42:08 Fogbound TAKES=4 OVERRIDE=300=0.9444,1400=0
Filters: "Vorago_PresetPilot_PrimaryProbe"
Randomness seeded to: 753456581
[probe] override 300 = 0.944400 (replaced)
[probe] override 1400 = 0.000000 (replaced)
[probe] lever: none
[probe] Fogbound - primary M9 Fog (stored seed 9, 1 twin render(s))
  take: peak 0.2177  arm1 hi -26.29 dB [yes]  arm2 lo -32.47 dB [yes]  arm3 late-sus -0.91 dB [yes]  arm4 tail -160.98 dB [yes]
  arm1@44.1k: finite y peak 0.2067 hi -24.99 dB [PASS]
  primary d 5.0659  bar 4.0000  attribBase -1.0000  state ok  -> PASS  lever: none
  levels: arms [y y y y] arm1@44.1k [y]
  take j=0 seed 9: peak 0.2177  arm1 hi -26.29 dB [yes]  arm2 lo -32.47 dB [yes]  arm3 late-sus -0.91 dB [yes]  arm4 tail -160.98 dB [yes]
  take j=1 seed 10: peak 0.2339  arm1 hi -25.02 dB [yes]  arm2 lo -30.35 dB [yes]  arm3 late-sus -0.41 dB [yes]  arm4 tail -154.97 dB [yes]
  take j=2 seed 11: peak 0.1889  arm1 hi -27.04 dB [yes]  arm2 lo -33.40 dB [yes]  arm3 late-sus +2.58 dB [yes]  arm4 tail -146.47 dB [yes]
  take j=3 seed 12: peak 0.2336  arm1 hi -23.98 dB [yes]  arm2 lo -33.66 dB [yes]  arm3 late-sus -0.96 dB [yes]  arm4 tail -157.70 dB [yes]
  take j=0 d 5.0659
  take j=1 d 5.3470
  take j=2 d 6.3411
  take j=3 d 3.5026
===============================================================================
All tests passed (21 assertions in 1 test case)

exit=0 END 2026-10-06 13:48:20
