Filters: [vorago-sweep] ~[vorago-aggregate]
Randomness seeded to: 73072269
shard 3/8: 5 of 42 indices (N = 42)

=== Vorago_PresetSweep_LongRender (FR-033, SC-012; K = 4) ===
[sweep] index 3: computing / loading record...

Feedback Mire (index 3): A 155.00 s  Rel 45.00 s  RT60 3.00 s  H 340.00 s  Tail [393.00, 403.00]  Total 403.00 s  freeze tail Off
  take 0 seed  6: finite yes  peak 0.5543  arm1 hi -20.09 dB [yes]  arm2 lo -40.55 dB [yes]  arm3 late-sus +5.89 dB [yes]  arm4 tail -130.90 dB [yes]
  take 1 seed  7: finite yes  peak 0.5291  arm1 hi -19.44 dB [yes]  arm2 lo -37.34 dB [yes]  arm3 late-sus -0.72 dB [yes]  arm4 tail -154.70 dB [yes]
  take 2 seed  8: finite yes  peak 0.4329  arm1 hi -20.18 dB [yes]  arm2 lo -41.33 dB [yes]  arm3 late-sus +1.68 dB [yes]  arm4 tail -162.71 dB [yes]
  take 3 seed  9: finite yes  peak 0.2915  arm1 hi -23.78 dB [yes]  arm2 lo -41.75 dB [yes]  arm3 late-sus -6.21 dB [yes]  arm4 tail -165.35 dB [yes]
[sweep] index 11: computing / loading record...

Erosion (index 11): A 155.00 s  Rel 45.00 s  RT60 16.00 s  H 340.00 s  Tail [406.00, 416.00]  Total 416.00 s  freeze tail Off
  take 0 seed 14: finite yes  peak 0.2397  arm1 hi -24.32 dB [yes]  arm2 lo -36.43 dB [yes]  arm3 late-sus -0.99 dB [yes]  arm4 tail -192.70 dB [yes]
  take 1 seed 15: finite yes  peak 0.2688  arm1 hi -22.61 dB [yes]  arm2 lo -38.30 dB [yes]  arm3 late-sus +1.36 dB [yes]  arm4 tail -191.19 dB [yes]
  take 2 seed  0: finite yes  peak 0.2347  arm1 hi -23.70 dB [yes]  arm2 lo -33.47 dB [yes]  arm3 late-sus +0.36 dB [yes]  arm4 tail -180.01 dB [yes]
  take 3 seed  1: finite yes  peak 0.2498  arm1 hi -23.59 dB [yes]  arm2 lo -34.43 dB [yes]  arm3 late-sus -1.27 dB [yes]  arm4 tail -172.78 dB [yes]
[sweep] index 19: computing / loading record...

Teeming (index 19): A 155.00 s  Rel 45.00 s  RT60 6.00 s  H 340.00 s  Tail [396.00, 406.00]  Total 406.00 s  freeze tail Off
  take 0 seed 11: finite yes  peak 0.2801  arm1 hi -23.08 dB [yes]  arm2 lo -31.95 dB [yes]  arm3 late-sus +2.24 dB [yes]  arm4 tail -132.79 dB [yes]
  take 1 seed 12: finite yes  peak 0.3506  arm1 hi -21.67 dB [yes]  arm2 lo -30.46 dB [yes]  arm3 late-sus +1.06 dB [yes]  arm4 tail -130.80 dB [yes]
  take 2 seed 13: finite yes  peak 0.3604  arm1 hi -21.82 dB [yes]  arm2 lo -28.68 dB [yes]  arm3 late-sus -0.25 dB [yes]  arm4 tail -118.45 dB [yes]
  take 3 seed 14: finite yes  peak 0.3089  arm1 hi -22.42 dB [yes]  arm2 lo -27.88 dB [yes]  arm3 late-sus +1.21 dB [yes]  arm4 tail -157.36 dB [yes]
[sweep] index 27: computing / loading record...
  attack window (D8.2 envelope Growth primary, W_end registered 65.0 s, measured 27.0 s): d_att 8.8756, d_Sus 2.8034
    P: first reaches RMS(Sus) - 6 dB at 22 s
    P_rev: first reaches RMS(Sus) - 6 dB at 6 s

Growth Ring (index 27): A 60.00 s  Rel 45.00 s  RT60 20.00 s  H 245.00 s  Tail [315.00, 325.00]  Total 325.00 s  freeze tail Off
  take 0 seed  9: finite yes  peak 0.1670  arm1 hi -25.17 dB [yes]  arm2 lo -26.85 dB [yes]  arm3 late-sus -0.53 dB [yes]  arm4 tail -240.00 dB [yes]
  take 1 seed 10: finite yes  peak 0.1818  arm1 hi -24.97 dB [yes]  arm2 lo -26.69 dB [yes]  arm3 late-sus -0.07 dB [yes]  arm4 tail -240.00 dB [yes]
  take 2 seed 11: finite yes  peak 0.1655  arm1 hi -25.37 dB [yes]  arm2 lo -28.09 dB [yes]  arm3 late-sus -1.62 dB [yes]  arm4 tail -240.00 dB [yes]
  take 3 seed 12: finite yes  peak 0.1718  arm1 hi -25.24 dB [yes]  arm2 lo -27.60 dB [yes]  arm3 late-sus +0.11 dB [yes]  arm4 tail -240.00 dB [yes]
[sweep] index 35: computing / loading record...

Cavern Wall (index 35): A 155.00 s  Rel 45.00 s  RT60 12.00 s  H 340.00 s  Tail [402.00, 412.00]  Total 412.00 s  freeze tail Off
  take 0 seed  7: finite yes  peak 0.5870  arm1 hi -13.40 dB [yes]  arm2 lo -15.05 dB [yes]  arm3 late-sus +0.20 dB [yes]  arm4 tail -223.38 dB [yes]
  take 1 seed  8: finite yes  peak 0.6153  arm1 hi -13.24 dB [yes]  arm2 lo -15.12 dB [yes]  arm3 late-sus +0.13 dB [yes]  arm4 tail -222.00 dB [yes]
  take 2 seed  9: finite yes  peak 0.6007  arm1 hi -13.36 dB [yes]  arm2 lo -15.08 dB [yes]  arm3 late-sus +0.09 dB [yes]  arm4 tail -223.23 dB [yes]
  take 3 seed 10: finite yes  peak 0.5738  arm1 hi -13.43 dB [yes]  arm2 lo -15.30 dB [yes]  arm3 late-sus -0.15 dB [yes]  arm4 tail -219.75 dB [yes]
11122.357 s: Vorago_PresetSweep_LongRender
shard 3/8: 5 of 42 indices (N = 42)

=== Vorago_PresetSweep_FreezeGesture (FR-033, SC-024) ===
Cathedral Void (index 7): not in this shard, skipped
0.000 s: Vorago_PresetSweep_FreezeGesture
shard 3/8: 5 of 42 indices (N = 42)

=== Vorago_PresetSweep_SustainAtAllRates (FR-033a, SC-022) ===
[sweep] index 3: computing / loading record...
Feedback Mire (index 3): [0, 220.00 s]  44.1 kHz finite yes peak 0.5956 hi -20.30 dB  |  96 kHz finite yes peak 0.2804 hi -24.31 dB
[sweep] index 11: computing / loading record...
Erosion (index 11): [0, 220.00 s]  44.1 kHz finite yes peak 0.2156 hi -26.20 dB  |  96 kHz finite yes peak 0.1839 hi -27.86 dB
[sweep] index 19: computing / loading record...
Teeming (index 19): [0, 220.00 s]  44.1 kHz finite yes peak 0.3005 hi -23.42 dB  |  96 kHz finite yes peak 0.2188 hi -24.55 dB
[sweep] index 27: computing / loading record...
Growth Ring (index 27): [0, 125.00 s]  44.1 kHz finite yes peak 0.1762 hi -24.88 dB  |  96 kHz finite yes peak 0.1597 hi -26.10 dB
[sweep] index 35: computing / loading record...
Cavern Wall (index 35): [0, 220.00 s]  44.1 kHz finite yes peak 0.5985 hi -13.22 dB  |  96 kHz finite yes peak 0.5133 hi -14.53 dB
0.000 s: Vorago_PresetSweep_SustainAtAllRates
shard 3/8: 5 of 43 indices (N = 42, index N = default surface)

=== Vorago_PresetSweep_AblationVerifiesClaims (FR-012, FR-037, SC-011) ===
[sweep] index 3: computing / loading record...

Feedback Mire (index 3): primary S4 feedback ecology, 3 secondaries, s(P) 2.8348
  cell                         claim state conj rend           d      2s(P)     attrib  sec pri  skip
  S1 noise organism                  yes   yes  yes       2.6042     5.6695    -1.0000  yes NO   
  S2 resonance drift                 yes   yes  yes       3.6420     5.6695    -1.0000  yes NO   
  S3 spectral smear                  yes   yes  yes       1.7305     5.6695    -1.0000  yes NO   
  S4 feedback ecology          PRI   yes   yes  yes       4.7751     5.6695    -1.0000  yes yes  
  S5 subharmonic                     yes   yes  yes       0.9174     5.6695    -1.0000  NO  NO   
  S6 harmonic bloom                  yes   yes  yes       1.0469     5.6695    -1.0000  NO  NO   
  S7 ecosystem                       yes   yes  yes       4.7102     5.6695    -1.0000  yes yes  
  S8 cavern space                    yes   yes  yes       0.3706     5.6695    -1.0000  NO  NO   
  S9 ghost / atmosphere              yes   yes  yes       0.9964     5.6695    -1.0000  NO  NO   
  S10 acoustic body                  yes   yes  yes       7.8376     5.6695    -1.0000  yes yes  
  M1 Darkness                        NO    yes  NO        0.0000     5.6695    -1.0000  NO  NO   M displacement
  M2 Age                             NO    yes  NO        0.0000     5.6695    -1.0000  NO  NO   M displacement
  M3 Density                         NO    yes  NO        0.0000     5.6695    -1.0000  NO  NO   M displacement
  M4 Movement                        NO    yes  NO        0.0000     5.6695    -1.0000  NO  NO   M displacement
  M5 Gravity                         NO    yes  NO        0.0000     5.6695    -1.0000  NO  NO   M displacement
  M6 Entropy                         NO    yes  NO        0.0000     5.6695    -1.0000  NO  NO   M displacement
  M7 Pressure                        NO    yes  NO        0.0000     5.6695    -1.0000  NO  NO   M displacement
  M8 Weight                          NO    yes  NO        0.0000     5.6695    -1.0000  NO  NO   M displacement
  M9 Fog                             NO    yes  NO        0.0000     5.6695    -1.0000  NO  NO   M displacement
  M10 Life                           NO    yes  NO        0.0000     5.6695    -1.0000  NO  NO   M displacement
  M11 Depth                          NO    yes  NO        0.0000     5.6695    -1.0000  NO  NO   M displacement
  M12 Mass                           NO    yes  NO        0.0000     5.6695    -1.0000  NO  NO   M displacement
  E1 partial -> bloom                yes   yes  yes       3.5805     4.1550     6.0181  NO  NO   
  E2 resonator -> resonance peaks       yes   yes  yes       6.3527     8.5446     6.0181  NO  NO   
  E3 noise -> noise wake             yes   yes  yes       4.7188    10.6582     6.0181  NO  NO   
  E4 feedback -> loop wake           yes   yes  yes       5.2211    21.4590     6.0181  NO  NO   
  E5 ghost -> ghost bursts           yes   yes  yes       5.4386     8.1302     6.0181  NO  NO   
  E6.hi ecosystem sync rate high       NO    yes  NO        0.0000     5.6695    -1.0000  NO  NO   side predicate
  E7.hi ecosystem self-affinity high       NO    yes  NO        0.0000     5.6695    -1.0000  NO  NO   side predicate
  D1.1 material Glass                NO    yes  NO        0.0000     0.0000    -1.0000  NO  NO   state-only kind
  D1.2 material Strings              NO    yes  NO        0.0000     0.0000    -1.0000  NO  NO   state-only kind
  D1.3 material MetalPlate           NO    yes  NO        0.0000     0.0000    -1.0000  NO  NO   state-only kind
  D1.4 material Chamber              NO    yes  NO        0.0000     0.0000    -1.0000  NO  NO   state-only kind
  D1.5 material Ice                  NO    yes  NO        0.0000     0.0000    -1.0000  NO  NO   state-only kind
  D1.6 material StoneChamber         yes   yes  NO        0.0000     0.0000    -1.0000  yes NO   state-only kind
  D1.7 material SteelTank            yes   yes  NO        0.0000     0.0000    -1.0000  yes NO   state-only kind
  D1.8 material WoodenHull           NO    yes  NO        0.0000     0.0000    -1.0000  NO  NO   state-only kind
  D1.9 material CathedralColumn       NO    yes  NO        0.0000     0.0000    -1.0000  NO  NO   state-only kind
  D1.10 material CavernWall          NO    yes  NO        0.0000     0.0000    -1.0000  NO  NO   state-only kind
  D1.11 material GlassSphere         NO    yes  NO        0.0000     0.0000    -1.0000  NO  NO   state-only kind
  D2 body blend both heard           yes   yes  NO        0.0000     0.0000    -1.0000  yes NO   state-only kind
  D3.1 noise model Direct            yes   yes  yes       2.6042     0.0000    -1.0000  yes NO   
  D3.2 noise model FilteredWind       yes   yes  yes       2.6042     0.0000    -1.0000  yes NO   
  D3.3 noise model GranularDust       yes   yes  yes       2.6042     0.0000    -1.0000  yes NO   
  D3.4 noise model MetallicHiss       yes   yes  yes       2.6042     0.0000    -1.0000  yes NO   
  D4.1 noise type White              NO    yes  NO        0.0000     0.0000    -1.0000  NO  NO   state-only kind
  D4.2 noise type Pink               NO    yes  NO        0.0000     0.0000    -1.0000  NO  NO   state-only kind
  D4.3 noise type TapeHiss           NO    yes  NO        0.0000     0.0000    -1.0000  NO  NO   state-only kind
  D4.4 noise type VinylCrackle       NO    yes  NO        0.0000     0.0000    -1.0000  NO  NO   state-only kind
  D4.5 noise type Asperity           NO    yes  NO        0.0000     0.0000    -1.0000  NO  NO   state-only kind
  D4.6 noise type Brown              yes   yes  NO        0.0000     0.0000    -1.0000  yes NO   state-only kind
  D4.7 noise type Blue               NO    yes  NO        0.0000     0.0000    -1.0000  NO  NO   state-only kind
  D4.8 noise type Violet             NO    yes  NO        0.0000     0.0000    -1.0000  NO  NO   state-only kind
  D4.9 noise type Grey               NO    yes  NO        0.0000     0.0000    -1.0000  NO  NO   state-only kind
  D4.10 noise type Velvet            NO    yes  NO        0.0000     0.0000    -1.0000  NO  NO   state-only kind
  D4.11 noise type VinylRumble       NO    yes  NO        0.0000     0.0000    -1.0000  NO  NO   state-only kind
  D4.12 noise type RadioStatic       NO    yes  NO        0.0000     0.0000    -1.0000  NO  NO   state-only kind
  D5.1 anchor Free                   NO    yes  NO        0.0000     0.0000    -1.0000  NO  NO   state-only kind
  D5.2 anchor Keyed                  NO    yes  NO        0.0000     0.0000    -1.0000  NO  NO   state-only kind
  D5.3 anchor Hybrid                 yes   yes  NO        0.0000     0.0000    -1.0000  yes NO   state-only kind
  D6.1 loop filter Lowpass     sec   yes   yes  NO        0.0000     0.0000    -1.0000  yes NO   state-only kind
  D6.2 loop filter Bandpass    sec   yes   yes  NO        0.0000     0.0000    -1.0000  yes NO   state-only kind
  D6.3 loop filter Highpass    sec   yes   yes  NO        0.0000     0.0000    -1.0000  yes NO   state-only kind
  D7.1 loudest sub f/2               yes   NO   NO        0.0000     0.0000    -1.0000  NO  NO   state-only kind
  D7.2 loudest sub f/4               NO    NO   NO        0.0000     0.0000    -1.0000  NO  NO   state-only kind
  D7.3 loudest sub fifth below       NO    NO   NO        0.0000     0.0000    -1.0000  NO  NO   state-only kind
  D8.1 envelope Standard             yes   yes  NO        0.0000     0.0000    -1.0000  yes NO   state-only kind
  D8.2 envelope Growth               NO    yes  NO        0.0000     0.0000    -1.0000  NO  NO   state-only kind
  D9.1 attack span <= 10 s           NO    yes  NO        0.0000     0.0000    -1.0000  NO  NO   state-only kind
  D9.2 attack span >= 90 s           yes   yes  NO        0.0000     0.0000    -1.0000  yes NO   state-only kind
  D10.1 freeze holds a field         NO    NO   NO        0.0000     0.0000    -1.0000  NO  NO   state-only kind
  D10.2 freeze off                   yes   yes  NO        0.0000     0.0000    -1.0000  yes NO   state-only kind
  D11 ghost reverse >= 0.5           NO    NO   NO        0.0000     0.0000    -1.0000  NO  NO   state-only kind
  D12.1 ghost event triggers on       NO    NO   NO        0.0000     0.0000    -1.0000  NO  NO   state-only kind
  D12.2 ghost event triggers off       yes   yes  NO        0.0000     0.0000    -1.0000  yes NO   state-only kind
  D13.1 event rate scale <= 0.3       NO    yes  NO        0.0000     5.6695    -1.0000  NO  NO   state false
  D13.2 event rate scale >= 3.0       NO    yes  NO        0.0000     5.6695    -1.0000  NO  NO   state false
  D14.1 breathing depth >= 0.7       NO    yes  NO        0.0000     5.6695    -1.0000  NO  NO   state false
  D14.2 tidal depth >= 0.7           NO    yes  NO        0.0000     5.6695    -1.0000  NO  NO   state false
[sweep] index 11: computing / loading record...

Erosion (index 11): primary M2 Age, 4 secondaries, s(P) 2.1708
  cell                         claim state conj rend           d      2s(P)     attrib  sec pri  skip
  S1 noise organism                  yes   yes  yes       5.6676     4.3416    -1.0000  yes yes  
  S2 resonance drift                 yes   yes  yes       2.0656     4.3416    -1.0000  yes NO   
  S3 spectral smear                  yes   yes  yes       0.7947     4.3416    -1.0000  NO  NO   
  S4 feedback ecology                yes   yes  yes       0.0078     4.3416    -1.0000  NO  NO   
  S5 subharmonic                     yes   yes  yes       1.5682     4.3416    -1.0000  yes NO   
  S6 harmonic bloom                  yes   yes  yes       0.5619     4.3416    -1.0000  NO  NO   
  S7 ecosystem                       yes   yes  yes       2.4905     4.3416    -1.0000  yes NO   
  S8 cavern space                    yes   yes  yes       7.3844     4.3416    -1.0000  yes yes  
  S9 ghost / atmosphere              yes   yes  NO        0.0000     4.3416    -1.0000  NO  NO   override equals stored
  S10 acoustic body                  yes   yes  yes       9.1884     4.3416    -1.0000  yes yes  
  M1 Darkness                        NO    yes  NO        0.0000     4.3416    -1.0000  NO  NO   M displacement
  M2 Age                       PRI   yes   yes  yes       3.2191     4.3416    -1.0000  yes NO   
  M3 Density                         NO    yes  NO        0.0000     4.3416    -1.0000  NO  NO   M displacement
  M4 Movement                        NO    yes  NO        0.0000     4.3416    -1.0000  NO  NO   M displacement
  M5 Gravity                         NO    yes  NO        0.0000     4.3416    -1.0000  NO  NO   M displacement
  M6 Entropy                         NO    yes  NO        0.0000     4.3416    -1.0000  NO  NO   M displacement
  M7 Pressure                        NO    yes  NO        0.0000     4.3416    -1.0000  NO  NO   M displacement
  M8 Weight                          NO    yes  NO        0.0000     4.3416    -1.0000  NO  NO   M displacement
  M9 Fog                             NO    yes  NO        0.0000     4.3416    -1.0000  NO  NO   M displacement
  M10 Life                           NO    yes  NO        0.0000     4.3416    -1.0000  NO  NO   M displacement
  M11 Depth                          NO    yes  NO        0.0000     4.3416    -1.0000  NO  NO   M displacement
  M12 Mass                           NO    yes  NO        0.0000     4.3416    -1.0000  NO  NO   M displacement
  E1 partial -> bloom                yes   yes  yes       1.1976     3.8552     6.5881  NO  NO   
  E2 resonator -> resonance peaks       yes   yes  yes       6.0741     6.3923     6.5881  NO  NO   
  E3 noise -> noise wake             yes   yes  yes       2.7108     7.2946     6.5881  NO  NO   
  E4 feedback -> loop wake           yes   yes  yes       6.5902     3.7928     6.5881  NO  NO   
  E5 ghost -> ghost bursts           yes   yes  yes       6.5881     3.8194     6.5881  NO  NO   
  E6.hi ecosystem sync rate high       NO    yes  NO        0.0000     4.3416    -1.0000  NO  NO   side predicate
  E7.hi ecosystem self-affinity high       NO    yes  NO        0.0000     4.3416    -1.0000  NO  NO   side predicate
  D1.1 material Glass                NO    yes  NO        0.0000     0.0000    -1.0000  NO  NO   state-only kind
  D1.2 material Strings              NO    yes  NO        0.0000     0.0000    -1.0000  NO  NO   state-only kind
  D1.3 material MetalPlate           NO    yes  NO        0.0000     0.0000    -1.0000  NO  NO   state-only kind
  D1.4 material Chamber              NO    yes  NO        0.0000     0.0000    -1.0000  NO  NO   state-only kind
  D1.5 material Ice                  NO    yes  NO        0.0000     0.0000    -1.0000  NO  NO   state-only kind
  D1.6 material StoneChamber         yes   yes  NO        0.0000     0.0000    -1.0000  yes NO   state-only kind
  D1.7 material SteelTank            yes   yes  NO        0.0000     0.0000    -1.0000  yes NO   state-only kind
  D1.8 material WoodenHull           NO    yes  NO        0.0000     0.0000    -1.0000  NO  NO   state-only kind
  D1.9 material CathedralColumn       NO    yes  NO        0.0000     0.0000    -1.0000  NO  NO   state-only kind
  D1.10 material CavernWall          NO    yes  NO        0.0000     0.0000    -1.0000  NO  NO   state-only kind
  D1.11 material GlassSphere         NO    yes  NO        0.0000     0.0000    -1.0000  NO  NO   state-only kind
  D2 body blend both heard           yes   yes  NO        0.0000     0.0000    -1.0000  yes NO   state-only kind
  D3.1 noise model Direct            yes   yes  yes       5.6676     0.0000    -1.0000  yes yes  
  D3.2 noise model FilteredWind       NO    yes  yes       5.6676     0.0000    -1.0000  NO  NO   
  D3.3 noise model GranularDust sec   yes   yes  yes       5.6676     0.0000    -1.0000  yes yes  
  D3.4 noise model MetallicHiss       NO    yes  yes       5.6676     0.0000    -1.0000  NO  NO   
  D4.1 noise type White              NO    yes  NO        0.0000     0.0000    -1.0000  NO  NO   state-only kind
  D4.2 noise type Pink               NO    yes  NO        0.0000     0.0000    -1.0000  NO  NO   state-only kind
  D4.3 noise type TapeHiss           NO    yes  NO        0.0000     0.0000    -1.0000  NO  NO   state-only kind
  D4.4 noise type VinylCrackle sec   yes   yes  NO        0.0000     0.0000    -1.0000  yes NO   state-only kind
  D4.5 noise type Asperity     sec   yes   yes  NO        0.0000     0.0000    -1.0000  yes NO   state-only kind
  D4.6 noise type Brown        sec   yes   yes  NO        0.0000     0.0000    -1.0000  yes NO   state-only kind
  D4.7 noise type Blue               NO    yes  NO        0.0000     0.0000    -1.0000  NO  NO   state-only kind
  D4.8 noise type Violet             NO    yes  NO        0.0000     0.0000    -1.0000  NO  NO   state-only kind
  D4.9 noise type Grey               NO    yes  NO        0.0000     0.0000    -1.0000  NO  NO   state-only kind
  D4.10 noise type Velvet            NO    yes  NO        0.0000     0.0000    -1.0000  NO  NO   state-only kind
  D4.11 noise type VinylRumble       NO    yes  NO        0.0000     0.0000    -1.0000  NO  NO   state-only kind
  D4.12 noise type RadioStatic       NO    yes  NO        0.0000     0.0000    -1.0000  NO  NO   state-only kind
  D5.1 anchor Free                   NO    yes  NO        0.0000     0.0000    -1.0000  NO  NO   state-only kind
  D5.2 anchor Keyed                  NO    yes  NO        0.0000     0.0000    -1.0000  NO  NO   state-only kind
  D5.3 anchor Hybrid                 yes   yes  NO        0.0000     0.0000    -1.0000  yes NO   state-only kind
  D6.1 loop filter Lowpass           yes   NO   NO        0.0000     0.0000    -1.0000  NO  NO   state-only kind
  D6.2 loop filter Bandpass          NO    NO   NO        0.0000     0.0000    -1.0000  NO  NO   state-only kind
  D6.3 loop filter Highpass          NO    NO   NO        0.0000     0.0000    -1.0000  NO  NO   state-only kind
  D7.1 loudest sub f/2               yes   yes  NO        0.0000     0.0000    -1.0000  yes NO   state-only kind
  D7.2 loudest sub f/4               NO    yes  NO        0.0000     0.0000    -1.0000  NO  NO   state-only kind
  D7.3 loudest sub fifth below       NO    yes  NO        0.0000     0.0000    -1.0000  NO  NO   state-only kind
  D8.1 envelope Standard             yes   yes  NO        0.0000     0.0000    -1.0000  yes NO   state-only kind
  D8.2 envelope Growth               NO    yes  NO        0.0000     0.0000    -1.0000  NO  NO   state-only kind
  D9.1 attack span <= 10 s           NO    yes  NO        0.0000     0.0000    -1.0000  NO  NO   state-only kind
  D9.2 attack span >= 90 s           yes   yes  NO        0.0000     0.0000    -1.0000  yes NO   state-only kind
  D10.1 freeze holds a field         NO    NO   NO        0.0000     0.0000    -1.0000  NO  NO   state-only kind
  D10.2 freeze off                   yes   yes  NO        0.0000     0.0000    -1.0000  yes NO   state-only kind
  D11 ghost reverse >= 0.5           NO    NO   NO        0.0000     0.0000    -1.0000  NO  NO   state-only kind
  D12.1 ghost event triggers on       NO    NO   NO        0.0000     0.0000    -1.0000  NO  NO   state-only kind
  D12.2 ghost event triggers off       yes   yes  NO        0.0000     0.0000    -1.0000  yes NO   state-only kind
  D13.1 event rate scale <= 0.3       NO    yes  NO        0.0000     4.3416    -1.0000  NO  NO   state false
  D13.2 event rate scale >= 3.0       NO    yes  NO        0.0000     4.3416    -1.0000  NO  NO   state false
  D14.1 breathing depth >= 0.7       NO    yes  NO        0.0000     4.3416    -1.0000  NO  NO   state false
  D14.2 tidal depth >= 0.7           NO    yes  NO        0.0000     4.3416    -1.0000  NO  NO   state false

~~~~~~~~~~~~~~~~~~~~~~~~~~~~~~~~~~~~~~~~~~~~~~~~~~~~~~~~~~~~~~~~~~~~~~~~~~~~~~~
vorago_tests.exe is a Catch2 v3.4.0 host application.
Run with -? for options

-------------------------------------------------------------------------------
Vorago_PresetSweep_AblationVerifiesClaims
-------------------------------------------------------------------------------
F:\projects\iterum\plugins\vorago\tests\integration\preset_sweep_test.cpp(1150)
...............................................................................

F:\projects\iterum\plugins\vorago\tests\integration\preset_sweep_test.cpp(1203): FAILED:
  CHECK( VoragoTest::verifiedAt(o, primary, ClaimRole::Primary) )
with expansion:
  false
with message:
  Erosion primary M2 Age: d 3.21914, 2s(P) 4.34159, attrib -1, skip []

[sweep] index 19: computing / loading record...

Teeming (index 19): primary M10 Life, 1 secondaries, s(P) 1.7084
  cell                         claim state conj rend           d      2s(P)     attrib  sec pri  skip
  S1 noise organism                  yes   yes  yes       1.3551     3.4168    -1.0000  NO  NO   
  S2 resonance drift                 yes   yes  yes       1.9472     3.4168    -1.0000  yes NO   
  S3 spectral smear                  yes   yes  yes       0.2930     3.4168    -1.0000  NO  NO   
  S4 feedback ecology                yes   yes  yes       0.0223     3.4168    -1.0000  NO  NO   
  S5 subharmonic                     yes   yes  yes       1.3886     3.4168    -1.0000  NO  NO   
  S6 harmonic bloom                  yes   yes  yes       0.1466     3.4168    -1.0000  NO  NO   
  S7 ecosystem                       yes   yes  yes      10.1021     3.4168    -1.0000  yes yes  
  S8 cavern space                    yes   yes  yes       5.6708     3.4168    -1.0000  yes yes  
  S9 ghost / atmosphere              yes   yes  yes       8.3787     3.4168    -1.0000  yes yes  
  S10 acoustic body                  yes   yes  yes      11.7838     3.4168    -1.0000  yes yes  
  M1 Darkness                        NO    yes  NO        0.0000     3.4168    -1.0000  NO  NO   M displacement
  M2 Age                             NO    yes  NO        0.0000     3.4168    -1.0000  NO  NO   M displacement
  M3 Density                         NO    yes  NO        0.0000     3.4168    -1.0000  NO  NO   M displacement
  M4 Movement                        NO    yes  NO        0.0000     3.4168    -1.0000  NO  NO   M displacement
  M5 Gravity                         NO    yes  NO        0.0000     3.4168    -1.0000  NO  NO   M displacement
  M6 Entropy                         NO    yes  NO        0.0000     3.4168    -1.0000  NO  NO   M displacement
  M7 Pressure                        NO    yes  NO        0.0000     3.4168    -1.0000  NO  NO   M displacement
  M8 Weight                          NO    yes  NO        0.0000     3.4168    -1.0000  NO  NO   M displacement
  M9 Fog                             NO    yes  NO        0.0000     3.4168    -1.0000  NO  NO   M displacement
  M10 Life                     PRI   yes   yes  yes       0.9943     3.4168    -1.0000  NO  NO   
  M11 Depth                          NO    yes  NO        0.0000     3.4168    -1.0000  NO  NO   M displacement
  M12 Mass                           NO    yes  NO        0.0000     3.4168    -1.0000  NO  NO   M displacement
  E1 partial -> bloom                yes   yes  yes       2.7534     3.4883     2.3896  NO  NO   
  E2 resonator -> resonance peaks       yes   yes  yes       3.3709     5.4524     2.3896  NO  NO   
  E3 noise -> noise wake             yes   yes  yes       2.2200    20.2237     2.3896  NO  NO   
  E4 feedback -> loop wake           yes   yes  yes       2.3825     3.5058     2.3896  NO  NO   
  E5 ghost -> ghost bursts           yes   yes  yes       7.6549    10.0255     2.3896  yes yes  
  E6.hi ecosystem sync rate high       NO    yes  NO        0.0000     3.4168    -1.0000  NO  NO   side predicate
  E7.hi ecosystem self-affinity high       NO    yes  NO        0.0000     3.4168    -1.0000  NO  NO   side predicate
  D1.1 material Glass                NO    yes  NO        0.0000     0.0000    -1.0000  NO  NO   state-only kind
  D1.2 material Strings              NO    yes  NO        0.0000     0.0000    -1.0000  NO  NO   state-only kind
  D1.3 material MetalPlate           NO    yes  NO        0.0000     0.0000    -1.0000  NO  NO   state-only kind
  D1.4 material Chamber              NO    yes  NO        0.0000     0.0000    -1.0000  NO  NO   state-only kind
  D1.5 material Ice                  NO    yes  NO        0.0000     0.0000    -1.0000  NO  NO   state-only kind
  D1.6 material StoneChamber         yes   yes  NO        0.0000     0.0000    -1.0000  yes NO   state-only kind
  D1.7 material SteelTank            yes   yes  NO        0.0000     0.0000    -1.0000  yes NO   state-only kind
  D1.8 material WoodenHull           NO    yes  NO        0.0000     0.0000    -1.0000  NO  NO   state-only kind
  D1.9 material CathedralColumn       NO    yes  NO        0.0000     0.0000    -1.0000  NO  NO   state-only kind
  D1.10 material CavernWall          NO    yes  NO        0.0000     0.0000    -1.0000  NO  NO   state-only kind
  D1.11 material GlassSphere         NO    yes  NO        0.0000     0.0000    -1.0000  NO  NO   state-only kind
  D2 body blend both heard           yes   yes  NO        0.0000     0.0000    -1.0000  yes NO   state-only kind
  D3.1 noise model Direct            yes   NO   yes       1.3551     0.0000    -1.0000  NO  NO   
  D3.2 noise model FilteredWind       yes   NO   yes       1.3551     0.0000    -1.0000  NO  NO   
  D3.3 noise model GranularDust       yes   NO   yes       1.3551     0.0000    -1.0000  NO  NO   
  D3.4 noise model MetallicHiss       yes   NO   yes       1.3551     0.0000    -1.0000  NO  NO   
  D4.1 noise type White              NO    NO   NO        0.0000     0.0000    -1.0000  NO  NO   state-only kind
  D4.2 noise type Pink               NO    NO   NO        0.0000     0.0000    -1.0000  NO  NO   state-only kind
  D4.3 noise type TapeHiss           NO    NO   NO        0.0000     0.0000    -1.0000  NO  NO   state-only kind
  D4.4 noise type VinylCrackle       NO    NO   NO        0.0000     0.0000    -1.0000  NO  NO   state-only kind
  D4.5 noise type Asperity           NO    NO   NO        0.0000     0.0000    -1.0000  NO  NO   state-only kind
  D4.6 noise type Brown              yes   NO   NO        0.0000     0.0000    -1.0000  NO  NO   state-only kind
  D4.7 noise type Blue               NO    NO   NO        0.0000     0.0000    -1.0000  NO  NO   state-only kind
  D4.8 noise type Violet             NO    NO   NO        0.0000     0.0000    -1.0000  NO  NO   state-only kind
  D4.9 noise type Grey               NO    NO   NO        0.0000     0.0000    -1.0000  NO  NO   state-only kind
  D4.10 noise type Velvet            NO    NO   NO        0.0000     0.0000    -1.0000  NO  NO   state-only kind
  D4.11 noise type VinylRumble       NO    NO   NO        0.0000     0.0000    -1.0000  NO  NO   state-only kind
  D4.12 noise type RadioStatic       NO    NO   NO        0.0000     0.0000    -1.0000  NO  NO   state-only kind
  D5.1 anchor Free                   NO    yes  NO        0.0000     0.0000    -1.0000  NO  NO   state-only kind
  D5.2 anchor Keyed                  NO    yes  NO        0.0000     0.0000    -1.0000  NO  NO   state-only kind
  D5.3 anchor Hybrid                 yes   yes  NO        0.0000     0.0000    -1.0000  yes NO   state-only kind
  D6.1 loop filter Lowpass           yes   NO   NO        0.0000     0.0000    -1.0000  NO  NO   state-only kind
  D6.2 loop filter Bandpass          NO    NO   NO        0.0000     0.0000    -1.0000  NO  NO   state-only kind
  D6.3 loop filter Highpass          NO    NO   NO        0.0000     0.0000    -1.0000  NO  NO   state-only kind
  D7.1 loudest sub f/2               yes   NO   NO        0.0000     0.0000    -1.0000  NO  NO   state-only kind
  D7.2 loudest sub f/4               NO    NO   NO        0.0000     0.0000    -1.0000  NO  NO   state-only kind
  D7.3 loudest sub fifth below       NO    NO   NO        0.0000     0.0000    -1.0000  NO  NO   state-only kind
  D8.1 envelope Standard             yes   yes  NO        0.0000     0.0000    -1.0000  yes NO   state-only kind
  D8.2 envelope Growth               NO    yes  NO        0.0000     0.0000    -1.0000  NO  NO   state-only kind
  D9.1 attack span <= 10 s           NO    yes  NO        0.0000     0.0000    -1.0000  NO  NO   state-only kind
  D9.2 attack span >= 90 s           yes   yes  NO        0.0000     0.0000    -1.0000  yes NO   state-only kind
  D10.1 freeze holds a field         NO    NO   NO        0.0000     0.0000    -1.0000  NO  NO   state-only kind
  D10.2 freeze off                   yes   yes  NO        0.0000     0.0000    -1.0000  yes NO   state-only kind
  D11 ghost reverse >= 0.5           NO    yes  NO        0.0000     0.0000    -1.0000  NO  NO   state-only kind
  D12.1 ghost event triggers on       NO    yes  NO        0.0000     0.0000    -1.0000  NO  NO   state-only kind
  D12.2 ghost event triggers off       yes   yes  NO        0.0000     0.0000    -1.0000  yes NO   state-only kind
  D13.1 event rate scale <= 0.3 sec   yes   yes  yes       0.8560     3.4168    -1.0000  NO  NO   
  D13.2 event rate scale >= 3.0       NO    yes  NO        0.0000     3.4168    -1.0000  NO  NO   state false
  D14.1 breathing depth >= 0.7       NO    yes  NO        0.0000     3.4168    -1.0000  NO  NO   state false
  D14.2 tidal depth >= 0.7           NO    yes  NO        0.0000     3.4168    -1.0000  NO  NO   state false
F:\projects\iterum\plugins\vorago\tests\integration\preset_sweep_test.cpp(1202): FAILED:
  CHECK( VoragoTest::verifiedAt(o, primary, ClaimRole::Secondary) )
with expansion:
  false
with message:
  Teeming primary M10 Life: d 0.994297, 2s(P) 3.41678, attrib -1, skip []

F:\projects\iterum\plugins\vorago\tests\integration\preset_sweep_test.cpp(1203): FAILED:
  CHECK( VoragoTest::verifiedAt(o, primary, ClaimRole::Primary) )
with expansion:
  false
with message:
  Teeming primary M10 Life: d 0.994297, 2s(P) 3.41678, attrib -1, skip []

F:\projects\iterum\plugins\vorago\tests\integration\preset_sweep_test.cpp(1210): FAILED:
  CHECK( VoragoTest::verifiedAt(o, c, ClaimRole::Secondary) )
with expansion:
  false
with message:
  Teeming secondary D13.1 event rate scale <= 0.3: d 0.855978, 2s(P) 3.41678,
  attrib -1, skip []

[sweep] index 27: computing / loading record...

Growth Ring (index 27): primary D8.2 envelope Growth, 0 secondaries, s(P) 3.7183
  cell                         claim state conj rend           d      2s(P)     attrib  sec pri  skip
  S1 noise organism                  yes   yes  yes       0.0247     7.4366    -1.0000  NO  NO   
  S2 resonance drift                 yes   yes  yes       0.7274     7.4366    -1.0000  NO  NO   
  S3 spectral smear                  yes   yes  yes       2.0211     7.4366    -1.0000  yes NO   
  S4 feedback ecology                yes   yes  yes       0.0363     7.4366    -1.0000  NO  NO   
  S5 subharmonic                     yes   yes  yes       0.6486     7.4366    -1.0000  NO  NO   
  S6 harmonic bloom                  yes   yes  yes       0.9502     7.4366    -1.0000  NO  NO   
  S7 ecosystem                       yes   yes  yes       2.0061     7.4366    -1.0000  yes NO   
  S8 cavern space                    yes   yes  yes       7.1680     7.4366    -1.0000  yes yes  
  S9 ghost / atmosphere              yes   yes  yes       0.0400     7.4366    -1.0000  NO  NO   
  S10 acoustic body                  yes   yes  yes      11.7500     7.4366    -1.0000  yes yes  
  M1 Darkness                        NO    yes  NO        0.0000     7.4366    -1.0000  NO  NO   M displacement
  M2 Age                             NO    yes  NO        0.0000     7.4366    -1.0000  NO  NO   M displacement
  M3 Density                         NO    yes  NO        0.0000     7.4366    -1.0000  NO  NO   M displacement
  M4 Movement                        NO    yes  NO        0.0000     7.4366    -1.0000  NO  NO   M displacement
  M5 Gravity                         NO    yes  NO        0.0000     7.4366    -1.0000  NO  NO   M displacement
  M6 Entropy                         NO    yes  NO        0.0000     7.4366    -1.0000  NO  NO   M displacement
  M7 Pressure                        NO    yes  NO        0.0000     7.4366    -1.0000  NO  NO   M displacement
  M8 Weight                          NO    yes  NO        0.0000     7.4366    -1.0000  NO  NO   M displacement
  M9 Fog                             NO    yes  NO        0.0000     7.4366    -1.0000  NO  NO   M displacement
  M10 Life                           NO    yes  NO        0.0000     7.4366    -1.0000  NO  NO   M displacement
  M11 Depth                          NO    yes  NO        0.0000     7.4366    -1.0000  NO  NO   M displacement
  M12 Mass                           NO    yes  NO        0.0000     7.4366    -1.0000  NO  NO   M displacement
  E1 partial -> bloom                yes   yes  yes       0.1311     3.4175     0.0609  NO  NO   
  E2 resonator -> resonance peaks       yes   yes  yes       2.0849     5.5437     0.0609  yes NO   
  E3 noise -> noise wake             yes   yes  yes       0.0616     3.0384     0.0609  NO  NO   
  E4 feedback -> loop wake           yes   yes  yes       0.0611     3.4134     0.0609  NO  NO   
  E5 ghost -> ghost bursts           yes   yes  yes       0.0782     3.1254     0.0609  NO  NO   
  E6.hi ecosystem sync rate high       NO    yes  NO        0.0000     7.4366    -1.0000  NO  NO   side predicate
  E7.hi ecosystem self-affinity high       NO    yes  NO        0.0000     7.4366    -1.0000  NO  NO   side predicate
  D1.1 material Glass                NO    yes  NO        0.0000     0.0000    -1.0000  NO  NO   state-only kind
  D1.2 material Strings              NO    yes  NO        0.0000     0.0000    -1.0000  NO  NO   state-only kind
  D1.3 material MetalPlate           NO    yes  NO        0.0000     0.0000    -1.0000  NO  NO   state-only kind
  D1.4 material Chamber              NO    yes  NO        0.0000     0.0000    -1.0000  NO  NO   state-only kind
  D1.5 material Ice                  NO    yes  NO        0.0000     0.0000    -1.0000  NO  NO   state-only kind
  D1.6 material StoneChamber         yes   yes  NO        0.0000     0.0000    -1.0000  yes NO   state-only kind
  D1.7 material SteelTank            yes   yes  NO        0.0000     0.0000    -1.0000  yes NO   state-only kind
  D1.8 material WoodenHull           NO    yes  NO        0.0000     0.0000    -1.0000  NO  NO   state-only kind
  D1.9 material CathedralColumn       NO    yes  NO        0.0000     0.0000    -1.0000  NO  NO   state-only kind
  D1.10 material CavernWall          NO    yes  NO        0.0000     0.0000    -1.0000  NO  NO   state-only kind
  D1.11 material GlassSphere         NO    yes  NO        0.0000     0.0000    -1.0000  NO  NO   state-only kind
  D2 body blend both heard           yes   yes  NO        0.0000     0.0000    -1.0000  yes NO   state-only kind
  D3.1 noise model Direct            yes   NO   yes       0.0247     0.0000    -1.0000  NO  NO   
  D3.2 noise model FilteredWind       yes   NO   yes       0.0247     0.0000    -1.0000  NO  NO   
  D3.3 noise model GranularDust       yes   NO   yes       0.0247     0.0000    -1.0000  NO  NO   
  D3.4 noise model MetallicHiss       yes   NO   yes       0.0247     0.0000    -1.0000  NO  NO   
  D4.1 noise type White              NO    NO   NO        0.0000     0.0000    -1.0000  NO  NO   state-only kind
  D4.2 noise type Pink               NO    NO   NO        0.0000     0.0000    -1.0000  NO  NO   state-only kind
  D4.3 noise type TapeHiss           NO    NO   NO        0.0000     0.0000    -1.0000  NO  NO   state-only kind
  D4.4 noise type VinylCrackle       NO    NO   NO        0.0000     0.0000    -1.0000  NO  NO   state-only kind
  D4.5 noise type Asperity           NO    NO   NO        0.0000     0.0000    -1.0000  NO  NO   state-only kind
  D4.6 noise type Brown              yes   NO   NO        0.0000     0.0000    -1.0000  NO  NO   state-only kind
  D4.7 noise type Blue               NO    NO   NO        0.0000     0.0000    -1.0000  NO  NO   state-only kind
  D4.8 noise type Violet             NO    NO   NO        0.0000     0.0000    -1.0000  NO  NO   state-only kind
  D4.9 noise type Grey               NO    NO   NO        0.0000     0.0000    -1.0000  NO  NO   state-only kind
  D4.10 noise type Velvet            NO    NO   NO        0.0000     0.0000    -1.0000  NO  NO   state-only kind
  D4.11 noise type VinylRumble       NO    NO   NO        0.0000     0.0000    -1.0000  NO  NO   state-only kind
  D4.12 noise type RadioStatic       NO    NO   NO        0.0000     0.0000    -1.0000  NO  NO   state-only kind
  D5.1 anchor Free                   NO    NO   NO        0.0000     0.0000    -1.0000  NO  NO   state-only kind
  D5.2 anchor Keyed                  NO    NO   NO        0.0000     0.0000    -1.0000  NO  NO   state-only kind
  D5.3 anchor Hybrid                 yes   NO   NO        0.0000     0.0000    -1.0000  NO  NO   state-only kind
  D6.1 loop filter Lowpass           yes   NO   NO        0.0000     0.0000    -1.0000  NO  NO   state-only kind
  D6.2 loop filter Bandpass          NO    NO   NO        0.0000     0.0000    -1.0000  NO  NO   state-only kind
  D6.3 loop filter Highpass          NO    NO   NO        0.0000     0.0000    -1.0000  NO  NO   state-only kind
  D7.1 loudest sub f/2               yes   NO   NO        0.0000     0.0000    -1.0000  NO  NO   state-only kind
  D7.2 loudest sub f/4               NO    NO   NO        0.0000     0.0000    -1.0000  NO  NO   state-only kind
  D7.3 loudest sub fifth below       NO    NO   NO        0.0000     0.0000    -1.0000  NO  NO   state-only kind
  D8.1 envelope Standard             NO    yes  NO        0.0000     0.0000    -1.0000  NO  NO   state-only kind
  D8.2 envelope Growth         PRI   yes   yes  yes       8.8756     7.4366     2.8034  yes yes  
  D9.1 attack span <= 10 s           NO    yes  NO        0.0000     0.0000    -1.0000  NO  NO   state-only kind
  D9.2 attack span >= 90 s           NO    yes  NO        0.0000     0.0000    -1.0000  NO  NO   state-only kind
  D10.1 freeze holds a field         NO    NO   NO        0.0000     0.0000    -1.0000  NO  NO   state-only kind
  D10.2 freeze off                   yes   yes  NO        0.0000     0.0000    -1.0000  yes NO   state-only kind
  D11 ghost reverse >= 0.5           NO    NO   NO        0.0000     0.0000    -1.0000  NO  NO   state-only kind
  D12.1 ghost event triggers on       NO    NO   NO        0.0000     0.0000    -1.0000  NO  NO   state-only kind
  D12.2 ghost event triggers off       yes   yes  NO        0.0000     0.0000    -1.0000  yes NO   state-only kind
  D13.1 event rate scale <= 0.3       NO    yes  NO        0.0000     7.4366    -1.0000  NO  NO   state false
  D13.2 event rate scale >= 3.0       NO    yes  NO        0.0000     7.4366    -1.0000  NO  NO   state false
  D14.1 breathing depth >= 0.7       NO    yes  NO        0.0000     7.4366    -1.0000  NO  NO   state false
  D14.2 tidal depth >= 0.7           NO    yes  NO        0.0000     7.4366    -1.0000  NO  NO   state false
[sweep] index 35: computing / loading record...

Cavern Wall (index 35): primary D1.10 material CavernWall, 0 secondaries, s(P) 2.9359
  cell                         claim state conj rend           d      2s(P)     attrib  sec pri  skip
  S1 noise organism                  yes   yes  yes       0.0025     5.8718    -1.0000  NO  NO   
  S2 resonance drift                 yes   yes  yes       0.4466     5.8718    -1.0000  NO  NO   
  S3 spectral smear                  yes   yes  yes       6.1661     5.8718    -1.0000  yes yes  
  S4 feedback ecology                yes   yes  yes       0.0125     5.8718    -1.0000  NO  NO   
  S5 subharmonic                     yes   yes  yes       1.8677     5.8718    -1.0000  yes NO   
  S6 harmonic bloom                  yes   yes  yes       0.0031     5.8718    -1.0000  NO  NO   
  S7 ecosystem                       yes   yes  NO        0.0000     5.8718    -1.0000  NO  NO   override equals stored
  S8 cavern space                    yes   yes  yes       0.2746     5.8718    -1.0000  NO  NO   
  S9 ghost / atmosphere              yes   yes  yes       0.0015     5.8718    -1.0000  NO  NO   
  S10 acoustic body                  yes   yes  yes      14.0929     5.8718    -1.0000  yes yes  
  M1 Darkness                        NO    yes  NO        0.0000     5.8718    -1.0000  NO  NO   M displacement
  M2 Age                             NO    yes  NO        0.0000     5.8718    -1.0000  NO  NO   M displacement
  M3 Density                         NO    yes  NO        0.0000     5.8718    -1.0000  NO  NO   M displacement
  M4 Movement                        NO    yes  NO        0.0000     5.8718    -1.0000  NO  NO   M displacement
  M5 Gravity                         NO    yes  NO        0.0000     5.8718    -1.0000  NO  NO   M displacement
  M6 Entropy                         NO    yes  NO        0.0000     5.8718    -1.0000  NO  NO   M displacement
  M7 Pressure                        NO    yes  NO        0.0000     5.8718    -1.0000  NO  NO   M displacement
  M8 Weight                          NO    yes  NO        0.0000     5.8718    -1.0000  NO  NO   M displacement
  M9 Fog                             NO    yes  NO        0.0000     5.8718    -1.0000  NO  NO   M displacement
  M10 Life                           NO    yes  NO        0.0000     5.8718    -1.0000  NO  NO   M displacement
  M11 Depth                          NO    yes  NO        0.0000     5.8718    -1.0000  NO  NO   M displacement
  M12 Mass                           NO    yes  NO        0.0000     5.8718    -1.0000  NO  NO   M displacement
  E1 partial -> bloom                yes   yes  NO        0.0000     5.8718    -1.0000  NO  NO   ecosystem depth 0
  E2 resonator -> resonance peaks       yes   yes  NO        0.0000     5.8718    -1.0000  NO  NO   ecosystem depth 0
  E3 noise -> noise wake             yes   yes  NO        0.0000     5.8718    -1.0000  NO  NO   ecosystem depth 0
  E4 feedback -> loop wake           yes   yes  NO        0.0000     5.8718    -1.0000  NO  NO   ecosystem depth 0
  E5 ghost -> ghost bursts           yes   yes  NO        0.0000     5.8718    -1.0000  NO  NO   ecosystem depth 0
  E6.hi ecosystem sync rate high       NO    yes  NO        0.0000     5.8718    -1.0000  NO  NO   side predicate
  E7.hi ecosystem self-affinity high       NO    yes  NO        0.0000     5.8718    -1.0000  NO  NO   side predicate
  D1.1 material Glass                NO    yes  NO        0.0000     0.0000    -1.0000  NO  NO   state-only kind
  D1.2 material Strings              NO    yes  NO        0.0000     0.0000    -1.0000  NO  NO   state-only kind
  D1.3 material MetalPlate           NO    yes  NO        0.0000     0.0000    -1.0000  NO  NO   state-only kind
  D1.4 material Chamber              NO    yes  NO        0.0000     0.0000    -1.0000  NO  NO   state-only kind
  D1.5 material Ice                  NO    yes  NO        0.0000     0.0000    -1.0000  NO  NO   state-only kind
  D1.6 material StoneChamber         NO    yes  NO        0.0000     0.0000    -1.0000  NO  NO   state-only kind
  D1.7 material SteelTank            NO    yes  NO        0.0000     0.0000    -1.0000  NO  NO   state-only kind
  D1.8 material WoodenHull           NO    yes  NO        0.0000     0.0000    -1.0000  NO  NO   state-only kind
  D1.9 material CathedralColumn       NO    yes  NO        0.0000     0.0000    -1.0000  NO  NO   state-only kind
  D1.10 material CavernWall    PRI   yes   yes  yes       9.8524     5.8718    -1.0000  yes yes  
  D1.11 material GlassSphere         NO    yes  NO        0.0000     0.0000    -1.0000  NO  NO   state-only kind
  D2 body blend both heard           NO    yes  NO        0.0000     0.0000    -1.0000  NO  NO   state-only kind
  D3.1 noise model Direct            yes   NO   yes       0.0025     0.0000    -1.0000  NO  NO   
  D3.2 noise model FilteredWind       yes   NO   yes       0.0025     0.0000    -1.0000  NO  NO   
  D3.3 noise model GranularDust       yes   NO   yes       0.0025     0.0000    -1.0000  NO  NO   
  D3.4 noise model MetallicHiss       yes   NO   yes       0.0025     0.0000    -1.0000  NO  NO   
  D4.1 noise type White              NO    NO   NO        0.0000     0.0000    -1.0000  NO  NO   state-only kind
  D4.2 noise type Pink               NO    NO   NO        0.0000     0.0000    -1.0000  NO  NO   state-only kind
  D4.3 noise type TapeHiss           NO    NO   NO        0.0000     0.0000    -1.0000  NO  NO   state-only kind
  D4.4 noise type VinylCrackle       NO    NO   NO        0.0000     0.0000    -1.0000  NO  NO   state-only kind
  D4.5 noise type Asperity           NO    NO   NO        0.0000     0.0000    -1.0000  NO  NO   state-only kind
  D4.6 noise type Brown              yes   NO   NO        0.0000     0.0000    -1.0000  NO  NO   state-only kind
  D4.7 noise type Blue               NO    NO   NO        0.0000     0.0000    -1.0000  NO  NO   state-only kind
  D4.8 noise type Violet             NO    NO   NO        0.0000     0.0000    -1.0000  NO  NO   state-only kind
  D4.9 noise type Grey               NO    NO   NO        0.0000     0.0000    -1.0000  NO  NO   state-only kind
  D4.10 noise type Velvet            NO    NO   NO        0.0000     0.0000    -1.0000  NO  NO   state-only kind
  D4.11 noise type VinylRumble       NO    NO   NO        0.0000     0.0000    -1.0000  NO  NO   state-only kind
  D4.12 noise type RadioStatic       NO    NO   NO        0.0000     0.0000    -1.0000  NO  NO   state-only kind
  D5.1 anchor Free                   NO    NO   NO        0.0000     0.0000    -1.0000  NO  NO   state-only kind
  D5.2 anchor Keyed                  NO    NO   NO        0.0000     0.0000    -1.0000  NO  NO   state-only kind
  D5.3 anchor Hybrid                 yes   NO   NO        0.0000     0.0000    -1.0000  NO  NO   state-only kind
  D6.1 loop filter Lowpass           yes   NO   NO        0.0000     0.0000    -1.0000  NO  NO   state-only kind
  D6.2 loop filter Bandpass          NO    NO   NO        0.0000     0.0000    -1.0000  NO  NO   state-only kind
  D6.3 loop filter Highpass          NO    NO   NO        0.0000     0.0000    -1.0000  NO  NO   state-only kind
  D7.1 loudest sub f/2               yes   yes  NO        0.0000     0.0000    -1.0000  yes NO   state-only kind
  D7.2 loudest sub f/4               NO    yes  NO        0.0000     0.0000    -1.0000  NO  NO   state-only kind
  D7.3 loudest sub fifth below       NO    yes  NO        0.0000     0.0000    -1.0000  NO  NO   state-only kind
  D8.1 envelope Standard             yes   yes  NO        0.0000     0.0000    -1.0000  yes NO   state-only kind
  D8.2 envelope Growth               NO    yes  NO        0.0000     0.0000    -1.0000  NO  NO   state-only kind
  D9.1 attack span <= 10 s           NO    yes  NO        0.0000     0.0000    -1.0000  NO  NO   state-only kind
  D9.2 attack span >= 90 s           yes   yes  NO        0.0000     0.0000    -1.0000  yes NO   state-only kind
  D10.1 freeze holds a field         NO    NO   NO        0.0000     0.0000    -1.0000  NO  NO   state-only kind
  D10.2 freeze off                   yes   yes  NO        0.0000     0.0000    -1.0000  yes NO   state-only kind
  D11 ghost reverse >= 0.5           NO    NO   NO        0.0000     0.0000    -1.0000  NO  NO   state-only kind
  D12.1 ghost event triggers on       NO    NO   NO        0.0000     0.0000    -1.0000  NO  NO   state-only kind
  D12.2 ghost event triggers off       yes   yes  NO        0.0000     0.0000    -1.0000  yes NO   state-only kind
  D13.1 event rate scale <= 0.3       NO    NO   NO        0.0000     5.8718    -1.0000  NO  NO   state false
  D13.2 event rate scale >= 3.0       NO    NO   NO        0.0000     5.8718    -1.0000  NO  NO   state false
  D14.1 breathing depth >= 0.7       NO    yes  NO        0.0000     5.8718    -1.0000  NO  NO   state false
  D14.2 tidal depth >= 0.7           NO    yes  NO        0.0000     5.8718    -1.0000  NO  NO   state false
0.001 s: Vorago_PresetSweep_AblationVerifiesClaims
shard 3/8: 5 of 42 indices (N = 42)

=== Vorago_PresetSweep_RendersAreReproducible (FR-038, SC-015) ===
[sweep] index 3: computing / loading record...
Feedback Mire (index 3): two fresh hosts over [0, 220.00 s], withinTolerance per channel: yes
[sweep] index 11: computing / loading record...
Erosion (index 11): two fresh hosts over [0, 220.00 s], withinTolerance per channel: yes
[sweep] index 19: computing / loading record...
Teeming (index 19): two fresh hosts over [0, 220.00 s], withinTolerance per channel: yes
[sweep] index 27: computing / loading record...
Growth Ring (index 27): two fresh hosts over [0, 125.00 s], withinTolerance per channel: yes
[sweep] index 35: computing / loading record...
Cavern Wall (index 35): two fresh hosts over [0, 220.00 s], withinTolerance per channel: yes
0.000 s: Vorago_PresetSweep_RendersAreReproducible
===============================================================================
test cases:   5 |   4 passed | 1 failed
assertions: 180 | 176 passed | 4 failed

