START 13:06:25
== Dead Air | 300=1.0,301=1.0
[probe] override 300 = 1.000000 (replaced)
[probe] override 301 = 1.000000 (replaced)
[probe] Dead Air - primary D3.1 noise model Direct (stored seed 4, 2 twin render(s))
  conjunct S1 noise organism: d 1.0589, bar 1.5 -> FAIL
  primary d 0.0000  bar 4.0000  attribBase -1.0000  state ok  -> FAIL
   13:08:27
== Dead Air | 300=0.944444,301=1.0
[probe] override 300 = 0.944444 (replaced)
[probe] override 301 = 1.000000 (replaced)
[probe] Dead Air - primary D3.1 noise model Direct (stored seed 4, 2 twin render(s))
  conjunct S1 noise organism: d 0.4552, bar 1.5 -> FAIL
  primary d 0.0000  bar 4.0000  attribBase -1.0000  state ok  -> FAIL
   13:10:18
== Dead Air | 300=1.0,301=1.0,313=0.333333
[probe] override 300 = 1.000000 (replaced)
[probe] override 301 = 1.000000 (replaced)
[probe] override 313 = 0.333333 (replaced)
[probe] Dead Air - primary D3.1 noise model Direct (stored seed 4, 2 twin render(s))
  conjunct S1 noise organism: d 3.0992, bar 1.5 -> ok
  primary d 0.0000  bar 4.0000  attribBase -1.0000  state ok  -> FAIL
   13:12:09
== Wind Through Basalt | 313=0.0,323=0.0
[probe] override 313 = 0.000000 (replaced)
[probe] override 323 = 0.000000 (appended)
[probe] Wind Through Basalt - primary S1 noise organism (stored seed 2, 1 twin render(s))
  primary d 5.3024  bar 4.0000  attribBase -1.0000  state ok  -> PASS
   13:14:03
== Wind Through Basalt | 300=0.888889
[probe] override 300 = 0.888889 (replaced)
[probe] Wind Through Basalt - primary S1 noise organism (stored seed 2, 1 twin render(s))
  primary d 4.0936  bar 4.0000  attribBase -1.0000  state ok  -> PASS
   13:16:01
== Wind Through Basalt | 300=0.944444,301=1.0
[probe] override 300 = 0.944444 (replaced)
[probe] override 301 = 1.000000 (replaced)
[probe] Wind Through Basalt - primary S1 noise organism (stored seed 2, 1 twin render(s))
  primary d 6.3892  bar 4.0000  attribBase -1.0000  state ok  -> PASS
   13:17:53
== Wind Through Basalt | 300=1.0,301=1.0
[probe] override 300 = 1.000000 (replaced)
[probe] override 301 = 1.000000 (replaced)
[probe] Wind Through Basalt - primary S1 noise organism (stored seed 2, 1 twin render(s))
  primary d 6.3995  bar 4.0000  attribBase -1.0000  state ok  -> PASS
   13:20:09
== Spore Drift | 300=0.944444,301=1.0
[probe] override 300 = 0.944444 (replaced)
[probe] override 301 = 1.000000 (replaced)
[probe] Spore Drift - primary D3.3 noise model GranularDust (stored seed 9, 2 twin render(s))
  conjunct S1 noise organism: d 2.9763, bar 1.5 -> ok
  primary d 0.0000  bar 4.0000  attribBase -1.0000  state ok  -> FAIL
   13:22:07
== Steam Vent | 300=0.944444,301=1.0
[probe] override 300 = 0.944444 (replaced)
[probe] override 301 = 1.000000 (replaced)
[probe] Steam Vent - primary D3.4 noise model MetallicHiss (stored seed 11, 2 twin render(s))
  conjunct S1 noise organism: d 5.6713, bar 1.5 -> ok
  primary d 0.0000  bar 4.0000  attribBase -1.0000  state ok  -> FAIL
   13:24:39
== Abyssal Wind | 300=0.944444,301=1.0
[probe] override 300 = 0.944444 (replaced)
[probe] override 301 = 1.000000 (replaced)
[probe] Abyssal Wind - primary D3.2 noise model FilteredWind (stored seed 15, 2 twin render(s))
  conjunct S1 noise organism: d 4.5917, bar 1.5 -> ok
  primary d 0.0000  bar 4.0000  attribBase -1.0000  state ok  -> FAIL
   13:26:36
END 13:26:36
