START 2026-09-30 00:23:44 s6_bloom: SURFACE=1300=1.0,1301=0.8 REF=1300=0.0
Filters: "Vorago_EcosystemRuleProbe"
Randomness seeded to: 2926383891
[probe] surface overrides: 1300=1, 1301=0.8; knob filter: -; reference: 1300=0; wake bases: shipped (vorago_voice.h kPeakWakeBase / kLoopWakeBase)
[probe] rendering default surface (340 s)...
[probe] rendering seed twin (340 s)...
[probe] rendering reference (340 s)...

=== Vorago_EcosystemRuleProbe (FR-070) ===
renders: 2 (default + seed twin + 0 extremes), 340 s each, 48 kHz, block 512
surface overrides: 1300=1, 1301=0.8; wake bases: shipped (vorago_voice.h kPeakWakeBase / kLoopWakeBase)
default M1 stereo RMS: -26.97 dBFS
default per-minute: M1 RMS -26.97 dBFS colony 0.483648 | M2 RMS -26.64 dBFS colony 0.481807 | M3 RMS -25.62 dBFS colony 0.482763
t0on = d(default, seed twin) = 7.0873   (ecosystem on; informational since 2026-09-28)
t0 = t0on = 7.0873   INAUDIBLE threshold f*t0 = 3.5436   (no true-off reference rendered: diagnostic mode, not a gate run)
DESCRIPTOR default band=6.930807,-0.040011,-5.464609,-9.093590,-13.234192,-17.513091,-18.753392,-19.522988,-20.000000 motion=0.190214 flux=-2.219324 corr=-3.524527 energySpread=0.959298 crest=3.688525
DESCRIPTOR trueoff n/a (true-off reference not rendered)
reference (1300=0): d(default, reference) = 1.5200   d/t0 = 0.214   M1 RMS -26.35 dBFS
===============================================================================
All tests passed (95658 assertions in 1 test case)

exit=0 END 2026-09-30 00:25:44
