Filters: [vorago-sweep] ~[vorago-aggregate]
Randomness seeded to: 624500740
shard 5/8: 5 of 42 indices (N = 42)

=== Vorago_PresetSweep_LongRender (FR-033, SC-012; K = 4) ===
[sweep] index 5: computing / loading record...

Slow Bloom (index 5): A 115.00 s  Rel 40.00 s  RT60 15.00 s  H 300.00 s  Tail [360.00, 370.00]  Total 370.00 s  freeze tail Off
  take 0 seed  7: finite yes  peak 0.3488  arm1 hi -20.52 dB [yes]  arm2 lo -27.43 dB [yes]  arm3 late-sus +0.36 dB [yes]  arm4 tail -185.54 dB [yes]
  take 1 seed  8: finite yes  peak 0.4352  arm1 hi -21.07 dB [yes]  arm2 lo -25.25 dB [yes]  arm3 late-sus -0.74 dB [yes]  arm4 tail -184.14 dB [yes]
  take 2 seed  9: finite yes  peak 0.4952  arm1 hi -20.09 dB [yes]  arm2 lo -26.52 dB [yes]  arm3 late-sus +1.86 dB [yes]  arm4 tail -179.46 dB [yes]
  take 3 seed 10: finite yes  peak 0.3835  arm1 hi -20.46 dB [yes]  arm2 lo -24.71 dB [yes]  arm3 late-sus +0.63 dB [yes]  arm4 tail -183.52 dB [yes]
[sweep] index 13: computing / loading record...

Drifting Strata (index 13): A 155.00 s  Rel 45.00 s  RT60 20.00 s  H 340.00 s  Tail [410.00, 420.00]  Total 420.00 s  freeze tail Off
  take 0 seed  3: finite yes  peak 0.9661  arm1 hi -14.29 dB [yes]  arm2 lo -21.93 dB [yes]  arm3 late-sus -1.70 dB [yes]  arm4 tail -162.31 dB [yes]
  take 1 seed  4: finite yes  peak 0.9661  arm1 hi -15.01 dB [yes]  arm2 lo -21.92 dB [yes]  arm3 late-sus +2.08 dB [yes]  arm4 tail -185.35 dB [yes]
  take 2 seed  5: finite yes  peak 0.9661  arm1 hi -14.32 dB [yes]  arm2 lo -21.61 dB [yes]  arm3 late-sus +0.61 dB [yes]  arm4 tail -187.02 dB [yes]
  take 3 seed  6: finite yes  peak 0.9661  arm1 hi -13.71 dB [yes]  arm2 lo -21.22 dB [yes]  arm3 late-sus +0.98 dB [yes]  arm4 tail -181.59 dB [yes]
[sweep] index 21: computing / loading record...

Monolith (index 21): A 155.00 s  Rel 45.00 s  RT60 20.00 s  H 340.00 s  Tail [410.00, 420.00]  Total 420.00 s  freeze tail Off
  take 0 seed  4: finite yes  peak 0.9661  arm1 hi -7.44 dB [yes]  arm2 lo -12.35 dB [yes]  arm3 late-sus +1.80 dB [yes]  arm4 tail -210.55 dB [yes]
  take 1 seed  5: finite yes  peak 0.9661  arm1 hi -7.38 dB [yes]  arm2 lo -9.03 dB [yes]  arm3 late-sus -0.08 dB [yes]  arm4 tail -209.88 dB [yes]
  take 2 seed  6: finite yes  peak 0.9661  arm1 hi -7.59 dB [yes]  arm2 lo -14.12 dB [yes]  arm3 late-sus -0.39 dB [yes]  arm4 tail -181.82 dB [yes]
  take 3 seed  7: finite yes  peak 0.9661  arm1 hi -7.51 dB [yes]  arm2 lo -10.17 dB [yes]  arm3 late-sus -0.47 dB [yes]  arm4 tail -195.40 dB [yes]
[sweep] index 29: computing / loading record...

Strung Abyss (index 29): A 155.00 s  Rel 45.00 s  RT60 12.00 s  H 340.00 s  Tail [402.00, 412.00]  Total 412.00 s  freeze tail Off
  take 0 seed  3: finite yes  peak 0.5556  arm1 hi -16.71 dB [yes]  arm2 lo -24.11 dB [yes]  arm3 late-sus -2.45 dB [yes]  arm4 tail -221.71 dB [yes]
  take 1 seed  4: finite yes  peak 0.5794  arm1 hi -16.68 dB [yes]  arm2 lo -24.79 dB [yes]  arm3 late-sus -2.58 dB [yes]  arm4 tail -215.58 dB [yes]
  take 2 seed  5: finite yes  peak 0.7557  arm1 hi -12.00 dB [yes]  arm2 lo -24.30 dB [yes]  arm3 late-sus -0.44 dB [yes]  arm4 tail -221.76 dB [yes]
  take 3 seed  6: finite yes  peak 0.8079  arm1 hi -11.12 dB [yes]  arm2 lo -23.85 dB [yes]  arm3 late-sus -3.48 dB [yes]  arm4 tail -216.08 dB [yes]
[sweep] index 37: computing / loading record...
  attack window (D9.1 attack span <= 10 s primary, W_end registered 25.0 s, measured 23.0 s): d_att 9.6066, d_Sus 4.3035
    P: first reaches RMS(Sus) - 6 dB at 4 s
    P_rev: first reaches RMS(Sus) - 6 dB at 18 s

Sudden Chasm (index 37): A 9.00 s  Rel 20.00 s  RT60 20.00 s  H 194.00 s  Tail [239.00, 249.00]  Total 249.00 s  freeze tail Off
  take 0 seed  5: finite yes  peak 0.2510  arm1 hi -20.68 dB [yes]  arm2 lo -22.19 dB [yes]  arm3 late-sus -0.37 dB [yes]  arm4 tail -234.28 dB [yes]
  take 1 seed  6: finite yes  peak 0.2576  arm1 hi -20.79 dB [yes]  arm2 lo -22.64 dB [yes]  arm3 late-sus -0.44 dB [yes]  arm4 tail -240.00 dB [yes]
  take 2 seed  7: finite yes  peak 0.2537  arm1 hi -20.74 dB [yes]  arm2 lo -22.10 dB [yes]  arm3 late-sus -0.10 dB [yes]  arm4 tail -240.00 dB [yes]
  take 3 seed  8: finite yes  peak 0.2607  arm1 hi -20.76 dB [yes]  arm2 lo -22.04 dB [yes]  arm3 late-sus -0.07 dB [yes]  arm4 tail -240.00 dB [yes]
10402.042 s: Vorago_PresetSweep_LongRender
shard 5/8: 5 of 42 indices (N = 42)

=== Vorago_PresetSweep_FreezeGesture (FR-033, SC-024) ===
Cathedral Void (index 7): not in this shard, skipped
0.002 s: Vorago_PresetSweep_FreezeGesture
shard 5/8: 5 of 42 indices (N = 42)

=== Vorago_PresetSweep_SustainAtAllRates (FR-033a, SC-022) ===
[sweep] index 5: computing / loading record...
Slow Bloom (index 5): [0, 180.00 s]  44.1 kHz finite yes peak 0.4332 hi -21.24 dB  |  96 kHz finite yes peak 0.3776 hi -21.72 dB
[sweep] index 13: computing / loading record...
Drifting Strata (index 13): [0, 220.00 s]  44.1 kHz finite yes peak 0.9164 hi -14.16 dB  |  96 kHz finite yes peak 0.8791 hi -14.43 dB
[sweep] index 21: computing / loading record...
Monolith (index 21): [0, 220.00 s]  44.1 kHz finite yes peak 0.9661 hi -7.66 dB  |  96 kHz finite yes peak 0.9661 hi -7.40 dB
[sweep] index 29: computing / loading record...
Strung Abyss (index 29): [0, 220.00 s]  44.1 kHz finite yes peak 0.3763 hi -18.70 dB  |  96 kHz finite yes peak 0.3909 hi -19.11 dB
[sweep] index 37: computing / loading record...
Sudden Chasm (index 37): [0, 74.00 s]  44.1 kHz finite yes peak 0.2544 hi -20.62 dB  |  96 kHz finite yes peak 0.2254 hi -21.70 dB
0.000 s: Vorago_PresetSweep_SustainAtAllRates
shard 5/8: 5 of 43 indices (N = 42, index N = default surface)

=== Vorago_PresetSweep_AblationVerifiesClaims (FR-012, FR-037, SC-011) ===
[sweep] index 5: computing / loading record...

Slow Bloom (index 5): primary S6 harmonic bloom, 2 secondaries, s(P) 1.6698
  cell                         claim state conj rend           d      2s(P)     attrib  sec pri  skip
  S1 noise organism                  yes   yes  yes       0.6729     3.3395    -1.0000  NO  NO   
  S2 resonance drift                 yes   yes  yes       2.9194     3.3395    -1.0000  yes NO   
  S3 spectral smear                  yes   yes  yes       0.4416     3.3395    -1.0000  NO  NO   
  S4 feedback ecology                yes   yes  yes       0.0517     3.3395    -1.0000  NO  NO   
  S5 subharmonic                     yes   yes  yes       0.8905     3.3395    -1.0000  NO  NO   
  S6 harmonic bloom            PRI   yes   yes  yes       4.3549     3.3395    -1.0000  yes yes  
  S7 ecosystem                       yes   yes  yes       3.0804     3.3395    -1.0000  yes NO   
  S8 cavern space                    yes   yes  yes       3.3827     3.3395    -1.0000  yes NO   
  S9 ghost / atmosphere              yes   yes  yes       3.7457     3.3395    -1.0000  yes NO   
  S10 acoustic body                  yes   yes  yes      10.4347     3.3395    -1.0000  yes yes  
  M1 Darkness                        NO    yes  NO        0.0000     3.3395    -1.0000  NO  NO   M displacement
  M2 Age                             NO    yes  NO        0.0000     3.3395    -1.0000  NO  NO   M displacement
  M3 Density                         NO    yes  NO        0.0000     3.3395    -1.0000  NO  NO   M displacement
  M4 Movement                        NO    yes  NO        0.0000     3.3395    -1.0000  NO  NO   M displacement
  M5 Gravity                         NO    yes  NO        0.0000     3.3395    -1.0000  NO  NO   M displacement
  M6 Entropy                         NO    yes  NO        0.0000     3.3395    -1.0000  NO  NO   M displacement
  M7 Pressure                        NO    yes  NO        0.0000     3.3395    -1.0000  NO  NO   M displacement
  M8 Weight                          NO    yes  NO        0.0000     3.3395    -1.0000  NO  NO   M displacement
  M9 Fog                             NO    yes  NO        0.0000     3.3395    -1.0000  NO  NO   M displacement
  M10 Life                           NO    yes  NO        0.0000     3.3395    -1.0000  NO  NO   M displacement
  M11 Depth                          NO    yes  NO        0.0000     3.3395    -1.0000  NO  NO   M displacement
  M12 Mass                           NO    yes  NO        0.0000     3.3395    -1.0000  NO  NO   M displacement
  E1 partial -> bloom                yes   yes  yes       1.2135     5.0886     2.1795  NO  NO   
  E2 resonator -> resonance peaks       yes   yes  yes       2.5556    11.6125     2.1795  NO  NO   
  E3 noise -> noise wake             yes   yes  yes       3.0816     5.4653     2.1795  NO  NO   
  E4 feedback -> loop wake           yes   yes  yes       2.1984     6.9132     2.1795  NO  NO   
  E5 ghost -> ghost bursts           yes   yes  yes       4.9094     3.7362     2.1795  yes yes  
  E6.hi ecosystem sync rate high       NO    yes  NO        0.0000     3.3395    -1.0000  NO  NO   side predicate
  E7.hi ecosystem self-affinity high       NO    yes  NO        0.0000     3.3395    -1.0000  NO  NO   side predicate
  D1.1 material Glass                NO    yes  NO        0.0000     0.0000    -1.0000  NO  NO   state-only kind
  D1.2 material Strings              NO    yes  NO        0.0000     0.0000    -1.0000  NO  NO   state-only kind
  D1.3 material MetalPlate           NO    yes  NO        0.0000     0.0000    -1.0000  NO  NO   state-only kind
  D1.4 material Chamber              NO    yes  NO        0.0000     0.0000    -1.0000  NO  NO   state-only kind
  D1.5 material Ice                  NO    yes  NO        0.0000     0.0000    -1.0000  NO  NO   state-only kind
  D1.6 material StoneChamber         yes   yes  NO        0.0000     0.0000    -1.0000  yes NO   state-only kind
  D1.7 material SteelTank            yes   yes  NO        0.0000     0.0000    -1.0000  yes NO   state-only kind
  D1.8 material WoodenHull           NO    yes  NO        0.0000     0.0000    -1.0000  NO  NO   state-only kind
  D1.9 material CathedralColumn       NO    yes  NO        0.0000     0.0000    -1.0000  NO  NO   state-only kind
  D1.10 material CavernWall          NO    yes  NO        0.0000     0.0000    -1.0000  NO  NO   state-only kind
  D1.11 material GlassSphere         NO    yes  NO        0.0000     0.0000    -1.0000  NO  NO   state-only kind
  D2 body blend both heard           yes   yes  NO        0.0000     0.0000    -1.0000  yes NO   state-only kind
  D3.1 noise model Direct            yes   NO   yes       0.6729     0.0000    -1.0000  NO  NO   
  D3.2 noise model FilteredWind       yes   NO   yes       0.6729     0.0000    -1.0000  NO  NO   
  D3.3 noise model GranularDust       yes   NO   yes       0.6729     0.0000    -1.0000  NO  NO   
  D3.4 noise model MetallicHiss       yes   NO   yes       0.6729     0.0000    -1.0000  NO  NO   
  D4.1 noise type White              NO    NO   NO        0.0000     0.0000    -1.0000  NO  NO   state-only kind
  D4.2 noise type Pink               NO    NO   NO        0.0000     0.0000    -1.0000  NO  NO   state-only kind
  D4.3 noise type TapeHiss           NO    NO   NO        0.0000     0.0000    -1.0000  NO  NO   state-only kind
  D4.4 noise type VinylCrackle       NO    NO   NO        0.0000     0.0000    -1.0000  NO  NO   state-only kind
  D4.5 noise type Asperity           NO    NO   NO        0.0000     0.0000    -1.0000  NO  NO   state-only kind
  D4.6 noise type Brown              yes   NO   NO        0.0000     0.0000    -1.0000  NO  NO   state-only kind
  D4.7 noise type Blue               NO    NO   NO        0.0000     0.0000    -1.0000  NO  NO   state-only kind
  D4.8 noise type Violet             NO    NO   NO        0.0000     0.0000    -1.0000  NO  NO   state-only kind
  D4.9 noise type Grey               NO    NO   NO        0.0000     0.0000    -1.0000  NO  NO   state-only kind
  D4.10 noise type Velvet            NO    NO   NO        0.0000     0.0000    -1.0000  NO  NO   state-only kind
  D4.11 noise type VinylRumble       NO    NO   NO        0.0000     0.0000    -1.0000  NO  NO   state-only kind
  D4.12 noise type RadioStatic       NO    NO   NO        0.0000     0.0000    -1.0000  NO  NO   state-only kind
  D5.1 anchor Free                   NO    yes  NO        0.0000     0.0000    -1.0000  NO  NO   state-only kind
  D5.2 anchor Keyed                  NO    yes  NO        0.0000     0.0000    -1.0000  NO  NO   state-only kind
  D5.3 anchor Hybrid                 yes   yes  NO        0.0000     0.0000    -1.0000  yes NO   state-only kind
  D6.1 loop filter Lowpass           yes   NO   NO        0.0000     0.0000    -1.0000  NO  NO   state-only kind
  D6.2 loop filter Bandpass          NO    NO   NO        0.0000     0.0000    -1.0000  NO  NO   state-only kind
  D6.3 loop filter Highpass          NO    NO   NO        0.0000     0.0000    -1.0000  NO  NO   state-only kind
  D7.1 loudest sub f/2               yes   NO   NO        0.0000     0.0000    -1.0000  NO  NO   state-only kind
  D7.2 loudest sub f/4               NO    NO   NO        0.0000     0.0000    -1.0000  NO  NO   state-only kind
  D7.3 loudest sub fifth below       NO    NO   NO        0.0000     0.0000    -1.0000  NO  NO   state-only kind
  D8.1 envelope Standard             yes   yes  NO        0.0000     0.0000    -1.0000  yes NO   state-only kind
  D8.2 envelope Growth               NO    yes  NO        0.0000     0.0000    -1.0000  NO  NO   state-only kind
  D9.1 attack span <= 10 s           NO    yes  NO        0.0000     0.0000    -1.0000  NO  NO   state-only kind
  D9.2 attack span >= 90 s     sec   yes   yes  NO        0.0000     0.0000    -1.0000  yes NO   state-only kind
  D10.1 freeze holds a field         NO    NO   NO        0.0000     0.0000    -1.0000  NO  NO   state-only kind
  D10.2 freeze off                   yes   yes  NO        0.0000     0.0000    -1.0000  yes NO   state-only kind
  D11 ghost reverse >= 0.5           NO    yes  NO        0.0000     0.0000    -1.0000  NO  NO   state-only kind
  D12.1 ghost event triggers on       NO    yes  NO        0.0000     0.0000    -1.0000  NO  NO   state-only kind
  D12.2 ghost event triggers off       yes   yes  NO        0.0000     0.0000    -1.0000  yes NO   state-only kind
  D13.1 event rate scale <= 0.3       NO    yes  NO        0.0000     3.3395    -1.0000  NO  NO   state false
  D13.2 event rate scale >= 3.0       NO    yes  NO        0.0000     3.3395    -1.0000  NO  NO   state false
  D14.1 breathing depth >= 0.7 sec   yes   yes  yes       2.5610     3.3395    -1.0000  yes NO   
  D14.2 tidal depth >= 0.7           NO    yes  NO        0.0000     3.3395    -1.0000  NO  NO   state false
[sweep] index 13: computing / loading record...

Drifting Strata (index 13): primary M4 Movement, 1 secondaries, s(P) 2.7531
  cell                         claim state conj rend           d      2s(P)     attrib  sec pri  skip
  S1 noise organism                  yes   yes  yes       1.1013     5.5061    -1.0000  NO  NO   
  S2 resonance drift                 yes   yes  yes       4.7789     5.5061    -1.0000  yes yes  
  S3 spectral smear                  yes   yes  yes       1.4325     5.5061    -1.0000  NO  NO   
  S4 feedback ecology                yes   yes  yes       0.0186     5.5061    -1.0000  NO  NO   
  S5 subharmonic                     yes   yes  yes       1.8743     5.5061    -1.0000  yes NO   
  S6 harmonic bloom                  yes   yes  yes       0.1695     5.5061    -1.0000  NO  NO   
  S7 ecosystem                       yes   yes  yes       9.4833     5.5061    -1.0000  yes yes  
  S8 cavern space                    yes   yes  yes       0.6323     5.5061    -1.0000  NO  NO   
  S9 ghost / atmosphere              yes   yes  yes       4.4674     5.5061    -1.0000  yes yes  
  S10 acoustic body                  yes   yes  yes      14.4455     5.5061    -1.0000  yes yes  
  M1 Darkness                        NO    yes  NO        0.0000     5.5061    -1.0000  NO  NO   M displacement
  M2 Age                             NO    yes  NO        0.0000     5.5061    -1.0000  NO  NO   M displacement
  M3 Density                         NO    yes  NO        0.0000     5.5061    -1.0000  NO  NO   M displacement
  M4 Movement                  PRI   yes   yes  yes       0.8745     5.5061    -1.0000  NO  NO   
  M5 Gravity                         NO    yes  NO        0.0000     5.5061    -1.0000  NO  NO   M displacement
  M6 Entropy                         NO    yes  NO        0.0000     5.5061    -1.0000  NO  NO   M displacement
  M7 Pressure                        NO    yes  NO        0.0000     5.5061    -1.0000  NO  NO   M displacement
  M8 Weight                          NO    yes  NO        0.0000     5.5061    -1.0000  NO  NO   M displacement
  M9 Fog                             NO    yes  NO        0.0000     5.5061    -1.0000  NO  NO   M displacement
  M10 Life                           NO    yes  NO        0.0000     5.5061    -1.0000  NO  NO   M displacement
  M11 Depth                          NO    yes  NO        0.0000     5.5061    -1.0000  NO  NO   M displacement
  M12 Mass                           NO    yes  NO        0.0000     5.5061    -1.0000  NO  NO   M displacement
  E1 partial -> bloom                yes   yes  yes       1.3750     6.6675     1.1974  NO  NO   
  E2 resonator -> resonance peaks       yes   yes  yes       4.6210     8.6513     1.1974  yes yes  
  E3 noise -> noise wake             yes   yes  yes       2.0104     4.6775     1.1974  NO  NO   
  E4 feedback -> loop wake           yes   yes  yes       1.1935     6.6389     1.1974  NO  NO   
  E5 ghost -> ghost bursts           yes   yes  yes       5.3614     8.0888     1.1974  yes yes  
  E6.hi ecosystem sync rate high       NO    yes  NO        0.0000     5.5061    -1.0000  NO  NO   side predicate
  E7.hi ecosystem self-affinity high       NO    yes  NO        0.0000     5.5061    -1.0000  NO  NO   side predicate
  D1.1 material Glass                NO    yes  NO        0.0000     0.0000    -1.0000  NO  NO   state-only kind
  D1.2 material Strings              NO    yes  NO        0.0000     0.0000    -1.0000  NO  NO   state-only kind
  D1.3 material MetalPlate           NO    yes  NO        0.0000     0.0000    -1.0000  NO  NO   state-only kind
  D1.4 material Chamber              NO    yes  NO        0.0000     0.0000    -1.0000  NO  NO   state-only kind
  D1.5 material Ice                  NO    yes  NO        0.0000     0.0000    -1.0000  NO  NO   state-only kind
  D1.6 material StoneChamber         yes   yes  NO        0.0000     0.0000    -1.0000  yes NO   state-only kind
  D1.7 material SteelTank            yes   yes  NO        0.0000     0.0000    -1.0000  yes NO   state-only kind
  D1.8 material WoodenHull           NO    yes  NO        0.0000     0.0000    -1.0000  NO  NO   state-only kind
  D1.9 material CathedralColumn       NO    yes  NO        0.0000     0.0000    -1.0000  NO  NO   state-only kind
  D1.10 material CavernWall          NO    yes  NO        0.0000     0.0000    -1.0000  NO  NO   state-only kind
  D1.11 material GlassSphere         NO    yes  NO        0.0000     0.0000    -1.0000  NO  NO   state-only kind
  D2 body blend both heard           yes   yes  NO        0.0000     0.0000    -1.0000  yes NO   state-only kind
  D3.1 noise model Direct            yes   NO   yes       1.1013     0.0000    -1.0000  NO  NO   
  D3.2 noise model FilteredWind       yes   NO   yes       1.1013     0.0000    -1.0000  NO  NO   
  D3.3 noise model GranularDust       yes   NO   yes       1.1013     0.0000    -1.0000  NO  NO   
  D3.4 noise model MetallicHiss       yes   NO   yes       1.1013     0.0000    -1.0000  NO  NO   
  D4.1 noise type White              NO    NO   NO        0.0000     0.0000    -1.0000  NO  NO   state-only kind
  D4.2 noise type Pink               NO    NO   NO        0.0000     0.0000    -1.0000  NO  NO   state-only kind
  D4.3 noise type TapeHiss           NO    NO   NO        0.0000     0.0000    -1.0000  NO  NO   state-only kind
  D4.4 noise type VinylCrackle       NO    NO   NO        0.0000     0.0000    -1.0000  NO  NO   state-only kind
  D4.5 noise type Asperity           NO    NO   NO        0.0000     0.0000    -1.0000  NO  NO   state-only kind
  D4.6 noise type Brown              yes   NO   NO        0.0000     0.0000    -1.0000  NO  NO   state-only kind
  D4.7 noise type Blue               NO    NO   NO        0.0000     0.0000    -1.0000  NO  NO   state-only kind
  D4.8 noise type Violet             NO    NO   NO        0.0000     0.0000    -1.0000  NO  NO   state-only kind
  D4.9 noise type Grey               NO    NO   NO        0.0000     0.0000    -1.0000  NO  NO   state-only kind
  D4.10 noise type Velvet            NO    NO   NO        0.0000     0.0000    -1.0000  NO  NO   state-only kind
  D4.11 noise type VinylRumble       NO    NO   NO        0.0000     0.0000    -1.0000  NO  NO   state-only kind
  D4.12 noise type RadioStatic       NO    NO   NO        0.0000     0.0000    -1.0000  NO  NO   state-only kind
  D5.1 anchor Free                   NO    yes  NO        0.0000     0.0000    -1.0000  NO  NO   state-only kind
  D5.2 anchor Keyed                  NO    yes  NO        0.0000     0.0000    -1.0000  NO  NO   state-only kind
  D5.3 anchor Hybrid                 yes   yes  NO        0.0000     0.0000    -1.0000  yes NO   state-only kind
  D6.1 loop filter Lowpass           yes   NO   NO        0.0000     0.0000    -1.0000  NO  NO   state-only kind
  D6.2 loop filter Bandpass          NO    NO   NO        0.0000     0.0000    -1.0000  NO  NO   state-only kind
  D6.3 loop filter Highpass          NO    NO   NO        0.0000     0.0000    -1.0000  NO  NO   state-only kind
  D7.1 loudest sub f/2               yes   yes  NO        0.0000     0.0000    -1.0000  yes NO   state-only kind
  D7.2 loudest sub f/4               NO    yes  NO        0.0000     0.0000    -1.0000  NO  NO   state-only kind
  D7.3 loudest sub fifth below       NO    yes  NO        0.0000     0.0000    -1.0000  NO  NO   state-only kind
  D8.1 envelope Standard             yes   yes  NO        0.0000     0.0000    -1.0000  yes NO   state-only kind
  D8.2 envelope Growth               NO    yes  NO        0.0000     0.0000    -1.0000  NO  NO   state-only kind
  D9.1 attack span <= 10 s           NO    yes  NO        0.0000     0.0000    -1.0000  NO  NO   state-only kind
  D9.2 attack span >= 90 s           yes   yes  NO        0.0000     0.0000    -1.0000  yes NO   state-only kind
  D10.1 freeze holds a field         NO    NO   NO        0.0000     0.0000    -1.0000  NO  NO   state-only kind
  D10.2 freeze off                   yes   yes  NO        0.0000     0.0000    -1.0000  yes NO   state-only kind
  D11 ghost reverse >= 0.5           NO    yes  NO        0.0000     0.0000    -1.0000  NO  NO   state-only kind
  D12.1 ghost event triggers on       NO    yes  NO        0.0000     0.0000    -1.0000  NO  NO   state-only kind
  D12.2 ghost event triggers off       yes   yes  NO        0.0000     0.0000    -1.0000  yes NO   state-only kind
  D13.1 event rate scale <= 0.3       NO    yes  NO        0.0000     5.5061    -1.0000  NO  NO   state false
  D13.2 event rate scale >= 3.0       NO    yes  NO        0.0000     5.5061    -1.0000  NO  NO   state false
  D14.1 breathing depth >= 0.7       NO    yes  NO        0.0000     5.5061    -1.0000  NO  NO   state false
  D14.2 tidal depth >= 0.7     sec   yes   yes  yes       0.3131     5.5061    -1.0000  NO  NO   

~~~~~~~~~~~~~~~~~~~~~~~~~~~~~~~~~~~~~~~~~~~~~~~~~~~~~~~~~~~~~~~~~~~~~~~~~~~~~~~
vorago_tests.exe is a Catch2 v3.4.0 host application.
Run with -? for options

-------------------------------------------------------------------------------
Vorago_PresetSweep_AblationVerifiesClaims
-------------------------------------------------------------------------------
F:\projects\iterum\plugins\vorago\tests\integration\preset_sweep_test.cpp(1150)
...............................................................................

F:\projects\iterum\plugins\vorago\tests\integration\preset_sweep_test.cpp(1202): FAILED:
  CHECK( VoragoTest::verifiedAt(o, primary, ClaimRole::Secondary) )
with expansion:
  false
with message:
  Drifting Strata primary M4 Movement: d 0.874524, 2s(P) 5.50612, attrib -1,
  skip []

F:\projects\iterum\plugins\vorago\tests\integration\preset_sweep_test.cpp(1203): FAILED:
  CHECK( VoragoTest::verifiedAt(o, primary, ClaimRole::Primary) )
with expansion:
  false
with message:
  Drifting Strata primary M4 Movement: d 0.874524, 2s(P) 5.50612, attrib -1,
  skip []

F:\projects\iterum\plugins\vorago\tests\integration\preset_sweep_test.cpp(1210): FAILED:
  CHECK( VoragoTest::verifiedAt(o, c, ClaimRole::Secondary) )
with expansion:
  false
with message:
  Drifting Strata secondary D14.2 tidal depth >= 0.7: d 0.313104, 2s(P) 5.
  50612, attrib -1, skip []

[sweep] index 21: computing / loading record...

Monolith (index 21): primary M12 Mass, 1 secondaries, s(P) 8.1459
  cell                         claim state conj rend           d      2s(P)     attrib  sec pri  skip
  S1 noise organism                  yes   yes  yes       0.0552    16.2918    -1.0000  NO  NO   
  S2 resonance drift                 yes   yes  yes       1.2808    16.2918    -1.0000  NO  NO   
  S3 spectral smear                  yes   yes  yes       1.0485    16.2918    -1.0000  NO  NO   
  S4 feedback ecology                yes   yes  yes       0.0507    16.2918    -1.0000  NO  NO   
  S5 subharmonic                     yes   yes  yes       4.9691    16.2918    -1.0000  yes yes  
  S6 harmonic bloom                  yes   yes  yes       0.4250    16.2918    -1.0000  NO  NO   
  S7 ecosystem                       yes   yes  yes       1.6142    16.2918    -1.0000  yes NO   
  S8 cavern space                    yes   yes  yes       0.2583    16.2918    -1.0000  NO  NO   
  S9 ghost / atmosphere              yes   yes  yes       1.3622    16.2918    -1.0000  NO  NO   
  S10 acoustic body                  yes   yes  yes      14.1152    16.2918    -1.0000  yes yes  
  M1 Darkness                        NO    yes  NO        0.0000    16.2918    -1.0000  NO  NO   M displacement
  M2 Age                             NO    yes  NO        0.0000    16.2918    -1.0000  NO  NO   M displacement
  M3 Density                         NO    yes  NO        0.0000    16.2918    -1.0000  NO  NO   M displacement
  M4 Movement                        NO    yes  NO        0.0000    16.2918    -1.0000  NO  NO   M displacement
  M5 Gravity                         NO    yes  NO        0.0000    16.2918    -1.0000  NO  NO   M displacement
  M6 Entropy                         NO    yes  NO        0.0000    16.2918    -1.0000  NO  NO   M displacement
  M7 Pressure                        NO    yes  NO        0.0000    16.2918    -1.0000  NO  NO   M displacement
  M8 Weight                          NO    yes  NO        0.0000    16.2918    -1.0000  NO  NO   M displacement
  M9 Fog                             NO    yes  NO        0.0000    16.2918    -1.0000  NO  NO   M displacement
  M10 Life                           NO    yes  NO        0.0000    16.2918    -1.0000  NO  NO   M displacement
  M11 Depth                          NO    yes  NO        0.0000    16.2918    -1.0000  NO  NO   M displacement
  M12 Mass                     PRI   yes   yes  yes       5.7413    16.2918    -1.0000  yes yes  
  E1 partial -> bloom                yes   yes  yes       1.1899     4.0767     3.0661  NO  NO   
  E2 resonator -> resonance peaks       yes   yes  yes       1.7697    14.6593     3.0661  NO  NO   
  E3 noise -> noise wake             yes   yes  yes       3.0726     4.4860     3.0661  NO  NO   
  E4 feedback -> loop wake           yes   yes  yes       3.0098     4.3267     3.0661  NO  NO   
  E5 ghost -> ghost bursts           yes   yes  yes       3.3555     4.6282     3.0661  NO  NO   
  E6.hi ecosystem sync rate high       NO    yes  NO        0.0000    16.2918    -1.0000  NO  NO   side predicate
  E7.hi ecosystem self-affinity high       NO    yes  NO        0.0000    16.2918    -1.0000  NO  NO   side predicate
  D1.1 material Glass                NO    yes  NO        0.0000     0.0000    -1.0000  NO  NO   state-only kind
  D1.2 material Strings              NO    yes  NO        0.0000     0.0000    -1.0000  NO  NO   state-only kind
  D1.3 material MetalPlate           NO    yes  NO        0.0000     0.0000    -1.0000  NO  NO   state-only kind
  D1.4 material Chamber              NO    yes  NO        0.0000     0.0000    -1.0000  NO  NO   state-only kind
  D1.5 material Ice                  NO    yes  NO        0.0000     0.0000    -1.0000  NO  NO   state-only kind
  D1.6 material StoneChamber         yes   yes  NO        0.0000     0.0000    -1.0000  yes NO   state-only kind
  D1.7 material SteelTank            yes   yes  NO        0.0000     0.0000    -1.0000  yes NO   state-only kind
  D1.8 material WoodenHull           NO    yes  NO        0.0000     0.0000    -1.0000  NO  NO   state-only kind
  D1.9 material CathedralColumn       NO    yes  NO        0.0000     0.0000    -1.0000  NO  NO   state-only kind
  D1.10 material CavernWall          NO    yes  NO        0.0000     0.0000    -1.0000  NO  NO   state-only kind
  D1.11 material GlassSphere         NO    yes  NO        0.0000     0.0000    -1.0000  NO  NO   state-only kind
  D2 body blend both heard           yes   yes  NO        0.0000     0.0000    -1.0000  yes NO   state-only kind
  D3.1 noise model Direct            yes   NO   yes       0.0552     0.0000    -1.0000  NO  NO   
  D3.2 noise model FilteredWind       yes   NO   yes       0.0552     0.0000    -1.0000  NO  NO   
  D3.3 noise model GranularDust       yes   NO   yes       0.0552     0.0000    -1.0000  NO  NO   
  D3.4 noise model MetallicHiss       yes   NO   yes       0.0552     0.0000    -1.0000  NO  NO   
  D4.1 noise type White              NO    NO   NO        0.0000     0.0000    -1.0000  NO  NO   state-only kind
  D4.2 noise type Pink               NO    NO   NO        0.0000     0.0000    -1.0000  NO  NO   state-only kind
  D4.3 noise type TapeHiss           NO    NO   NO        0.0000     0.0000    -1.0000  NO  NO   state-only kind
  D4.4 noise type VinylCrackle       NO    NO   NO        0.0000     0.0000    -1.0000  NO  NO   state-only kind
  D4.5 noise type Asperity           NO    NO   NO        0.0000     0.0000    -1.0000  NO  NO   state-only kind
  D4.6 noise type Brown              yes   NO   NO        0.0000     0.0000    -1.0000  NO  NO   state-only kind
  D4.7 noise type Blue               NO    NO   NO        0.0000     0.0000    -1.0000  NO  NO   state-only kind
  D4.8 noise type Violet             NO    NO   NO        0.0000     0.0000    -1.0000  NO  NO   state-only kind
  D4.9 noise type Grey               NO    NO   NO        0.0000     0.0000    -1.0000  NO  NO   state-only kind
  D4.10 noise type Velvet            NO    NO   NO        0.0000     0.0000    -1.0000  NO  NO   state-only kind
  D4.11 noise type VinylRumble       NO    NO   NO        0.0000     0.0000    -1.0000  NO  NO   state-only kind
  D4.12 noise type RadioStatic       NO    NO   NO        0.0000     0.0000    -1.0000  NO  NO   state-only kind
  D5.1 anchor Free                   NO    NO   NO        0.0000     0.0000    -1.0000  NO  NO   state-only kind
  D5.2 anchor Keyed                  NO    NO   NO        0.0000     0.0000    -1.0000  NO  NO   state-only kind
  D5.3 anchor Hybrid                 yes   NO   NO        0.0000     0.0000    -1.0000  NO  NO   state-only kind
  D6.1 loop filter Lowpass           yes   NO   NO        0.0000     0.0000    -1.0000  NO  NO   state-only kind
  D6.2 loop filter Bandpass          NO    NO   NO        0.0000     0.0000    -1.0000  NO  NO   state-only kind
  D6.3 loop filter Highpass          NO    NO   NO        0.0000     0.0000    -1.0000  NO  NO   state-only kind
  D7.1 loudest sub f/2         sec   yes   yes  NO        0.0000     0.0000    -1.0000  yes NO   state-only kind
  D7.2 loudest sub f/4               NO    yes  NO        0.0000     0.0000    -1.0000  NO  NO   state-only kind
  D7.3 loudest sub fifth below       NO    yes  NO        0.0000     0.0000    -1.0000  NO  NO   state-only kind
  D8.1 envelope Standard             yes   yes  NO        0.0000     0.0000    -1.0000  yes NO   state-only kind
  D8.2 envelope Growth               NO    yes  NO        0.0000     0.0000    -1.0000  NO  NO   state-only kind
  D9.1 attack span <= 10 s           NO    yes  NO        0.0000     0.0000    -1.0000  NO  NO   state-only kind
  D9.2 attack span >= 90 s           yes   yes  NO        0.0000     0.0000    -1.0000  yes NO   state-only kind
  D10.1 freeze holds a field         NO    NO   NO        0.0000     0.0000    -1.0000  NO  NO   state-only kind
  D10.2 freeze off                   yes   yes  NO        0.0000     0.0000    -1.0000  yes NO   state-only kind
  D11 ghost reverse >= 0.5           NO    NO   NO        0.0000     0.0000    -1.0000  NO  NO   state-only kind
  D12.1 ghost event triggers on       NO    NO   NO        0.0000     0.0000    -1.0000  NO  NO   state-only kind
  D12.2 ghost event triggers off       yes   yes  NO        0.0000     0.0000    -1.0000  yes NO   state-only kind
  D13.1 event rate scale <= 0.3       NO    yes  NO        0.0000    16.2918    -1.0000  NO  NO   state false
  D13.2 event rate scale >= 3.0       NO    yes  NO        0.0000    16.2918    -1.0000  NO  NO   state false
  D14.1 breathing depth >= 0.7       NO    yes  NO        0.0000    16.2918    -1.0000  NO  NO   state false
  D14.2 tidal depth >= 0.7           NO    yes  NO        0.0000    16.2918    -1.0000  NO  NO   state false
[sweep] index 29: computing / loading record...

Strung Abyss (index 29): primary D1.2 material Strings, 0 secondaries, s(P) 3.9375
  cell                         claim state conj rend           d      2s(P)     attrib  sec pri  skip
  S1 noise organism                  yes   yes  yes       0.4245     7.8749    -1.0000  NO  NO   
  S2 resonance drift                 yes   yes  yes       0.4045     7.8749    -1.0000  NO  NO   
  S3 spectral smear                  yes   yes  yes       1.5829     7.8749    -1.0000  yes NO   
  S4 feedback ecology                yes   yes  yes       0.0237     7.8749    -1.0000  NO  NO   
  S5 subharmonic                     yes   yes  yes       8.1831     7.8749    -1.0000  yes yes  
  S6 harmonic bloom                  yes   yes  yes       7.7594     7.8749    -1.0000  yes yes  
  S7 ecosystem                       yes   yes  NO        0.0000     7.8749    -1.0000  NO  NO   override equals stored
  S8 cavern space                    yes   yes  yes       1.1989     7.8749    -1.0000  NO  NO   
  S9 ghost / atmosphere              yes   yes  yes       0.0001     7.8749    -1.0000  NO  NO   
  S10 acoustic body                  yes   yes  yes       7.0927     7.8749    -1.0000  yes yes  
  M1 Darkness                        NO    yes  NO        0.0000     7.8749    -1.0000  NO  NO   M displacement
  M2 Age                             NO    yes  NO        0.0000     7.8749    -1.0000  NO  NO   M displacement
  M3 Density                         NO    yes  NO        0.0000     7.8749    -1.0000  NO  NO   M displacement
  M4 Movement                        NO    yes  NO        0.0000     7.8749    -1.0000  NO  NO   M displacement
  M5 Gravity                         NO    yes  NO        0.0000     7.8749    -1.0000  NO  NO   M displacement
  M6 Entropy                         NO    yes  NO        0.0000     7.8749    -1.0000  NO  NO   M displacement
  M7 Pressure                        NO    yes  NO        0.0000     7.8749    -1.0000  NO  NO   M displacement
  M8 Weight                          NO    yes  NO        0.0000     7.8749    -1.0000  NO  NO   M displacement
  M9 Fog                             NO    yes  NO        0.0000     7.8749    -1.0000  NO  NO   M displacement
  M10 Life                           NO    yes  NO        0.0000     7.8749    -1.0000  NO  NO   M displacement
  M11 Depth                          NO    yes  NO        0.0000     7.8749    -1.0000  NO  NO   M displacement
  M12 Mass                           NO    yes  NO        0.0000     7.8749    -1.0000  NO  NO   M displacement
  E1 partial -> bloom                yes   yes  NO        0.0000     7.8749    -1.0000  NO  NO   ecosystem depth 0
  E2 resonator -> resonance peaks       yes   yes  NO        0.0000     7.8749    -1.0000  NO  NO   ecosystem depth 0
  E3 noise -> noise wake             yes   yes  NO        0.0000     7.8749    -1.0000  NO  NO   ecosystem depth 0
  E4 feedback -> loop wake           yes   yes  NO        0.0000     7.8749    -1.0000  NO  NO   ecosystem depth 0
  E5 ghost -> ghost bursts           yes   yes  NO        0.0000     7.8749    -1.0000  NO  NO   ecosystem depth 0
  E6.hi ecosystem sync rate high       NO    yes  NO        0.0000     7.8749    -1.0000  NO  NO   side predicate
  E7.hi ecosystem self-affinity high       NO    yes  NO        0.0000     7.8749    -1.0000  NO  NO   side predicate
  D1.1 material Glass                NO    yes  NO        0.0000     0.0000    -1.0000  NO  NO   state-only kind
  D1.2 material Strings        PRI   yes   yes  yes      15.9762     7.8749    -1.0000  yes yes  
  D1.3 material MetalPlate           NO    yes  NO        0.0000     0.0000    -1.0000  NO  NO   state-only kind
  D1.4 material Chamber              NO    yes  NO        0.0000     0.0000    -1.0000  NO  NO   state-only kind
  D1.5 material Ice                  NO    yes  NO        0.0000     0.0000    -1.0000  NO  NO   state-only kind
  D1.6 material StoneChamber         NO    yes  NO        0.0000     0.0000    -1.0000  NO  NO   state-only kind
  D1.7 material SteelTank            NO    yes  NO        0.0000     0.0000    -1.0000  NO  NO   state-only kind
  D1.8 material WoodenHull           NO    yes  NO        0.0000     0.0000    -1.0000  NO  NO   state-only kind
  D1.9 material CathedralColumn       NO    yes  NO        0.0000     0.0000    -1.0000  NO  NO   state-only kind
  D1.10 material CavernWall          NO    yes  NO        0.0000     0.0000    -1.0000  NO  NO   state-only kind
  D1.11 material GlassSphere         NO    yes  NO        0.0000     0.0000    -1.0000  NO  NO   state-only kind
  D2 body blend both heard           NO    yes  NO        0.0000     0.0000    -1.0000  NO  NO   state-only kind
  D3.1 noise model Direct            yes   NO   yes       0.4245     0.0000    -1.0000  NO  NO   
  D3.2 noise model FilteredWind       yes   NO   yes       0.4245     0.0000    -1.0000  NO  NO   
  D3.3 noise model GranularDust       yes   NO   yes       0.4245     0.0000    -1.0000  NO  NO   
  D3.4 noise model MetallicHiss       yes   NO   yes       0.4245     0.0000    -1.0000  NO  NO   
  D4.1 noise type White              NO    NO   NO        0.0000     0.0000    -1.0000  NO  NO   state-only kind
  D4.2 noise type Pink               NO    NO   NO        0.0000     0.0000    -1.0000  NO  NO   state-only kind
  D4.3 noise type TapeHiss           NO    NO   NO        0.0000     0.0000    -1.0000  NO  NO   state-only kind
  D4.4 noise type VinylCrackle       NO    NO   NO        0.0000     0.0000    -1.0000  NO  NO   state-only kind
  D4.5 noise type Asperity           NO    NO   NO        0.0000     0.0000    -1.0000  NO  NO   state-only kind
  D4.6 noise type Brown              yes   NO   NO        0.0000     0.0000    -1.0000  NO  NO   state-only kind
  D4.7 noise type Blue               NO    NO   NO        0.0000     0.0000    -1.0000  NO  NO   state-only kind
  D4.8 noise type Violet             NO    NO   NO        0.0000     0.0000    -1.0000  NO  NO   state-only kind
  D4.9 noise type Grey               NO    NO   NO        0.0000     0.0000    -1.0000  NO  NO   state-only kind
  D4.10 noise type Velvet            NO    NO   NO        0.0000     0.0000    -1.0000  NO  NO   state-only kind
  D4.11 noise type VinylRumble       NO    NO   NO        0.0000     0.0000    -1.0000  NO  NO   state-only kind
  D4.12 noise type RadioStatic       NO    NO   NO        0.0000     0.0000    -1.0000  NO  NO   state-only kind
  D5.1 anchor Free                   NO    NO   NO        0.0000     0.0000    -1.0000  NO  NO   state-only kind
  D5.2 anchor Keyed                  NO    NO   NO        0.0000     0.0000    -1.0000  NO  NO   state-only kind
  D5.3 anchor Hybrid                 yes   NO   NO        0.0000     0.0000    -1.0000  NO  NO   state-only kind
  D6.1 loop filter Lowpass           yes   NO   NO        0.0000     0.0000    -1.0000  NO  NO   state-only kind
  D6.2 loop filter Bandpass          NO    NO   NO        0.0000     0.0000    -1.0000  NO  NO   state-only kind
  D6.3 loop filter Highpass          NO    NO   NO        0.0000     0.0000    -1.0000  NO  NO   state-only kind
  D7.1 loudest sub f/2               yes   yes  NO        0.0000     0.0000    -1.0000  yes NO   state-only kind
  D7.2 loudest sub f/4               NO    yes  NO        0.0000     0.0000    -1.0000  NO  NO   state-only kind
  D7.3 loudest sub fifth below       NO    yes  NO        0.0000     0.0000    -1.0000  NO  NO   state-only kind
  D8.1 envelope Standard             yes   yes  NO        0.0000     0.0000    -1.0000  yes NO   state-only kind
  D8.2 envelope Growth               NO    yes  NO        0.0000     0.0000    -1.0000  NO  NO   state-only kind
  D9.1 attack span <= 10 s           NO    yes  NO        0.0000     0.0000    -1.0000  NO  NO   state-only kind
  D9.2 attack span >= 90 s           yes   yes  NO        0.0000     0.0000    -1.0000  yes NO   state-only kind
  D10.1 freeze holds a field         NO    NO   NO        0.0000     0.0000    -1.0000  NO  NO   state-only kind
  D10.2 freeze off                   yes   yes  NO        0.0000     0.0000    -1.0000  yes NO   state-only kind
  D11 ghost reverse >= 0.5           NO    NO   NO        0.0000     0.0000    -1.0000  NO  NO   state-only kind
  D12.1 ghost event triggers on       NO    NO   NO        0.0000     0.0000    -1.0000  NO  NO   state-only kind
  D12.2 ghost event triggers off       yes   yes  NO        0.0000     0.0000    -1.0000  yes NO   state-only kind
  D13.1 event rate scale <= 0.3       NO    NO   NO        0.0000     7.8749    -1.0000  NO  NO   state false
  D13.2 event rate scale >= 3.0       NO    NO   NO        0.0000     7.8749    -1.0000  NO  NO   state false
  D14.1 breathing depth >= 0.7       NO    yes  NO        0.0000     7.8749    -1.0000  NO  NO   state false
  D14.2 tidal depth >= 0.7           NO    yes  NO        0.0000     7.8749    -1.0000  NO  NO   state false
[sweep] index 37: computing / loading record...

Sudden Chasm (index 37): primary D9.1 attack span <= 10 s, 0 secondaries, s(P) 2.0921
  cell                         claim state conj rend           d      2s(P)     attrib  sec pri  skip
  S1 noise organism                  yes   yes  yes       0.0101     4.1841    -1.0000  NO  NO   
  S2 resonance drift                 yes   yes  yes       0.2011     4.1841    -1.0000  NO  NO   
  S3 spectral smear                  yes   yes  yes       0.8547     4.1841    -1.0000  NO  NO   
  S4 feedback ecology                yes   yes  yes       0.0085     4.1841    -1.0000  NO  NO   
  S5 subharmonic                     yes   yes  yes       1.7389     4.1841    -1.0000  yes NO   
  S6 harmonic bloom                  yes   yes  yes       0.1250     4.1841    -1.0000  NO  NO   
  S7 ecosystem                       yes   yes  NO        0.0000     4.1841    -1.0000  NO  NO   override equals stored
  S8 cavern space                    yes   yes  yes       7.6275     4.1841    -1.0000  yes yes  
  S9 ghost / atmosphere              yes   yes  yes       0.0000     4.1841    -1.0000  NO  NO   
  S10 acoustic body                  yes   yes  yes       6.5324     4.1841    -1.0000  yes yes  
  M1 Darkness                        NO    yes  NO        0.0000     4.1841    -1.0000  NO  NO   M displacement
  M2 Age                             NO    yes  NO        0.0000     4.1841    -1.0000  NO  NO   M displacement
  M3 Density                         NO    yes  NO        0.0000     4.1841    -1.0000  NO  NO   M displacement
  M4 Movement                        NO    yes  NO        0.0000     4.1841    -1.0000  NO  NO   M displacement
  M5 Gravity                         NO    yes  NO        0.0000     4.1841    -1.0000  NO  NO   M displacement
  M6 Entropy                         NO    yes  NO        0.0000     4.1841    -1.0000  NO  NO   M displacement
  M7 Pressure                        NO    yes  NO        0.0000     4.1841    -1.0000  NO  NO   M displacement
  M8 Weight                          NO    yes  NO        0.0000     4.1841    -1.0000  NO  NO   M displacement
  M9 Fog                             NO    yes  NO        0.0000     4.1841    -1.0000  NO  NO   M displacement
  M10 Life                           NO    yes  NO        0.0000     4.1841    -1.0000  NO  NO   M displacement
  M11 Depth                          NO    yes  NO        0.0000     4.1841    -1.0000  NO  NO   M displacement
  M12 Mass                           NO    yes  NO        0.0000     4.1841    -1.0000  NO  NO   M displacement
  E1 partial -> bloom                yes   yes  NO        0.0000     4.1841    -1.0000  NO  NO   ecosystem depth 0
  E2 resonator -> resonance peaks       yes   yes  NO        0.0000     4.1841    -1.0000  NO  NO   ecosystem depth 0
  E3 noise -> noise wake             yes   yes  NO        0.0000     4.1841    -1.0000  NO  NO   ecosystem depth 0
  E4 feedback -> loop wake           yes   yes  NO        0.0000     4.1841    -1.0000  NO  NO   ecosystem depth 0
  E5 ghost -> ghost bursts           yes   yes  NO        0.0000     4.1841    -1.0000  NO  NO   ecosystem depth 0
  E6.hi ecosystem sync rate high       NO    yes  NO        0.0000     4.1841    -1.0000  NO  NO   side predicate
  E7.hi ecosystem self-affinity high       NO    yes  NO        0.0000     4.1841    -1.0000  NO  NO   side predicate
  D1.1 material Glass                NO    yes  NO        0.0000     0.0000    -1.0000  NO  NO   state-only kind
  D1.2 material Strings              NO    yes  NO        0.0000     0.0000    -1.0000  NO  NO   state-only kind
  D1.3 material MetalPlate           NO    yes  NO        0.0000     0.0000    -1.0000  NO  NO   state-only kind
  D1.4 material Chamber              NO    yes  NO        0.0000     0.0000    -1.0000  NO  NO   state-only kind
  D1.5 material Ice                  NO    yes  NO        0.0000     0.0000    -1.0000  NO  NO   state-only kind
  D1.6 material StoneChamber         yes   yes  NO        0.0000     0.0000    -1.0000  yes NO   state-only kind
  D1.7 material SteelTank            yes   yes  NO        0.0000     0.0000    -1.0000  yes NO   state-only kind
  D1.8 material WoodenHull           NO    yes  NO        0.0000     0.0000    -1.0000  NO  NO   state-only kind
  D1.9 material CathedralColumn       NO    yes  NO        0.0000     0.0000    -1.0000  NO  NO   state-only kind
  D1.10 material CavernWall          NO    yes  NO        0.0000     0.0000    -1.0000  NO  NO   state-only kind
  D1.11 material GlassSphere         NO    yes  NO        0.0000     0.0000    -1.0000  NO  NO   state-only kind
  D2 body blend both heard           yes   yes  NO        0.0000     0.0000    -1.0000  yes NO   state-only kind
  D3.1 noise model Direct            yes   NO   yes       0.0101     0.0000    -1.0000  NO  NO   
  D3.2 noise model FilteredWind       yes   NO   yes       0.0101     0.0000    -1.0000  NO  NO   
  D3.3 noise model GranularDust       yes   NO   yes       0.0101     0.0000    -1.0000  NO  NO   
  D3.4 noise model MetallicHiss       yes   NO   yes       0.0101     0.0000    -1.0000  NO  NO   
  D4.1 noise type White              NO    NO   NO        0.0000     0.0000    -1.0000  NO  NO   state-only kind
  D4.2 noise type Pink               NO    NO   NO        0.0000     0.0000    -1.0000  NO  NO   state-only kind
  D4.3 noise type TapeHiss           NO    NO   NO        0.0000     0.0000    -1.0000  NO  NO   state-only kind
  D4.4 noise type VinylCrackle       NO    NO   NO        0.0000     0.0000    -1.0000  NO  NO   state-only kind
  D4.5 noise type Asperity           NO    NO   NO        0.0000     0.0000    -1.0000  NO  NO   state-only kind
  D4.6 noise type Brown              yes   NO   NO        0.0000     0.0000    -1.0000  NO  NO   state-only kind
  D4.7 noise type Blue               NO    NO   NO        0.0000     0.0000    -1.0000  NO  NO   state-only kind
  D4.8 noise type Violet             NO    NO   NO        0.0000     0.0000    -1.0000  NO  NO   state-only kind
  D4.9 noise type Grey               NO    NO   NO        0.0000     0.0000    -1.0000  NO  NO   state-only kind
  D4.10 noise type Velvet            NO    NO   NO        0.0000     0.0000    -1.0000  NO  NO   state-only kind
  D4.11 noise type VinylRumble       NO    NO   NO        0.0000     0.0000    -1.0000  NO  NO   state-only kind
  D4.12 noise type RadioStatic       NO    NO   NO        0.0000     0.0000    -1.0000  NO  NO   state-only kind
  D5.1 anchor Free                   NO    NO   NO        0.0000     0.0000    -1.0000  NO  NO   state-only kind
  D5.2 anchor Keyed                  NO    NO   NO        0.0000     0.0000    -1.0000  NO  NO   state-only kind
  D5.3 anchor Hybrid                 yes   NO   NO        0.0000     0.0000    -1.0000  NO  NO   state-only kind
  D6.1 loop filter Lowpass           yes   NO   NO        0.0000     0.0000    -1.0000  NO  NO   state-only kind
  D6.2 loop filter Bandpass          NO    NO   NO        0.0000     0.0000    -1.0000  NO  NO   state-only kind
  D6.3 loop filter Highpass          NO    NO   NO        0.0000     0.0000    -1.0000  NO  NO   state-only kind
  D7.1 loudest sub f/2               yes   yes  NO        0.0000     0.0000    -1.0000  yes NO   state-only kind
  D7.2 loudest sub f/4               NO    yes  NO        0.0000     0.0000    -1.0000  NO  NO   state-only kind
  D7.3 loudest sub fifth below       NO    yes  NO        0.0000     0.0000    -1.0000  NO  NO   state-only kind
  D8.1 envelope Standard             yes   yes  NO        0.0000     0.0000    -1.0000  yes NO   state-only kind
  D8.2 envelope Growth               NO    yes  NO        0.0000     0.0000    -1.0000  NO  NO   state-only kind
  D9.1 attack span <= 10 s     PRI   yes   yes  yes       9.6066     4.1841     4.3035  yes yes  
  D9.2 attack span >= 90 s           NO    yes  NO        0.0000     0.0000    -1.0000  NO  NO   state-only kind
  D10.1 freeze holds a field         NO    NO   NO        0.0000     0.0000    -1.0000  NO  NO   state-only kind
  D10.2 freeze off                   yes   yes  NO        0.0000     0.0000    -1.0000  yes NO   state-only kind
  D11 ghost reverse >= 0.5           NO    NO   NO        0.0000     0.0000    -1.0000  NO  NO   state-only kind
  D12.1 ghost event triggers on       NO    NO   NO        0.0000     0.0000    -1.0000  NO  NO   state-only kind
  D12.2 ghost event triggers off       yes   yes  NO        0.0000     0.0000    -1.0000  yes NO   state-only kind
  D13.1 event rate scale <= 0.3       NO    NO   NO        0.0000     4.1841    -1.0000  NO  NO   state false
  D13.2 event rate scale >= 3.0       NO    NO   NO        0.0000     4.1841    -1.0000  NO  NO   state false
  D14.1 breathing depth >= 0.7       NO    yes  NO        0.0000     4.1841    -1.0000  NO  NO   state false
  D14.2 tidal depth >= 0.7           NO    yes  NO        0.0000     4.1841    -1.0000  NO  NO   state false
0.002 s: Vorago_PresetSweep_AblationVerifiesClaims
shard 5/8: 5 of 42 indices (N = 42)

=== Vorago_PresetSweep_RendersAreReproducible (FR-038, SC-015) ===
[sweep] index 5: computing / loading record...
Slow Bloom (index 5): two fresh hosts over [0, 180.00 s], withinTolerance per channel: yes
[sweep] index 13: computing / loading record...
Drifting Strata (index 13): two fresh hosts over [0, 220.00 s], withinTolerance per channel: yes
[sweep] index 21: computing / loading record...
Monolith (index 21): two fresh hosts over [0, 220.00 s], withinTolerance per channel: yes
[sweep] index 29: computing / loading record...
Strung Abyss (index 29): two fresh hosts over [0, 220.00 s], withinTolerance per channel: yes
[sweep] index 37: computing / loading record...
Sudden Chasm (index 37): two fresh hosts over [0, 74.00 s], withinTolerance per channel: yes
0.000 s: Vorago_PresetSweep_RendersAreReproducible
===============================================================================
test cases:   5 |   4 passed | 1 failed
assertions: 176 | 173 passed | 3 failed

