START 2026-10-06 20:18:54 regenerate over the committed tree
  Wrote 436 state bytes to plugins/vorago/resources/presets\Textures\Wind Through Basalt.vstpreset
  Wrote 436 state bytes to plugins/vorago/resources/presets\Caverns\Resonant Shaft.vstpreset
  Wrote 436 state bytes to plugins/vorago/resources/presets\Textures\Smeared Horizon.vstpreset
  Wrote 436 state bytes to plugins/vorago/resources/presets\Machines\Feedback Mire.vstpreset
  Wrote 436 state bytes to plugins/vorago/resources/presets\Abyss\Tectonic Floor.vstpreset
  Wrote 436 state bytes to plugins/vorago/resources/presets\Drones\Slow Bloom.vstpreset
  Wrote 436 state bytes to plugins/vorago/resources/presets\Organisms\Colony Pulse.vstpreset
  Wrote 436 state bytes to plugins/vorago/resources/presets\Caverns\Cathedral Void.vstpreset
  Wrote 436 state bytes to plugins/vorago/resources/presets\Ghosts\Choir of Absence.vstpreset
  Wrote 436 state bytes to plugins/vorago/resources/presets\Machines\Hull Resonance.vstpreset
  Wrote 436 state bytes to plugins/vorago/resources/presets\Abyss\Lightless.vstpreset
  Wrote 436 state bytes to plugins/vorago/resources/presets\Textures\Erosion.vstpreset
  Wrote 436 state bytes to plugins/vorago/resources/presets\Drones\Crowded Dark.vstpreset
  Wrote 436 state bytes to plugins/vorago/resources/presets\Drones\Drifting Strata.vstpreset
  Wrote 436 state bytes to plugins/vorago/resources/presets\Abyss\Stone Gravity.vstpreset
  Wrote 436 state bytes to plugins/vorago/resources/presets\Machines\Entropic Hum.vstpreset
  Wrote 436 state bytes to plugins/vorago/resources/presets\Machines\Pressure Front.vstpreset
  Wrote 436 state bytes to plugins/vorago/resources/presets\Abyss\Weighted Deep.vstpreset
  Wrote 436 state bytes to plugins/vorago/resources/presets\Ghosts\Fogbound.vstpreset
  Wrote 436 state bytes to plugins/vorago/resources/presets\Organisms\Teeming.vstpreset
  Wrote 436 state bytes to plugins/vorago/resources/presets\Caverns\Endless Descent.vstpreset
  Wrote 436 state bytes to plugins/vorago/resources/presets\Drones\Monolith.vstpreset
  Wrote 436 state bytes to plugins/vorago/resources/presets\Organisms\Bloom Colony.vstpreset
  Wrote 436 state bytes to plugins/vorago/resources/presets\Organisms\Singing Colony.vstpreset
  Wrote 436 state bytes to plugins/vorago/resources/presets\Textures\Swarm Breath.vstpreset
  Wrote 436 state bytes to plugins/vorago/resources/presets\Machines\Feeding Loops.vstpreset
  Wrote 436 state bytes to plugins/vorago/resources/presets\Ghosts\Haunted Colony.vstpreset
  Wrote 436 state bytes to plugins/vorago/resources/presets\Organisms\Growth Ring.vstpreset
  Wrote 436 state bytes to plugins/vorago/resources/presets\Caverns\Glass Well.vstpreset
  Wrote 436 state bytes to plugins/vorago/resources/presets\Drones\Strung Abyss.vstpreset
  Wrote 436 state bytes to plugins/vorago/resources/presets\Machines\Iron Plate.vstpreset
  Wrote 436 state bytes to plugins/vorago/resources/presets\Drones\Chamber Drone.vstpreset
  Wrote 436 state bytes to plugins/vorago/resources/presets\Textures\Ice Shelf.vstpreset
  Wrote 436 state bytes to plugins/vorago/resources/presets\Drones\Hull Ark.vstpreset
  Wrote 436 state bytes to plugins/vorago/resources/presets\Caverns\Column Hymn.vstpreset
  Wrote 436 state bytes to plugins/vorago/resources/presets\Caverns\Cavern Wall.vstpreset
  Wrote 436 state bytes to plugins/vorago/resources/presets\Ghosts\Glass Sphere.vstpreset
  Wrote 436 state bytes to plugins/vorago/resources/presets\Abyss\Sudden Chasm.vstpreset
  Wrote 436 state bytes to plugins/vorago/resources/presets\Ghosts\Dead Air.vstpreset
  Wrote 436 state bytes to plugins/vorago/resources/presets\Abyss\Abyssal Wind.vstpreset
  Wrote 436 state bytes to plugins/vorago/resources/presets\Organisms\Spore Drift.vstpreset
  Wrote 436 state bytes to plugins/vorago/resources/presets\Machines\Steam Vent.vstpreset
wrote 42 presets
exit=0 END 2026-10-06 20:18:55
0
