[INFO] Using clang-tidy: C:\Program Files\LLVM\bin\clang-tidy.exe
[INFO] Parallel jobs: 32
[INFO] Using compile_commands.json from: build/windows-ninja
[INFO] Found 368 source files to analyze
[1/368] dsp/include/krate/dsp/core/dsp_utils.cpp                    
[2/368] dsp/include/krate/dsp/processors/spectral_state.cpp                    
[3/368] dsp/tests/portability/chaos_enum_exhaustiveness.cpp                    
[4/368] dsp/include/krate/dsp/processors/arpeggiator_core.cpp                    
[5/368] dsp/include/krate/dsp/processors/pitch_shift_processor.cpp                    
[6/368] dsp/tests/unit/core/crossfade_utils_test.cpp                    
[7/368] dsp/tests/unit/core/fast_math_test.cpp                    
[8/368] dsp/tests/unit/core/interpolation_test.cpp                    
[9/368] dsp/tests/unit/core/math_constants_test.cpp                    
[10/368] dsp/tests/unit/core/filter_design_test.cpp                    
[11/368] dsp/tests/unit/core/filter_tables_test.cpp                    
[12/368] dsp/tests/unit/core/note_value_mapping_test.cpp                    
[13/368] dsp/tests/unit/core/db_utils_test.cpp                    
[14/368] dsp/tests/unit/core/note_value_test.cpp                    
[15/368] dsp/tests/unit/core/modulation_types_test.cpp                    
[16/368] dsp/tests/unit/core/midi_utils_tests.cpp                    
[17/368] dsp/tests/unit/core/pattern_freeze_types_test.cpp                    
[18/368] dsp/tests/unit/core/block_context_test.cpp                    
[19/368] dsp/tests/unit/core/curve_table_test.cpp                    
[20/368] dsp/tests/unit/core/pitch_utils_test.cpp                    
[21/368] dsp/tests/unit/core/grain_envelope_test.cpp                    
[22/368] dsp/tests/unit/core/chord_generator_test.cpp                    
[23/368] dsp/tests/unit/core/hungarian_algorithm_test.cpp                    
[24/368] dsp/tests/unit/core/modulation_curves_test.cpp                    
[25/368] dsp/tests/unit/core/chebyshev_test.cpp                    
[26/368] dsp/tests/unit/core/phase_utils_test.cpp                    
[27/368] dsp/tests/unit/core/random_test.cpp                    
[28/368] dsp/tests/unit/core/scoped_denormal_mode_test.cpp                    
[29/368] dsp/tests/unit/core/polyblep_test.cpp                    
[30/368] dsp/tests/unit/core/scale_harmonizer_test.cpp                    
[31/368] dsp/tests/unit/core/sigmoid_test.cpp                    
[32/368] dsp/tests/unit/core/stereo_utils_test.cpp                    
[33/368] dsp/tests/unit/core/transport_sync_test.cpp                    
[34/368] dsp/tests/unit/core/spectral_simd_test.cpp                    
[35/368] dsp/tests/unit/core/wavetable_data_test.cpp                    
[36/368] dsp/tests/unit/core/xorshift32_test.cpp                    
[37/368] dsp/tests/unit/core/test_euclidean_pattern.cpp                    
[38/368] dsp/tests/unit/core/window_functions_test.cpp                    
[39/368] dsp/tests/unit/core/test_wavefold_math.cpp                    
[40/368] dsp/include/krate/dsp/effects/fdn_reverb_simd.cpp                    
[41/368] dsp/include/krate/dsp/processors/modal_resonator_bank_simd.cpp                    
[42/368] dsp/tests/unit/effects/digital_delay_age0_ramping_test.cpp                    
[43/368] dsp/include/krate/dsp/processors/grain_span_simd.cpp                    
[44/368] dsp/tests/unit/effects/bbd_delay_test.cpp                    
[45/368] dsp/include/krate/dsp/systems/sympathetic_resonance_simd.cpp                    
[46/368] dsp/tests/unit/effects/digital_delay_test.cpp                    
[47/368] dsp/include/krate/dsp/processors/harmonic_oscillator_bank_simd.cpp                    
[48/368] dsp/tests/unit/effects/aether_reverb_perf_test.cpp                    
[49/368] dsp/tests/unit/effects/aether_reverb_damper_offset_test.cpp                    
[50/368] dsp/tests/unit/effects/aether_reverb_matrix_test.cpp                    
[51/368] dsp/tests/unit/effects/aether_reverb_nonfinite_test.cpp                    
[52/368] dsp/tests/unit/effects/cavern_verb_perf_test.cpp                    
[53/368] dsp/tests/unit/effects/aether_reverb_spectral_test.cpp                    
[54/368] dsp/tests/unit/effects/cavern_verb_freeze_test.cpp                    
[55/368] dsp/tests/unit/effects/cavern_verb_soak_test.cpp                    
[56/368] dsp/tests/unit/effects/aether_reverb_test.cpp                    
[57/368] dsp/include/krate/dsp/core/spectral_simd.cpp                    
[58/368] dsp/tests/unit/effects/cavern_verb_test.cpp                    
[59/368] dsp/tests/unit/effects/digital_width_processing_test.cpp                    
[60/368] dsp/tests/unit/effects/ducking_delay_test.cpp                    
[61/368] dsp/tests/unit/effects/fdn_reverb_test.cpp                    
[62/368] dsp/tests/unit/effects/granular_delay_dry_signal_test.cpp                    
[63/368] dsp/tests/unit/effects/freeze_mode_test.cpp                    
[64/368] dsp/tests/unit/effects/granular_delay_tempo_sync_test.cpp                    
[65/368] dsp/tests/unit/effects/granular_delay_test.cpp                    
[66/368] dsp/tests/unit/effects/ping_pong_delay_test.cpp                    
[67/368] dsp/tests/unit/effects/multi_tap_morph_test.cpp                    
[68/368] dsp/tests/unit/effects/multi_tap_delay_test.cpp                    
[69/368] dsp/tests/unit/effects/reverse_delay_test.cpp                    
[70/368] dsp/tests/unit/effects/reverb_test.cpp                    
[71/368] dsp/tests/unit/effects/shimmer_delay_test.cpp                    
[72/368] dsp/tests/unit/effects/spectral_delay_test.cpp                    
[73/368] dsp/tests/unit/effects/tape_delay_params_diagnostic_test.cpp                    
[74/368] dsp/tests/unit/effects/test_pattern_freeze_mode.cpp                    
[75/368] dsp/tests/unit/primitives/bit_crusher_rng_bias_test.cpp                    
[76/368] dsp/tests/unit/primitives/adsr_envelope_test.cpp                    
[77/368] dsp/tests/unit/effects/tape_delay_test.cpp                    
[78/368] dsp/tests/unit/primitives/bit_crusher_symmetric_quantization_test.cpp                    
[79/368] dsp/tests/unit/primitives/allpass_1pole_test.cpp                    
[80/368] dsp/tests/unit/primitives/biquad_test.cpp                    
[81/368] dsp/tests/unit/primitives/bit_crusher_test.cpp                    
[82/368] dsp/tests/unit/primitives/chebyshev_shaper_test.cpp                    
[83/368] dsp/tests/unit/primitives/arp_lane_test.cpp                    
[84/368] dsp/tests/unit/primitives/dc_blocker_test.cpp                    
[85/368] dsp/tests/unit/primitives/bitwise_mangler_test.cpp                    
[86/368] dsp/tests/unit/primitives/chaos_waveshaper_test.cpp                    
[87/368] dsp/tests/unit/primitives/comb_filter_test.cpp                    
[88/368] dsp/tests/unit/primitives/envelope_utils_test.cpp                    
[89/368] dsp/tests/unit/primitives/crossfading_delay_line_test.cpp                    
[90/368] dsp/tests/unit/primitives/fft_test.cpp                    
[91/368] dsp/tests/unit/primitives/grain_pool_test.cpp                    
[92/368] dsp/tests/unit/effects/vorago_composed_chain_test.cpp                    
[93/368] dsp/tests/unit/primitives/delay_line_test.cpp                    
[94/368] dsp/tests/unit/primitives/hard_clip_polyblamp_test.cpp                    
[95/368] dsp/tests/unit/primitives/hard_clip_adaa_test.cpp                    
[96/368] dsp/tests/unit/primitives/hilbert_transform_test.cpp                    
[97/368] dsp/tests/unit/primitives/lfo_test.cpp                    
[98/368] dsp/tests/unit/primitives/ladder_filter_test.cpp                    
[99/368] dsp/tests/unit/primitives/minblep_table_test.cpp                    
[100/368] dsp/tests/unit/primitives/one_pole_test.cpp                    
[101/368] dsp/tests/unit/primitives/noise_oscillator_test.cpp                    
[102/368] dsp/tests/unit/primitives/held_note_buffer_test.cpp                    
[103/368] dsp/tests/unit/primitives/pitch_detector_test.cpp                    
[104/368] dsp/tests/unit/primitives/pink_noise_filter_test.cpp                    
[105/368] dsp/tests/unit/primitives/reverse_buffer_test.cpp                    
[106/368] dsp/tests/unit/primitives/pitch_tracker_test.cpp                    
[107/368] dsp/tests/unit/primitives/sample_rate_converter_test.cpp                    
[108/368] dsp/tests/unit/primitives/sample_rate_reducer_test.cpp                    
[109/368] dsp/tests/unit/primitives/polyblep_oscillator_test.cpp                    
[110/368] dsp/tests/unit/primitives/ring_saturation_test.cpp                    
[111/368] dsp/tests/unit/primitives/spectrum_fifo_test.cpp                    
[112/368] dsp/tests/unit/primitives/spectral_transient_detector_test.cpp                    
[113/368] dsp/tests/unit/primitives/spectral_utils_tests.cpp                    
[114/368] dsp/tests/unit/primitives/spectral_buffer_test.cpp                    
[115/368] dsp/tests/unit/primitives/oversampler_test.cpp                    
[116/368] dsp/tests/unit/primitives/sequencer_core_tests.cpp                    
[117/368] dsp/tests/unit/primitives/stft_test.cpp                    
[118/368] dsp/tests/unit/primitives/sweep_position_buffer_test.cpp                    
[119/368] dsp/tests/unit/primitives/smoother_test.cpp                    
[120/368] dsp/tests/unit/primitives/stochastic_shaper_test.cpp                    
[121/368] dsp/tests/unit/primitives/tanh_adaa_test.cpp                    
[122/368] dsp/tests/unit/primitives/test_rolling_capture_buffer.cpp                    
[123/368] dsp/tests/unit/primitives/svf_test.cpp                    
[124/368] dsp/tests/unit/primitives/test_slice_pool.cpp                    
[125/368] dsp/tests/unit/primitives/two_pole_lp_test.cpp                    
[126/368] dsp/tests/unit/primitives/wavetable_generator_test.cpp                    
[127/368] dsp/tests/unit/primitives/wavefolder_test.cpp                    
[128/368] dsp/tests/unit/primitives/waveshaper_test.cpp                    
[129/368] dsp/tests/unit/primitives/wavetable_oscillator_test.cpp                    
[130/368] dsp/tests/unit/processors/additive_oscillator_test.cpp                    
[131/368] dsp/tests/unit/processors/allpass_saturator_tests.cpp                    
[132/368] dsp/tests/unit/processors/aliasing_effect_test.cpp                    
[133/368] dsp/tests/unit/processors/arpeggiator_core_baseline_test.cpp                    
[134/368] dsp/tests/unit/processors/arpeggiator_core_conditional_test.cpp                    
[135/368] dsp/tests/unit/processors/arpeggiator_core_curve_race_test.cpp                    
[136/368] dsp/tests/unit/processors/arpeggiator_core_core_test.cpp                    
[137/368] dsp/tests/unit/processors/arpeggiator_core_dawloop_test.cpp                    
[138/368] dsp/tests/unit/processors/bitcrusher_processor_test.cpp                    
[139/368] dsp/tests/unit/processors/bow_exciter_oversampling_test.cpp                    
[140/368] dsp/tests/unit/processors/arpeggiator_core_scalechord_test.cpp                    
[141/368] dsp/tests/unit/processors/arpeggiator_core_euclidean_test.cpp                    
[142/368] dsp/tests/unit/processors/arpeggiator_core_lanes_test.cpp                    
[143/368] dsp/tests/unit/processors/arpeggiator_core_perstepmods_test.cpp                    
[144/368] dsp/tests/unit/processors/arpeggiator_core_ratcheting_test.cpp                    
[145/368] dsp/tests/unit/processors/body_resonance_tests.cpp                    
[146/368] dsp/tests/unit/processors/audio_rate_filter_fm_test.cpp                    
[147/368] dsp/tests/unit/processors/bow_exciter_test.cpp                    
[148/368] dsp/tests/unit/processors/breathing_modulator_test.cpp                    
[149/368] dsp/tests/unit/processors/brownian_drift_test.cpp                    
[150/368] dsp/tests/unit/processors/bow_waveguide_coupling_test.cpp                    
[151/368] dsp/tests/unit/processors/arpeggiator_core_spicehuman_test.cpp                    
[152/368] dsp/tests/unit/processors/chaos_mod_source_aizawa_test.cpp                    
[153/368] dsp/tests/unit/processors/chaos_oscillator_test.cpp                    
[154/368] dsp/tests/unit/processors/chorus_test.cpp                    
[155/368] dsp/tests/unit/processors/chaos_mod_source_test.cpp                    
[156/368] dsp/tests/unit/processors/crossover_filter_test.cpp                    
[157/368] dsp/tests/unit/processors/diffusion_network_zeromod_test.cpp                    
[158/368] dsp/tests/unit/processors/diffusion_network_test.cpp                    
[159/368] dsp/tests/unit/processors/dual_stft_tests.cpp                    
[160/368] dsp/tests/unit/processors/ducking_processor_test.cpp                    
[161/368] dsp/tests/unit/processors/diode_clipper_test.cpp                    
[162/368] dsp/tests/unit/processors/dynamics_processor_test.cpp                    
[163/368] dsp/tests/unit/processors/entropy_processor_test.cpp                    
[164/368] dsp/tests/unit/processors/envelope_filter_test.cpp                    
[165/368] dsp/tests/unit/processors/envelope_follower_test.cpp                    
[166/368] dsp/tests/unit/processors/feedback_distortion_test.cpp                    
[167/368] dsp/tests/unit/processors/flanger_test.cpp                    
[168/368] dsp/tests/unit/processors/fm_operator_test.cpp                    
[169/368] dsp/tests/unit/processors/formant_distortion_test.cpp                    
[170/368] dsp/tests/unit/processors/harmonic_snapshot_tests.cpp                    
[171/368] dsp/tests/unit/processors/grain_processor_test.cpp                    
[172/368] dsp/tests/unit/processors/grain_scheduler_test.cpp                    
[173/368] dsp/tests/unit/processors/formant_filter_test.cpp                    
[174/368] dsp/tests/unit/processors/harmonic_types_tests.cpp                    
[175/368] dsp/tests/unit/processors/harmonic_frame_utils_tests.cpp                    
[176/368] dsp/tests/unit/processors/fractal_distortion_test.cpp                    
[177/368] dsp/tests/unit/processors/formant_oscillator_test.cpp                    
[178/368] dsp/tests/unit/processors/frequency_shifter_test.cpp                    
[179/368] dsp/tests/unit/processors/fuzz_processor_test.cpp                    
[180/368] dsp/tests/unit/processors/growth_envelope_test.cpp                    
[181/368] dsp/tests/unit/processors/impact_exciter_test.cpp                    
[182/368] dsp/tests/unit/processors/granular_distortion_test.cpp                    
[183/368] dsp/tests/unit/processors/harmonic_oscillator_bank_tests.cpp                    
[184/368] dsp/tests/unit/processors/karplus_strong_test.cpp                    
[185/368] dsp/tests/unit/processors/life_modulators_perf_test.cpp                    
[186/368] dsp/tests/unit/processors/midi_note_delay_test.cpp                    
[187/368] dsp/tests/unit/processors/markov_matrices_test.cpp                    
[188/368] dsp/tests/unit/processors/modal_resonator_bank_bow_test.cpp                    
[189/368] dsp/tests/unit/processors/midside_processor_test.cpp                    
[190/368] dsp/tests/unit/processors/multi_source_sieve_tests.cpp                    
[191/368] dsp/tests/unit/processors/modal_resonator_test.cpp                    
[192/368] dsp/tests/unit/processors/multi_pitch_detector_tests.cpp                    
[193/368] dsp/tests/unit/processors/multistage_env_filter_tests.cpp                    
[194/368] dsp/tests/unit/processors/multi_stage_envelope_test.cpp                    
[195/368] dsp/tests/unit/processors/mono_handler_test.cpp                    
[196/368] dsp/tests/unit/processors/noise_generator_test.cpp                    
[197/368] dsp/tests/unit/processors/multimode_filter_test.cpp                    
[198/368] dsp/tests/unit/processors/partial_tracker_polyphonic_tests.cpp                    
[199/368] dsp/tests/unit/processors/note_selective_filter_test.cpp                    
[200/368] dsp/tests/unit/processors/orbit_modulator_test.cpp                    
[201/368] dsp/tests/unit/processors/partial_tracker_tests.cpp                    
[202/368] dsp/tests/unit/processors/particle_oscillator_test.cpp                    
[203/368] dsp/tests/unit/processors/pitch_follower_source_test.cpp                    
[204/368] dsp/tests/unit/processors/perlin_noise_source_test.cpp                    
[205/368] dsp/tests/unit/processors/phase_distortion_oscillator_test.cpp                    
[206/368] dsp/tests/unit/processors/note_processor_test.cpp                    
[207/368] dsp/tests/unit/processors/phase_reset_test.cpp                    
[208/368] dsp/tests/unit/processors/random_source_test.cpp                    
[209/368] dsp/tests/unit/processors/residual_types_tests.cpp                    
[210/368] dsp/tests/unit/processors/phaser_test.cpp                    
[211/368] dsp/tests/unit/processors/phase_locking_test.cpp                    
[212/368] dsp/tests/unit/processors/pitch_tracking_filter_test.cpp                    
[213/368] dsp/tests/unit/processors/residual_synthesizer_tests.cpp                    
[214/368] dsp/tests/unit/processors/residual_analyzer_tests.cpp                    
[215/368] dsp/tests/unit/processors/resonator_bank_test.cpp                    
[216/368] dsp/tests/unit/processors/reverse_feedback_processor_test.cpp                    
[217/368] dsp/tests/unit/processors/pitch_shift_processor_test.cpp                    
[218/368] dsp/tests/unit/processors/ring_modulator_test.cpp                    
[219/368] dsp/tests/unit/processors/sample_hold_filter_test.cpp                    
[220/368] dsp/tests/unit/processors/sample_hold_source_test.cpp                    
[221/368] dsp/tests/unit/processors/sidechain_filter_test.cpp                    
[222/368] dsp/tests/unit/processors/saturation_processor_test.cpp                    
[223/368] dsp/tests/unit/processors/rungler_test.cpp                    
[224/368] dsp/tests/unit/processors/self_oscillating_filter_tests.cpp                    
[225/368] dsp/tests/unit/processors/spectral_coring_estimator_tests.cpp                    
[226/368] dsp/tests/unit/processors/spectral_distortion_test.cpp                    
[227/368] dsp/tests/unit/processors/slow_event_scheduler_test.cpp                    
[228/368] dsp/tests/unit/processors/spectral_gate_test.cpp                    
[229/368] dsp/tests/unit/processors/spectral_freeze_oscillator_test.cpp                    
[230/368] dsp/tests/unit/processors/spectral_morph_filter_test.cpp                    
[231/368] dsp/tests/unit/processors/spectral_smear_perf_test.cpp                    
[232/368] dsp/tests/unit/processors/spectral_smear_nonfinite_test.cpp                    
[233/368] dsp/tests/unit/processors/spectral_smear_spectral_test.cpp                    
[234/368] dsp/tests/unit/processors/spline_trajectory_test.cpp                    
[235/368] dsp/tests/unit/processors/spectral_state_test.cpp                    
[236/368] dsp/tests/unit/processors/spectral_smear_test.cpp                    
[237/368] dsp/tests/unit/processors/stochastic_filter_test.cpp                    
[238/368] dsp/tests/unit/processors/spectral_tilt_test.cpp                    
[239/368] dsp/tests/unit/processors/test_harmonic_oscillator_bank_stereo.cpp                    
[240/368] dsp/tests/unit/processors/subharmonic_validator_tests.cpp                    
[241/368] dsp/tests/unit/processors/temporal_distortion_test.cpp                    
[242/368] dsp/tests/unit/processors/test_modal_bank_frequency.cpp                    
[243/368] dsp/tests/unit/processors/test_modal_bank_stretch.cpp                    
[244/368] dsp/tests/unit/processors/sub_oscillator_test.cpp                    
[245/368] dsp/tests/unit/processors/sync_oscillator_test.cpp                    
[246/368] dsp/tests/unit/processors/tape_saturator_test.cpp                    
[247/368] dsp/tests/unit/processors/test_pattern_scheduler.cpp                    
[248/368] dsp/tests/unit/processors/test_modal_resonator_bank.cpp                    
[249/368] dsp/tests/unit/processors/tidal_modulator_test.cpp                    
[250/368] dsp/tests/unit/processors/trance_gate_test.cpp                    
[251/368] dsp/tests/unit/processors/transient_detector_test.cpp                    
[252/368] dsp/tests/unit/processors/transient_filter_test.cpp                    
[253/368] dsp/tests/unit/processors/tube_stage_test.cpp                    
[254/368] dsp/tests/unit/processors/true_peak_limiter_test.cpp                    
[255/368] dsp/tests/unit/processors/vorago_p1_harness.cpp                    
[256/368] dsp/tests/unit/processors/wavefolder_processor_test.cpp                    
[257/368] dsp/tests/unit/processors/vorago_p1_longrun_test.cpp                    
[258/368] dsp/tests/unit/processors/waveguide_resonator_test.cpp                    
[259/368] dsp/tests/unit/processors/vorago_p1_perf_test.cpp                    
[260/368] dsp/tests/unit/processors/waveguide_string_dc_blocker_test.cpp                    
[261/368] dsp/tests/unit/processors/waveguide_string_retune_test.cpp                    
[262/368] dsp/tests/unit/processors/yin_pitch_detector_tests.cpp                    
[263/368] dsp/tests/unit/processors/waveguide_string_test.cpp                    
[264/368] dsp/tests/unit/systems/atmosphere_ghost_nonfinite_test.cpp                    
[265/368] dsp/tests/unit/systems/amp_channel_test.cpp                    
[266/368] dsp/tests/unit/systems/atmosphere_ghost_longrun_test.cpp                    
[267/368] dsp/tests/unit/systems/bloom_engine_nonfinite_test.cpp                    
[268/368] dsp/tests/unit/systems/atmosphere_ghost_perf_test.cpp                    
[269/368] dsp/tests/unit/systems/atmosphere_engine_nonfinite_test.cpp                    
[270/368] dsp/tests/unit/systems/atmosphere_engine_perf_test.cpp                    
[271/368] dsp/tests/unit/systems/atmosphere_ghost_test.cpp                    
[272/368] dsp/tests/unit/systems/character_processor_bbd_stereo_test.cpp                    
[273/368] dsp/tests/unit/systems/character_processor_digital_ramping_test.cpp                    
[274/368] dsp/tests/unit/systems/bloom_engine_spectral_test.cpp                    
[275/368] dsp/tests/unit/systems/character_processor_test.cpp                    
[276/368] dsp/tests/unit/systems/bloom_engine_perf_test.cpp                    
[277/368] dsp/tests/unit/systems/atmosphere_engine_spectral_test.cpp                    
[278/368] dsp/tests/unit/systems/bloom_engine_test.cpp                    
[279/368] dsp/tests/unit/systems/continuous_body_perf_test.cpp                    
[280/368] dsp/tests/unit/systems/delay_engine_test.cpp                    
[281/368] dsp/tests/unit/systems/continuous_body_spectral_test.cpp                    
[282/368] dsp/tests/unit/systems/atmosphere_engine_test.cpp                    
[283/368] dsp/tests/unit/systems/ecosystem_engine_longrun_test.cpp                    
[284/368] dsp/tests/unit/systems/ecosystem_engine_nonfinite_test.cpp                    
[285/368] dsp/tests/unit/systems/continuous_body_test.cpp                    
[286/368] dsp/tests/unit/systems/distortion_rack_tests.cpp                    
[287/368] dsp/tests/unit/systems/ext_modulation_test.cpp                    
[288/368] dsp/tests/unit/systems/ecosystem_engine_perf_test.cpp                    
[289/368] dsp/tests/unit/systems/feedback_ecology_nonfinite_test.cpp                    
[290/368] dsp/tests/unit/systems/feedback_network_dc_blocking_test.cpp                    
[291/368] dsp/tests/unit/systems/feedback_ecology_spectral_test.cpp                    
[292/368] dsp/tests/unit/systems/feedback_ecology_perf_test.cpp                    
[293/368] dsp/tests/unit/systems/feedback_network_test.cpp                    
[294/368] dsp/tests/unit/systems/ecosystem_engine_test.cpp                    
[295/368] dsp/tests/unit/systems/feedback_ecology_test.cpp                    
[296/368] dsp/tests/unit/systems/filter_feedback_matrix_tests.cpp                    
[297/368] dsp/tests/unit/systems/flexible_feedback_network_test.cpp                    
[298/368] dsp/tests/unit/systems/fm_voice_test.cpp                    
[299/368] dsp/tests/unit/systems/filter_step_sequencer_tests.cpp                    
[300/368] dsp/tests/unit/systems/fuzz_pedal_test.cpp                    
[301/368] dsp/tests/unit/systems/harmonic_cloud_perf_test.cpp                    
[302/368] dsp/tests/unit/systems/granular_engine_test.cpp                    
[303/368] dsp/tests/unit/systems/granular_filter_test.cpp                    
[304/368] dsp/tests/unit/systems/harmonic_cloud_spectral_test.cpp                    
[305/368] dsp/tests/unit/systems/modulation_engine_perf_test.cpp                    
[306/368] dsp/tests/unit/systems/noise_organism_nonfinite_test.cpp                    
[307/368] dsp/tests/unit/systems/modulation_engine_test.cpp                    
[308/368] dsp/tests/unit/systems/modulation_matrix_test.cpp                    
[309/368] dsp/tests/unit/systems/noise_organism_spectral_test.cpp                    
[310/368] dsp/tests/unit/systems/harmonic_cloud_test.cpp                    
[311/368] dsp/tests/unit/systems/poly_synth_engine_test.cpp                    
[312/368] dsp/tests/unit/systems/harmonizer_engine_test.cpp                    
[313/368] dsp/tests/unit/systems/noise_organism_test.cpp                    
[314/368] dsp/tests/unit/systems/noise_organism_perf_test.cpp                    
[315/368] dsp/tests/unit/systems/resonance_drift_network_nonfinite_test.cpp                    
[316/368] dsp/tests/unit/systems/resonance_drift_network_perf_test.cpp                    
[317/368] dsp/tests/unit/systems/selectable_oscillator_test.cpp                    
[318/368] dsp/tests/unit/systems/resonance_drift_network_test.cpp                    
[319/368] dsp/tests/unit/systems/resonance_drift_network_spectral_test.cpp                    
[320/368] dsp/tests/unit/systems/spectral_morph_perf_test.cpp                    
[321/368] dsp/tests/unit/systems/stereo_field_test.cpp                    
[322/368] dsp/tests/unit/systems/spectral_morph_engine_test.cpp                    
[323/368] dsp/tests/unit/systems/spectral_state_authoring_test.cpp                    
[324/368] dsp/tests/unit/systems/subharmonic_engine_nonfinite_test.cpp                    
[325/368] dsp/tests/unit/systems/subharmonic_engine_spectral_test.cpp                    
[326/368] dsp/tests/unit/systems/seraphis_nonfinite_test.cpp                    
[327/368] dsp/tests/unit/systems/sympathetic_resonance_test.cpp                    
[328/368] dsp/tests/unit/systems/seraphis_partial_fanout_test.cpp                    
[329/368] dsp/tests/unit/systems/subharmonic_engine_perf_test.cpp                    
[330/368] dsp/tests/unit/systems/seraphis_param_broadcast_test.cpp                    
[331/368] dsp/tests/unit/systems/tap_manager_test.cpp                    
[332/368] dsp/tests/unit/systems/synth_voice_test.cpp                    
[333/368] dsp/tests/unit/systems/seraphis_macro_test.cpp                    
[334/368] dsp/tests/unit/systems/seraphis_voice_test.cpp                    
[335/368] dsp/tests/unit/systems/seraphis_perf_test.cpp                    
[336/368] dsp/tests/unit/systems/spectral_morph_render_test.cpp                    
[337/368] dsp/tests/unit/systems/seraphis_engine_test.cpp                    
[338/368] dsp/tests/unit/systems/timevar_comb_bank_tests.cpp                    
[339/368] dsp/tests/unit/systems/tape_machine_test.cpp                    
[340/368] dsp/tests/unit/systems/unison_engine_test.cpp                    
[341/368] dsp/tests/unit/systems/subharmonic_engine_test.cpp                    
[342/368] dsp/tests/unit/systems/voice_mod_router_test.cpp                    
[343/368] dsp/tests/unit/systems/vector_mixer_tests.cpp                    
[344/368] dsp/tests/unit/systems/voice_allocator_test.cpp                    
[345/368] dsp/tests/unit/systems/vorago_dark_materials_test.cpp                    
[346/368] dsp/tests/unit/systems/vorago_engine_longrun_test.cpp                    
[347/368] dsp/tests/unit/systems/vorago_ghost_ext_test.cpp                    
[348/368] dsp/tests/unit/systems/vorago_engine_test.cpp                    
[349/368] dsp/tests/unit/systems/vorago_macro_retune_probe_test.cpp                    
[350/368] dsp/tests/unit/test_helpers/statistical_utils_tests.cpp                    
[351/368] dsp/tests/unit/systems/vowel_sequencer_tests.cpp                    
[352/368] dsp/tests/unit/test_helpers/lpc_detection_tests.cpp                    
[353/368] dsp/tests/unit/test_dsp_utils.cpp                    
[354/368] dsp/tests/unit/test_helpers/signal_metrics_tests.cpp                    
[355/368] dsp/tests/unit/test_helpers/uidesc_reachability_tests.cpp                    
[356/368] dsp/tests/unit/test_helpers/artifact_detection_integration_tests.cpp                    
[357/368] dsp/tests/unit/test_helpers/artifact_detection_tests.cpp                    
[358/368] dsp/tests/unit/systems/vorago_nonfinite_test.cpp                    
[359/368] dsp/tests/unit/test_helpers/golden_reference_tests.cpp                    
[360/368] dsp/tests/unit/test_helpers/spectral_anomaly_tests.cpp                    
[361/368] dsp/tests/unit/test_helpers/parameter_sweep_tests.cpp                    
[362/368] dsp/tests/unit/systems/vorago_macro_test.cpp                    
[363/368] dsp/tests/unit/systems/vorago_voice_longrun_test.cpp                    
[364/368] dsp/tests/unit/systems/vorago_param_surface_test.cpp                    
[365/368] dsp/tests/unit/systems/vorago_perf_test.cpp                    
[366/368] dsp/tests/unit/systems/vorago_voice_test.cpp                    
[367/368] dsp/lint_all_headers.cpp                    
[368/368] dsp/tests/dsp_test_main.cpp                    


============================================================
[INFO] Clang-Tidy Analysis Complete
  Files analyzed: 368
[OK]   Errors: 0
[OK]   Warnings: 0
============================================================
exit=0
