Filters: "Vorago_ParameterStepsAreContinuous"
Randomness seeded to: 671851043
SC-011 continuity (B-6 geometry): 108 IDs, 64 steps every 13824 samples, windows +-480 at step + {0, 1024, 3072} and the same three at the midpoint, bound 1.50 x max(ref), ceiling 0.9661
    id cl    max(test)     max(ref)    ratio finite      peak verdict
     0  A   0.00201665   0.00194047   1.0393    yes  0.281834 PASS
     1  C   0.00166788    0.0017628   0.9462    yes  0.221768 PASS
     2  C     0.010343   0.00694017   1.4903    yes  0.189863 PASS
     3  A   0.00109372   0.00106318   1.0287    yes  0.144965 PASS
     4  C   0.00109382   0.00106408   1.0279    yes  0.145727 PASS
     5  A   0.00109054   0.00104965   1.0390    yes  0.135664 PASS
   100  A   0.00118946   0.00115092   1.0335    yes  0.160943 PASS
   101  A   0.00111462   0.00107375   1.0381    yes  0.153518 PASS
   102  A  0.000962911  0.000949366   1.0143    yes  0.126635 PASS
   103  A   0.00112893   0.00115084   0.9810    yes  0.164758 PASS
   104  A   0.00110584   0.00102161   1.0824    yes  0.151119 PASS
   105  A   0.00036117  0.000373691   0.9665    yes  0.047626 PASS
   106  A   0.00109054   0.00104965   1.0390    yes  0.135664 PASS
   107  A   0.00133405   0.00130385   1.0232    yes  0.216643 PASS
   108  A   0.00102371   0.00104855   0.9763    yes  0.124825 PASS
   109  A   0.00109281   0.00106158   1.0294    yes  0.145209 PASS
   110  A   0.00113038   0.00106675   1.0597    yes  0.138346 PASS
   111  A   0.00090293  0.000880754   1.0252    yes  0.134460 PASS
   200  A  0.000995927  0.000926631   1.0748    yes  0.130257 PASS
   201  A  0.000626787  0.000677854   0.9247    yes  0.103473 PASS
   202  A   0.00107388   0.00104473   1.0279    yes  0.142889 PASS
   203  A  0.000348296  0.000360318   0.9666    yes  0.043354 PASS
   204  A   0.00107356   0.00104906   1.0234    yes  0.147610 PASS
   205  A    0.0010922   0.00106198   1.0285    yes  0.145405 PASS
   206  A    0.0010415    0.0010373   1.0041    yes  0.147084 PASS
   300  A   0.00109388   0.00106215   1.0299    yes  0.145512 PASS
   301  A    0.0010935   0.00106369   1.0280    yes  0.145681 PASS
   302  A   0.00109245   0.00106305   1.0277    yes  0.145542 PASS
   310  B   0.00109323   0.00106304   1.0284    yes  0.145613 PASS
   311  B   0.00108166    0.0010548   1.0255    yes  0.144338 PASS
   312  B   0.00108831    0.0010581   1.0286    yes  0.144983 PASS
   313  B   0.00109152   0.00106251   1.0273    yes  0.145393 PASS
   320  B   0.00109409   0.00106437   1.0279    yes  0.145748 PASS
   321  B   0.00109215   0.00106294   1.0275    yes  0.145540 PASS
   322  B   0.00109462   0.00106492   1.0279    yes  0.145824 PASS
   323  B   0.00109447    0.0010646   1.0281    yes  0.145785 PASS
   330  A   0.00109393   0.00106401   1.0281    yes  0.145725 PASS
   331  A   0.00109362   0.00106379   1.0280    yes  0.145684 PASS
   332  A   0.00109318   0.00106362   1.0278    yes  0.145668 PASS
   333  A   0.00109386    0.0010641   1.0280    yes  0.145727 PASS
   340  A   0.00109386   0.00106408   1.0280    yes  0.145724 PASS
   341  A   0.00109366   0.00106399   1.0279    yes  0.145710 PASS
   342  A   0.00109387   0.00106405   1.0280    yes  0.145727 PASS
   343  A   0.00109396   0.00106421   1.0280    yes  0.145732 PASS
   350  A   0.00109385   0.00106405   1.0280    yes  0.145729 PASS
   351  A   0.00109368   0.00106392   1.0280    yes  0.145707 PASS
   352  A   0.00109414   0.00106427   1.0281    yes  0.145757 PASS
   353  A   0.00109384   0.00106407   1.0280    yes  0.145721 PASS
   400  A   0.00109511   0.00103065   1.0625    yes  0.151305 PASS
   401  A  0.000947159   0.00096233   0.9842    yes  0.130430 PASS
   402  A   0.00122371   0.00119063   1.0278    yes  0.160826 PASS
   403  B  0.000939063  0.000938335   1.0008    yes  0.130270 PASS
   500  A    0.0010147   0.00091547   1.1084    yes  0.126188 PASS
   501  A   0.00109385   0.00106405   1.0280    yes  0.145721 PASS
   510  C   0.00109389   0.00106405   1.0280    yes  0.145725 PASS
   511  C   0.00109381   0.00106412   1.0279    yes  0.145724 PASS
   512  C    0.0010938   0.00106396   1.0280    yes  0.145720 PASS
   513  C   0.00109388   0.00106417   1.0279    yes  0.145721 PASS
   514  C   0.00109383   0.00106406   1.0280    yes  0.145725 PASS
   515  C   0.00109386   0.00106402   1.0280    yes  0.145734 PASS
   600  A   0.00306873   0.00286504   1.0711    yes  0.367593 PASS
   601  A   0.00109635   0.00106365   1.0307    yes  0.146478 PASS
   610  A   0.00240436   0.00331433   0.7254    yes  0.379547 PASS
   611  A   0.00134726   0.00166487   0.8092    yes  0.291300 PASS
   612  A   0.00371063   0.00366285   1.0130    yes  0.490157 PASS
   700  A   0.00103279    0.0010235   1.0091    yes  0.132752 PASS
   701  A   0.00100067   0.00117661   0.8505    yes  0.144429 PASS
   702  A   0.00108949    0.0010602   1.0276    yes  0.145236 PASS
   800  A   0.00109382   0.00106408   1.0279    yes  0.145727 PASS
   900  A   0.00108205   0.00105024   1.0303    yes  0.144288 PASS
  1000  A   0.00106071  0.000999961   1.0608    yes  0.136045 PASS
  1001  A    0.0011051   0.00107262   1.0303    yes  0.146944 PASS
  1002  A   0.00106947   0.00100197   1.0674    yes  0.149110 PASS
  1003  A   0.00155067    0.0015987   0.9700    yes  0.143207 PASS
  1004  B   0.00105281   0.00111102   0.9476    yes  0.139648 PASS
  1005  B   0.00108849   0.00109886   0.9906    yes  0.148972 PASS
  1100  A   0.00105557   0.00109266   0.9661    yes  0.141365 PASS
  1101  A   0.00109377   0.00106273   1.0292    yes  0.145756 PASS
  1102  A   0.00111055   0.00109176   1.0172    yes  0.146645 PASS
  1103  A   0.00111539   0.00108791   1.0253    yes  0.139597 PASS
  1104  A    0.0010875    0.0010583   1.0276    yes  0.145932 PASS
  1105  A   0.00139459   0.00133412   1.0453    yes  0.212076 PASS
  1106  A     0.001082   0.00103593   1.0445    yes  0.143735 PASS
  1107  A   0.00104581   0.00108857   0.9607    yes  0.145242 PASS
  1108  A   0.00110672   0.00105245   1.0516    yes  0.140781 PASS
  1109  A   0.00131748   0.00121419   1.0851    yes  0.151600 PASS
  1110  A   0.00119019   0.00124446   0.9564    yes  0.172181 PASS
  1111  A   0.00123398   0.00118358   1.0426    yes  0.171371 PASS
  1112  A    0.0010921   0.00106178   1.0286    yes  0.145445 PASS
  1113  A   0.00113392   0.00117554   0.9646    yes  0.153388 PASS
  1114  A   0.00109417   0.00106417   1.0282    yes  0.145719 PASS
  1115  B   0.00122806    0.0012681   0.9684    yes  0.146935 PASS
  1200  C  5.70116e-05  5.75043e-05   0.9914    yes  0.007904 PASS
  1201  A   0.00110626   0.00107671   1.0274    yes  0.147349 PASS
  1202  A   0.00109382   0.00106408   1.0279    yes  0.145727 PASS
  1203  A   0.00109382   0.00106408   1.0279    yes  0.145727 PASS
  1204  A   0.00109382   0.00106408   1.0279    yes  0.145727 PASS
  1205  A   0.00109382   0.00106408   1.0279    yes  0.145727 PASS
  1206  A   0.00109382   0.00106408   1.0279    yes  0.145727 PASS
  1300  A   0.00109382   0.00106408   1.0279    yes  0.145727 PASS
  1301  A   0.00109382   0.00106408   1.0279    yes  0.145727 PASS
  1400  A   0.00110503   0.00105986   1.0426    yes  0.146490 PASS
  1401  A   0.00109471    0.0010618   1.0310    yes  0.145626 PASS
  1402  A   0.00104662   0.00107993   0.9691    yes  0.147865 PASS
  1403  C   0.00108608   0.00110314   0.9845    yes  0.146572 PASS
  1500  A   0.00110658   0.00108124   1.0234    yes  0.153792 PASS
  1501  A   0.00109382   0.00106408   1.0279    yes  0.145727 PASS
  1502  A   0.00109382   0.00106408   1.0279    yes  0.145727 PASS
failing IDs (hand to T048): none
control (a): window own=0.00194047 injected=0.00534437 bound=0.00291071 -> exceeds (OK)
control (b): snapped master gain max(test)=0.00364181 max(ref)=0.00194047 ratio=1.8768 -> fails clause 3 (OK)
===============================================================================
All tests passed (1193225 assertions in 1 test case)


T048 (conditional R-5 remedy): no R-5 remedy. T047 run above (log 2026-09-25 11:57:58, newer than vorago_engine.h 11:50:45 which carries the B-2 per-sample makeup ramp) reports "failing IDs (hand to T048): none" across all 108 SC-011 IDs (classes A/B/C), both positive controls behave. No OnePoleSmoother added; vorago_engine.h, processor.h, processor.cpp untouched by T048. SC-016 remedy arm: N/A.
