pin-perf-cores: performance-core mask 0xFFFF
Filters: "Vorago_ProcessorCpu"
Randomness seeded to: 4288151282

~~~~~~~~~~~~~~~~~~~~~~~~~~~~~~~~~~~~~~~~~~~~~~~~~~~~~~~~~~~~~~~~~~~~~~~~~~~~~~~
vorago_tests.exe is a Catch2 v3.4.0 host application.
Run with -? for options

-------------------------------------------------------------------------------
Vorago_ProcessorCpu
-------------------------------------------------------------------------------
F:\projects\iterum\plugins\vorago\tests\integration\processor_cpu_test.cpp(164)
...............................................................................

F:\projects\iterum\plugins\vorago\tests\integration\processor_cpu_test.cpp(227): warning:
  SC-014 arm P best ns/block (512 @ 48 kHz, poly 4): 3.81693e+06

F:\projects\iterum\plugins\vorago\tests\integration\processor_cpu_test.cpp(228): warning:
  SC-014 arm D best ns/block (512 @ 48 kHz, poly 4): 4.15646e+06

F:\projects\iterum\plugins\vorago\tests\integration\processor_cpu_test.cpp(229): warning:
  SC-014 P/D ratio (gate <= 1.05): 0.918314

F:\projects\iterum\plugins\vorago\tests\integration\processor_cpu_test.cpp(231): warning:
  SC-014 P / kReferenceNs (3.2e+06 ns, recorded only, FR-067): 1.19279

F:\projects\iterum\plugins\vorago\tests\integration\processor_cpu_test.cpp(235): warning:
  SC-016 SURFACE: arm P is ABOVE the Phase 10 30 % ceiling (kReferenceNs) by 1.
  19279x - surface to the user, never absorbed

F:\projects\iterum\plugins\vorago\tests\integration\processor_cpu_test.cpp(300): warning:
  SC-016 arm A best ns/block (IDs 201 + 206 automated every block): 4.4054e+06

F:\projects\iterum\plugins\vorago\tests\integration\processor_cpu_test.cpp(301): warning:
  SC-016 arm A interleaved arm D best ns/block: 3.96694e+06

F:\projects\iterum\plugins\vorago\tests\integration\processor_cpu_test.cpp(302): warning:
  SC-016 arm A P_A/D ratio (recorded, not gated): 1.11053

F:\projects\iterum\plugins\vorago\tests\integration\processor_cpu_test.cpp(303): warning:
  SC-016 arm A / arm P (automation cost over quiescent): 1.15417

F:\projects\iterum\plugins\vorago\tests\integration\processor_cpu_test.cpp(307): warning:
  SC-016 remedy arm: no R-5 remedy — arm N/A

F:\projects\iterum\plugins\vorago\tests\integration\processor_cpu_test.cpp(349): warning:
  SC-014 arm E best ns for one 2048-sample block with 1024 reverse-ordered
  events: 1.61652e+07

F:\projects\iterum\plugins\vorago\tests\integration\processor_cpu_test.cpp(351): warning:
  SC-014 arm E ratio to real time (2048 / 48000 s = 4.26667e+07 ns): 0.378872

F:\projects\iterum\plugins\vorago\tests\integration\processor_cpu_test.cpp(354): warning:
  SC-016 arm E vs Phase 11 recorded 1.79691e+07 ns (recorded, not gated): 1.
  61652e+07 ns, ratio 0.899611

===============================================================================
All tests passed (85 assertions in 1 test case)

