pin-perf-cores: performance-core mask 0xFFFF
Filters: "VoragoEngine_CpuBudget"
Randomness seeded to: 2354911493

~~~~~~~~~~~~~~~~~~~~~~~~~~~~~~~~~~~~~~~~~~~~~~~~~~~~~~~~~~~~~~~~~~~~~~~~~~~~~~~
dsp_systems_tests.exe is a Catch2 v3.4.0 host application.
Run with -? for options

-------------------------------------------------------------------------------
VoragoEngine_CpuBudget
-------------------------------------------------------------------------------
F:\projects\iterum\dsp\tests\unit\systems\vorago_perf_test.cpp(971)
...............................................................................

F:\projects\iterum\dsp\tests\unit\systems\vorago_perf_test.cpp(1006): 
warning:
  SC-001b - VoragoEngine CPU gate, ns per 512-sample block @ 48 kHz
    configuration        : polyphony 4 of kMaxVoices 6, FR-090 defaults, macros
  neutral, no voicing levers (Q-H)
    engine measured      : 2.66062e+06 ns/block  (24.9433 % of one core)
    + Cavern (arithmetic): 2.78512e+06 ns/block  (26.1105 % of one core)
    clause (i)  ceiling  : 2.78512e+06 <= 3.2e+06  (87.0348 % of the reference)
    clause (ii) baseline : 2.66062e+06 <= 4.04172e+06  (baseline 2.69448e+06 x
  1.5; 98.7433 % of the baseline)
    headroom available   : 1.14141x of the baseline before clause (i) trips
  (the ceiling binds first; kMaxAdmissibleNs 2.13333e+06 is not met by ruling)

===============================================================================
All tests passed (4 assertions in 1 test case)

