Filters: "VoragoMacro_SweepAxes"
Randomness seeded to: 3348708515

~~~~~~~~~~~~~~~~~~~~~~~~~~~~~~~~~~~~~~~~~~~~~~~~~~~~~~~~~~~~~~~~~~~~~~~~~~~~~~~
dsp_systems_tests.exe is a Catch2 v3.4.0 host application.
Run with -? for options

-------------------------------------------------------------------------------
VoragoMacro_SweepAxes
-------------------------------------------------------------------------------
F:\projects\iterum\dsp\tests\unit\systems\vorago_macro_test.cpp(1211)
...............................................................................

F:\projects\iterum\dsp\tests\unit\systems\vorago_macro_test.cpp(1289): 
warning:
  SC-008 macro sweeps (3 seeds x 5 points x 60 s; window [10 s, 60 s] = samples
  [480000, 2880000); C1 unless the row says @C3 / @C4; Life renders 210.0000 s
  and counts edges over [90.0000 s, 210.0000 s])
    Darkness  energy >4f0 rel. <4f0 (dB)  rho=-1.0000  endpoint=12.2274  [-51.
  6996, -54.8682, -57.9981, -61.0464, -63.9270]
    Age       HF energy > 4 kHz (dB) @C4  rho=-1.0000  endpoint=10.2542  [-105.
  1411, -108.2497, -111.0945, -113.5180, -115.3953]
    Density   partials + awake sources  rho=1.0000  endpoint=2.1578  [19.9507,
  26.9507, 37.0000, 48.0000, 63.0000]
    Movement  per-band total variation  rho=1.0000  endpoint=0.2173  [1.0300,
  1.0701, 1.1236, 1.2031, 1.2538]
    Gravity   mean |log2(ratio) - int|  rho=-0.9333  endpoint=0.8058  [0.2673,
  0.2734, 0.2469, 0.1920, 0.0519]
    Entropy   spectral flatness [f0, 20 f0]  rho=1.0000  endpoint=99.8451  [0.
  0000, 0.0000, 0.0000, 0.0000, 0.0000]
    Pressure  crest factor (dB)  rho=-1.0000  endpoint=3.5217  [7.5886, 6.9264,
  6.0034, 4.9788, 4.0669]
    Weight    energy < 80 Hz (dB) @C3  rho=1.0000  endpoint=8.3384  [-20.1560,
  -17.9497, -15.8248, -13.7682, -11.8176]
    Fog       spectral flatness [f0, 20 f0]  rho=1.0000  endpoint=0.3063  [0.
  0000, 0.0000, 0.0000, 0.0000, 0.0000]
    Life      wake/sleep edges per min [90 s, 210 s]  rho=1.0000  endpoint=14.
  6667  [1.5000, 6.8333, 12.6667, 16.8333, 22.0000]
    Mass      energy < 80 Hz (dB) @C3  rho=1.0000  endpoint=2.4343  [-20.1560,
  -19.4823, -18.8173, -18.2093, -17.7217]
    all-macros-at-zero broadband RMS = -14.0428 dBFS

===============================================================================
All tests passed (38 assertions in 1 test case)

